Started by user [8mha:////4MQJZdb9I5lNO70uCvhLqfOxAhh+dtd14bnc2zQ1tHvAAAAAmR+LCAAAAAAAAP9b85aBtbiIQTGjNKU4P08vOT+vOD8nVc83PyU1x6OyILUoJzMv2y+/JJUBAhiZGBgqihhk0NSjKDWzXb3RdlLBUSYGJk8GtpzUvPSSDB8G5tKinBIGIZ+sxLJE/ZzEvHT94JKizLx0a6BxUmjGOUNodHsLgAz2EgZe/dLi1CL9rNS87My8YgDGtiJjwgAAAA==[0mjenkins
Running as SYSTEM
Building in workspace /var/lib/jenkins/workspace/LogviewerLocal
[LogviewerLocal] $ /bin/sh -xe /tmp/jenkins12502972052363084117.sh
+ sudo cat /var/log/messages
Mar 15 12:03:47 ip-172-31-18-75 journal: Runtime journal is using 6.1M (max allowed 49.1M, trying to leave 73.7M free of 485.5M available â†’ current limit 49.1M).
Mar 15 12:03:47 ip-172-31-18-75 kernel: Linux version 4.14.171-136.231.amzn2.x86_64 (mockbuild@ip-10-0-1-138) (gcc version 7.3.1 20180712 (Red Hat 7.3.1-6) (GCC)) #1 SMP Thu Feb 27 20:22:48 UTC 2020
Mar 15 12:03:47 ip-172-31-18-75 kernel: Command line: BOOT_IMAGE=/boot/vmlinuz-4.14.171-136.231.amzn2.x86_64 root=UUID=e75a1891-3463-448b-8f59-5e3353af90ba ro console=tty0 console=ttyS0,115200n8 net.ifnames=0 biosdevname=0 nvme_core.io_timeout=4294967295 rd.emergency=poweroff rd.shell=0
Mar 15 12:03:47 ip-172-31-18-75 kernel: x86/fpu: Supporting XSAVE feature 0x001: 'x87 floating point registers'
Mar 15 12:03:47 ip-172-31-18-75 kernel: x86/fpu: Supporting XSAVE feature 0x002: 'SSE registers'
Mar 15 12:03:47 ip-172-31-18-75 kernel: x86/fpu: Supporting XSAVE feature 0x004: 'AVX registers'
Mar 15 12:03:47 ip-172-31-18-75 kernel: x86/fpu: xstate_offset[2]:  576, xstate_sizes[2]:  256
Mar 15 12:03:47 ip-172-31-18-75 kernel: x86/fpu: Enabled xstate features 0x7, context size is 832 bytes, using 'standard' format.
Mar 15 12:03:47 ip-172-31-18-75 kernel: e820: BIOS-provided physical RAM map:
Mar 15 12:03:47 ip-172-31-18-75 kernel: BIOS-e820: [mem 0x0000000000000000-0x000000000009dfff] usable
Mar 15 12:03:47 ip-172-31-18-75 kernel: BIOS-e820: [mem 0x000000000009e000-0x000000000009ffff] reserved
Mar 15 12:03:47 ip-172-31-18-75 kernel: BIOS-e820: [mem 0x00000000000e0000-0x00000000000fffff] reserved
Mar 15 12:03:47 ip-172-31-18-75 kernel: BIOS-e820: [mem 0x0000000000100000-0x000000003fffffff] usable
Mar 15 12:03:47 ip-172-31-18-75 kernel: BIOS-e820: [mem 0x00000000fc000000-0x00000000ffffffff] reserved
Mar 15 12:03:47 ip-172-31-18-75 kernel: NX (Execute Disable) protection: active
Mar 15 12:03:47 ip-172-31-18-75 kernel: SMBIOS 2.7 present.
Mar 15 12:03:47 ip-172-31-18-75 kernel: DMI: Xen HVM domU, BIOS 4.2.amazon 08/24/2006
Mar 15 12:03:47 ip-172-31-18-75 kernel: Hypervisor detected: Xen HVM
Mar 15 12:03:47 ip-172-31-18-75 kernel: Xen version 4.2.
Mar 15 12:03:47 ip-172-31-18-75 kernel: Netfront and the Xen platform PCI driver have been compiled for this kernel: unplug emulated NICs.
Mar 15 12:03:47 ip-172-31-18-75 kernel: Blkfront and the Xen platform PCI driver have been compiled for this kernel: unplug emulated disks.#012You might have to change the root device#012from /dev/hd[a-d] to /dev/xvd[a-d]#012in your root= kernel command line option
Mar 15 12:03:47 ip-172-31-18-75 kernel: tsc: Fast TSC calibration using PIT
Mar 15 12:03:47 ip-172-31-18-75 kernel: e820: last_pfn = 0x40000 max_arch_pfn = 0x400000000
Mar 15 12:03:47 ip-172-31-18-75 kernel: x86/PAT: Configuration [0-7]: WB  WC  UC- UC  WB  WP  UC- WT  
Mar 15 12:03:47 ip-172-31-18-75 kernel: found SMP MP-table at [mem 0x000fbc50-0x000fbc5f]
Mar 15 12:03:47 ip-172-31-18-75 kernel: Scanning 1 areas for low memory corruption
Mar 15 12:03:47 ip-172-31-18-75 kernel: RAMDISK: [mem 0x3442d000-0x3620efff]
Mar 15 12:03:47 ip-172-31-18-75 kernel: ACPI: Early table checksum verification disabled
Mar 15 12:03:47 ip-172-31-18-75 kernel: ACPI: RSDP 0x00000000000EA020 000024 (v02 Xen   )
Mar 15 12:03:47 ip-172-31-18-75 kernel: ACPI: XSDT 0x00000000FC00E2A0 000054 (v01 Xen    HVM      00000000 HVML 00000000)
Mar 15 12:03:47 ip-172-31-18-75 kernel: ACPI: FACP 0x00000000FC00DF60 0000F4 (v04 Xen    HVM      00000000 HVML 00000000)
Mar 15 12:03:47 ip-172-31-18-75 kernel: ACPI: DSDT 0x00000000FC0021C0 00BD19 (v02 Xen    HVM      00000000 INTL 20090123)
Mar 15 12:03:47 ip-172-31-18-75 kernel: ACPI: FACS 0x00000000FC002180 000040
Mar 15 12:03:47 ip-172-31-18-75 kernel: ACPI: FACS 0x00000000FC002180 000040
Mar 15 12:03:47 ip-172-31-18-75 kernel: ACPI: APIC 0x00000000FC00E060 0000D8 (v02 Xen    HVM      00000000 HVML 00000000)
Mar 15 12:03:47 ip-172-31-18-75 kernel: ACPI: HPET 0x00000000FC00E1B0 000038 (v01 Xen    HVM      00000000 HVML 00000000)
Mar 15 12:03:47 ip-172-31-18-75 kernel: ACPI: WAET 0x00000000FC00E1F0 000028 (v01 Xen    HVM      00000000 HVML 00000000)
Mar 15 12:03:47 ip-172-31-18-75 kernel: ACPI: SSDT 0x00000000FC00E220 000031 (v02 Xen    HVM      00000000 INTL 20090123)
Mar 15 12:03:47 ip-172-31-18-75 kernel: ACPI: SSDT 0x00000000FC00E260 000033 (v02 Xen    HVM      00000000 INTL 20090123)
Mar 15 12:03:47 ip-172-31-18-75 kernel: No NUMA configuration found
Mar 15 12:03:47 ip-172-31-18-75 kernel: Faking a node at [mem 0x0000000000000000-0x000000003fffffff]
Mar 15 12:03:47 ip-172-31-18-75 kernel: NODE_DATA(0) allocated [mem 0x3ffde000-0x3fffffff]
Mar 15 12:03:47 ip-172-31-18-75 kernel: Zone ranges:
Mar 15 12:03:47 ip-172-31-18-75 kernel:  DMA      [mem 0x0000000000001000-0x0000000000ffffff]
Mar 15 12:03:47 ip-172-31-18-75 kernel:  DMA32    [mem 0x0000000001000000-0x000000003fffffff]
Mar 15 12:03:47 ip-172-31-18-75 kernel:  Normal   empty
Mar 15 12:03:47 ip-172-31-18-75 kernel: Movable zone start for each node
Mar 15 12:03:47 ip-172-31-18-75 kernel: Early memory node ranges
Mar 15 12:03:47 ip-172-31-18-75 kernel:  node   0: [mem 0x0000000000001000-0x000000000009dfff]
Mar 15 12:03:47 ip-172-31-18-75 kernel:  node   0: [mem 0x0000000000100000-0x000000003fffffff]
Mar 15 12:03:47 ip-172-31-18-75 kernel: Initmem setup node 0 [mem 0x0000000000001000-0x000000003fffffff]
Mar 15 12:03:47 ip-172-31-18-75 kernel: ACPI: PM-Timer IO Port: 0xb008
Mar 15 12:03:47 ip-172-31-18-75 kernel: IOAPIC[0]: apic_id 1, version 17, address 0xfec00000, GSI 0-47
Mar 15 12:03:47 ip-172-31-18-75 kernel: ACPI: INT_SRC_OVR (bus 0 bus_irq 0 global_irq 2 dfl dfl)
Mar 15 12:03:47 ip-172-31-18-75 kernel: ACPI: INT_SRC_OVR (bus 0 bus_irq 5 global_irq 5 low level)
Mar 15 12:03:47 ip-172-31-18-75 kernel: ACPI: INT_SRC_OVR (bus 0 bus_irq 10 global_irq 10 low level)
Mar 15 12:03:47 ip-172-31-18-75 kernel: ACPI: INT_SRC_OVR (bus 0 bus_irq 11 global_irq 11 low level)
Mar 15 12:03:47 ip-172-31-18-75 kernel: Using ACPI (MADT) for SMP configuration information
Mar 15 12:03:47 ip-172-31-18-75 kernel: ACPI: HPET id: 0x8086a201 base: 0xfed00000
Mar 15 12:03:47 ip-172-31-18-75 kernel: smpboot: Allowing 15 CPUs, 14 hotplug CPUs
Mar 15 12:03:47 ip-172-31-18-75 kernel: PM: Registered nosave memory: [mem 0x00000000-0x00000fff]
Mar 15 12:03:47 ip-172-31-18-75 kernel: PM: Registered nosave memory: [mem 0x0009e000-0x0009ffff]
Mar 15 12:03:47 ip-172-31-18-75 kernel: PM: Registered nosave memory: [mem 0x000a0000-0x000dffff]
Mar 15 12:03:47 ip-172-31-18-75 kernel: PM: Registered nosave memory: [mem 0x000e0000-0x000fffff]
Mar 15 12:03:47 ip-172-31-18-75 kernel: e820: [mem 0x40000000-0xfbffffff] available for PCI devices
Mar 15 12:03:47 ip-172-31-18-75 kernel: Booting paravirtualized kernel on Xen HVM
Mar 15 12:03:47 ip-172-31-18-75 kernel: clocksource: refined-jiffies: mask: 0xffffffff max_cycles: 0xffffffff, max_idle_ns: 7645519600211568 ns
Mar 15 12:03:47 ip-172-31-18-75 kernel: random: get_random_bytes called from start_kernel+0x94/0x4c8 with crng_init=0
Mar 15 12:03:47 ip-172-31-18-75 kernel: setup_percpu: NR_CPUS:8192 nr_cpumask_bits:15 nr_cpu_ids:15 nr_node_ids:1
Mar 15 12:03:47 ip-172-31-18-75 kernel: percpu: Embedded 44 pages/cpu s140504 r8192 d31528 u262144
Mar 15 12:03:47 ip-172-31-18-75 kernel: PV qspinlock hash table entries: 256 (order: 0, 4096 bytes)
Mar 15 12:03:47 ip-172-31-18-75 kernel: Built 1 zonelists, mobility grouping on.  Total pages: 257928
Mar 15 12:03:47 ip-172-31-18-75 kernel: Policy zone: DMA32
Mar 15 12:03:47 ip-172-31-18-75 kernel: Kernel command line: BOOT_IMAGE=/boot/vmlinuz-4.14.171-136.231.amzn2.x86_64 root=UUID=e75a1891-3463-448b-8f59-5e3353af90ba ro console=tty0 console=ttyS0,115200n8 net.ifnames=0 biosdevname=0 nvme_core.io_timeout=4294967295 rd.emergency=poweroff rd.shell=0
Mar 15 12:03:47 ip-172-31-18-75 kernel: PID hash table entries: 4096 (order: 3, 32768 bytes)
Mar 15 12:03:47 ip-172-31-18-75 kernel: Memory: 970940K/1048180K available (10252K kernel code, 1957K rwdata, 2772K rodata, 2084K init, 4228K bss, 77240K reserved, 0K cma-reserved)
Mar 15 12:03:47 ip-172-31-18-75 kernel: SLUB: HWalign=64, Order=0-3, MinObjects=0, CPUs=15, Nodes=1
Mar 15 12:03:47 ip-172-31-18-75 kernel: Kernel/User page tables isolation: enabled
Mar 15 12:03:47 ip-172-31-18-75 kernel: ftrace: allocating 26648 entries in 105 pages
Mar 15 12:03:47 ip-172-31-18-75 kernel: Hierarchical RCU implementation.
Mar 15 12:03:47 ip-172-31-18-75 kernel: #011RCU restricting CPUs from NR_CPUS=8192 to nr_cpu_ids=15.
Mar 15 12:03:47 ip-172-31-18-75 kernel: RCU: Adjusting geometry for rcu_fanout_leaf=16, nr_cpu_ids=15
Mar 15 12:03:47 ip-172-31-18-75 kernel: NR_IRQS: 524544, nr_irqs: 952, preallocated irqs: 16
Mar 15 12:03:47 ip-172-31-18-75 kernel: xen:events: Using 2-level ABI
Mar 15 12:03:47 ip-172-31-18-75 kernel: xen:events: Xen HVM callback vector for event delivery is enabled
Mar 15 12:03:47 ip-172-31-18-75 kernel: Console: colour VGA+ 80x25
Mar 15 12:03:47 ip-172-31-18-75 kernel: console [tty0] enabled
Mar 15 12:03:47 ip-172-31-18-75 kernel: Cannot get hvm parameter CONSOLE_EVTCHN (18): -22!
Mar 15 12:03:47 ip-172-31-18-75 kernel: console [ttyS0] enabled
Mar 15 12:03:47 ip-172-31-18-75 kernel: clocksource: hpet: mask: 0xffffffff max_cycles: 0xffffffff, max_idle_ns: 30580167144 ns
Mar 15 12:03:47 ip-172-31-18-75 kernel: tsc: Fast TSC calibration using PIT
Mar 15 12:03:47 ip-172-31-18-75 kernel: tsc: Detected 2399.883 MHz processor
Mar 15 12:03:47 ip-172-31-18-75 kernel: Calibrating delay loop (skipped), value calculated using timer frequency.. 4800.13 BogoMIPS (lpj=9600272)
Mar 15 12:03:47 ip-172-31-18-75 kernel: pid_max: default: 32768 minimum: 301
Mar 15 12:03:47 ip-172-31-18-75 kernel: ACPI: Core revision 20170728
Mar 15 12:03:47 ip-172-31-18-75 kernel: ACPI: 3 ACPI AML tables successfully acquired and loaded
Mar 15 12:03:47 ip-172-31-18-75 kernel: Security Framework initialized
Mar 15 12:03:47 ip-172-31-18-75 kernel: SELinux:  Initializing.
Mar 15 12:03:47 ip-172-31-18-75 kernel: Dentry cache hash table entries: 131072 (order: 8, 1048576 bytes)
Mar 15 12:03:47 ip-172-31-18-75 kernel: Inode-cache hash table entries: 65536 (order: 7, 524288 bytes)
Mar 15 12:03:47 ip-172-31-18-75 kernel: Mount-cache hash table entries: 2048 (order: 2, 16384 bytes)
Mar 15 12:03:47 ip-172-31-18-75 kernel: Mountpoint-cache hash table entries: 2048 (order: 2, 16384 bytes)
Mar 15 12:03:47 ip-172-31-18-75 kernel: mce: CPU supports 2 MCE banks
Mar 15 12:03:47 ip-172-31-18-75 kernel: Last level iTLB entries: 4KB 1024, 2MB 1024, 4MB 1024
Mar 15 12:03:47 ip-172-31-18-75 kernel: Last level dTLB entries: 4KB 1024, 2MB 1024, 4MB 1024, 1GB 4
Mar 15 12:03:47 ip-172-31-18-75 kernel: Spectre V1 : Mitigation: usercopy/swapgs barriers and __user pointer sanitization
Mar 15 12:03:47 ip-172-31-18-75 kernel: Spectre V2 : Mitigation: Full generic retpoline
Mar 15 12:03:47 ip-172-31-18-75 kernel: Spectre V2 : Spectre v2 / SpectreRSB mitigation: Filling RSB on context switch
Mar 15 12:03:47 ip-172-31-18-75 kernel: Speculative Store Bypass: Vulnerable
Mar 15 12:03:47 ip-172-31-18-75 kernel: MDS: Vulnerable: Clear CPU buffers attempted, no microcode
Mar 15 12:03:47 ip-172-31-18-75 kernel: smpboot: Max logical packages: 15
Mar 15 12:03:47 ip-172-31-18-75 kernel: x2apic: IRQ remapping doesn't support X2APIC mode
Mar 15 12:03:47 ip-172-31-18-75 kernel: Switched APIC routing to physical flat.
Mar 15 12:03:47 ip-172-31-18-75 kernel: ..TIMER: vector=0x30 apic1=0 pin1=2 apic2=0 pin2=0
Mar 15 12:03:47 ip-172-31-18-75 kernel: clocksource: xen: mask: 0xffffffffffffffff max_cycles: 0x1cd42e4dffb, max_idle_ns: 881590591483 ns
Mar 15 12:03:47 ip-172-31-18-75 kernel: installing Xen timer for CPU 0
Mar 15 12:03:47 ip-172-31-18-75 kernel: smpboot: CPU0: Intel(R) Xeon(R) CPU E5-2676 v3 @ 2.40GHz (family: 0x6, model: 0x3f, stepping: 0x2)
Mar 15 12:03:47 ip-172-31-18-75 kernel: cpu 0 spinlock event irq 53
Mar 15 12:03:47 ip-172-31-18-75 kernel: Performance Events: unsupported p6 CPU model 63 no PMU driver, software events only.
Mar 15 12:03:47 ip-172-31-18-75 kernel: Hierarchical SRCU implementation.
Mar 15 12:03:47 ip-172-31-18-75 kernel: NMI watchdog: Perf event create on CPU 0 failed with -2
Mar 15 12:03:47 ip-172-31-18-75 kernel: NMI watchdog: Perf NMI watchdog permanently disabled
Mar 15 12:03:47 ip-172-31-18-75 kernel: smp: Bringing up secondary CPUs ...
Mar 15 12:03:47 ip-172-31-18-75 kernel: smp: Brought up 1 node, 1 CPU
Mar 15 12:03:47 ip-172-31-18-75 kernel: smpboot: Total of 1 processors activated (4800.13 BogoMIPS)
Mar 15 12:03:47 ip-172-31-18-75 kernel: devtmpfs: initialized
Mar 15 12:03:47 ip-172-31-18-75 kernel: x86/mm: Memory block size: 128MB
Mar 15 12:03:47 ip-172-31-18-75 kernel: clocksource: jiffies: mask: 0xffffffff max_cycles: 0xffffffff, max_idle_ns: 7645041785100000 ns
Mar 15 12:03:47 ip-172-31-18-75 kernel: futex hash table entries: 4096 (order: 6, 262144 bytes)
Mar 15 12:03:47 ip-172-31-18-75 kernel: NET: Registered protocol family 16
Mar 15 12:03:47 ip-172-31-18-75 kernel: cpuidle: using governor ladder
Mar 15 12:03:47 ip-172-31-18-75 kernel: cpuidle: using governor menu
Mar 15 12:03:47 ip-172-31-18-75 kernel: ACPI: bus type PCI registered
Mar 15 12:03:47 ip-172-31-18-75 kernel: acpiphp: ACPI Hot Plug PCI Controller Driver version: 0.5
Mar 15 12:03:47 ip-172-31-18-75 kernel: PCI: Using configuration type 1 for base access
Mar 15 12:03:47 ip-172-31-18-75 kernel: HugeTLB registered 2.00 MiB page size, pre-allocated 0 pages
Mar 15 12:03:47 ip-172-31-18-75 kernel: ACPI: Added _OSI(Module Device)
Mar 15 12:03:47 ip-172-31-18-75 kernel: ACPI: Added _OSI(Processor Device)
Mar 15 12:03:47 ip-172-31-18-75 kernel: ACPI: Added _OSI(3.0 _SCP Extensions)
Mar 15 12:03:47 ip-172-31-18-75 kernel: ACPI: Added _OSI(Processor Aggregator Device)
Mar 15 12:03:47 ip-172-31-18-75 kernel: ACPI: Interpreter enabled
Mar 15 12:03:47 ip-172-31-18-75 kernel: ACPI: (supports S0 S4 S5)
Mar 15 12:03:47 ip-172-31-18-75 kernel: ACPI: Using IOAPIC for interrupt routing
Mar 15 12:03:47 ip-172-31-18-75 kernel: PCI: Using host bridge windows from ACPI; if necessary, use "pci=nocrs" and report a bug
Mar 15 12:03:47 ip-172-31-18-75 kernel: ACPI: Enabled 2 GPEs in block 00 to 0F
Mar 15 12:03:47 ip-172-31-18-75 kernel: ACPI: PCI Root Bridge [PCI0] (domain 0000 [bus 00-ff])
Mar 15 12:03:47 ip-172-31-18-75 kernel: acpi PNP0A03:00: _OSC: OS supports [ASPM ClockPM Segments MSI]
Mar 15 12:03:47 ip-172-31-18-75 kernel: acpi PNP0A03:00: _OSC failed (AE_NOT_FOUND); disabling ASPM
Mar 15 12:03:47 ip-172-31-18-75 kernel: acpi PNP0A03:00: fail to add MMCONFIG information, can't access extended PCI configuration space under this bridge.
Mar 15 12:03:47 ip-172-31-18-75 kernel: acpiphp: Slot [0] registered
Mar 15 12:03:47 ip-172-31-18-75 kernel: acpiphp: Slot [3] registered
Mar 15 12:03:47 ip-172-31-18-75 kernel: acpiphp: Slot [4] registered
Mar 15 12:03:47 ip-172-31-18-75 kernel: acpiphp: Slot [5] registered
Mar 15 12:03:47 ip-172-31-18-75 kernel: acpiphp: Slot [6] registered
Mar 15 12:03:47 ip-172-31-18-75 kernel: acpiphp: Slot [7] registered
Mar 15 12:03:47 ip-172-31-18-75 kernel: acpiphp: Slot [8] registered
Mar 15 12:03:47 ip-172-31-18-75 kernel: acpiphp: Slot [9] registered
Mar 15 12:03:47 ip-172-31-18-75 kernel: acpiphp: Slot [10] registered
Mar 15 12:03:47 ip-172-31-18-75 kernel: acpiphp: Slot [11] registered
Mar 15 12:03:47 ip-172-31-18-75 kernel: acpiphp: Slot [12] registered
Mar 15 12:03:47 ip-172-31-18-75 kernel: acpiphp: Slot [13] registered
Mar 15 12:03:47 ip-172-31-18-75 kernel: acpiphp: Slot [14] registered
Mar 15 12:03:47 ip-172-31-18-75 kernel: acpiphp: Slot [15] registered
Mar 15 12:03:47 ip-172-31-18-75 kernel: acpiphp: Slot [16] registered
Mar 15 12:03:47 ip-172-31-18-75 kernel: acpiphp: Slot [17] registered
Mar 15 12:03:47 ip-172-31-18-75 kernel: acpiphp: Slot [18] registered
Mar 15 12:03:47 ip-172-31-18-75 kernel: acpiphp: Slot [19] registered
Mar 15 12:03:47 ip-172-31-18-75 kernel: acpiphp: Slot [20] registered
Mar 15 12:03:47 ip-172-31-18-75 kernel: acpiphp: Slot [21] registered
Mar 15 12:03:47 ip-172-31-18-75 kernel: acpiphp: Slot [22] registered
Mar 15 12:03:47 ip-172-31-18-75 kernel: acpiphp: Slot [23] registered
Mar 15 12:03:47 ip-172-31-18-75 kernel: acpiphp: Slot [24] registered
Mar 15 12:03:47 ip-172-31-18-75 kernel: acpiphp: Slot [25] registered
Mar 15 12:03:47 ip-172-31-18-75 kernel: acpiphp: Slot [26] registered
Mar 15 12:03:47 ip-172-31-18-75 kernel: acpiphp: Slot [27] registered
Mar 15 12:03:47 ip-172-31-18-75 kernel: acpiphp: Slot [28] registered
Mar 15 12:03:47 ip-172-31-18-75 kernel: acpiphp: Slot [29] registered
Mar 15 12:03:47 ip-172-31-18-75 kernel: acpiphp: Slot [30] registered
Mar 15 12:03:47 ip-172-31-18-75 kernel: acpiphp: Slot [31] registered
Mar 15 12:03:47 ip-172-31-18-75 kernel: PCI host bridge to bus 0000:00
Mar 15 12:03:47 ip-172-31-18-75 kernel: pci_bus 0000:00: root bus resource [io  0x0000-0x0cf7 window]
Mar 15 12:03:47 ip-172-31-18-75 kernel: pci_bus 0000:00: root bus resource [io  0x0d00-0xffff window]
Mar 15 12:03:47 ip-172-31-18-75 kernel: pci_bus 0000:00: root bus resource [mem 0x000a0000-0x000bffff window]
Mar 15 12:03:47 ip-172-31-18-75 kernel: pci_bus 0000:00: root bus resource [mem 0xf0000000-0xfbffffff window]
Mar 15 12:03:47 ip-172-31-18-75 kernel: pci_bus 0000:00: root bus resource [bus 00-ff]
Mar 15 12:03:47 ip-172-31-18-75 kernel: pci 0000:00:01.1: legacy IDE quirk: reg 0x10: [io  0x01f0-0x01f7]
Mar 15 12:03:47 ip-172-31-18-75 kernel: pci 0000:00:01.1: legacy IDE quirk: reg 0x14: [io  0x03f6]
Mar 15 12:03:47 ip-172-31-18-75 kernel: pci 0000:00:01.1: legacy IDE quirk: reg 0x18: [io  0x0170-0x0177]
Mar 15 12:03:47 ip-172-31-18-75 kernel: pci 0000:00:01.1: legacy IDE quirk: reg 0x1c: [io  0x0376]
Mar 15 12:03:47 ip-172-31-18-75 kernel: * Found PM-Timer Bug on the chipset. Due to workarounds for a bug,#012* this clock source is slow. Consider trying other clock sources
Mar 15 12:03:47 ip-172-31-18-75 kernel: pci 0000:00:01.3: quirk: [io  0xb000-0xb03f] claimed by PIIX4 ACPI
Mar 15 12:03:47 ip-172-31-18-75 kernel: ACPI: PCI Interrupt Link [LNKA] (IRQs *5 10 11)
Mar 15 12:03:47 ip-172-31-18-75 kernel: ACPI: PCI Interrupt Link [LNKB] (IRQs 5 *10 11)
Mar 15 12:03:47 ip-172-31-18-75 kernel: ACPI: PCI Interrupt Link [LNKC] (IRQs 5 10 *11)
Mar 15 12:03:47 ip-172-31-18-75 kernel: ACPI: PCI Interrupt Link [LNKD] (IRQs *5 10 11)
Mar 15 12:03:47 ip-172-31-18-75 kernel: xen:balloon: Initialising balloon driver
Mar 15 12:03:47 ip-172-31-18-75 kernel: pci 0000:00:02.0: vgaarb: setting as boot VGA device
Mar 15 12:03:47 ip-172-31-18-75 kernel: pci 0000:00:02.0: vgaarb: VGA device added: decodes=io+mem,owns=io+mem,locks=none
Mar 15 12:03:47 ip-172-31-18-75 kernel: pci 0000:00:02.0: vgaarb: bridge control possible
Mar 15 12:03:47 ip-172-31-18-75 kernel: vgaarb: loaded
Mar 15 12:03:47 ip-172-31-18-75 kernel: EDAC MC: Ver: 3.0.0
Mar 15 12:03:47 ip-172-31-18-75 kernel: PCI: Using ACPI for IRQ routing
Mar 15 12:03:47 ip-172-31-18-75 kernel: NetLabel: Initializing
Mar 15 12:03:47 ip-172-31-18-75 kernel: NetLabel:  domain hash size = 128
Mar 15 12:03:47 ip-172-31-18-75 kernel: NetLabel:  protocols = UNLABELED CIPSOv4 CALIPSO
Mar 15 12:03:47 ip-172-31-18-75 kernel: NetLabel:  unlabeled traffic allowed by default
Mar 15 12:03:47 ip-172-31-18-75 kernel: HPET: 3 timers in total, 0 timers will be used for per-cpu timer
Mar 15 12:03:47 ip-172-31-18-75 kernel: hpet0: at MMIO 0xfed00000, IRQs 2, 8, 0
Mar 15 12:03:47 ip-172-31-18-75 kernel: hpet0: 3 comparators, 64-bit 62.500000 MHz counter
Mar 15 12:03:47 ip-172-31-18-75 kernel: clocksource: Switched to clocksource xen
Mar 15 12:03:47 ip-172-31-18-75 kernel: VFS: Disk quotas dquot_6.6.0
Mar 15 12:03:47 ip-172-31-18-75 kernel: VFS: Dquot-cache hash table entries: 512 (order 0, 4096 bytes)
Mar 15 12:03:47 ip-172-31-18-75 kernel: pnp: PnP ACPI init
Mar 15 12:03:47 ip-172-31-18-75 kernel: system 00:00: [mem 0x00000000-0x0009ffff] could not be reserved
Mar 15 12:03:47 ip-172-31-18-75 kernel: system 00:01: [io  0x08a0-0x08a3] has been reserved
Mar 15 12:03:47 ip-172-31-18-75 kernel: system 00:01: [io  0x0cc0-0x0ccf] has been reserved
Mar 15 12:03:47 ip-172-31-18-75 kernel: system 00:01: [io  0x04d0-0x04d1] has been reserved
Mar 15 12:03:47 ip-172-31-18-75 kernel: system 00:07: [io  0x10c0-0x1141] has been reserved
Mar 15 12:03:47 ip-172-31-18-75 kernel: system 00:07: [io  0xb044-0xb047] has been reserved
Mar 15 12:03:47 ip-172-31-18-75 kernel: pnp: PnP ACPI: found 8 devices
Mar 15 12:03:47 ip-172-31-18-75 kernel: clocksource: acpi_pm: mask: 0xffffff max_cycles: 0xffffff, max_idle_ns: 2085701024 ns
Mar 15 12:03:47 ip-172-31-18-75 kernel: NET: Registered protocol family 2
Mar 15 12:03:47 ip-172-31-18-75 kernel: TCP established hash table entries: 8192 (order: 4, 65536 bytes)
Mar 15 12:03:47 ip-172-31-18-75 kernel: TCP bind hash table entries: 8192 (order: 5, 131072 bytes)
Mar 15 12:03:47 ip-172-31-18-75 kernel: TCP: Hash tables configured (established 8192 bind 8192)
Mar 15 12:03:47 ip-172-31-18-75 kernel: UDP hash table entries: 512 (order: 2, 16384 bytes)
Mar 15 12:03:47 ip-172-31-18-75 kernel: UDP-Lite hash table entries: 512 (order: 2, 16384 bytes)
Mar 15 12:03:47 ip-172-31-18-75 kernel: NET: Registered protocol family 1
Mar 15 12:03:47 ip-172-31-18-75 kernel: pci 0000:00:00.0: Limiting direct PCI/PCI transfers
Mar 15 12:03:47 ip-172-31-18-75 kernel: pci 0000:00:01.0: PIIX3: Enabling Passive Release
Mar 15 12:03:47 ip-172-31-18-75 kernel: pci 0000:00:01.0: Activating ISA DMA hang workarounds
Mar 15 12:03:47 ip-172-31-18-75 kernel: pci 0000:00:02.0: Video device with shadowed ROM at [mem 0x000c0000-0x000dffff]
Mar 15 12:03:47 ip-172-31-18-75 kernel: Unpacking initramfs...
Mar 15 12:03:47 ip-172-31-18-75 kernel: random: fast init done
Mar 15 12:03:47 ip-172-31-18-75 kernel: Freeing initrd memory: 30600K
Mar 15 12:03:47 ip-172-31-18-75 kernel: Scanning for low memory corruption every 60 seconds
Mar 15 12:03:47 ip-172-31-18-75 kernel: audit: initializing netlink subsys (disabled)
Mar 15 12:03:47 ip-172-31-18-75 kernel: Initialise system trusted keyrings
Mar 15 12:03:47 ip-172-31-18-75 kernel: Key type blacklist registered
Mar 15 12:03:47 ip-172-31-18-75 kernel: audit: type=2000 audit(1584273826.564:1): state=initialized audit_enabled=0 res=1
Mar 15 12:03:47 ip-172-31-18-75 kernel: workingset: timestamp_bits=36 max_order=18 bucket_order=0
Mar 15 12:03:47 ip-172-31-18-75 kernel: zbud: loaded
Mar 15 12:03:47 ip-172-31-18-75 kernel: Key type asymmetric registered
Mar 15 12:03:47 ip-172-31-18-75 kernel: Asymmetric key parser 'x509' registered
Mar 15 12:03:47 ip-172-31-18-75 kernel: Block layer SCSI generic (bsg) driver version 0.4 loaded (major 251)
Mar 15 12:03:47 ip-172-31-18-75 kernel: io scheduler noop registered (default)
Mar 15 12:03:47 ip-172-31-18-75 kernel: io scheduler cfq registered
Mar 15 12:03:47 ip-172-31-18-75 kernel: crc32: CRC_LE_BITS = 64, CRC_BE BITS = 64
Mar 15 12:03:47 ip-172-31-18-75 kernel: crc32: self tests passed, processed 225944 bytes in 163093 nsec
Mar 15 12:03:47 ip-172-31-18-75 kernel: crc32c: CRC_LE_BITS = 64
Mar 15 12:03:47 ip-172-31-18-75 kernel: crc32c: self tests passed, processed 225944 bytes in 81035 nsec
Mar 15 12:03:47 ip-172-31-18-75 kernel: crc32_combine: 8373 self tests passed
Mar 15 12:03:47 ip-172-31-18-75 kernel: crc32c_combine: 8373 self tests passed
Mar 15 12:03:47 ip-172-31-18-75 kernel: xen:grant_table: Grant tables using version 1 layout
Mar 15 12:03:47 ip-172-31-18-75 kernel: Grant table initialized
Mar 15 12:03:47 ip-172-31-18-75 kernel: Cannot get hvm parameter CONSOLE_EVTCHN (18): -22!
Mar 15 12:03:47 ip-172-31-18-75 kernel: Serial: 8250/16550 driver, 4 ports, IRQ sharing disabled
Mar 15 12:03:47 ip-172-31-18-75 kernel: 00:06: ttyS0 at I/O 0x3f8 (irq = 4, base_baud = 115200) is a 16550A
Mar 15 12:03:47 ip-172-31-18-75 kernel: xen_netfront: Initialising Xen virtual ethernet driver
Mar 15 12:03:47 ip-172-31-18-75 kernel: i8042: PNP: PS/2 Controller [PNP0303:PS2K,PNP0f13:PS2M] at 0x60,0x64 irq 1,12
Mar 15 12:03:47 ip-172-31-18-75 kernel: serio: i8042 KBD port at 0x60,0x64 irq 1
Mar 15 12:03:47 ip-172-31-18-75 kernel: serio: i8042 AUX port at 0x60,0x64 irq 12
Mar 15 12:03:47 ip-172-31-18-75 kernel: input: AT Translated Set 2 keyboard as /devices/platform/i8042/serio0/input/input0
Mar 15 12:03:47 ip-172-31-18-75 kernel: rtc_cmos 00:02: rtc core: registered rtc_cmos as rtc0
Mar 15 12:03:47 ip-172-31-18-75 kernel: rtc_cmos 00:02: alarms up to one day, 114 bytes nvram, hpet irqs
Mar 15 12:03:47 ip-172-31-18-75 kernel: hidraw: raw HID events driver (C) Jiri Kosina
Mar 15 12:03:47 ip-172-31-18-75 kernel: NET: Registered protocol family 17
Mar 15 12:03:47 ip-172-31-18-75 kernel: sched_clock: Marking stable (1184208558, 0)->(1906912792, -722704234)
Mar 15 12:03:47 ip-172-31-18-75 kernel: registered taskstats version 1
Mar 15 12:03:47 ip-172-31-18-75 kernel: Loading compiled-in X.509 certificates
Mar 15 12:03:47 ip-172-31-18-75 kernel: Loaded X.509 cert 'Build time autogenerated kernel key: ab549fad04088fc749d4e0a95b57603643edc83e'
Mar 15 12:03:47 ip-172-31-18-75 kernel: zswap: loaded using pool lzo/zbud
Mar 15 12:03:47 ip-172-31-18-75 kernel: ima: No TPM chip found, activating TPM-bypass! (rc=-19)
Mar 15 12:03:47 ip-172-31-18-75 kernel: ima: Allocated hash algorithm: sha1
Mar 15 12:03:47 ip-172-31-18-75 kernel: xenbus_probe_frontend: Device with no driver: device/vbd/51712
Mar 15 12:03:47 ip-172-31-18-75 kernel: rtc_cmos 00:02: setting system clock to 2020-03-15 12:03:47 UTC (1584273827)
Mar 15 12:03:47 ip-172-31-18-75 kernel: Freeing unused kernel memory: 2084K
Mar 15 12:03:47 ip-172-31-18-75 kernel: Write protecting the kernel read-only data: 16384k
Mar 15 12:03:47 ip-172-31-18-75 kernel: Freeing unused kernel memory: 2016K
Mar 15 12:03:47 ip-172-31-18-75 kernel: Freeing unused kernel memory: 1324K
Mar 15 12:03:47 ip-172-31-18-75 systemd[1]: Inserted module 'autofs4'
Mar 15 12:03:47 ip-172-31-18-75 kernel: NET: Registered protocol family 10
Mar 15 12:03:47 ip-172-31-18-75 kernel: Segment Routing with IPv6
Mar 15 12:03:47 ip-172-31-18-75 systemd[1]: Inserted module 'ipv6'
Mar 15 12:03:47 ip-172-31-18-75 kernel: random: systemd: uninitialized urandom read (16 bytes read)
Mar 15 12:03:47 ip-172-31-18-75 kernel: random: systemd: uninitialized urandom read (16 bytes read)
Mar 15 12:03:47 ip-172-31-18-75 kernel: random: systemd: uninitialized urandom read (16 bytes read)
Mar 15 12:03:47 ip-172-31-18-75 systemd[1]: systemd 219 running in system mode. (+PAM +AUDIT +SELINUX +IMA -APPARMOR +SMACK +SYSVINIT +UTMP +LIBCRYPTSETUP +GCRYPT +GNUTLS +ACL +XZ +LZ4 -SECCOMP +BLKID +ELFUTILS +KMOD +IDN)
Mar 15 12:03:47 ip-172-31-18-75 systemd[1]: Detected virtualization xen.
Mar 15 12:03:47 ip-172-31-18-75 systemd[1]: Detected architecture x86-64.
Mar 15 12:03:47 ip-172-31-18-75 systemd[1]: Running in initial RAM disk.
Mar 15 12:03:47 ip-172-31-18-75 systemd[1]: No hostname configured.
Mar 15 12:03:47 ip-172-31-18-75 systemd[1]: Set hostname to <localhost>.
Mar 15 12:03:47 ip-172-31-18-75 systemd[1]: Initializing machine ID from random generator.
Mar 15 12:03:47 ip-172-31-18-75 systemd[1]: Created slice Root Slice.
Mar 15 12:03:47 ip-172-31-18-75 systemd[1]: Starting Root Slice.
Mar 15 12:03:47 ip-172-31-18-75 systemd[1]: Listening on udev Kernel Socket.
Mar 15 12:03:47 ip-172-31-18-75 journal: Journal started
Mar 15 12:03:47 ip-172-31-18-75 systemd: Started Setup Virtual Console.
Mar 15 12:03:47 ip-172-31-18-75 systemd: Started Create list of required static device nodes for the current kernel.
Mar 15 12:03:47 ip-172-31-18-75 systemd: Started Apply Kernel Variables.
Mar 15 12:03:47 ip-172-31-18-75 systemd: Starting Create Static Device Nodes in /dev...
Mar 15 12:03:47 ip-172-31-18-75 systemd: Started Create Static Device Nodes in /dev.
Mar 15 12:03:47 ip-172-31-18-75 systemd: Started dracut cmdline hook.
Mar 15 12:03:47 ip-172-31-18-75 systemd: Starting dracut pre-udev hook...
Mar 15 12:03:47 ip-172-31-18-75 kernel: device-mapper: uevent: version 1.0.3
Mar 15 12:03:47 ip-172-31-18-75 kernel: device-mapper: ioctl: 4.37.0-ioctl (2017-09-20) initialised: dm-devel@redhat.com
Mar 15 12:03:47 ip-172-31-18-75 systemd: Started dracut pre-udev hook.
Mar 15 12:03:47 ip-172-31-18-75 systemd: Starting udev Kernel Device Manager...
Mar 15 12:03:47 ip-172-31-18-75 systemd-udevd: starting version 219
Mar 15 12:03:47 ip-172-31-18-75 systemd-udevd: Network interface NamePolicy= disabled on kernel command line, ignoring.
Mar 15 12:03:47 ip-172-31-18-75 systemd: Started udev Kernel Device Manager.
Mar 15 12:03:47 ip-172-31-18-75 systemd: Starting dracut pre-trigger hook...
Mar 15 12:03:47 ip-172-31-18-75 systemd: Started dracut pre-trigger hook.
Mar 15 12:03:47 ip-172-31-18-75 systemd: Starting udev Coldplug all Devices...
Mar 15 12:03:47 ip-172-31-18-75 systemd-udevd: Network interface NamePolicy= disabled on kernel command line, ignoring.
Mar 15 12:03:48 ip-172-31-18-75 kernel: tsc: Refined TSC clocksource calibration: 2400.000 MHz
Mar 15 12:03:48 ip-172-31-18-75 kernel: clocksource: tsc: mask: 0xffffffffffffffff max_cycles: 0x22983777dd9, max_idle_ns: 440795300422 ns
Mar 15 12:03:48 ip-172-31-18-75 systemd: Started udev Coldplug all Devices.
Mar 15 12:03:48 ip-172-31-18-75 systemd: Starting dracut initqueue hook...
Mar 15 12:03:48 ip-172-31-18-75 systemd: Starting Show Plymouth Boot Screen...
Mar 15 12:03:48 ip-172-31-18-75 systemd: Reached target System Initialization.
Mar 15 12:03:48 ip-172-31-18-75 systemd: Starting System Initialization.
Mar 15 12:03:48 ip-172-31-18-75 systemd: Received SIGRTMIN+20 from PID 1717 (plymouthd).
Mar 15 12:03:48 ip-172-31-18-75 systemd: Started Show Plymouth Boot Screen.
Mar 15 12:03:48 ip-172-31-18-75 systemd: Started Forward Password Requests to Plymouth Directory Watch.
Mar 15 12:03:48 ip-172-31-18-75 systemd: Starting Forward Password Requests to Plymouth Directory Watch.
Mar 15 12:03:48 ip-172-31-18-75 systemd: Reached target Paths.
Mar 15 12:03:48 ip-172-31-18-75 systemd: Starting Paths.
Mar 15 12:03:48 ip-172-31-18-75 systemd: Reached target Basic System.
Mar 15 12:03:48 ip-172-31-18-75 systemd: Starting Basic System.
Mar 15 12:03:48 ip-172-31-18-75 kernel: SCSI subsystem initialized
Mar 15 12:03:48 ip-172-31-18-75 kernel: Invalid max_queues (4), will use default max: 1.
Mar 15 12:03:48 ip-172-31-18-75 kernel: AVX2 version of gcm_enc/dec engaged.
Mar 15 12:03:48 ip-172-31-18-75 kernel: AES CTR mode by8 optimization enabled
Mar 15 12:03:48 ip-172-31-18-75 kernel: blkfront: xvda: barrier or flush: disabled; persistent grants: disabled; indirect descriptors: enabled;
Mar 15 12:03:48 ip-172-31-18-75 kernel: scsi host0: ata_piix
Mar 15 12:03:48 ip-172-31-18-75 kernel: scsi host1: ata_piix
Mar 15 12:03:48 ip-172-31-18-75 kernel: ata1: PATA max MWDMA2 cmd 0x1f0 ctl 0x3f6 bmdma 0xc100 irq 14
Mar 15 12:03:48 ip-172-31-18-75 kernel: ata2: PATA max MWDMA2 cmd 0x170 ctl 0x376 bmdma 0xc108 irq 15
Mar 15 12:03:48 ip-172-31-18-75 kernel: xvda: xvda1
Mar 15 12:03:48 ip-172-31-18-75 kernel: alg: No test for pcbc(aes) (pcbc-aes-aesni)
Mar 15 12:03:48 ip-172-31-18-75 systemd: Found device /dev/disk/by-uuid/e75a1891-3463-448b-8f59-5e3353af90ba.
Mar 15 12:03:48 ip-172-31-18-75 systemd: Starting File System Check on /dev/disk/by-uuid/e75a1891-3463-448b-8f59-5e3353af90ba...
Mar 15 12:03:48 ip-172-31-18-75 systemd-fsck: /usr/sbin/fsck.xfs: XFS file system.
Mar 15 12:03:48 ip-172-31-18-75 systemd: Started File System Check on /dev/disk/by-uuid/e75a1891-3463-448b-8f59-5e3353af90ba.
Mar 15 12:03:48 ip-172-31-18-75 systemd: Started dracut initqueue hook.
Mar 15 12:03:48 ip-172-31-18-75 systemd: Reached target Remote File Systems (Pre).
Mar 15 12:03:48 ip-172-31-18-75 systemd: Starting Remote File Systems (Pre).
Mar 15 12:03:48 ip-172-31-18-75 systemd: Reached target Remote File Systems.
Mar 15 12:03:48 ip-172-31-18-75 systemd: Starting Remote File Systems.
Mar 15 12:03:48 ip-172-31-18-75 systemd: Starting dracut pre-mount hook...
Mar 15 12:03:48 ip-172-31-18-75 systemd: Started dracut pre-mount hook.
Mar 15 12:03:48 ip-172-31-18-75 systemd: Mounting /sysroot...
Mar 15 12:03:48 ip-172-31-18-75 kernel: SGI XFS with ACLs, security attributes, no debug enabled
Mar 15 12:03:48 ip-172-31-18-75 kernel: XFS (xvda1): Mounting V5 Filesystem
Mar 15 12:03:49 ip-172-31-18-75 systemd: Mounted /sysroot.
Mar 15 12:03:49 ip-172-31-18-75 systemd: Reached target Initrd Root File System.
Mar 15 12:03:49 ip-172-31-18-75 systemd: Starting Initrd Root File System.
Mar 15 12:03:49 ip-172-31-18-75 systemd: Starting Reload Configuration from the Real Root...
Mar 15 12:03:49 ip-172-31-18-75 kernel: XFS (xvda1): Ending clean mount
Mar 15 12:03:49 ip-172-31-18-75 systemd: Reloading.
Mar 15 12:03:49 ip-172-31-18-75 systemd: Started Reload Configuration from the Real Root.
Mar 15 12:03:49 ip-172-31-18-75 systemd: Reached target Initrd File Systems.
Mar 15 12:03:49 ip-172-31-18-75 systemd: Starting Initrd File Systems.
Mar 15 12:03:49 ip-172-31-18-75 systemd: Reached target Initrd Default Target.
Mar 15 12:03:49 ip-172-31-18-75 systemd: Starting Initrd Default Target.
Mar 15 12:03:49 ip-172-31-18-75 systemd: Starting dracut pre-pivot and cleanup hook...
Mar 15 12:03:49 ip-172-31-18-75 systemd: Started dracut pre-pivot and cleanup hook.
Mar 15 12:03:49 ip-172-31-18-75 systemd: Starting Cleaning Up and Shutting Down Daemons...
Mar 15 12:03:49 ip-172-31-18-75 systemd: Stopped Cleaning Up and Shutting Down Daemons.
Mar 15 12:03:49 ip-172-31-18-75 systemd: Stopped dracut pre-pivot and cleanup hook.
Mar 15 12:03:49 ip-172-31-18-75 systemd: Stopping dracut pre-pivot and cleanup hook...
Mar 15 12:03:49 ip-172-31-18-75 systemd: Starting Plymouth switch root service...
Mar 15 12:03:49 ip-172-31-18-75 systemd: Stopped target Remote File Systems.
Mar 15 12:03:49 ip-172-31-18-75 systemd: Stopping Remote File Systems.
Mar 15 12:03:49 ip-172-31-18-75 systemd: Stopped target Remote File Systems (Pre).
Mar 15 12:03:49 ip-172-31-18-75 systemd: Stopping Remote File Systems (Pre).
Mar 15 12:03:49 ip-172-31-18-75 systemd: Stopped dracut pre-mount hook.
Mar 15 12:03:49 ip-172-31-18-75 systemd: Stopping dracut pre-mount hook...
Mar 15 12:03:49 ip-172-31-18-75 systemd: Stopped target Initrd Default Target.
Mar 15 12:03:49 ip-172-31-18-75 systemd: Stopping Initrd Default Target.
Mar 15 12:03:49 ip-172-31-18-75 systemd: Stopped target Basic System.
Mar 15 12:03:49 ip-172-31-18-75 systemd: Stopping Basic System.
Mar 15 12:03:49 ip-172-31-18-75 systemd: Stopped target Slices.
Mar 15 12:03:49 ip-172-31-18-75 systemd: Stopping Slices.
Mar 15 12:03:49 ip-172-31-18-75 systemd: Stopped target Paths.
Mar 15 12:03:49 ip-172-31-18-75 systemd: Stopping Paths.
Mar 15 12:03:49 ip-172-31-18-75 systemd: Stopped target Timers.
Mar 15 12:03:49 ip-172-31-18-75 systemd: Stopping Timers.
Mar 15 12:03:49 ip-172-31-18-75 systemd: Stopped target Sockets.
Mar 15 12:03:49 ip-172-31-18-75 systemd: Stopping Sockets.
Mar 15 12:03:49 ip-172-31-18-75 systemd: Stopped dracut initqueue hook.
Mar 15 12:03:49 ip-172-31-18-75 systemd: Stopping dracut initqueue hook...
Mar 15 12:03:49 ip-172-31-18-75 systemd: Stopped target System Initialization.
Mar 15 12:03:49 ip-172-31-18-75 systemd: Stopping System Initialization.
Mar 15 12:03:49 ip-172-31-18-75 systemd: Stopped target Swap.
Mar 15 12:03:49 ip-172-31-18-75 systemd: Stopping Swap.
Mar 15 12:03:49 ip-172-31-18-75 systemd: Stopped udev Coldplug all Devices.
Mar 15 12:03:49 ip-172-31-18-75 systemd: Stopping udev Coldplug all Devices...
Mar 15 12:03:49 ip-172-31-18-75 systemd: Stopped dracut pre-trigger hook.
Mar 15 12:03:49 ip-172-31-18-75 systemd: Stopping dracut pre-trigger hook...
Mar 15 12:03:49 ip-172-31-18-75 systemd: Stopped target Local Encrypted Volumes.
Mar 15 12:03:49 ip-172-31-18-75 systemd: Stopping Local Encrypted Volumes.
Mar 15 12:03:49 ip-172-31-18-75 systemd: Stopped Apply Kernel Variables.
Mar 15 12:03:49 ip-172-31-18-75 systemd: Stopping Apply Kernel Variables...
Mar 15 12:03:49 ip-172-31-18-75 systemd: Stopping udev Kernel Device Manager...
Mar 15 12:03:49 ip-172-31-18-75 systemd: Stopped target Local File Systems.
Mar 15 12:03:49 ip-172-31-18-75 systemd: Stopping Local File Systems.
Mar 15 12:03:49 ip-172-31-18-75 systemd: Stopped udev Kernel Device Manager.
Mar 15 12:03:49 ip-172-31-18-75 systemd: Stopped Create Static Device Nodes in /dev.
Mar 15 12:03:49 ip-172-31-18-75 systemd: Stopping Create Static Device Nodes in /dev...
Mar 15 12:03:49 ip-172-31-18-75 systemd: Stopped Create list of required static device nodes for the current kernel.
Mar 15 12:03:49 ip-172-31-18-75 systemd: Stopping Create list of required static device nodes for the current kernel...
Mar 15 12:03:49 ip-172-31-18-75 systemd: Stopped dracut pre-udev hook.
Mar 15 12:03:49 ip-172-31-18-75 systemd: Stopping dracut pre-udev hook...
Mar 15 12:03:49 ip-172-31-18-75 systemd: Stopped dracut cmdline hook.
Mar 15 12:03:49 ip-172-31-18-75 systemd: Stopping dracut cmdline hook...
Mar 15 12:03:49 ip-172-31-18-75 systemd: Closed udev Control Socket.
Mar 15 12:03:49 ip-172-31-18-75 systemd: Stopping udev Control Socket.
Mar 15 12:03:49 ip-172-31-18-75 systemd: Closed udev Kernel Socket.
Mar 15 12:03:49 ip-172-31-18-75 systemd: Stopping udev Kernel Socket.
Mar 15 12:03:49 ip-172-31-18-75 systemd: Starting Cleanup udevd DB...
Mar 15 12:03:49 ip-172-31-18-75 systemd: Started Cleanup udevd DB.
Mar 15 12:03:49 ip-172-31-18-75 systemd: Reached target Switch Root.
Mar 15 12:03:49 ip-172-31-18-75 systemd: Starting Switch Root.
Mar 15 12:03:49 ip-172-31-18-75 systemd: Started Plymouth switch root service.
Mar 15 12:03:49 ip-172-31-18-75 systemd: Starting Switch Root...
Mar 15 12:03:49 ip-172-31-18-75 systemd: Switching root.
Mar 15 12:03:49 ip-172-31-18-75 journal: Journal stopped
Mar 15 12:03:50 ip-172-31-18-75 journal: Runtime journal is using 6.1M (max allowed 49.1M, trying to leave 73.7M free of 479.3M available â†’ current limit 49.1M).
Mar 15 12:03:50 ip-172-31-18-75 systemd-journald[931]: Received SIGTERM from PID 1 (systemd).
Mar 15 12:03:50 ip-172-31-18-75 kernel: systemd: 25 output lines suppressed due to ratelimiting
Mar 15 12:03:50 ip-172-31-18-75 kernel: SELinux:  Disabled at runtime.
Mar 15 12:03:50 ip-172-31-18-75 kernel: audit: type=1404 audit(1584273829.916:2): selinux=0 auid=4294967295 ses=4294967295
Mar 15 12:03:50 ip-172-31-18-75 kernel: ip_tables: (C) 2000-2006 Netfilter Core Team
Mar 15 12:03:50 ip-172-31-18-75 systemd[1]: Inserted module 'ip_tables'
Mar 15 12:03:50 ip-172-31-18-75 journal: Journal started
Mar 15 12:03:50 ip-172-31-18-75 systemd: systemd 219 running in system mode. (+PAM +AUDIT +SELINUX +IMA -APPARMOR +SMACK +SYSVINIT +UTMP +LIBCRYPTSETUP +GCRYPT +GNUTLS +ACL +XZ +LZ4 -SECCOMP +BLKID +ELFUTILS +KMOD +IDN)
Mar 15 12:03:50 ip-172-31-18-75 systemd: Detected virtualization xen.
Mar 15 12:03:50 ip-172-31-18-75 systemd: Detected architecture x86-64.
Mar 15 12:03:50 ip-172-31-18-75 systemd: Cannot add dependency job for unit display-manager.service, ignoring: Unit not found.
Mar 15 12:03:50 ip-172-31-18-75 systemd-modules-load: Inserted module 'ena'
Mar 15 12:03:50 ip-172-31-18-75 kernel: ena: Elastic Network Adapter (ENA) v2.2.3g
Mar 15 12:03:50 ip-172-31-18-75 systemd: Started Create list of required static device nodes for the current kernel.
Mar 15 12:03:50 ip-172-31-18-75 systemd: Started Read and set NIS domainname from /etc/sysconfig/network.
Mar 15 12:03:50 ip-172-31-18-75 systemd: Started Load Kernel Modules.
Mar 15 12:03:50 ip-172-31-18-75 systemd: Started Remount Root and Kernel File Systems.
Mar 15 12:03:50 ip-172-31-18-75 systemd: Started LVM2 metadata daemon.
Mar 15 12:03:50 ip-172-31-18-75 systemd: Starting LVM2 metadata daemon...
Mar 15 12:03:50 ip-172-31-18-75 systemd: Starting Configure read-only root support...
Mar 15 12:03:50 ip-172-31-18-75 systemd: Starting Rebuild Hardware Database...
Mar 15 12:03:50 ip-172-31-18-75 systemd: Starting Apply Kernel Variables...
Mar 15 12:03:50 ip-172-31-18-75 systemd: Starting Create Static Device Nodes in /dev...
Mar 15 12:03:50 ip-172-31-18-75 systemd: Starting Flush Journal to Persistent Storage...
Mar 15 12:03:50 ip-172-31-18-75 systemd: Started Apply Kernel Variables.
Mar 15 12:03:50 ip-172-31-18-75 systemd: Started Create Static Device Nodes in /dev.
Mar 15 12:03:50 ip-172-31-18-75 systemd: Starting udev Kernel Device Manager...
Mar 15 12:03:50 ip-172-31-18-75 journal: Permanent journal is using 8.0M (max allowed 818.0M, trying to leave 1.1G free of 6.9G available â†’ current limit 818.0M).
Mar 15 12:03:50 ip-172-31-18-75 journal: Time spent on flushing to /var is 13.666ms for 539 entries.
Mar 15 12:03:50 ip-172-31-18-75 systemd: Started Configure read-only root support.
Mar 15 12:03:50 ip-172-31-18-75 systemd: Starting Load/Save Random Seed...
Mar 15 12:03:50 ip-172-31-18-75 systemd-udevd: starting version 219
Mar 15 12:03:50 ip-172-31-18-75 systemd-udevd: Network interface NamePolicy= disabled on kernel command line, ignoring.
Mar 15 12:03:50 ip-172-31-18-75 systemd: Started Load/Save Random Seed.
Mar 15 12:03:50 ip-172-31-18-75 systemd: Started udev Kernel Device Manager.
Mar 15 12:03:50 ip-172-31-18-75 systemd: Started Flush Journal to Persistent Storage.
Mar 15 12:03:50 ip-172-31-18-75 systemd: Started Rebuild Hardware Database.
Mar 15 12:03:50 ip-172-31-18-75 systemd: Starting udev Coldplug all Devices...
Mar 15 12:03:50 ip-172-31-18-75 systemd-udevd: Network interface NamePolicy= disabled on kernel command line, ignoring.
Mar 15 12:03:50 ip-172-31-18-75 kernel: input: Power Button as /devices/LNXSYSTM:00/LNXPWRBN:00/input/input3
Mar 15 12:03:50 ip-172-31-18-75 systemd: Started udev Coldplug all Devices.
Mar 15 12:03:50 ip-172-31-18-75 systemd: Starting udev Wait for Complete Device Initialization...
Mar 15 12:03:50 ip-172-31-18-75 kernel: ACPI: Power Button [PWRF]
Mar 15 12:03:50 ip-172-31-18-75 kernel: input: Sleep Button as /devices/LNXSYSTM:00/LNXSLPBN:00/input/input4
Mar 15 12:03:50 ip-172-31-18-75 kernel: ACPI: Sleep Button [SLPF]
Mar 15 12:03:50 ip-172-31-18-75 systemd: Found device /dev/ttyS0.
Mar 15 12:03:50 ip-172-31-18-75 kernel: input: ImExPS/2 Generic Explorer Mouse as /devices/platform/i8042/serio1/input/input5
Mar 15 12:03:50 ip-172-31-18-75 kernel: EDAC sbridge:  Ver: 1.1.2 
Mar 15 12:03:50 ip-172-31-18-75 systemd: Created slice system-ec2net\x2difup.slice.
Mar 15 12:03:50 ip-172-31-18-75 systemd: Starting system-ec2net\x2difup.slice.
Mar 15 12:03:50 ip-172-31-18-75 kernel: mousedev: PS/2 mouse device common for all mice
Mar 15 12:03:50 ip-172-31-18-75 systemd: Started udev Wait for Complete Device Initialization.
Mar 15 12:03:50 ip-172-31-18-75 systemd: Starting Activation of DM RAID sets...
Mar 15 12:03:50 ip-172-31-18-75 systemd: Started Activation of DM RAID sets.
Mar 15 12:03:50 ip-172-31-18-75 systemd: Reached target Local Encrypted Volumes.
Mar 15 12:03:50 ip-172-31-18-75 systemd: Starting Local Encrypted Volumes.
Mar 15 12:03:50 ip-172-31-18-75 systemd: Started Monitoring of LVM2 mirrors, snapshots etc. using dmeventd or progress polling.
Mar 15 12:03:50 ip-172-31-18-75 systemd: Reached target Local File Systems (Pre).
Mar 15 12:03:50 ip-172-31-18-75 systemd: Starting Local File Systems (Pre).
Mar 15 12:03:50 ip-172-31-18-75 systemd: Reached target Local File Systems.
Mar 15 12:03:50 ip-172-31-18-75 systemd: Starting Local File Systems.
Mar 15 12:03:50 ip-172-31-18-75 systemd: Starting Mark the need to relabel after reboot...
Mar 15 12:03:50 ip-172-31-18-75 systemd: Starting Rebuild Journal Catalog...
Mar 15 12:03:50 ip-172-31-18-75 systemd: Starting Tell Plymouth To Write Out Runtime Data...
Mar 15 12:03:50 ip-172-31-18-75 systemd: Starting Create Volatile Files and Directories...
Mar 15 12:03:50 ip-172-31-18-75 systemd: Starting Preprocess NFS configuration...
Mar 15 12:03:50 ip-172-31-18-75 systemd: Started Mark the need to relabel after reboot.
Mar 15 12:03:51 ip-172-31-18-75 systemd: Started Preprocess NFS configuration.
Mar 15 12:03:51 ip-172-31-18-75 systemd: Started Rebuild Journal Catalog.
Mar 15 12:03:51 ip-172-31-18-75 systemd: Starting Update is Completed...
Mar 15 12:03:51 ip-172-31-18-75 systemd: Started Create Volatile Files and Directories.
Mar 15 12:03:51 ip-172-31-18-75 systemd: Starting Security Auditing Service...
Mar 15 12:03:51 ip-172-31-18-75 systemd: Mounting RPC Pipe File System...
Mar 15 12:03:51 ip-172-31-18-75 systemd: Started Update is Completed.
Mar 15 12:03:51 ip-172-31-18-75 kernel: RPC: Registered named UNIX socket transport module.
Mar 15 12:03:51 ip-172-31-18-75 kernel: RPC: Registered udp transport module.
Mar 15 12:03:51 ip-172-31-18-75 kernel: RPC: Registered tcp transport module.
Mar 15 12:03:51 ip-172-31-18-75 kernel: RPC: Registered tcp NFSv4.1 backchannel transport module.
Mar 15 12:03:51 ip-172-31-18-75 systemd: Mounted RPC Pipe File System.
Mar 15 12:03:51 ip-172-31-18-75 systemd: Reached target rpc_pipefs.target.
Mar 15 12:03:51 ip-172-31-18-75 systemd: Starting rpc_pipefs.target.
Mar 15 12:03:51 ip-172-31-18-75 auditd[2652]: Started dispatcher: /sbin/audispd pid: 2654
Mar 15 12:03:51 ip-172-31-18-75 auditd[2652]: Init complete, auditd 2.8.1 listening for events (startup state enable)
Mar 15 12:03:51 ip-172-31-18-75 audispd: No plugins found, exiting
Mar 15 12:03:51 ip-172-31-18-75 systemd: Started Tell Plymouth To Write Out Runtime Data.
Mar 15 12:03:51 ip-172-31-18-75 augenrules: No rules
Mar 15 12:03:51 ip-172-31-18-75 augenrules: enabled 1
Mar 15 12:03:51 ip-172-31-18-75 augenrules: failure 1
Mar 15 12:03:51 ip-172-31-18-75 augenrules: pid 2652
Mar 15 12:03:51 ip-172-31-18-75 augenrules: rate_limit 0
Mar 15 12:03:51 ip-172-31-18-75 augenrules: backlog_limit 8192
Mar 15 12:03:51 ip-172-31-18-75 augenrules: lost 0
Mar 15 12:03:51 ip-172-31-18-75 augenrules: backlog 1
Mar 15 12:03:51 ip-172-31-18-75 augenrules: backlog_wait_time 15000
Mar 15 12:03:51 ip-172-31-18-75 augenrules: enabled 1
Mar 15 12:03:51 ip-172-31-18-75 augenrules: failure 1
Mar 15 12:03:51 ip-172-31-18-75 augenrules: pid 2652
Mar 15 12:03:51 ip-172-31-18-75 augenrules: rate_limit 0
Mar 15 12:03:51 ip-172-31-18-75 augenrules: backlog_limit 8192
Mar 15 12:03:51 ip-172-31-18-75 augenrules: lost 0
Mar 15 12:03:51 ip-172-31-18-75 augenrules: backlog 1
Mar 15 12:03:51 ip-172-31-18-75 augenrules: backlog_wait_time 15000
Mar 15 12:03:51 ip-172-31-18-75 systemd: Started Security Auditing Service.
Mar 15 12:03:51 ip-172-31-18-75 systemd: Starting Update UTMP about System Boot/Shutdown...
Mar 15 12:03:51 ip-172-31-18-75 systemd: Started Update UTMP about System Boot/Shutdown.
Mar 15 12:03:51 ip-172-31-18-75 systemd: Reached target System Initialization.
Mar 15 12:03:51 ip-172-31-18-75 systemd: Starting System Initialization.
Mar 15 12:03:51 ip-172-31-18-75 systemd: Listening on D-Bus System Message Bus Socket.
Mar 15 12:03:51 ip-172-31-18-75 systemd: Starting D-Bus System Message Bus Socket.
Mar 15 12:03:51 ip-172-31-18-75 systemd: Started Daily Cleanup of Temporary Directories.
Mar 15 12:03:51 ip-172-31-18-75 systemd: Starting Daily Cleanup of Temporary Directories.
Mar 15 12:03:51 ip-172-31-18-75 systemd: Reached target Timers.
Mar 15 12:03:51 ip-172-31-18-75 systemd: Starting Timers.
Mar 15 12:03:51 ip-172-31-18-75 systemd: Started Flexible branding.
Mar 15 12:03:51 ip-172-31-18-75 systemd: Starting Flexible branding.
Mar 15 12:03:51 ip-172-31-18-75 systemd: Reached target Paths.
Mar 15 12:03:51 ip-172-31-18-75 systemd: Starting Paths.
Mar 15 12:03:51 ip-172-31-18-75 systemd: Listening on RPCbind Server Activation Socket.
Mar 15 12:03:51 ip-172-31-18-75 systemd: Starting RPCbind Server Activation Socket.
Mar 15 12:03:51 ip-172-31-18-75 systemd: Reached target Sockets.
Mar 15 12:03:51 ip-172-31-18-75 systemd: Starting Sockets.
Mar 15 12:03:51 ip-172-31-18-75 systemd: Reached target Basic System.
Mar 15 12:03:51 ip-172-31-18-75 systemd: Starting Basic System.
Mar 15 12:03:51 ip-172-31-18-75 systemd: Started libstoragemgmt plug-in server daemon.
Mar 15 12:03:51 ip-172-31-18-75 systemd: Starting libstoragemgmt plug-in server daemon...
Mar 15 12:03:51 ip-172-31-18-75 systemd: Starting NTP client/server...
Mar 15 12:03:51 ip-172-31-18-75 systemd: Starting ACPI Event Daemon...
Mar 15 12:03:51 ip-172-31-18-75 systemd: Started Hardware RNG Entropy Gatherer Daemon.
Mar 15 12:03:51 ip-172-31-18-75 systemd: Starting Hardware RNG Entropy Gatherer Daemon...
Mar 15 12:03:51 ip-172-31-18-75 systemd: Starting Resets System Activity Logs...
Mar 15 12:03:51 ip-172-31-18-75 rngd: Failed to init entropy source 0: Hardware RNG Device
Mar 15 12:03:51 ip-172-31-18-75 rngd: Failed to init entropy source 1: TPM RNG Device
Mar 15 12:03:51 ip-172-31-18-75 systemd: Started irqbalance daemon.
Mar 15 12:03:51 ip-172-31-18-75 systemd: Starting irqbalance daemon...
Mar 15 12:03:51 ip-172-31-18-75 systemd: Starting Initial cloud-init job (pre-networking)...
Mar 15 12:03:51 ip-172-31-18-75 acpid: starting up with netlink and the input layer
Mar 15 12:03:51 ip-172-31-18-75 systemd: Starting Dump dmesg to /var/log/dmesg...
Mar 15 12:03:51 ip-172-31-18-75 acpid: skipping incomplete file /etc/acpi/events/videoconf
Mar 15 12:03:51 ip-172-31-18-75 acpid: 2 rules loaded
Mar 15 12:03:51 ip-172-31-18-75 acpid: waiting for events: event logging is off
Mar 15 12:03:51 ip-172-31-18-75 systemd: Started D-Bus System Message Bus.
Mar 15 12:03:51 ip-172-31-18-75 /usr/sbin/irqbalance: Balancing is ineffective on systems with a single cpu.  Shutting down
Mar 15 12:03:51 ip-172-31-18-75 chronyd[2693]: chronyd version 3.2 starting (+CMDMON +NTP +REFCLOCK +RTC +PRIVDROP +SCFILTER +SECHASH +SIGND +ASYNCDNS +IPV6 +DEBUG)
Mar 15 12:03:51 ip-172-31-18-75 systemd: Starting D-Bus System Message Bus...
Mar 15 12:03:51 ip-172-31-18-75 systemd: Starting GSSAPI Proxy Daemon...
Mar 15 12:03:51 ip-172-31-18-75 systemd: Starting Login Service...
Mar 15 12:03:51 ip-172-31-18-75 systemd: Starting RPC bind service...
Mar 15 12:03:51 ip-172-31-18-75 systemd: Started ACPI Event Daemon.
Mar 15 12:03:51 ip-172-31-18-75 systemd: Started Resets System Activity Logs.
Mar 15 12:03:51 ip-172-31-18-75 systemd: Started Dump dmesg to /var/log/dmesg.
Mar 15 12:03:51 ip-172-31-18-75 systemd-logind: New seat seat0.
Mar 15 12:03:51 ip-172-31-18-75 systemd: Started Login Service.
Mar 15 12:03:51 ip-172-31-18-75 systemd: Started RPC bind service.
Mar 15 12:03:51 ip-172-31-18-75 systemd: Started NTP client/server.
Mar 15 12:03:51 ip-172-31-18-75 kernel: random: crng init done
Mar 15 12:03:51 ip-172-31-18-75 kernel: random: 7 urandom warning(s) missed due to ratelimiting
Mar 15 12:03:51 ip-172-31-18-75 systemd: Started GSSAPI Proxy Daemon.
Mar 15 12:03:51 ip-172-31-18-75 systemd: Reached target NFS client services.
Mar 15 12:03:51 ip-172-31-18-75 systemd: Starting NFS client services.
Mar 15 12:03:51 ip-172-31-18-75 systemd: Reached target Remote File Systems (Pre).
Mar 15 12:03:51 ip-172-31-18-75 systemd: Starting Remote File Systems (Pre).
Mar 15 12:03:51 ip-172-31-18-75 systemd: Reached target Remote File Systems.
Mar 15 12:03:51 ip-172-31-18-75 systemd: Starting Remote File Systems.
Mar 15 12:03:51 ip-172-31-18-75 cloud-init: Cloud-init v. 19.3-2.amzn2 running 'init-local' at Sun, 15 Mar 2020 12:03:51 +0000. Up 5.69 seconds.
Mar 15 12:03:51 ip-172-31-18-75 systemd: Started Initial cloud-init job (pre-networking).
Mar 15 12:03:51 ip-172-31-18-75 systemd: Reached target Network (Pre).
Mar 15 12:03:51 ip-172-31-18-75 systemd: Starting Network (Pre).
Mar 15 12:03:51 ip-172-31-18-75 systemd: Starting LSB: Bring up/down networking...
Mar 15 12:03:52 ip-172-31-18-75 network: Bringing up loopback interface:  /etc/sysconfig/network-scripts/ifup-post: line 54: /etc/resolv.conf: No such file or directory
Mar 15 12:03:52 ip-172-31-18-75 network: /etc/sysconfig/network-scripts/ifup-post: line 119: /etc/resolv.conf: No such file or directory
Mar 15 12:03:52 ip-172-31-18-75 network: cp: cannot stat '/etc/resolv.conf': No such file or directory
Mar 15 12:03:52 ip-172-31-18-75 NET[2839]: /etc/sysconfig/network-scripts/ifup-post : updated /etc/resolv.conf
Mar 15 12:03:52 ip-172-31-18-75 network: [  OK  ]
Mar 15 12:03:52 ip-172-31-18-75 network: Bringing up interface eth0:
Mar 15 12:03:52 ip-172-31-18-75 dhclient[2858]: DHCPDISCOVER on eth0 to 255.255.255.255 port 67 interval 6 (xid=0x295ef19)
Mar 15 12:03:52 ip-172-31-18-75 dhclient[2858]: DHCPREQUEST on eth0 to 255.255.255.255 port 67 (xid=0x295ef19)
Mar 15 12:03:52 ip-172-31-18-75 dhclient[2858]: DHCPOFFER from 172.31.16.1
Mar 15 12:03:52 ip-172-31-18-75 dhclient[2858]: DHCPACK from 172.31.16.1 (xid=0x295ef19)
Mar 15 12:03:52 ip-172-31-18-75 NET[2902]: /usr/sbin/dhclient-script : updated /etc/resolv.conf
Mar 15 12:03:52 ip-172-31-18-75 dhclient[2858]: bound to 172.31.18.75 -- renewal in 1595 seconds.
Mar 15 12:03:52 ip-172-31-18-75 network: Determining IP information for eth0... done.
Mar 15 12:03:52 ip-172-31-18-75 ec2net: [get_meta] Getting token for IMDSv2
Mar 15 12:03:52 ip-172-31-18-75 ec2net: [get_meta] Trying to get http://169.254.169.254/latest/meta-data/network/interfaces/macs/02:39:17:2f:ed:2e/local-ipv4s
Mar 15 12:03:52 ip-172-31-18-75 ec2net: [rewrite_aliases] Rewriting aliases of eth0
Mar 15 12:03:54 ip-172-31-18-75 network: Determining IPv6 information for eth0... done.
Mar 15 12:03:54 ip-172-31-18-75 network: [  OK  ]
Mar 15 12:03:54 ip-172-31-18-75 systemd: Started LSB: Bring up/down networking.
Mar 15 12:03:54 ip-172-31-18-75 systemd: Starting Initial cloud-init job (metadata service crawler)...
Mar 15 12:03:54 ip-172-31-18-75 systemd: Reached target Network.
Mar 15 12:03:54 ip-172-31-18-75 systemd: Starting Network.
Mar 15 12:03:54 ip-172-31-18-75 systemd: Starting Postfix Mail Transport Agent...
Mar 15 12:03:54 ip-172-31-18-75 cloud-init: Cloud-init v. 19.3-2.amzn2 running 'init' at Sun, 15 Mar 2020 12:03:54 +0000. Up 8.41 seconds.
Mar 15 12:03:54 ip-172-31-18-75 cloud-init: ci-info: ++++++++++++++++++++++++++++++++++++++Net device info++++++++++++++++++++++++++++++++++++++
Mar 15 12:03:54 ip-172-31-18-75 cloud-init: ci-info: +--------+------+----------------------------+---------------+--------+-------------------+
Mar 15 12:03:54 ip-172-31-18-75 cloud-init: ci-info: | Device |  Up  |          Address           |      Mask     | Scope  |     Hw-Address    |
Mar 15 12:03:54 ip-172-31-18-75 cloud-init: ci-info: +--------+------+----------------------------+---------------+--------+-------------------+
Mar 15 12:03:54 ip-172-31-18-75 cloud-init: ci-info: |  eth0  | True |        172.31.18.75        | 255.255.240.0 | global | 02:39:17:2f:ed:2e |
Mar 15 12:03:54 ip-172-31-18-75 cloud-init: ci-info: |  eth0  | True | fe80::39:17ff:fe2f:ed2e/64 |       .       |  link  | 02:39:17:2f:ed:2e |
Mar 15 12:03:54 ip-172-31-18-75 cloud-init: ci-info: |   lo   | True |         127.0.0.1          |   255.0.0.0   |  host  |         .         |
Mar 15 12:03:54 ip-172-31-18-75 cloud-init: ci-info: |   lo   | True |          ::1/128           |       .       |  host  |         .         |
Mar 15 12:03:54 ip-172-31-18-75 cloud-init: ci-info: +--------+------+----------------------------+---------------+--------+-------------------+
Mar 15 12:03:54 ip-172-31-18-75 cloud-init: ci-info: ++++++++++++++++++++++++++++++++Route IPv4 info++++++++++++++++++++++++++++++++
Mar 15 12:03:54 ip-172-31-18-75 cloud-init: ci-info: +-------+-----------------+-------------+-----------------+-----------+-------+
Mar 15 12:03:54 ip-172-31-18-75 cloud-init: ci-info: | Route |   Destination   |   Gateway   |     Genmask     | Interface | Flags |
Mar 15 12:03:54 ip-172-31-18-75 cloud-init: ci-info: +-------+-----------------+-------------+-----------------+-----------+-------+
Mar 15 12:03:54 ip-172-31-18-75 cloud-init: ci-info: |   0   |     0.0.0.0     | 172.31.16.1 |     0.0.0.0     |    eth0   |   UG  |
Mar 15 12:03:54 ip-172-31-18-75 cloud-init: ci-info: |   1   | 169.254.169.254 |   0.0.0.0   | 255.255.255.255 |    eth0   |   UH  |
Mar 15 12:03:54 ip-172-31-18-75 cloud-init: ci-info: |   2   |   172.31.16.0   |   0.0.0.0   |  255.255.240.0  |    eth0   |   U   |
Mar 15 12:03:54 ip-172-31-18-75 cloud-init: ci-info: +-------+-----------------+-------------+-----------------+-----------+-------+
Mar 15 12:03:54 ip-172-31-18-75 cloud-init: ci-info: +++++++++++++++++++Route IPv6 info+++++++++++++++++++
Mar 15 12:03:54 ip-172-31-18-75 cloud-init: ci-info: +-------+-------------+---------+-----------+-------+
Mar 15 12:03:54 ip-172-31-18-75 cloud-init: ci-info: | Route | Destination | Gateway | Interface | Flags |
Mar 15 12:03:54 ip-172-31-18-75 cloud-init: ci-info: +-------+-------------+---------+-----------+-------+
Mar 15 12:03:54 ip-172-31-18-75 cloud-init: ci-info: |   9   |  fe80::/64  |    ::   |    eth0   |   U   |
Mar 15 12:03:54 ip-172-31-18-75 cloud-init: ci-info: |   11  |    local    |    ::   |    eth0   |   U   |
Mar 15 12:03:54 ip-172-31-18-75 cloud-init: ci-info: |   12  |   ff00::/8  |    ::   |    eth0   |   U   |
Mar 15 12:03:54 ip-172-31-18-75 cloud-init: ci-info: +-------+-------------+---------+-----------+-------+
Mar 15 12:03:54 ip-172-31-18-75 dhclient[3048]: XMT: Solicit on eth0, interval 1020ms.
Mar 15 12:03:54 ip-172-31-18-75 systemd: Started Postfix Mail Transport Agent.
Mar 15 12:03:55 ip-172-31-18-75 dbus[2690]: [system] Activating via systemd: service name='org.freedesktop.hostname1' unit='dbus-org.freedesktop.hostname1.service'
Mar 15 12:03:55 ip-172-31-18-75 systemd: Starting Hostname Service...
Mar 15 12:03:55 ip-172-31-18-75 dbus[2690]: [system] Successfully activated service 'org.freedesktop.hostname1'
Mar 15 12:03:55 ip-172-31-18-75 systemd-hostnamed: Changed static host name to 'ip-172-31-18-75.us-west-2.compute.internal'
Mar 15 12:03:55 ip-172-31-18-75 systemd-hostnamed: Changed host name to 'ip-172-31-18-75.us-west-2.compute.internal'
Mar 15 12:03:55 ip-172-31-18-75 systemd: Started Hostname Service.
Mar 15 12:03:55 ip-172-31-18-75 systemd: Started Initial cloud-init job (metadata service crawler).
Mar 15 12:03:55 ip-172-31-18-75 systemd: Reached target Cloud-config availability.
Mar 15 12:03:55 ip-172-31-18-75 systemd: Starting Cloud-config availability.
Mar 15 12:03:55 ip-172-31-18-75 systemd: Starting OpenSSH Server Key Generation...
Mar 15 12:03:55 ip-172-31-18-75 systemd: Starting Permit User Sessions...
Mar 15 12:03:55 ip-172-31-18-75 systemd: Reached target Network is Online.
Mar 15 12:03:55 ip-172-31-18-75 systemd: Starting Network is Online.
Mar 15 12:03:55 ip-172-31-18-75 systemd: Starting System Logging Service...
Mar 15 12:03:55 ip-172-31-18-75 systemd: Started amazon-ssm-agent.
Mar 15 12:03:55 ip-172-31-18-75 systemd: Starting amazon-ssm-agent...
Mar 15 12:03:55 ip-172-31-18-75 systemd: Starting Notify NFS peers of a restart...
Mar 15 12:03:55 ip-172-31-18-75 systemd: Starting Dynamically Generate Message Of The Day...
Mar 15 12:03:55 ip-172-31-18-75 systemd: Starting Apply the settings specified in cloud-config...
Mar 15 12:03:55 ip-172-31-18-75 sm-notify[3243]: Version 1.3.0 starting
Mar 15 12:03:55 ip-172-31-18-75 systemd: Started Permit User Sessions.
Mar 15 12:03:55 ip-172-31-18-75 systemd: Started Notify NFS peers of a restart.
Mar 15 12:03:55 ip-172-31-18-75 rsyslogd: [origin software="rsyslogd" swVersion="8.24.0-41.amzn2.2.1" x-pid="3241" x-info="http://www.rsyslog.com"] start
Mar 15 12:03:55 ip-172-31-18-75 systemd: Started Command Scheduler.
Mar 15 12:03:55 ip-172-31-18-75 systemd: Starting Command Scheduler...
Mar 15 12:03:55 ip-172-31-18-75 systemd: Starting Terminate Plymouth Boot Screen...
Mar 15 12:03:55 ip-172-31-18-75 systemd: Starting Wait for Plymouth Boot Screen to Quit...
Mar 15 12:03:55 ip-172-31-18-75 systemd: Started Job spooling tools.
Mar 15 12:03:55 ip-172-31-18-75 systemd: Starting Job spooling tools...
Mar 15 12:03:55 ip-172-31-18-75 systemd: Started System Logging Service.
Mar 15 12:03:55 ip-172-31-18-75 amazon-ssm-agent: 2020/03/15 12:03:55 Failed to load instance info from vault. RegistrationKey does not exist.
Mar 15 12:03:55 ip-172-31-18-75 amazon-ssm-agent: Error occurred fetching the seelog config file path:  open /etc/amazon/ssm/seelog.xml: no such file or directory
Mar 15 12:03:55 ip-172-31-18-75 amazon-ssm-agent: Initializing new seelog logger
Mar 15 12:03:55 ip-172-31-18-75 amazon-ssm-agent: New Seelog Logger Creation Complete
Mar 15 12:03:55 ip-172-31-18-75 amazon-ssm-agent: 2020-03-15 12:03:55 INFO Entering SSM Agent hibernate - EC2RoleRequestError: no EC2 instance role found
Mar 15 12:03:55 ip-172-31-18-75 amazon-ssm-agent: caused by: EC2MetadataError: failed to make EC2Metadata request
Mar 15 12:03:55 ip-172-31-18-75 amazon-ssm-agent: caused by: <?xml version="1.0" encoding="iso-8859-1"?>
Mar 15 12:03:55 ip-172-31-18-75 amazon-ssm-agent: <!DOCTYPE html PUBLIC "-//W3C//DTD XHTML 1.0 Transitional//EN"
Mar 15 12:03:55 ip-172-31-18-75 amazon-ssm-agent: "http://www.w3.org/TR/xhtml1/DTD/xhtml1-transitional.dtd">
Mar 15 12:03:55 ip-172-31-18-75 amazon-ssm-agent: <html xmlns="http://www.w3.org/1999/xhtml" xml:lang="en" lang="en">
Mar 15 12:03:55 ip-172-31-18-75 amazon-ssm-agent: <head>
Mar 15 12:03:55 ip-172-31-18-75 amazon-ssm-agent: <title>404 - Not Found</title>
Mar 15 12:03:55 ip-172-31-18-75 amazon-ssm-agent: </head>
Mar 15 12:03:55 ip-172-31-18-75 amazon-ssm-agent: <body>
Mar 15 12:03:55 ip-172-31-18-75 amazon-ssm-agent: <h1>404 - Not Found</h1>
Mar 15 12:03:55 ip-172-31-18-75 amazon-ssm-agent: </body>
Mar 15 12:03:55 ip-172-31-18-75 amazon-ssm-agent: </html>
Mar 15 12:03:55 ip-172-31-18-75 amazon-ssm-agent: 2020-03-15 12:03:55 INFO Agent is in hibernate mode. Reducing logging. Logging will be reduced to one log per backoff period
Mar 15 12:03:55 ip-172-31-18-75 systemd: Received SIGRTMIN+21 from PID 1717 (plymouthd).
Mar 15 12:03:55 ip-172-31-18-75 systemd: Started Terminate Plymouth Boot Screen.
Mar 15 12:03:55 ip-172-31-18-75 systemd: Started Wait for Plymouth Boot Screen to Quit.
Mar 15 12:03:55 ip-172-31-18-75 systemd: Started Getty on tty1.
Mar 15 12:03:55 ip-172-31-18-75 systemd: Starting Getty on tty1...
Mar 15 12:03:55 ip-172-31-18-75 systemd: Started Serial Getty on ttyS0.
Mar 15 12:03:55 ip-172-31-18-75 systemd: Starting Serial Getty on ttyS0...
Mar 15 12:03:55 ip-172-31-18-75 systemd: Reached target Login Prompts.
Mar 15 12:03:55 ip-172-31-18-75 systemd: Starting Login Prompts.
Mar 15 12:03:55 ip-172-31-18-75 dhclient[3048]: XMT: Solicit on eth0, interval 1970ms.
Mar 15 12:03:55 ip-172-31-18-75 sshd-keygen: Generating SSH2 RSA host key: [  OK  ]
Mar 15 12:03:55 ip-172-31-18-75 sshd-keygen: Generating SSH2 ECDSA host key: [  OK  ]
Mar 15 12:03:55 ip-172-31-18-75 sshd-keygen: Generating SSH2 ED25519 host key: [  OK  ]
Mar 15 12:03:55 ip-172-31-18-75 systemd: Started OpenSSH Server Key Generation.
Mar 15 12:03:55 ip-172-31-18-75 systemd: Starting EC2 Instance Connect Host Key Harvesting...
Mar 15 12:03:56 ip-172-31-18-75 cloud-init: Cloud-init v. 19.3-2.amzn2 running 'modules:config' at Sun, 15 Mar 2020 12:03:56 +0000. Up 10.08 seconds.
Mar 15 12:03:56 ip-172-31-18-75 systemd: Stopping OpenSSH Server Key Generation...
Mar 15 12:03:56 ip-172-31-18-75 systemd: Started EC2 Instance Connect Host Key Harvesting.
Mar 15 12:03:56 ip-172-31-18-75 systemd: Starting OpenSSH server daemon...
Mar 15 12:03:56 ip-172-31-18-75 systemd: Started OpenSSH server daemon.
Mar 15 12:03:57 ip-172-31-18-75 cloud-init: Loaded plugins: extras_suggestions, langpacks, priorities, update-motd
Mar 15 12:03:57 ip-172-31-18-75 chronyd[2693]: Selected source 169.254.169.123
Mar 15 12:03:57 ip-172-31-18-75 cloud-init: Existing lock /var/run/yum.pid: another copy is running as pid 3343.
Mar 15 12:03:57 ip-172-31-18-75 cloud-init: Another app is currently holding the yum lock; waiting for it to exit...
Mar 15 12:03:57 ip-172-31-18-75 cloud-init: The other application is: yum
Mar 15 12:03:57 ip-172-31-18-75 cloud-init: Memory :  31 M RSS (321 MB VSZ)
Mar 15 12:03:57 ip-172-31-18-75 cloud-init: Started: Sun Mar 15 12:03:55 2020 - 00:02 ago
Mar 15 12:03:57 ip-172-31-18-75 cloud-init: State  : Running, pid: 3343
Mar 15 12:03:57 ip-172-31-18-75 dhclient[3048]: XMT: Solicit on eth0, interval 3880ms.
Mar 15 12:03:59 ip-172-31-18-75 cloud-init: Another app is currently holding the yum lock; waiting for it to exit...
Mar 15 12:03:59 ip-172-31-18-75 cloud-init: The other application is: yum
Mar 15 12:03:59 ip-172-31-18-75 cloud-init: Memory :  50 M RSS (342 MB VSZ)
Mar 15 12:03:59 ip-172-31-18-75 cloud-init: Started: Sun Mar 15 12:03:55 2020 - 00:04 ago
Mar 15 12:03:59 ip-172-31-18-75 cloud-init: State  : Running, pid: 3343
Mar 15 12:04:00 ip-172-31-18-75 systemd: Created slice User Slice of ec2-user.
Mar 15 12:04:00 ip-172-31-18-75 systemd: Starting User Slice of ec2-user.
Mar 15 12:04:00 ip-172-31-18-75 systemd: Started Session 1 of user ec2-user.
Mar 15 12:04:00 ip-172-31-18-75 systemd-logind: New session 1 of user ec2-user.
Mar 15 12:04:00 ip-172-31-18-75 systemd: Starting Session 1 of user ec2-user.
Mar 15 12:04:01 ip-172-31-18-75 dhclient[3048]: XMT: Solicit on eth0, interval 8130ms.
Mar 15 12:04:01 ip-172-31-18-75 cloud-init: Another app is currently holding the yum lock; waiting for it to exit...
Mar 15 12:04:01 ip-172-31-18-75 cloud-init: The other application is: yum
Mar 15 12:04:01 ip-172-31-18-75 cloud-init: Memory : 109 M RSS (400 MB VSZ)
Mar 15 12:04:01 ip-172-31-18-75 cloud-init: Started: Sun Mar 15 12:03:55 2020 - 00:06 ago
Mar 15 12:04:01 ip-172-31-18-75 cloud-init: State  : Running, pid: 3343
Mar 15 12:04:02 ip-172-31-18-75 systemd: Started Dynamically Generate Message Of The Day.
Mar 15 12:04:02 ip-172-31-18-75 systemd: Reached target Multi-User System.
Mar 15 12:04:02 ip-172-31-18-75 systemd: Starting Multi-User System.
Mar 15 12:04:02 ip-172-31-18-75 systemd: Reached target Graphical Interface.
Mar 15 12:04:02 ip-172-31-18-75 systemd: Starting Graphical Interface.
Mar 15 12:04:02 ip-172-31-18-75 systemd: Starting Update UTMP about System Runlevel Changes...
Mar 15 12:04:02 ip-172-31-18-75 systemd: Started Update UTMP about System Runlevel Changes.
Mar 15 12:04:04 ip-172-31-18-75 cloud-init: --> langtable-python-0.0.31-3.amzn2.noarch from installed removed (updateinfo)
Mar 15 12:04:04 ip-172-31-18-75 cloud-init: --> langtable-data-0.0.31-3.amzn2.noarch from installed removed (updateinfo)
Mar 15 12:04:04 ip-172-31-18-75 cloud-init: --> libfastjson-0.99.4-2.amzn2.0.2.x86_64 from installed removed (updateinfo)
Mar 15 12:04:04 ip-172-31-18-75 cloud-init: --> langtable-python-0.0.31-4.amzn2.noarch from amzn2-core removed (updateinfo)
Mar 15 12:04:04 ip-172-31-18-75 cloud-init: --> gnupg2-2.0.22-5.amzn2.0.4.x86_64 from amzn2-core removed (updateinfo)
Mar 15 12:04:04 ip-172-31-18-75 cloud-init: --> langtable-data-0.0.31-4.amzn2.noarch from amzn2-core removed (updateinfo)
Mar 15 12:04:04 ip-172-31-18-75 cloud-init: --> langtable-0.0.31-3.amzn2.noarch from installed removed (updateinfo)
Mar 15 12:04:04 ip-172-31-18-75 cloud-init: --> libtirpc-0.2.4-0.10.amzn2.0.2.x86_64 from installed removed (updateinfo)
Mar 15 12:04:04 ip-172-31-18-75 cloud-init: --> gnupg2-2.0.22-5.amzn2.0.3.x86_64 from installed removed (updateinfo)
Mar 15 12:04:04 ip-172-31-18-75 cloud-init: --> libtirpc-0.2.4-0.16.amzn2.x86_64 from amzn2-core removed (updateinfo)
Mar 15 12:04:04 ip-172-31-18-75 cloud-init: --> langtable-0.0.31-4.amzn2.noarch from amzn2-core removed (updateinfo)
Mar 15 12:04:04 ip-172-31-18-75 cloud-init: --> libfastjson-0.99.4-3.amzn2.x86_64 from amzn2-core removed (updateinfo)
Mar 15 12:04:04 ip-172-31-18-75 cloud-init: No packages needed for security; 6 packages available
Mar 15 12:04:04 ip-172-31-18-75 cloud-init: Resolving Dependencies
Mar 15 12:04:04 ip-172-31-18-75 systemd: Started Apply the settings specified in cloud-config.
Mar 15 12:04:04 ip-172-31-18-75 systemd: Starting Initial hibernation setup job...
Mar 15 12:04:04 ip-172-31-18-75 systemd: Starting Execute cloud user/final scripts...
Mar 15 12:04:04 ip-172-31-18-75 cloud-init: Cloud-init v. 19.3-2.amzn2 running 'modules:final' at Sun, 15 Mar 2020 12:04:04 +0000. Up 18.58 seconds.
Mar 15 12:04:04 ip-172-31-18-75 hibinit-agent: Effective config: {'grub_update': True, 'swap_percentage': 100, 'log_to_syslog': True, 'touch_swap': False, 'state_dir': '/var/lib/hibinit-agent', 'swapoff': 'swapoff {swapfile}', 'mkswap': 'mkswap {swapfile}', 'swapon': 'swapon {swapfile}', 'swap_mb': 4000}
Mar 15 12:04:04 ip-172-31-18-75 hibinit-agent: Requesting new IMDSv2 token.
Mar 15 12:04:04 ip-172-31-18-75 hibinit-agent: Instance Launch has not enabled Hibernation Configured Flag. hibinit-agent exiting!!
Mar 15 12:04:04 ip-172-31-18-75 ec2: 
Mar 15 12:04:04 ip-172-31-18-75 ec2: #############################################################
Mar 15 12:04:04 ip-172-31-18-75 ec2: -----BEGIN SSH HOST KEY FINGERPRINTS-----
Mar 15 12:04:04 ip-172-31-18-75 systemd: Stopping ACPI Event Daemon...
Mar 15 12:04:04 ip-172-31-18-75 ec2: 256 SHA256:JW7Es8lFzVrXe/vBNjU0W25ktk1ays/MbNbW0RNWa5I no comment (ECDSA)
Mar 15 12:04:04 ip-172-31-18-75 ec2: 256 SHA256:ueYSHTgsXPcqo3WbcY7b5mgPExk3YYk4mwJ/dVz/HJs no comment (ED25519)
Mar 15 12:04:04 ip-172-31-18-75 acpid: exiting
Mar 15 12:04:04 ip-172-31-18-75 systemd: Starting ACPI Event Daemon...
Mar 15 12:04:04 ip-172-31-18-75 systemd: Started ACPI Event Daemon.
Mar 15 12:04:04 ip-172-31-18-75 systemd: Started Initial hibernation setup job.
Mar 15 12:04:04 ip-172-31-18-75 ec2: 2048 SHA256:XBOa+6H67HuvpUWjpfII39SRu3tV+eWGGKl+z3Tugg8 no comment (RSA)
Mar 15 12:04:04 ip-172-31-18-75 acpid: starting up with netlink and the input layer
Mar 15 12:04:04 ip-172-31-18-75 acpid: skipping incomplete file /etc/acpi/events/videoconf
Mar 15 12:04:04 ip-172-31-18-75 acpid: 2 rules loaded
Mar 15 12:04:04 ip-172-31-18-75 acpid: waiting for events: event logging is off
Mar 15 12:04:04 ip-172-31-18-75 ec2: -----END SSH HOST KEY FINGERPRINTS-----
Mar 15 12:04:04 ip-172-31-18-75 ec2: #############################################################
Mar 15 12:04:05 ip-172-31-18-75 cloud-init: Cloud-init v. 19.3-2.amzn2 finished at Sun, 15 Mar 2020 12:04:05 +0000. Datasource DataSourceEc2.  Up 18.90 seconds
Mar 15 12:04:05 ip-172-31-18-75 systemd: Started Execute cloud user/final scripts.
Mar 15 12:04:05 ip-172-31-18-75 systemd: Reached target Cloud-init target.
Mar 15 12:04:05 ip-172-31-18-75 systemd: Startup finished in 1.354s (kernel) + 2.376s (initrd) + 15.217s (userspace) = 18.949s.
Mar 15 12:04:05 ip-172-31-18-75 systemd: Starting Cloud-init target.
Mar 15 12:04:05 ip-172-31-18-75 su: (to root) ec2-user on pts/0
Mar 15 12:04:09 ip-172-31-18-75 dhclient[3048]: XMT: Solicit on eth0, interval 16440ms.
Mar 15 12:04:26 ip-172-31-18-75 dhclient[3048]: XMT: Solicit on eth0, interval 34280ms.
Mar 15 12:05:00 ip-172-31-18-75 dhclient[3048]: XMT: Solicit on eth0, interval 67930ms.
Mar 15 12:05:10 ip-172-31-18-75 yum[3516]: Updated: langtable-0.0.31-4.amzn2.noarch
Mar 15 12:05:10 ip-172-31-18-75 yum[3516]: Updated: langtable-data-0.0.31-4.amzn2.noarch
Mar 15 12:05:10 ip-172-31-18-75 yum[3516]: Updated: langtable-python-0.0.31-4.amzn2.noarch
Mar 15 12:05:11 ip-172-31-18-75 yum[3516]: Updated: libfastjson-0.99.4-3.amzn2.x86_64
Mar 15 12:05:11 ip-172-31-18-75 yum[3516]: Updated: libtirpc-0.2.4-0.16.amzn2.x86_64
Mar 15 12:05:11 ip-172-31-18-75 yum[3516]: Updated: gnupg2-2.0.22-5.amzn2.0.4.x86_64
Mar 15 12:05:11 ip-172-31-18-75 systemd: Stopping Dynamically Generate Message Of The Day...
Mar 15 12:05:11 ip-172-31-18-75 systemd: Starting Dynamically Generate Message Of The Day...
Mar 15 12:05:14 ip-172-31-18-75 systemd: Started Dynamically Generate Message Of The Day.
Mar 15 12:05:33 ip-172-31-18-75 yum[3561]: Installed: libICE-1.0.9-9.amzn2.0.2.x86_64
Mar 15 12:05:33 ip-172-31-18-75 yum[3561]: Installed: libSM-1.2.2-2.amzn2.0.2.x86_64
Mar 15 12:05:33 ip-172-31-18-75 yum[3561]: Installed: fontpackages-filesystem-1.44-8.amzn2.noarch
Mar 15 12:05:33 ip-172-31-18-75 yum[3561]: Installed: dejavu-fonts-common-2.33-6.amzn2.noarch
Mar 15 12:05:33 ip-172-31-18-75 yum[3561]: Installed: dejavu-serif-fonts-2.33-6.amzn2.noarch
Mar 15 12:05:33 ip-172-31-18-75 yum[3561]: Installed: libxslt-1.1.28-5.amzn2.0.2.x86_64
Mar 15 12:05:33 ip-172-31-18-75 yum[3561]: Installed: python-lxml-3.2.1-4.amzn2.0.2.x86_64
Mar 15 12:05:33 ip-172-31-18-75 yum[3561]: Installed: python-javapackages-3.4.1-11.amzn2.noarch
Mar 15 12:05:33 ip-172-31-18-75 yum[3561]: Installed: javapackages-tools-3.4.1-11.amzn2.noarch
Mar 15 12:05:34 ip-172-31-18-75 yum[3561]: Installed: fontconfig-2.10.95-11.amzn2.0.2.x86_64
Mar 15 12:05:52 ip-172-31-18-75 yum[3561]: Installed: 1:java-11-amazon-corretto-headless-11.0.6+10-1.amzn2.x86_64
Mar 15 12:05:53 ip-172-31-18-75 yum[3561]: Installed: dejavu-sans-mono-fonts-2.33-6.amzn2.noarch
Mar 15 12:05:55 ip-172-31-18-75 yum[3561]: Installed: dejavu-sans-fonts-2.33-6.amzn2.noarch
Mar 15 12:05:55 ip-172-31-18-75 yum[3561]: Installed: alsa-lib-1.1.4.1-2.amzn2.x86_64
Mar 15 12:05:55 ip-172-31-18-75 yum[3561]: Installed: libXau-1.0.8-2.1.amzn2.0.2.x86_64
Mar 15 12:05:55 ip-172-31-18-75 yum[3561]: Installed: libxcb-1.12-1.amzn2.0.2.x86_64
Mar 15 12:05:55 ip-172-31-18-75 yum[3561]: Installed: 2:libpng-1.5.13-7.amzn2.0.2.x86_64
Mar 15 12:05:55 ip-172-31-18-75 yum[3561]: Installed: libX11-common-1.6.5-2.amzn2.0.2.noarch
Mar 15 12:05:55 ip-172-31-18-75 yum[3561]: Installed: libX11-1.6.5-2.amzn2.0.2.x86_64
Mar 15 12:05:55 ip-172-31-18-75 yum[3561]: Installed: libXext-1.3.3-3.amzn2.0.2.x86_64
Mar 15 12:05:55 ip-172-31-18-75 yum[3561]: Installed: libXi-1.7.9-1.amzn2.0.2.x86_64
Mar 15 12:05:55 ip-172-31-18-75 yum[3561]: Installed: libXrender-0.9.10-1.amzn2.0.2.x86_64
Mar 15 12:05:55 ip-172-31-18-75 yum[3561]: Installed: libXrandr-1.5.1-2.amzn2.0.2.x86_64
Mar 15 12:05:55 ip-172-31-18-75 yum[3561]: Installed: libXtst-1.2.3-1.amzn2.0.2.x86_64
Mar 15 12:05:55 ip-172-31-18-75 yum[3561]: Installed: libXinerama-1.1.3-2.1.amzn2.0.2.x86_64
Mar 15 12:05:55 ip-172-31-18-75 yum[3561]: Installed: libXt-1.1.5-3.amzn2.0.2.x86_64
Mar 15 12:05:55 ip-172-31-18-75 yum[3561]: Installed: giflib-4.1.6-9.amzn2.0.2.x86_64
Mar 15 12:05:55 ip-172-31-18-75 yum[3561]: Installed: 1:java-11-amazon-corretto-11.0.6+10-1.amzn2.x86_64
Mar 15 12:05:55 ip-172-31-18-75 systemd: Stopping Dynamically Generate Message Of The Day...
Mar 15 12:05:55 ip-172-31-18-75 systemd: Starting Dynamically Generate Message Of The Day...
Mar 15 12:05:59 ip-172-31-18-75 systemd: Started Dynamically Generate Message Of The Day.
Mar 15 12:06:08 ip-172-31-18-75 dhclient[3048]: XMT: Solicit on eth0, interval 121660ms.
Mar 15 12:06:31 ip-172-31-18-75 jenkins.installer: No previous config file /etc/sysconfig/jenkins found
Mar 15 12:06:32 ip-172-31-18-75 systemd: Reloading.
Mar 15 12:06:32 ip-172-31-18-75 jenkins.installer: Checking /var/cache/jenkins ownership
Mar 15 12:06:32 ip-172-31-18-75 jenkins.installer: No chown needed for /var/cache/jenkins
Mar 15 12:06:32 ip-172-31-18-75 jenkins.installer: Checking /var/log/jenkins ownership
Mar 15 12:06:32 ip-172-31-18-75 jenkins.installer: No chown needed for /var/log/jenkins
Mar 15 12:06:32 ip-172-31-18-75 jenkins.installer: Checking /var/lib/jenkins ownership
Mar 15 12:06:32 ip-172-31-18-75 jenkins.installer: No chown needed for /var/lib/jenkins
Mar 15 12:06:32 ip-172-31-18-75 yum[3632]: Installed: jenkins-2.204.5-1.1.noarch
Mar 15 12:06:32 ip-172-31-18-75 systemd: Stopping Dynamically Generate Message Of The Day...
Mar 15 12:06:32 ip-172-31-18-75 systemd: Starting Dynamically Generate Message Of The Day...
Mar 15 12:06:36 ip-172-31-18-75 systemd: Started Dynamically Generate Message Of The Day.
Mar 15 12:06:45 ip-172-31-18-75 systemd: Starting LSB: Jenkins Automation Server...
Mar 15 12:06:47 ip-172-31-18-75 jenkins: Starting Jenkins [  OK  ]
Mar 15 12:06:47 ip-172-31-18-75 systemd: Started LSB: Jenkins Automation Server.
Mar 15 12:08:10 ip-172-31-18-75 dhclient[3048]: XMT: Solicit on eth0, interval 124610ms.
Mar 15 12:08:55 ip-172-31-18-75 amazon-ssm-agent: 2020-03-15 12:08:55 INFO Backing off health check to every 600 seconds for 1800 seconds.
Mar 15 12:08:55 ip-172-31-18-75 amazon-ssm-agent: 2020-03-15 12:08:55 ERROR Health ping failed with error - EC2RoleRequestError: no EC2 instance role found
Mar 15 12:08:55 ip-172-31-18-75 amazon-ssm-agent: caused by: EC2MetadataError: failed to make EC2Metadata request
Mar 15 12:08:55 ip-172-31-18-75 amazon-ssm-agent: caused by: <?xml version="1.0" encoding="iso-8859-1"?>
Mar 15 12:08:55 ip-172-31-18-75 amazon-ssm-agent: <!DOCTYPE html PUBLIC "-//W3C//DTD XHTML 1.0 Transitional//EN"
Mar 15 12:08:55 ip-172-31-18-75 amazon-ssm-agent: "http://www.w3.org/TR/xhtml1/DTD/xhtml1-transitional.dtd">
Mar 15 12:08:55 ip-172-31-18-75 amazon-ssm-agent: <html xmlns="http://www.w3.org/1999/xhtml" xml:lang="en" lang="en">
Mar 15 12:08:55 ip-172-31-18-75 amazon-ssm-agent: <head>
Mar 15 12:08:55 ip-172-31-18-75 amazon-ssm-agent: <title>404 - Not Found</title>
Mar 15 12:08:55 ip-172-31-18-75 amazon-ssm-agent: </head>
Mar 15 12:08:55 ip-172-31-18-75 amazon-ssm-agent: <body>
Mar 15 12:08:55 ip-172-31-18-75 amazon-ssm-agent: <h1>404 - Not Found</h1>
Mar 15 12:08:55 ip-172-31-18-75 amazon-ssm-agent: </body>
Mar 15 12:08:55 ip-172-31-18-75 amazon-ssm-agent: </html>
Mar 15 12:10:01 ip-172-31-18-75 systemd: Created slice User Slice of root.
Mar 15 12:10:01 ip-172-31-18-75 systemd: Starting User Slice of root.
Mar 15 12:10:01 ip-172-31-18-75 systemd: Started Session 2 of user root.
Mar 15 12:10:01 ip-172-31-18-75 systemd: Starting Session 2 of user root.
Mar 15 12:10:01 ip-172-31-18-75 systemd: Removed slice User Slice of root.
Mar 15 12:10:01 ip-172-31-18-75 systemd: Stopping User Slice of root.
Mar 15 12:10:14 ip-172-31-18-75 dhclient[3048]: XMT: Solicit on eth0, interval 122010ms.
Mar 15 12:12:16 ip-172-31-18-75 dhclient[3048]: XMT: Solicit on eth0, interval 131310ms.
Mar 15 12:14:28 ip-172-31-18-75 dhclient[3048]: XMT: Solicit on eth0, interval 125470ms.
Mar 15 12:16:33 ip-172-31-18-75 dhclient[3048]: XMT: Solicit on eth0, interval 122240ms.
Mar 15 12:18:36 ip-172-31-18-75 dhclient[3048]: XMT: Solicit on eth0, interval 122500ms.
Mar 15 12:19:22 ip-172-31-18-75 systemd: Starting Cleanup of Temporary Directories...
Mar 15 12:19:22 ip-172-31-18-75 systemd: Started Cleanup of Temporary Directories.
Mar 15 12:20:01 ip-172-31-18-75 systemd: Created slice User Slice of root.
Mar 15 12:20:01 ip-172-31-18-75 systemd: Starting User Slice of root.
Mar 15 12:20:01 ip-172-31-18-75 systemd: Started Session 3 of user root.
Mar 15 12:20:01 ip-172-31-18-75 systemd: Starting Session 3 of user root.
Mar 15 12:20:01 ip-172-31-18-75 systemd: Removed slice User Slice of root.
Mar 15 12:20:01 ip-172-31-18-75 systemd: Stopping User Slice of root.
Mar 15 12:20:38 ip-172-31-18-75 dhclient[3048]: XMT: Solicit on eth0, interval 117400ms.
Mar 15 12:22:36 ip-172-31-18-75 dhclient[3048]: XMT: Solicit on eth0, interval 126710ms.
Mar 15 12:24:43 ip-172-31-18-75 dhclient[3048]: XMT: Solicit on eth0, interval 126610ms.
Mar 15 12:26:49 ip-172-31-18-75 dhclient[3048]: XMT: Solicit on eth0, interval 121740ms.
Mar 15 12:28:51 ip-172-31-18-75 dhclient[3048]: XMT: Solicit on eth0, interval 115910ms.
Mar 15 12:29:08 ip-172-31-18-75 systemd: Started Session 4 of user ec2-user.
Mar 15 12:29:08 ip-172-31-18-75 systemd-logind: New session 4 of user ec2-user.
Mar 15 12:29:08 ip-172-31-18-75 systemd: Starting Session 4 of user ec2-user.
Mar 15 12:29:11 ip-172-31-18-75 su: (to root) ec2-user on pts/1
Mar 15 12:30:01 ip-172-31-18-75 systemd: Created slice User Slice of root.
Mar 15 12:30:01 ip-172-31-18-75 systemd: Starting User Slice of root.
Mar 15 12:30:01 ip-172-31-18-75 systemd: Started Session 5 of user root.
Mar 15 12:30:01 ip-172-31-18-75 systemd: Starting Session 5 of user root.
Mar 15 12:30:01 ip-172-31-18-75 systemd: Removed slice User Slice of root.
Mar 15 12:30:01 ip-172-31-18-75 systemd: Stopping User Slice of root.
Mar 15 12:30:27 ip-172-31-18-75 dhclient[2918]: DHCPREQUEST on eth0 to 172.31.16.1 port 67 (xid=0x295ef19)
Mar 15 12:30:27 ip-172-31-18-75 dhclient[2918]: DHCPACK from 172.31.16.1 (xid=0x295ef19)
Mar 15 12:30:27 ip-172-31-18-75 dhclient[2918]: bound to 172.31.18.75 -- renewal in 1742 seconds.
Mar 15 12:30:27 ip-172-31-18-75 ec2net: [get_meta] Getting token for IMDSv2
Mar 15 12:30:27 ip-172-31-18-75 ec2net: [get_meta] Trying to get http://169.254.169.254/latest/meta-data/network/interfaces/macs/02:39:17:2f:ed:2e/local-ipv4s
Mar 15 12:30:27 ip-172-31-18-75 ec2net: [rewrite_aliases] Rewriting aliases of eth0
Mar 15 12:30:47 ip-172-31-18-75 dhclient[3048]: XMT: Solicit on eth0, interval 111980ms.
Mar 15 12:31:16 ip-172-31-18-75 su: (to jenkins) ec2-user on pts/1
Mar 15 12:31:25 ip-172-31-18-75 su: (to jenkins) ec2-user on pts/1
Mar 15 12:31:33 ip-172-31-18-75 su: (to root) ec2-user on pts/1
Mar 15 12:31:43 ip-172-31-18-75 su: (to jenkins) ec2-user on pts/1
Mar 15 12:32:27 ip-172-31-18-75 systemd: Stopping LSB: Jenkins Automation Server...
Mar 15 12:32:28 ip-172-31-18-75 jenkins: Shutting down Jenkins [  OK  ]
Mar 15 12:32:28 ip-172-31-18-75 systemd: Stopped LSB: Jenkins Automation Server.
Mar 15 12:32:39 ip-172-31-18-75 dhclient[3048]: XMT: Solicit on eth0, interval 123350ms.
Mar 15 12:33:37 ip-172-31-18-75 su: (to jenkins) ec2-user on pts/1
Mar 15 12:34:11 ip-172-31-18-75 yum[4226]: Installed: git-core-2.23.1-1.amzn2.0.1.x86_64
Mar 15 12:34:11 ip-172-31-18-75 yum[4226]: Installed: git-core-doc-2.23.1-1.amzn2.0.1.noarch
Mar 15 12:34:12 ip-172-31-18-75 yum[4226]: Installed: libsecret-0.18.5-2.amzn2.0.2.x86_64
Mar 15 12:34:12 ip-172-31-18-75 yum[4226]: Installed: 1:perl-Error-0.17020-2.amzn2.noarch
Mar 15 12:34:12 ip-172-31-18-75 yum[4226]: Installed: perl-TermReadKey-2.30-20.amzn2.0.2.x86_64
Mar 15 12:34:12 ip-172-31-18-75 yum[4226]: Installed: 1:emacs-filesystem-25.3-3.amzn2.0.1.noarch
Mar 15 12:34:12 ip-172-31-18-75 yum[4226]: Installed: perl-Git-2.23.1-1.amzn2.0.1.noarch
Mar 15 12:34:12 ip-172-31-18-75 yum[4226]: Installed: git-2.23.1-1.amzn2.0.1.x86_64
Mar 15 12:34:12 ip-172-31-18-75 yum[4226]: Installed: 1:telnet-0.17-64.amzn2.0.1.x86_64
Mar 15 12:34:12 ip-172-31-18-75 systemd: Stopping Dynamically Generate Message Of The Day...
Mar 15 12:34:12 ip-172-31-18-75 systemd: Starting Dynamically Generate Message Of The Day...
Mar 15 12:34:15 ip-172-31-18-75 systemd: Started Dynamically Generate Message Of The Day.
Mar 15 12:34:42 ip-172-31-18-75 dhclient[3048]: XMT: Solicit on eth0, interval 109610ms.
Mar 15 12:35:02 ip-172-31-18-75 systemd: Starting LSB: Jenkins Automation Server...
Mar 15 12:35:03 ip-172-31-18-75 jenkins: Starting Jenkins [  OK  ]
Mar 15 12:35:03 ip-172-31-18-75 systemd: Started LSB: Jenkins Automation Server.
Mar 15 12:35:28 ip-172-31-18-75 systemd: Stopping LSB: Jenkins Automation Server...
Mar 15 12:35:28 ip-172-31-18-75 jenkins: Shutting down Jenkins [FAILED]
Mar 15 12:35:28 ip-172-31-18-75 systemd: Stopped LSB: Jenkins Automation Server.
Mar 15 12:35:33 ip-172-31-18-75 systemd: Starting LSB: Jenkins Automation Server...
Mar 15 12:35:34 ip-172-31-18-75 jenkins: Starting Jenkins [  OK  ]
Mar 15 12:35:34 ip-172-31-18-75 systemd: Started LSB: Jenkins Automation Server.
Mar 15 12:35:46 ip-172-31-18-75 su: (to jenkins) ec2-user on pts/1
Mar 15 12:36:32 ip-172-31-18-75 dhclient[3048]: XMT: Solicit on eth0, interval 114790ms.
Mar 15 12:38:05 ip-172-31-18-75 su: (to jenkins) ec2-user on pts/1
Mar 15 12:38:16 ip-172-31-18-75 systemd: Stopping LSB: Jenkins Automation Server...
Mar 15 12:38:16 ip-172-31-18-75 jenkins: Shutting down Jenkins [FAILED]
Mar 15 12:38:16 ip-172-31-18-75 systemd: Stopped LSB: Jenkins Automation Server.
Mar 15 12:38:16 ip-172-31-18-75 systemd: Starting LSB: Jenkins Automation Server...
Mar 15 12:38:17 ip-172-31-18-75 jenkins: Starting Jenkins [  OK  ]
Mar 15 12:38:17 ip-172-31-18-75 systemd: Started LSB: Jenkins Automation Server.
Mar 15 12:38:27 ip-172-31-18-75 dhclient[3048]: XMT: Solicit on eth0, interval 127900ms.
Mar 15 12:38:55 ip-172-31-18-75 amazon-ssm-agent: 2020-03-15 12:38:55 INFO Backing off health check to every 1200 seconds for 3600 seconds.
Mar 15 12:38:55 ip-172-31-18-75 amazon-ssm-agent: 2020-03-15 12:38:55 ERROR Health ping failed with error - EC2RoleRequestError: no EC2 instance role found
Mar 15 12:38:55 ip-172-31-18-75 amazon-ssm-agent: caused by: EC2MetadataError: failed to make EC2Metadata request
Mar 15 12:38:55 ip-172-31-18-75 amazon-ssm-agent: caused by: <?xml version="1.0" encoding="iso-8859-1"?>
Mar 15 12:38:55 ip-172-31-18-75 amazon-ssm-agent: <!DOCTYPE html PUBLIC "-//W3C//DTD XHTML 1.0 Transitional//EN"
Mar 15 12:38:55 ip-172-31-18-75 amazon-ssm-agent: "http://www.w3.org/TR/xhtml1/DTD/xhtml1-transitional.dtd">
Mar 15 12:38:55 ip-172-31-18-75 amazon-ssm-agent: <html xmlns="http://www.w3.org/1999/xhtml" xml:lang="en" lang="en">
Mar 15 12:38:55 ip-172-31-18-75 amazon-ssm-agent: <head>
Mar 15 12:38:55 ip-172-31-18-75 amazon-ssm-agent: <title>404 - Not Found</title>
Mar 15 12:38:55 ip-172-31-18-75 amazon-ssm-agent: </head>
Mar 15 12:38:55 ip-172-31-18-75 amazon-ssm-agent: <body>
Mar 15 12:38:55 ip-172-31-18-75 amazon-ssm-agent: <h1>404 - Not Found</h1>
Mar 15 12:38:55 ip-172-31-18-75 amazon-ssm-agent: </body>
Mar 15 12:38:55 ip-172-31-18-75 amazon-ssm-agent: </html>
Mar 15 12:40:01 ip-172-31-18-75 systemd: Created slice User Slice of root.
Mar 15 12:40:01 ip-172-31-18-75 systemd: Starting User Slice of root.
Mar 15 12:40:01 ip-172-31-18-75 systemd: Started Session 6 of user root.
Mar 15 12:40:01 ip-172-31-18-75 systemd: Starting Session 6 of user root.
Mar 15 12:40:01 ip-172-31-18-75 systemd: Removed slice User Slice of root.
Mar 15 12:40:01 ip-172-31-18-75 systemd: Stopping User Slice of root.
Mar 15 12:40:35 ip-172-31-18-75 dhclient[3048]: XMT: Solicit on eth0, interval 123550ms.
Mar 15 12:41:08 ip-172-31-18-75 systemd: Stopping LSB: Jenkins Automation Server...
Mar 15 12:41:08 ip-172-31-18-75 jenkins: Shutting down Jenkins [FAILED]
Mar 15 12:41:08 ip-172-31-18-75 systemd: Stopped LSB: Jenkins Automation Server.
Mar 15 12:41:08 ip-172-31-18-75 systemd: Starting LSB: Jenkins Automation Server...
Mar 15 12:41:09 ip-172-31-18-75 jenkins: Starting Jenkins [  OK  ]
Mar 15 12:41:09 ip-172-31-18-75 systemd: Started LSB: Jenkins Automation Server.
Mar 15 12:42:17 ip-172-31-18-75 su: (to jenkins) ec2-user on pts/1
Mar 15 12:42:38 ip-172-31-18-75 dhclient[3048]: XMT: Solicit on eth0, interval 127760ms.
Mar 15 12:44:24 ip-172-31-18-75 systemd: Created slice User Slice of root.
Mar 15 12:44:24 ip-172-31-18-75 systemd: Starting User Slice of root.
Mar 15 12:44:24 ip-172-31-18-75 systemd: Started Session c1 of user root.
Mar 15 12:44:24 ip-172-31-18-75 systemd: Starting Session c1 of user root.
Mar 15 12:44:24 ip-172-31-18-75 systemd: Removed slice User Slice of root.
Mar 15 12:44:24 ip-172-31-18-75 systemd: Stopping User Slice of root.
Mar 15 12:44:46 ip-172-31-18-75 dhclient[3048]: XMT: Solicit on eth0, interval 116450ms.
Mar 15 12:45:20 ip-172-31-18-75 systemd: Created slice User Slice of root.
Mar 15 12:45:20 ip-172-31-18-75 systemd: Starting User Slice of root.
Mar 15 12:45:20 ip-172-31-18-75 systemd: Started Session c2 of user root.
Mar 15 12:45:20 ip-172-31-18-75 systemd: Starting Session c2 of user root.
Mar 15 12:45:20 ip-172-31-18-75 systemd: Removed slice User Slice of root.
Mar 15 12:45:20 ip-172-31-18-75 systemd: Stopping User Slice of root.
Mar 15 12:45:20 ip-172-31-18-75 systemd: Created slice User Slice of root.
Mar 15 12:45:20 ip-172-31-18-75 systemd: Starting User Slice of root.
Mar 15 12:45:20 ip-172-31-18-75 systemd: Started Session c3 of user root.
Mar 15 12:45:20 ip-172-31-18-75 systemd: Starting Session c3 of user root.
Mar 15 12:45:20 ip-172-31-18-75 systemd: Removed slice User Slice of root.
Mar 15 12:45:20 ip-172-31-18-75 systemd: Stopping User Slice of root.
Mar 15 12:46:43 ip-172-31-18-75 dhclient[3048]: XMT: Solicit on eth0, interval 121990ms.
Mar 15 12:48:45 ip-172-31-18-75 dhclient[3048]: XMT: Solicit on eth0, interval 124630ms.
Mar 15 12:50:01 ip-172-31-18-75 systemd: Created slice User Slice of root.
Mar 15 12:50:01 ip-172-31-18-75 systemd: Starting User Slice of root.
Mar 15 12:50:01 ip-172-31-18-75 systemd: Started Session 7 of user root.
Mar 15 12:50:01 ip-172-31-18-75 systemd: Starting Session 7 of user root.
Mar 15 12:50:01 ip-172-31-18-75 systemd: Removed slice User Slice of root.
Mar 15 12:50:01 ip-172-31-18-75 systemd: Stopping User Slice of root.
Mar 15 12:50:50 ip-172-31-18-75 dhclient[3048]: XMT: Solicit on eth0, interval 122950ms.
Mar 15 12:52:53 ip-172-31-18-75 dhclient[3048]: XMT: Solicit on eth0, interval 125780ms.
Mar 15 12:52:55 ip-172-31-18-75 systemd: Created slice User Slice of root.
Mar 15 12:52:55 ip-172-31-18-75 systemd: Starting User Slice of root.
Mar 15 12:52:55 ip-172-31-18-75 systemd: Started Session c4 of user root.
Mar 15 12:52:55 ip-172-31-18-75 systemd: Starting Session c4 of user root.
Mar 15 12:52:55 ip-172-31-18-75 systemd: Removed slice User Slice of root.
Mar 15 12:52:55 ip-172-31-18-75 systemd: Stopping User Slice of root.
Mar 15 12:52:55 ip-172-31-18-75 systemd: Created slice User Slice of root.
Mar 15 12:52:55 ip-172-31-18-75 systemd: Starting User Slice of root.
Mar 15 12:52:55 ip-172-31-18-75 systemd: Started Session c5 of user root.
Mar 15 12:52:55 ip-172-31-18-75 systemd: Starting Session c5 of user root.
Mar 15 12:52:55 ip-172-31-18-75 systemd: Removed slice User Slice of root.
Mar 15 12:52:55 ip-172-31-18-75 systemd: Stopping User Slice of root.
Mar 15 12:52:55 ip-172-31-18-75 systemd: Created slice User Slice of root.
Mar 15 12:52:55 ip-172-31-18-75 systemd: Starting User Slice of root.
Mar 15 12:52:55 ip-172-31-18-75 systemd: Started Session c6 of user root.
Mar 15 12:52:55 ip-172-31-18-75 systemd: Starting Session c6 of user root.
Mar 15 12:52:55 ip-172-31-18-75 systemd: Removed slice User Slice of root.
Mar 15 12:52:55 ip-172-31-18-75 systemd: Stopping User Slice of root.
Mar 15 12:54:58 ip-172-31-18-75 dhclient[3048]: XMT: Solicit on eth0, interval 114020ms.
Mar 15 12:56:53 ip-172-31-18-75 dhclient[3048]: XMT: Solicit on eth0, interval 110530ms.
Mar 15 12:58:43 ip-172-31-18-75 dhclient[3048]: XMT: Solicit on eth0, interval 117090ms.
Mar 15 12:59:30 ip-172-31-18-75 dhclient[2918]: DHCPREQUEST on eth0 to 172.31.16.1 port 67 (xid=0x295ef19)
Mar 15 12:59:30 ip-172-31-18-75 dhclient[2918]: DHCPACK from 172.31.16.1 (xid=0x295ef19)
Mar 15 12:59:30 ip-172-31-18-75 dhclient[2918]: bound to 172.31.18.75 -- renewal in 1353 seconds.
Mar 15 12:59:30 ip-172-31-18-75 ec2net: [get_meta] Getting token for IMDSv2
Mar 15 12:59:30 ip-172-31-18-75 ec2net: [get_meta] Trying to get http://169.254.169.254/latest/meta-data/network/interfaces/macs/02:39:17:2f:ed:2e/local-ipv4s
Mar 15 12:59:30 ip-172-31-18-75 ec2net: [rewrite_aliases] Rewriting aliases of eth0
Mar 15 13:00:01 ip-172-31-18-75 systemd: Created slice User Slice of root.
Mar 15 13:00:01 ip-172-31-18-75 systemd: Starting User Slice of root.
Mar 15 13:00:01 ip-172-31-18-75 systemd: Started Session 8 of user root.
Mar 15 13:00:01 ip-172-31-18-75 systemd: Starting Session 8 of user root.
Mar 15 13:00:01 ip-172-31-18-75 systemd: Removed slice User Slice of root.
Mar 15 13:00:01 ip-172-31-18-75 systemd: Stopping User Slice of root.
Mar 15 13:00:40 ip-172-31-18-75 dhclient[3048]: XMT: Solicit on eth0, interval 109930ms.
Mar 15 13:01:01 ip-172-31-18-75 systemd: Created slice User Slice of root.
Mar 15 13:01:01 ip-172-31-18-75 systemd: Starting User Slice of root.
Mar 15 13:01:01 ip-172-31-18-75 systemd: Started Session 9 of user root.
Mar 15 13:01:01 ip-172-31-18-75 systemd: Starting Session 9 of user root.
Mar 15 13:02:30 ip-172-31-18-75 dhclient[3048]: XMT: Solicit on eth0, interval 109070ms.
Mar 15 13:04:19 ip-172-31-18-75 dhclient[3048]: XMT: Solicit on eth0, interval 127100ms.
Mar 15 13:05:12 ip-172-31-18-75 systemd: Started Session c7 of user root.
Mar 15 13:05:12 ip-172-31-18-75 systemd: Starting Session c7 of user root.
Finished: SUCCESS
