Started by user [8mha:////4Fk1k7e+48rHXUzmlNpYSU0RU1syiePVtwyB//KweiJrAAAAmR+LCAAAAAAAAP9b85aBtbiIQTGjNKU4P08vOT+vOD8nVc83PyU1x6OyILUoJzMv2y+/JJUBAhiZGBgqihhk0NSjKDWzXb3RdlLBUSYGJk8GtpzUvPSSDB8G5tKinBIGIZ+sxLJE/ZzEvHT94JKizLx0a6BxUmjGOUNodHsLgAz2EgZe/dLi1CL9rNS87My8YgDGtiJjwgAAAA==[0mjenkins
Building in workspace /var/lib/jenkins/workspace/LogviewerJob1
[LogviewerJob1] $ /bin/sh -xe /tmp/jenkins496400993552043751.sh
+ sudo cat /var/log/messages
Dec  9 12:45:02 ip-10-0-1-162 rsyslogd: [origin software="rsyslogd" swVersion="8.24.0" x-pid="3234" x-info="http://www.rsyslog.com"] rsyslogd was HUPed
Dec  9 12:45:03 ip-10-0-1-162 systemd: Removed slice User Slice of root.
Dec  9 12:45:03 ip-10-0-1-162 systemd: Stopping User Slice of root.
Dec  9 12:45:31 ip-10-0-1-162 dhclient[3011]: XMT: Solicit on eth0, interval 124810ms.
Dec  9 12:47:35 ip-10-0-1-162 dhclient[3011]: XMT: Solicit on eth0, interval 116640ms.
Dec  9 12:49:32 ip-10-0-1-162 dhclient[3011]: XMT: Solicit on eth0, interval 121410ms.
Dec  9 12:50:01 ip-10-0-1-162 systemd: Created slice User Slice of root.
Dec  9 12:50:01 ip-10-0-1-162 systemd: Starting User Slice of root.
Dec  9 12:50:01 ip-10-0-1-162 systemd: Started Session 14 of user root.
Dec  9 12:50:01 ip-10-0-1-162 systemd: Starting Session 14 of user root.
Dec  9 12:50:01 ip-10-0-1-162 systemd: Removed slice User Slice of root.
Dec  9 12:50:01 ip-10-0-1-162 systemd: Stopping User Slice of root.
Dec  9 12:51:33 ip-10-0-1-162 amazon-ssm-agent: 2018-12-09 12:51:33 INFO Backing off health check to every 2400 seconds for 7200 seconds.
Dec  9 12:51:33 ip-10-0-1-162 amazon-ssm-agent: 2018-12-09 12:51:33 ERROR Health ping failed with error - NoCredentialProviders: no valid providers in chain. Deprecated.
Dec  9 12:51:33 ip-10-0-1-162 amazon-ssm-agent: For verbose messaging see aws.Config.CredentialsChainVerboseErrors
Dec  9 12:51:34 ip-10-0-1-162 dhclient[3011]: XMT: Solicit on eth0, interval 125270ms.
Dec  9 12:52:03 ip-10-0-1-162 systemd: Started Session 15 of user ec2-user.
Dec  9 12:52:03 ip-10-0-1-162 systemd-logind: New session 15 of user ec2-user.
Dec  9 12:52:03 ip-10-0-1-162 systemd: Starting Session 15 of user ec2-user.
Dec  9 12:52:06 ip-10-0-1-162 su: (to root) ec2-user on pts/3
Dec  9 12:52:13 ip-10-0-1-162 su: (to ansadm) ec2-user on pts/3
Dec  9 12:53:39 ip-10-0-1-162 dhclient[3011]: XMT: Solicit on eth0, interval 109240ms.
Dec  9 12:54:14 ip-10-0-1-162 systemd: Created slice User Slice of ansadm.
Dec  9 12:54:14 ip-10-0-1-162 systemd: Starting User Slice of ansadm.
Dec  9 12:54:14 ip-10-0-1-162 systemd-logind: New session 16 of user ansadm.
Dec  9 12:54:14 ip-10-0-1-162 systemd: Started Session 16 of user ansadm.
Dec  9 12:54:14 ip-10-0-1-162 systemd: Starting Session 16 of user ansadm.
Dec  9 12:54:14 ip-10-0-1-162 systemd-logind: New session 17 of user ansadm.
Dec  9 12:54:14 ip-10-0-1-162 systemd: Started Session 17 of user ansadm.
Dec  9 12:54:14 ip-10-0-1-162 systemd: Starting Session 17 of user ansadm.
Dec  9 12:54:14 ip-10-0-1-162 ansible-setup: Invoked with filter=* gather_subset=['all'] fact_path=/etc/ansible/facts.d gather_timeout=10
Dec  9 12:54:14 ip-10-0-1-162 ansible-setup: Invoked with filter=* gather_subset=['all'] fact_path=/etc/ansible/facts.d gather_timeout=10
Dec  9 12:54:16 ip-10-0-1-162 ansible-yum: Invoked with allow_downgrade=False name=['httpd'] list=None install_repoquery=True conf_file=None disable_gpg_check=False state=present disablerepo=None update_cache=False enablerepo=None exclude=None security=False validate_certs=True installroot=/ skip_broken=False
Dec  9 12:54:16 ip-10-0-1-162 ansible-yum: Invoked with allow_downgrade=False name=['httpd'] list=None install_repoquery=True conf_file=None disable_gpg_check=False state=present disablerepo=None update_cache=False enablerepo=None exclude=None security=False validate_certs=True installroot=/ skip_broken=False
Dec  9 12:54:19 ip-10-0-1-162 ansible-systemd: Invoked with no_block=False name=httpd enabled=None daemon_reload=False state=started user=False masked=None
Dec  9 12:54:19 ip-10-0-1-162 ansible-systemd: Invoked with no_block=False name=httpd enabled=None daemon_reload=False state=started user=False masked=None
Dec  9 12:55:19 ip-10-0-1-162 systemd-logind: Removed session 16.
Dec  9 12:55:19 ip-10-0-1-162 systemd-logind: Removed session 17.
Dec  9 12:55:19 ip-10-0-1-162 systemd: Removed slice User Slice of ansadm.
Dec  9 12:55:19 ip-10-0-1-162 systemd: Stopping User Slice of ansadm.
Dec  9 12:55:28 ip-10-0-1-162 dhclient[3011]: XMT: Solicit on eth0, interval 108570ms.
Dec  9 12:57:17 ip-10-0-1-162 dhclient[3011]: XMT: Solicit on eth0, interval 117790ms.
Dec  9 12:59:15 ip-10-0-1-162 dhclient[3011]: XMT: Solicit on eth0, interval 121450ms.
Dec  9 12:59:30 ip-10-0-1-162 systemd: Created slice User Slice of ansadm.
Dec  9 12:59:30 ip-10-0-1-162 systemd: Starting User Slice of ansadm.
Dec  9 12:59:30 ip-10-0-1-162 systemd: Started Session 18 of user ansadm.
Dec  9 12:59:30 ip-10-0-1-162 systemd-logind: New session 18 of user ansadm.
Dec  9 12:59:30 ip-10-0-1-162 systemd: Starting Session 18 of user ansadm.
Dec  9 12:59:30 ip-10-0-1-162 systemd: Started Session 19 of user ansadm.
Dec  9 12:59:30 ip-10-0-1-162 systemd-logind: New session 19 of user ansadm.
Dec  9 12:59:30 ip-10-0-1-162 systemd: Starting Session 19 of user ansadm.
Dec  9 12:59:30 ip-10-0-1-162 ansible-setup: Invoked with filter=* gather_subset=['all'] fact_path=/etc/ansible/facts.d gather_timeout=10
Dec  9 12:59:31 ip-10-0-1-162 ansible-setup: Invoked with filter=* gather_subset=['all'] fact_path=/etc/ansible/facts.d gather_timeout=10
Dec  9 12:59:32 ip-10-0-1-162 ansible-yum: Invoked with allow_downgrade=False name=['httpd'] list=None install_repoquery=True conf_file=None disable_gpg_check=False state=present disablerepo=None update_cache=False enablerepo=None exclude=None security=False validate_certs=True installroot=/ skip_broken=False
Dec  9 12:59:32 ip-10-0-1-162 ansible-yum: Invoked with allow_downgrade=False name=['httpd'] list=None install_repoquery=True conf_file=None disable_gpg_check=False state=present disablerepo=None update_cache=False enablerepo=None exclude=None security=False validate_certs=True installroot=/ skip_broken=False
Dec  9 12:59:35 ip-10-0-1-162 ansible-systemd: Invoked with no_block=False name=httpd enabled=None daemon_reload=False state=started user=False masked=None
Dec  9 12:59:35 ip-10-0-1-162 ansible-systemd: Invoked with no_block=False name=httpd enabled=None daemon_reload=False state=started user=False masked=None
Dec  9 13:00:01 ip-10-0-1-162 systemd: Created slice User Slice of root.
Dec  9 13:00:01 ip-10-0-1-162 systemd: Starting User Slice of root.
Dec  9 13:00:01 ip-10-0-1-162 systemd: Started Session 20 of user root.
Dec  9 13:00:01 ip-10-0-1-162 systemd: Starting Session 20 of user root.
Dec  9 13:00:01 ip-10-0-1-162 systemd: Removed slice User Slice of root.
Dec  9 13:00:01 ip-10-0-1-162 systemd: Stopping User Slice of root.
Dec  9 13:00:32 ip-10-0-1-162 ansible-setup: Invoked with filter=* gather_subset=['all'] fact_path=/etc/ansible/facts.d gather_timeout=10
Dec  9 13:00:33 ip-10-0-1-162 ansible-setup: Invoked with filter=* gather_subset=['all'] fact_path=/etc/ansible/facts.d gather_timeout=10
Dec  9 13:00:34 ip-10-0-1-162 ansible-yum: Invoked with allow_downgrade=False name=['httpd'] list=None install_repoquery=True conf_file=None disable_gpg_check=False state=present disablerepo=None update_cache=False enablerepo=None exclude=None security=False validate_certs=True installroot=/ skip_broken=False
Dec  9 13:00:34 ip-10-0-1-162 ansible-yum: Invoked with allow_downgrade=False name=['httpd'] list=None install_repoquery=True conf_file=None disable_gpg_check=False state=present disablerepo=None update_cache=False enablerepo=None exclude=None security=False validate_certs=True installroot=/ skip_broken=False
Dec  9 13:00:37 ip-10-0-1-162 ansible-systemd: Invoked with no_block=False name=httpd enabled=None daemon_reload=False state=started user=False masked=None
Dec  9 13:00:37 ip-10-0-1-162 ansible-systemd: Invoked with no_block=False name=httpd enabled=None daemon_reload=False state=started user=False masked=None
Dec  9 13:01:01 ip-10-0-1-162 systemd: Created slice User Slice of root.
Dec  9 13:01:01 ip-10-0-1-162 systemd: Starting User Slice of root.
Dec  9 13:01:01 ip-10-0-1-162 systemd: Started Session 21 of user root.
Dec  9 13:01:01 ip-10-0-1-162 systemd: Starting Session 21 of user root.
Dec  9 13:01:01 ip-10-0-1-162 systemd: Removed slice User Slice of root.
Dec  9 13:01:01 ip-10-0-1-162 systemd: Stopping User Slice of root.
Dec  9 13:01:02 ip-10-0-1-162 dhclient[2875]: DHCPREQUEST on eth0 to 10.0.1.1 port 67 (xid=0x68cefa5b)
Dec  9 13:01:02 ip-10-0-1-162 dhclient[2875]: DHCPACK from 10.0.1.1 (xid=0x68cefa5b)
Dec  9 13:01:02 ip-10-0-1-162 dhclient[2875]: bound to 10.0.1.162 -- renewal in 1389 seconds.
Dec  9 13:01:02 ip-10-0-1-162 ec2net: [get_meta] Trying to get http://169.254.169.254/latest/meta-data/network/interfaces/macs/02:2b:22:b4:aa:32/local-ipv4s
Dec  9 13:01:02 ip-10-0-1-162 ec2net: [rewrite_aliases] Rewriting aliases of eth0
Dec  9 13:01:16 ip-10-0-1-162 dhclient[3011]: XMT: Solicit on eth0, interval 117220ms.
Dec  9 13:01:37 ip-10-0-1-162 systemd-logind: Removed session 18.
Dec  9 13:01:37 ip-10-0-1-162 systemd-logind: Removed session 19.
Dec  9 13:01:37 ip-10-0-1-162 systemd: Removed slice User Slice of ansadm.
Dec  9 13:01:37 ip-10-0-1-162 systemd: Stopping User Slice of ansadm.
Dec  9 13:03:14 ip-10-0-1-162 dhclient[3011]: XMT: Solicit on eth0, interval 125730ms.
Dec  9 13:05:20 ip-10-0-1-162 dhclient[3011]: XMT: Solicit on eth0, interval 108300ms.
Dec  9 13:07:08 ip-10-0-1-162 dhclient[3011]: XMT: Solicit on eth0, interval 119470ms.
Dec  9 13:09:01 ip-10-0-1-162 systemd: Started Session 22 of user ec2-user.
Dec  9 13:09:01 ip-10-0-1-162 systemd-logind: New session 22 of user ec2-user.
Dec  9 13:09:01 ip-10-0-1-162 systemd: Starting Session 22 of user ec2-user.
Dec  9 13:09:04 ip-10-0-1-162 su: (to root) ec2-user on pts/4
Dec  9 13:09:08 ip-10-0-1-162 dhclient[3011]: XMT: Solicit on eth0, interval 109360ms.
Dec  9 13:09:08 ip-10-0-1-162 su: (to ansadm) ec2-user on pts/4
Dec  9 13:10:01 ip-10-0-1-162 systemd: Created slice User Slice of root.
Dec  9 13:10:01 ip-10-0-1-162 systemd: Starting User Slice of root.
Dec  9 13:10:01 ip-10-0-1-162 systemd: Started Session 23 of user root.
Dec  9 13:10:01 ip-10-0-1-162 systemd: Starting Session 23 of user root.
Dec  9 13:10:01 ip-10-0-1-162 systemd: Removed slice User Slice of root.
Dec  9 13:10:01 ip-10-0-1-162 systemd: Stopping User Slice of root.
Dec  9 13:10:57 ip-10-0-1-162 dhclient[3011]: XMT: Solicit on eth0, interval 120060ms.
Dec  9 13:12:57 ip-10-0-1-162 dhclient[3011]: XMT: Solicit on eth0, interval 117800ms.
Dec  9 13:14:55 ip-10-0-1-162 dhclient[3011]: XMT: Solicit on eth0, interval 110800ms.
Dec  9 13:16:46 ip-10-0-1-162 dhclient[3011]: XMT: Solicit on eth0, interval 116130ms.
Dec  9 13:16:50 ip-10-0-1-162 systemd-logind: Removed session 7.
Dec  9 13:18:42 ip-10-0-1-162 dhclient[3011]: XMT: Solicit on eth0, interval 117300ms.
Dec  9 13:20:01 ip-10-0-1-162 systemd: Created slice User Slice of root.
Dec  9 13:20:01 ip-10-0-1-162 systemd: Starting User Slice of root.
Dec  9 13:20:01 ip-10-0-1-162 systemd: Started Session 24 of user root.
Dec  9 13:20:01 ip-10-0-1-162 systemd: Starting Session 24 of user root.
Dec  9 13:20:01 ip-10-0-1-162 systemd: Removed slice User Slice of root.
Dec  9 13:20:01 ip-10-0-1-162 systemd: Stopping User Slice of root.
Dec  9 13:20:39 ip-10-0-1-162 dhclient[3011]: XMT: Solicit on eth0, interval 115180ms.
Dec  9 13:22:35 ip-10-0-1-162 dhclient[3011]: XMT: Solicit on eth0, interval 122560ms.
Dec  9 13:24:11 ip-10-0-1-162 dhclient[2875]: DHCPREQUEST on eth0 to 10.0.1.1 port 67 (xid=0x68cefa5b)
Dec  9 13:24:11 ip-10-0-1-162 dhclient[2875]: DHCPACK from 10.0.1.1 (xid=0x68cefa5b)
Dec  9 13:24:11 ip-10-0-1-162 dhclient[2875]: bound to 10.0.1.162 -- renewal in 1606 seconds.
Dec  9 13:24:11 ip-10-0-1-162 ec2net: [get_meta] Trying to get http://169.254.169.254/latest/meta-data/network/interfaces/macs/02:2b:22:b4:aa:32/local-ipv4s
Dec  9 13:24:11 ip-10-0-1-162 ec2net: [rewrite_aliases] Rewriting aliases of eth0
Dec  9 13:24:37 ip-10-0-1-162 dhclient[3011]: XMT: Solicit on eth0, interval 130710ms.
Dec  9 13:25:47 ip-10-0-1-162 systemd: Started Session 25 of user ec2-user.
Dec  9 13:25:47 ip-10-0-1-162 systemd-logind: New session 25 of user ec2-user.
Dec  9 13:25:47 ip-10-0-1-162 systemd: Starting Session 25 of user ec2-user.
Dec  9 13:25:52 ip-10-0-1-162 su: (to root) ec2-user on pts/2
Dec  9 13:26:48 ip-10-0-1-162 dhclient[3011]: XMT: Solicit on eth0, interval 110900ms.
Dec  9 13:28:39 ip-10-0-1-162 dhclient[3011]: XMT: Solicit on eth0, interval 128430ms.
Dec  9 13:30:01 ip-10-0-1-162 systemd: Created slice User Slice of root.
Dec  9 13:30:01 ip-10-0-1-162 systemd: Starting User Slice of root.
Dec  9 13:30:01 ip-10-0-1-162 systemd: Started Session 26 of user root.
Dec  9 13:30:01 ip-10-0-1-162 systemd: Starting Session 26 of user root.
Dec  9 13:30:01 ip-10-0-1-162 systemd: Removed slice User Slice of root.
Dec  9 13:30:01 ip-10-0-1-162 systemd: Stopping User Slice of root.
Dec  9 13:30:48 ip-10-0-1-162 dhclient[3011]: XMT: Solicit on eth0, interval 127260ms.
Dec  9 13:31:26 ip-10-0-1-162 su: (to ansadm) ec2-user on pts/2
Dec  9 13:32:55 ip-10-0-1-162 dhclient[3011]: XMT: Solicit on eth0, interval 116500ms.
Dec  9 13:34:52 ip-10-0-1-162 dhclient[3011]: XMT: Solicit on eth0, interval 116080ms.
Dec  9 13:36:48 ip-10-0-1-162 dhclient[3011]: XMT: Solicit on eth0, interval 111490ms.
Dec  9 13:38:39 ip-10-0-1-162 dhclient[3011]: XMT: Solicit on eth0, interval 120330ms.
Dec  9 13:39:45 ip-10-0-1-162 systemd: Created slice User Slice of ansadm.
Dec  9 13:39:45 ip-10-0-1-162 systemd: Starting User Slice of ansadm.
Dec  9 13:39:45 ip-10-0-1-162 systemd: Started Session 27 of user ansadm.
Dec  9 13:39:45 ip-10-0-1-162 systemd-logind: New session 27 of user ansadm.
Dec  9 13:39:45 ip-10-0-1-162 systemd: Starting Session 27 of user ansadm.
Dec  9 13:39:45 ip-10-0-1-162 systemd-logind: New session 28 of user ansadm.
Dec  9 13:39:45 ip-10-0-1-162 systemd: Started Session 28 of user ansadm.
Dec  9 13:39:45 ip-10-0-1-162 systemd: Starting Session 28 of user ansadm.
Dec  9 13:39:45 ip-10-0-1-162 ansible-setup: Invoked with filter=* gather_subset=['all'] fact_path=/etc/ansible/facts.d gather_timeout=10
Dec  9 13:39:45 ip-10-0-1-162 ansible-setup: Invoked with filter=* gather_subset=['all'] fact_path=/etc/ansible/facts.d gather_timeout=10
Dec  9 13:39:47 ip-10-0-1-162 ansible-yum: Invoked with allow_downgrade=False name=['httpd'] list=None install_repoquery=True conf_file=None disable_gpg_check=False state=present disablerepo=None update_cache=False enablerepo=None exclude=None security=False validate_certs=True installroot=/ skip_broken=False
Dec  9 13:39:47 ip-10-0-1-162 ansible-yum: Invoked with allow_downgrade=False name=['httpd'] list=None install_repoquery=True conf_file=None disable_gpg_check=False state=present disablerepo=None update_cache=False enablerepo=None exclude=None security=False validate_certs=True installroot=/ skip_broken=False
Dec  9 13:39:50 ip-10-0-1-162 ansible-systemd: Invoked with no_block=False name=httpd enabled=None daemon_reload=False state=started user=False masked=None
Dec  9 13:39:50 ip-10-0-1-162 ansible-systemd: Invoked with no_block=False name=httpd enabled=None daemon_reload=False state=started user=False masked=None
Dec  9 13:40:01 ip-10-0-1-162 systemd: Created slice User Slice of root.
Dec  9 13:40:01 ip-10-0-1-162 systemd: Starting User Slice of root.
Dec  9 13:40:01 ip-10-0-1-162 systemd: Started Session 29 of user root.
Dec  9 13:40:01 ip-10-0-1-162 systemd: Starting Session 29 of user root.
Dec  9 13:40:01 ip-10-0-1-162 systemd: Removed slice User Slice of root.
Dec  9 13:40:01 ip-10-0-1-162 systemd: Stopping User Slice of root.
Dec  9 13:40:40 ip-10-0-1-162 dhclient[3011]: XMT: Solicit on eth0, interval 109650ms.
Dec  9 13:40:49 ip-10-0-1-162 ansible-setup: Invoked with filter=* gather_subset=['all'] fact_path=/etc/ansible/facts.d gather_timeout=10
Dec  9 13:40:49 ip-10-0-1-162 ansible-setup: Invoked with filter=* gather_subset=['all'] fact_path=/etc/ansible/facts.d gather_timeout=10
Dec  9 13:40:50 ip-10-0-1-162 ansible-yum: Invoked with allow_downgrade=False name=['httpd'] list=None install_repoquery=True conf_file=None disable_gpg_check=False state=present disablerepo=None update_cache=False enablerepo=None exclude=None security=False validate_certs=True installroot=/ skip_broken=False
Dec  9 13:40:50 ip-10-0-1-162 ansible-yum: Invoked with allow_downgrade=False name=['httpd'] list=None install_repoquery=True conf_file=None disable_gpg_check=False state=present disablerepo=None update_cache=False enablerepo=None exclude=None security=False validate_certs=True installroot=/ skip_broken=False
Dec  9 13:40:54 ip-10-0-1-162 ansible-systemd: Invoked with no_block=False name=httpd enabled=None daemon_reload=False state=started user=False masked=None
Dec  9 13:40:54 ip-10-0-1-162 ansible-systemd: Invoked with no_block=False name=httpd enabled=None daemon_reload=False state=started user=False masked=None
Dec  9 13:40:54 ip-10-0-1-162 ansible-command: Invoked with warn=True executable=None _uses_shell=False _raw_params=service httpd status removes=None creates=None chdir=None stdin=None
Dec  9 13:40:54 ip-10-0-1-162 ansible-command: Invoked with warn=True executable=None _uses_shell=False _raw_params=service httpd status removes=None creates=None chdir=None stdin=None
Dec  9 13:40:54 ip-10-0-1-162 ansible-command: [WARNING] Consider using service module rather than running service
Dec  9 13:40:54 ip-10-0-1-162 ansible-command: [WARNING] Consider using service module rather than running service
Dec  9 13:41:55 ip-10-0-1-162 systemd-logind: Removed session 27.
Dec  9 13:41:55 ip-10-0-1-162 systemd-logind: Removed session 28.
Dec  9 13:41:55 ip-10-0-1-162 systemd: Removed slice User Slice of ansadm.
Dec  9 13:41:55 ip-10-0-1-162 systemd: Stopping User Slice of ansadm.
Dec  9 13:42:29 ip-10-0-1-162 dhclient[3011]: XMT: Solicit on eth0, interval 128820ms.
Dec  9 13:43:38 ip-10-0-1-162 systemd-logind: Removed session 5.
Dec  9 13:44:38 ip-10-0-1-162 dhclient[3011]: XMT: Solicit on eth0, interval 130700ms.
Dec  9 13:46:49 ip-10-0-1-162 dhclient[3011]: XMT: Solicit on eth0, interval 126000ms.
Dec  9 13:48:55 ip-10-0-1-162 dhclient[3011]: XMT: Solicit on eth0, interval 122980ms.
Dec  9 13:50:01 ip-10-0-1-162 systemd: Created slice User Slice of root.
Dec  9 13:50:01 ip-10-0-1-162 systemd: Starting User Slice of root.
Dec  9 13:50:01 ip-10-0-1-162 systemd: Started Session 30 of user root.
Dec  9 13:50:01 ip-10-0-1-162 systemd: Starting Session 30 of user root.
Dec  9 13:50:01 ip-10-0-1-162 systemd: Removed slice User Slice of root.
Dec  9 13:50:01 ip-10-0-1-162 systemd: Stopping User Slice of root.
Dec  9 13:50:23 ip-10-0-1-162 systemd-logind: Removed session 1.
Dec  9 13:50:57 ip-10-0-1-162 dhclient[2875]: DHCPREQUEST on eth0 to 10.0.1.1 port 67 (xid=0x68cefa5b)
Dec  9 13:50:57 ip-10-0-1-162 dhclient[2875]: DHCPACK from 10.0.1.1 (xid=0x68cefa5b)
Dec  9 13:50:57 ip-10-0-1-162 dhclient[2875]: bound to 10.0.1.162 -- renewal in 1618 seconds.
Dec  9 13:50:57 ip-10-0-1-162 ec2net: [get_meta] Trying to get http://169.254.169.254/latest/meta-data/network/interfaces/macs/02:2b:22:b4:aa:32/local-ipv4s
Dec  9 13:50:58 ip-10-0-1-162 ec2net: [rewrite_aliases] Rewriting aliases of eth0
Dec  9 13:50:58 ip-10-0-1-162 dhclient[3011]: XMT: Solicit on eth0, interval 116300ms.
Dec  9 13:52:55 ip-10-0-1-162 dhclient[3011]: XMT: Solicit on eth0, interval 121740ms.
Dec  9 13:54:57 ip-10-0-1-162 dhclient[3011]: XMT: Solicit on eth0, interval 118520ms.
Dec  9 13:56:55 ip-10-0-1-162 dhclient[3011]: XMT: Solicit on eth0, interval 125910ms.
Dec  9 13:59:01 ip-10-0-1-162 dhclient[3011]: XMT: Solicit on eth0, interval 108890ms.
Dec  9 14:00:01 ip-10-0-1-162 systemd: Created slice User Slice of root.
Dec  9 14:00:01 ip-10-0-1-162 systemd: Starting User Slice of root.
Dec  9 14:00:01 ip-10-0-1-162 systemd: Started Session 31 of user root.
Dec  9 14:00:01 ip-10-0-1-162 systemd: Starting Session 31 of user root.
Dec  9 14:00:01 ip-10-0-1-162 systemd: Removed slice User Slice of root.
Dec  9 14:00:01 ip-10-0-1-162 systemd: Stopping User Slice of root.
Dec  9 14:00:50 ip-10-0-1-162 dhclient[3011]: XMT: Solicit on eth0, interval 121640ms.
Dec  9 14:01:01 ip-10-0-1-162 systemd: Created slice User Slice of root.
Dec  9 14:01:01 ip-10-0-1-162 systemd: Starting User Slice of root.
Dec  9 14:01:01 ip-10-0-1-162 systemd: Started Session 32 of user root.
Dec  9 14:01:01 ip-10-0-1-162 systemd: Starting Session 32 of user root.
Dec  9 14:01:01 ip-10-0-1-162 systemd: Removed slice User Slice of root.
Dec  9 14:01:01 ip-10-0-1-162 systemd: Stopping User Slice of root.
Dec  9 14:02:52 ip-10-0-1-162 dhclient[3011]: XMT: Solicit on eth0, interval 111890ms.
Dec  9 14:03:52 ip-10-0-1-162 systemd: Started Session 33 of user ec2-user.
Dec  9 14:03:52 ip-10-0-1-162 systemd-logind: New session 33 of user ec2-user.
Dec  9 14:03:52 ip-10-0-1-162 systemd: Starting Session 33 of user ec2-user.
Dec  9 14:03:54 ip-10-0-1-162 su: (to root) ec2-user on pts/0
Dec  9 14:04:44 ip-10-0-1-162 dhclient[3011]: XMT: Solicit on eth0, interval 121080ms.
Dec  9 14:06:45 ip-10-0-1-162 dhclient[3011]: XMT: Solicit on eth0, interval 118860ms.
Dec  9 14:06:50 ip-10-0-1-162 su: (to ansadm) ec2-user on pts/0
Dec  9 14:06:58 ip-10-0-1-162 systemd: Created slice User Slice of ansadm.
Dec  9 14:06:58 ip-10-0-1-162 systemd: Starting User Slice of ansadm.
Dec  9 14:06:58 ip-10-0-1-162 systemd: Started Session 34 of user ansadm.
Dec  9 14:06:58 ip-10-0-1-162 systemd-logind: New session 34 of user ansadm.
Dec  9 14:06:58 ip-10-0-1-162 systemd: Starting Session 34 of user ansadm.
Dec  9 14:06:58 ip-10-0-1-162 systemd: Started Session 35 of user ansadm.
Dec  9 14:06:58 ip-10-0-1-162 systemd-logind: New session 35 of user ansadm.
Dec  9 14:06:58 ip-10-0-1-162 systemd: Starting Session 35 of user ansadm.
Dec  9 14:06:58 ip-10-0-1-162 ansible-setup: Invoked with filter=* gather_subset=['all'] fact_path=/etc/ansible/facts.d gather_timeout=10
Dec  9 14:06:58 ip-10-0-1-162 ansible-setup: Invoked with filter=* gather_subset=['all'] fact_path=/etc/ansible/facts.d gather_timeout=10
Dec  9 14:06:59 ip-10-0-1-162 ansible-yum: Invoked with allow_downgrade=False name=['httpd'] list=None install_repoquery=True conf_file=None disable_gpg_check=False state=present disablerepo=None update_cache=False enablerepo=None exclude=None security=False validate_certs=True installroot=/ skip_broken=False
Dec  9 14:06:59 ip-10-0-1-162 ansible-yum: Invoked with allow_downgrade=False name=['httpd'] list=None install_repoquery=True conf_file=None disable_gpg_check=False state=present disablerepo=None update_cache=False enablerepo=None exclude=None security=False validate_certs=True installroot=/ skip_broken=False
Dec  9 14:07:03 ip-10-0-1-162 ansible-systemd: Invoked with no_block=False name=httpd enabled=None daemon_reload=False state=started user=False masked=None
Dec  9 14:07:03 ip-10-0-1-162 ansible-systemd: Invoked with no_block=False name=httpd enabled=None daemon_reload=False state=started user=False masked=None
Dec  9 14:08:03 ip-10-0-1-162 systemd-logind: Removed session 34.
Dec  9 14:08:04 ip-10-0-1-162 systemd-logind: Removed session 35.
Dec  9 14:08:04 ip-10-0-1-162 systemd: Removed slice User Slice of ansadm.
Dec  9 14:08:04 ip-10-0-1-162 systemd: Stopping User Slice of ansadm.
Dec  9 14:08:44 ip-10-0-1-162 dhclient[3011]: XMT: Solicit on eth0, interval 119440ms.
Dec  9 14:09:05 ip-10-0-1-162 systemd: Created slice User Slice of ansadm.
Dec  9 14:09:05 ip-10-0-1-162 systemd: Starting User Slice of ansadm.
Dec  9 14:09:05 ip-10-0-1-162 systemd: Started Session 36 of user ansadm.
Dec  9 14:09:05 ip-10-0-1-162 systemd-logind: New session 36 of user ansadm.
Dec  9 14:09:05 ip-10-0-1-162 systemd: Starting Session 36 of user ansadm.
Dec  9 14:09:05 ip-10-0-1-162 systemd: Started Session 37 of user ansadm.
Dec  9 14:09:05 ip-10-0-1-162 systemd-logind: New session 37 of user ansadm.
Dec  9 14:09:05 ip-10-0-1-162 systemd: Starting Session 37 of user ansadm.
Dec  9 14:09:05 ip-10-0-1-162 ansible-setup: Invoked with filter=* gather_subset=['all'] fact_path=/etc/ansible/facts.d gather_timeout=10
Dec  9 14:09:05 ip-10-0-1-162 ansible-setup: Invoked with filter=* gather_subset=['all'] fact_path=/etc/ansible/facts.d gather_timeout=10
Dec  9 14:09:07 ip-10-0-1-162 ansible-yum: Invoked with allow_downgrade=False name=['httpd'] list=None install_repoquery=True conf_file=None disable_gpg_check=False state=present disablerepo=None update_cache=False enablerepo=None exclude=None security=False validate_certs=True installroot=/ skip_broken=False
Dec  9 14:09:07 ip-10-0-1-162 ansible-yum: Invoked with allow_downgrade=False name=['httpd'] list=None install_repoquery=True conf_file=None disable_gpg_check=False state=present disablerepo=None update_cache=False enablerepo=None exclude=None security=False validate_certs=True installroot=/ skip_broken=False
Dec  9 14:09:10 ip-10-0-1-162 ansible-systemd: Invoked with no_block=False name=httpd enabled=None daemon_reload=False state=started user=False masked=None
Dec  9 14:09:10 ip-10-0-1-162 ansible-systemd: Invoked with no_block=False name=httpd enabled=None daemon_reload=False state=started user=False masked=None
Dec  9 14:10:01 ip-10-0-1-162 systemd: Created slice User Slice of root.
Dec  9 14:10:01 ip-10-0-1-162 systemd: Starting User Slice of root.
Dec  9 14:10:01 ip-10-0-1-162 systemd: Started Session 38 of user root.
Dec  9 14:10:01 ip-10-0-1-162 systemd: Starting Session 38 of user root.
Dec  9 14:10:01 ip-10-0-1-162 systemd: Removed slice User Slice of root.
Dec  9 14:10:01 ip-10-0-1-162 systemd: Stopping User Slice of root.
Dec  9 14:10:11 ip-10-0-1-162 systemd-logind: Removed session 36.
Dec  9 14:10:11 ip-10-0-1-162 systemd-logind: Removed session 37.
Dec  9 14:10:11 ip-10-0-1-162 systemd: Removed slice User Slice of ansadm.
Dec  9 14:10:11 ip-10-0-1-162 systemd: Stopping User Slice of ansadm.
Dec  9 14:10:43 ip-10-0-1-162 dhclient[3011]: XMT: Solicit on eth0, interval 113290ms.
Dec  9 14:12:37 ip-10-0-1-162 dhclient[3011]: XMT: Solicit on eth0, interval 115450ms.
Dec  9 14:14:32 ip-10-0-1-162 dhclient[3011]: XMT: Solicit on eth0, interval 112480ms.
Dec  9 14:16:25 ip-10-0-1-162 systemd: Removed slice system-ec2net\x2difup.slice.
Dec  9 14:16:25 ip-10-0-1-162 systemd: Stopping system-ec2net\x2difup.slice.
Dec  9 14:16:25 ip-10-0-1-162 systemd: Stopping Session 33 of user ec2-user.
Dec  9 14:16:25 ip-10-0-1-162 systemd: Stopped target Graphical Interface.
Dec  9 14:16:25 ip-10-0-1-162 systemd: Stopping Graphical Interface.
Dec  9 14:16:25 ip-10-0-1-162 systemd: Stopped target rpc_pipefs.target.
Dec  9 14:16:25 ip-10-0-1-162 systemd: Stopping rpc_pipefs.target.
Dec  9 14:16:25 ip-10-0-1-162 systemd: Removed slice system-selinux\x2dpolicy\x2dmigrate\x2dlocal\x2dchanges.slice.
Dec  9 14:16:25 ip-10-0-1-162 systemd: Stopping system-selinux\x2dpolicy\x2dmigrate\x2dlocal\x2dchanges.slice.
Dec  9 14:16:25 ip-10-0-1-162 systemd: Unmounting RPC Pipe File System...
Dec  9 14:16:25 ip-10-0-1-162 systemd: Stopping Session 25 of user ec2-user.
Dec  9 14:16:25 ip-10-0-1-162 systemd: Stopped target Cloud-init target.
Dec  9 14:16:25 ip-10-0-1-162 systemd: Stopping Cloud-init target.
Dec  9 14:16:25 ip-10-0-1-162 systemd: Stopped target Multi-User System.
Dec  9 14:16:25 ip-10-0-1-162 systemd: Stopping Multi-User System.
Dec  9 14:16:25 ip-10-0-1-162 systemd: Stopping The Apache HTTP Server...
Dec  9 14:16:25 ip-10-0-1-162 systemd-logind: Failed to abandon session scope: Connection reset by peer
Dec  9 14:16:25 ip-10-0-1-162 systemd: Stopping D-Bus System Message Bus...
Dec  9 14:16:25 ip-10-0-1-162 systemd: Stopped Dynamically Generate Message Of The Day.
Dec  9 14:16:25 ip-10-0-1-162 systemd: Stopping Dynamically Generate Message Of The Day...
Dec  9 14:16:25 ip-10-0-1-162 systemd: Stopping OpenSSH server daemon...
Dec  9 14:16:25 ip-10-0-1-162 systemd: Stopping Job spooling tools...
Dec  9 14:16:25 ip-10-0-1-162 systemd: Stopped Resets System Activity Logs.
Dec  9 14:16:25 ip-10-0-1-162 chronyd[2666]: chronyd exiting
Dec  9 14:16:25 ip-10-0-1-162 systemd: Stopping Resets System Activity Logs...
Dec  9 14:16:25 ip-10-0-1-162 amazon-ssm-agent: 2018-12-09 14:16:25 INFO Got signal:terminated value:0xb93040
Dec  9 14:16:25 ip-10-0-1-162 amazon-ssm-agent: 2018-12-09 14:16:25 INFO Stopping agent
Dec  9 14:16:25 ip-10-0-1-162 systemd: Stopping amazon-ssm-agent...
Dec  9 14:16:25 ip-10-0-1-162 systemd: Stopping libstoragemgmt plug-in server daemon...
Dec  9 14:16:25 ip-10-0-1-162 systemd: Stopping NTP client/server...
Dec  9 14:16:25 ip-10-0-1-162 systemd: Stopping Hardware RNG Entropy Gatherer Daemon...
Dec  9 14:16:25 ip-10-0-1-162 systemd: Stopping LSB: Jenkins Automation Server...
Dec  9 14:16:25 ip-10-0-1-162 systemd: Stopping Command Scheduler...
Dec  9 14:16:25 ip-10-0-1-162 systemd: Stopped target Login Prompts.
Dec  9 14:16:25 ip-10-0-1-162 systemd: Stopping Login Prompts.
Dec  9 14:16:25 ip-10-0-1-162 systemd: Stopping Getty on tty1...
Dec  9 14:16:25 ip-10-0-1-162 systemd: Stopping Serial Getty on ttyS0...
Dec  9 14:16:25 ip-10-0-1-162 systemd: Stopped Dump dmesg to /var/log/dmesg.
Dec  9 14:16:25 ip-10-0-1-162 rsyslogd: [origin software="rsyslogd" swVersion="8.24.0" x-pid="3234" x-info="http://www.rsyslog.com"] exiting on signal 15.
Dec  9 14:16:25 ip-10-0-1-162 systemd: Stopping Dump dmesg to /var/log/dmesg...
Dec  9 14:16:25 ip-10-0-1-162 systemd: Stopping Session 15 of user ec2-user.
Dec  9 14:16:25 ip-10-0-1-162 systemd: Stopping Session 22 of user ec2-user.
Dec  9 14:16:25 ip-10-0-1-162 systemd: Stopped Execute cloud user/final scripts.
Dec  9 14:16:25 ip-10-0-1-162 systemd: Stopping Execute cloud user/final scripts...
Dec  9 14:16:25 ip-10-0-1-162 systemd: Stopped Apply the settings specified in cloud-config.
Dec  9 14:16:25 ip-10-0-1-162 systemd: Stopping Apply the settings specified in cloud-config...
Dec  9 14:16:25 ip-10-0-1-162 systemd: Stopped target Cloud-config availability.
Dec  9 14:16:25 ip-10-0-1-162 systemd: Stopping Cloud-config availability.
Dec  9 14:16:25 ip-10-0-1-162 systemd: Stopped target Timers.
Dec  9 14:16:25 ip-10-0-1-162 systemd: Stopping Timers.
Dec  9 14:16:25 ip-10-0-1-162 systemd: Stopped Daily Cleanup of Temporary Directories.
Dec  9 14:16:25 ip-10-0-1-162 systemd: Stopping Daily Cleanup of Temporary Directories.
Dec  9 14:16:25 ip-10-0-1-162 systemd: Stopping Postfix Mail Transport Agent...
Dec  9 14:16:25 ip-10-0-1-162 systemd: Stopping System Logging Service...
Dec  9 14:16:25 ip-10-0-1-162 systemd: Stopped libstoragemgmt plug-in server daemon.
Dec  9 14:16:25 ip-10-0-1-162 systemd: Stopped Hardware RNG Entropy Gatherer Daemon.
Dec  9 14:16:25 ip-10-0-1-162 systemd: Stopped D-Bus System Message Bus.
Dec  9 14:16:25 ip-10-0-1-162 systemd: Stopped NTP client/server.
Dec  9 14:16:25 ip-10-0-1-162 systemd: Stopped amazon-ssm-agent.
Dec  9 14:16:25 ip-10-0-1-162 systemd: Stopped System Logging Service.
Dec  9 14:16:25 ip-10-0-1-162 systemd: Stopped Command Scheduler.
Dec  9 14:16:25 ip-10-0-1-162 systemd: Stopped Job spooling tools.
Dec  9 14:16:25 ip-10-0-1-162 dhclient[3011]: XMT: Solicit on eth0, interval 113670ms.
Dec  9 14:16:25 ip-10-0-1-162 systemd: Stopped Getty on tty1.
Dec  9 14:16:25 ip-10-0-1-162 systemd: Stopped Serial Getty on ttyS0.
Dec  9 14:16:25 ip-10-0-1-162 systemd: Stopped OpenSSH server daemon.
Dec  9 14:16:25 ip-10-0-1-162 systemd: Stopped Session 33 of user ec2-user.
Dec  9 14:16:25 ip-10-0-1-162 systemd: Unmounted RPC Pipe File System.
Dec  9 14:16:25 ip-10-0-1-162 systemd: Failed to propagate agent release message: Transport endpoint is not connected
Dec  9 14:16:25 ip-10-0-1-162 systemd: Failed to propagate agent release message: Transport endpoint is not connected
Dec  9 14:16:25 ip-10-0-1-162 systemd: Failed to propagate agent release message: Transport endpoint is not connected
Dec  9 14:16:25 ip-10-0-1-162 systemd: Failed to propagate agent release message: Transport endpoint is not connected
Dec  9 14:16:25 ip-10-0-1-162 systemd: Failed to propagate agent release message: Transport endpoint is not connected
Dec  9 14:16:25 ip-10-0-1-162 systemd: Failed to propagate agent release message: Transport endpoint is not connected
Dec  9 14:16:25 ip-10-0-1-162 systemd: Failed to propagate agent release message: Transport endpoint is not connected
Dec  9 14:16:25 ip-10-0-1-162 systemd: Failed to propagate agent release message: Transport endpoint is not connected
Dec  9 14:16:25 ip-10-0-1-162 systemd: Failed to propagate agent release message: Transport endpoint is not connected
Dec  9 14:16:25 ip-10-0-1-162 systemd: Failed to propagate agent release message: Transport endpoint is not connected
Dec  9 14:16:25 ip-10-0-1-162 systemd: Failed to propagate agent release message: Transport endpoint is not connected
Dec  9 14:16:25 ip-10-0-1-162 systemd: Failed to propagate agent release message: Transport endpoint is not connected
Dec  9 14:16:25 ip-10-0-1-162 systemd: Failed to propagate agent release message: Transport endpoint is not connected
Dec  9 14:16:25 ip-10-0-1-162 systemd: Failed to propagate agent release message: Transport endpoint is not connected
Dec  9 14:16:25 ip-10-0-1-162 systemd: Failed to propagate agent release message: Transport endpoint is not connected
Dec  9 14:16:25 ip-10-0-1-162 systemd: Removed slice system-serial\x2dgetty.slice.
Dec  9 14:16:25 ip-10-0-1-162 systemd: Stopping system-serial\x2dgetty.slice.
Dec  9 14:16:25 ip-10-0-1-162 systemd: Starting Show Plymouth Power Off Screen...
Dec  9 14:16:25 ip-10-0-1-162 systemd: Removed slice system-getty.slice.
Dec  9 14:16:25 ip-10-0-1-162 systemd: Stopping system-getty.slice.
Dec  9 14:16:25 ip-10-0-1-162 systemd: Stopped Postfix Mail Transport Agent.
Dec  9 14:16:25 ip-10-0-1-162 systemd: Received SIGRTMIN+20 from PID 10290 (plymouthd).
Dec  9 14:16:25 ip-10-0-1-162 systemd: Started Show Plymouth Power Off Screen.
Dec  9 14:16:26 ip-10-0-1-162 systemd: Stopped The Apache HTTP Server.
Dec  9 14:16:26 ip-10-0-1-162 jenkins: Shutting down Jenkins [  OK  ]
Dec  9 14:16:26 ip-10-0-1-162 systemd: Stopped LSB: Jenkins Automation Server.
Dec  9 14:16:26 ip-10-0-1-162 systemd: Stopped target Network is Online.
Dec  9 14:16:26 ip-10-0-1-162 systemd: Stopping Network is Online.
Dec  9 14:16:26 ip-10-0-1-162 systemd: Stopped target Network.
Dec  9 14:16:26 ip-10-0-1-162 systemd: Stopping Network.
Dec  9 14:16:26 ip-10-0-1-162 systemd: Stopping LSB: Bring up/down networking...
Dec  9 14:16:26 ip-10-0-1-162 ec2net: [remove_aliases] Removing aliases of eth0
Dec  9 14:16:26 ip-10-0-1-162 network: Shutting down interface eth0:  [  OK  ]
Dec  9 14:16:26 ip-10-0-1-162 network: Shutting down loopback interface:  [  OK  ]
Dec  9 14:16:26 ip-10-0-1-162 systemd: Stopped LSB: Bring up/down networking.
Dec  9 14:16:26 ip-10-0-1-162 systemd: Stopped target Network (Pre).
Dec  9 14:16:26 ip-10-0-1-162 systemd: Stopping Network (Pre).
Dec  9 14:16:26 ip-10-0-1-162 systemd: Stopped Initial cloud-init job (pre-networking).
Dec  9 14:16:26 ip-10-0-1-162 systemd: Stopping Initial cloud-init job (pre-networking)...
Dec  9 14:16:27 ip-10-0-1-162 systemd-logind: Failed to abandon session scope: Transport endpoint is not connected
Dec  9 14:16:27 ip-10-0-1-162 systemd: Stopped Session 25 of user ec2-user.
Dec  9 14:16:27 ip-10-0-1-162 systemd-logind: Failed to abandon session scope: Transport endpoint is not connected
Dec  9 14:16:27 ip-10-0-1-162 systemd: Stopped Session 15 of user ec2-user.
Dec  9 14:16:27 ip-10-0-1-162 systemd-logind: Failed to abandon session scope: Transport endpoint is not connected
Dec  9 14:16:27 ip-10-0-1-162 systemd: Stopped Session 22 of user ec2-user.
Dec  9 14:16:27 ip-10-0-1-162 systemd: Removed slice User Slice of ec2-user.
Dec  9 14:16:27 ip-10-0-1-162 systemd: Stopping User Slice of ec2-user.
Dec  9 14:16:27 ip-10-0-1-162 systemd: Stopping Permit User Sessions...
Dec  9 14:16:27 ip-10-0-1-162 systemd: Stopping Login Service...
Dec  9 14:16:27 ip-10-0-1-162 systemd: Stopped Login Service.
Dec  9 14:16:27 ip-10-0-1-162 systemd: Stopped Permit User Sessions.
Dec  9 14:16:27 ip-10-0-1-162 systemd: Stopped target Remote File Systems.
Dec  9 14:16:27 ip-10-0-1-162 systemd: Stopping Remote File Systems.
Dec  9 14:16:27 ip-10-0-1-162 systemd: Stopped target Remote File Systems (Pre).
Dec  9 14:16:27 ip-10-0-1-162 systemd: Stopping Remote File Systems (Pre).
Dec  9 14:16:27 ip-10-0-1-162 systemd: Stopped target NFS client services.
Dec  9 14:16:27 ip-10-0-1-162 systemd: Stopping NFS client services.
Dec  9 14:16:27 ip-10-0-1-162 systemd: Stopping GSSAPI Proxy Daemon...
Dec  9 14:16:27 ip-10-0-1-162 systemd: Stopped GSSAPI Proxy Daemon.
Dec  9 14:16:27 ip-10-0-1-162 systemd: Stopped target Basic System.
Dec  9 14:16:27 ip-10-0-1-162 systemd: Stopping Basic System.
Dec  9 14:16:27 ip-10-0-1-162 systemd: Stopped target Slices.
Dec  9 14:16:27 ip-10-0-1-162 systemd: Stopping Slices.
Dec  9 14:16:27 ip-10-0-1-162 systemd: Removed slice User and Session Slice.
Dec  9 14:16:27 ip-10-0-1-162 systemd: Stopping User and Session Slice.
Dec  9 14:16:27 ip-10-0-1-162 systemd: Stopped target Paths.
Dec  9 14:16:27 ip-10-0-1-162 systemd: Stopping Paths.
Dec  9 14:16:27 ip-10-0-1-162 systemd: Stopped Flexible branding.
Dec  9 14:16:27 ip-10-0-1-162 systemd: Stopping Flexible branding.
Dec  9 14:16:27 ip-10-0-1-162 systemd: Stopped Forward Password Requests to Wall Directory Watch.
Dec  9 14:16:27 ip-10-0-1-162 systemd: Stopping Forward Password Requests to Wall Directory Watch.
Dec  9 14:16:27 ip-10-0-1-162 systemd: Stopped Forward Password Requests to Plymouth Directory Watch.
Dec  9 14:16:27 ip-10-0-1-162 systemd: Stopping Forward Password Requests to Plymouth Directory Watch.
Dec  9 14:16:27 ip-10-0-1-162 systemd: Stopped target Sockets.
Dec  9 14:16:27 ip-10-0-1-162 systemd: Stopping Sockets.
Dec  9 14:16:27 ip-10-0-1-162 systemd: Closed D-Bus System Message Bus Socket.
Dec  9 14:16:27 ip-10-0-1-162 systemd: Stopping D-Bus System Message Bus Socket.
Dec  9 14:16:27 ip-10-0-1-162 systemd: Closed RPCbind Server Activation Socket.
Dec  9 14:16:27 ip-10-0-1-162 systemd: Stopping RPCbind Server Activation Socket.
Dec  9 14:16:27 ip-10-0-1-162 systemd: Stopped target System Initialization.
Dec  9 14:16:27 ip-10-0-1-162 systemd: Stopping System Initialization.
Dec  9 14:16:27 ip-10-0-1-162 systemd: Stopping Security Auditing Service...
Dec  9 14:16:27 ip-10-0-1-162 systemd: Stopped Setup Virtual Console.
Dec  9 14:16:27 ip-10-0-1-162 systemd: Stopping Setup Virtual Console...
Dec  9 14:16:27 ip-10-0-1-162 systemd: Stopped Apply Kernel Variables.
Dec  9 14:16:27 ip-10-0-1-162 systemd: Stopping Apply Kernel Variables...
Dec  9 14:16:27 ip-10-0-1-162 systemd: Stopping Load/Save Random Seed...
Dec  9 14:16:27 ip-10-0-1-162 systemd: Stopped Load Kernel Modules.
Dec  9 14:16:27 ip-10-0-1-162 systemd: Stopping Load Kernel Modules...
Dec  9 14:16:27 ip-10-0-1-162 systemd: Stopped target Local Encrypted Volumes.
Dec  9 14:16:27 ip-10-0-1-162 systemd: Stopping Local Encrypted Volumes.
Dec  9 14:16:27 ip-10-0-1-162 systemd: Stopped Load/Save Random Seed.
Dec  9 14:16:27 ip-10-0-1-162 auditd[2627]: The audit daemon is exiting.
Dec  9 14:16:27 ip-10-0-1-162 systemd: Stopped Security Auditing Service.
Dec  9 14:16:27 ip-10-0-1-162 kernel: audit: type=1305 audit(1544364987.425:3815): audit_pid=0 old=2627 auid=4294967295 ses=4294967295 res=1
Dec  9 14:16:27 ip-10-0-1-162 kernel: audit: type=1131 audit(1544364987.433:3816): pid=1 uid=0 auid=4294967295 ses=4294967295 msg='unit=auditd comm="systemd" exe="/usr/lib/systemd/systemd" hostname=? addr=? terminal=? res=success'
Dec  9 14:16:27 ip-10-0-1-162 systemd: Stopped Create Volatile Files and Directories.
Dec  9 14:16:27 ip-10-0-1-162 kernel: audit: type=1131 audit(1544364987.449:3817): pid=1 uid=0 auid=4294967295 ses=4294967295 msg='unit=systemd-tmpfiles-setup comm="systemd" exe="/usr/lib/systemd/systemd" hostname=? addr=? terminal=? res=success'
Dec  9 14:16:27 ip-10-0-1-162 systemd: Stopping Create Volatile Files and Directories...
Dec  9 14:16:27 ip-10-0-1-162 systemd: Stopped target Local File Systems.
Dec  9 14:16:27 ip-10-0-1-162 systemd: Stopping Local File Systems.
Dec  9 14:16:27 ip-10-0-1-162 systemd: Stopped Configure read-only root support.
Dec  9 14:16:27 ip-10-0-1-162 systemd: Stopping Configure read-only root support...
Dec  9 14:16:27 ip-10-0-1-162 kernel: audit: type=1131 audit(1544364987.461:3818): pid=1 uid=0 auid=4294967295 ses=4294967295 msg='unit=rhel-readonly comm="systemd" exe="/usr/lib/systemd/systemd" hostname=? addr=? terminal=? res=success'
Dec  9 14:16:27 ip-10-0-1-162 systemd: Unmounting /run/user/1000...
Dec  9 14:16:27 ip-10-0-1-162 systemd: Unmounted /run/user/1000.
Dec  9 14:16:27 ip-10-0-1-162 systemd: Reached target Unmount All Filesystems.
Dec  9 14:16:27 ip-10-0-1-162 systemd: Starting Unmount All Filesystems.
Dec  9 14:16:27 ip-10-0-1-162 systemd: Stopped target Local File Systems (Pre).
Dec  9 14:16:27 ip-10-0-1-162 systemd: Stopping Local File Systems (Pre).
Dec  9 14:16:27 ip-10-0-1-162 systemd: Stopped Remount Root and Kernel File Systems.
Dec  9 14:16:27 ip-10-0-1-162 systemd: Stopping Remount Root and Kernel File Systems...
Dec  9 14:16:27 ip-10-0-1-162 systemd: Stopping Monitoring of LVM2 mirrors, snapshots etc. using dmeventd or progress polling...
Dec  9 14:16:27 ip-10-0-1-162 systemd: Stopped Create Static Device Nodes in /dev.
Dec  9 14:16:27 ip-10-0-1-162 systemd: Stopping Create Static Device Nodes in /dev...
Dec  9 14:16:27 ip-10-0-1-162 kernel: audit: type=1131 audit(1544364987.485:3819): pid=1 uid=0 auid=4294967295 ses=4294967295 msg='unit=systemd-remount-fs comm="systemd" exe="/usr/lib/systemd/systemd" hostname=? addr=? terminal=? res=success'
Dec  9 14:16:27 ip-10-0-1-162 kernel: audit: type=1131 audit(1544364987.501:3820): pid=1 uid=0 auid=4294967295 ses=4294967295 msg='unit=systemd-tmpfiles-setup-dev comm="systemd" exe="/usr/lib/systemd/systemd" hostname=? addr=? terminal=? res=success'
Dec  9 14:16:27 ip-10-0-1-162 systemd: Reached target Shutdown.
Dec  9 14:16:27 ip-10-0-1-162 systemd: Starting Shutdown.
Dec  9 14:16:27 ip-10-0-1-162 systemd: Reached target Final Step.
Dec  9 14:16:27 ip-10-0-1-162 systemd: Starting Final Step.
Dec  9 14:16:27 ip-10-0-1-162 systemd: Starting Power-Off...
Dec  9 14:16:27 ip-10-0-1-162 systemd: Stopped target Swap.
Dec  9 14:16:27 ip-10-0-1-162 systemd: Stopping Swap.
Dec  9 14:16:27 ip-10-0-1-162 systemd: Stopped Monitoring of LVM2 mirrors, snapshots etc. using dmeventd or progress polling.
Dec  9 14:16:27 ip-10-0-1-162 systemd: Stopping LVM2 metadata daemon...
Dec  9 14:16:27 ip-10-0-1-162 systemd: Stopped LVM2 metadata daemon.
Dec  9 14:16:27 ip-10-0-1-162 systemd: Shutting down.
Dec  9 14:16:27 ip-10-0-1-162 kernel: audit: type=1131 audit(1544364987.525:3821): pid=1 uid=0 auid=4294967295 ses=4294967295 msg='unit=lvm2-monitor comm="systemd" exe="/usr/lib/systemd/systemd" hostname=? addr=? terminal=? res=success'
Dec  9 14:16:27 ip-10-0-1-162 kernel: audit: type=1131 audit(1544364987.529:3822): pid=1 uid=0 auid=4294967295 ses=4294967295 msg='unit=lvm2-lvmetad comm="systemd" exe="/usr/lib/systemd/systemd" hostname=? addr=? terminal=? res=success'
Dec  9 14:16:27 ip-10-0-1-162 journal: Journal stopped
Dec 10 14:52:49 ip-10-0-1-162 journal: Runtime journal is using 6.1M (max allowed 49.2M, trying to leave 73.9M free of 486.6M available â†’ current limit 49.2M).
Dec 10 14:52:49 ip-10-0-1-162 kernel: Linux version 4.14.77-81.59.amzn2.x86_64 (mockbuild@ip-10-0-1-59) (gcc version 7.3.1 20180303 (Red Hat 7.3.1-5) (GCC)) #1 SMP Mon Nov 12 21:32:48 UTC 2018
Dec 10 14:52:49 ip-10-0-1-162 kernel: Command line: BOOT_IMAGE=/boot/vmlinuz-4.14.77-81.59.amzn2.x86_64 root=UUID=ca774df7-756d-4261-a3f1-76038323e572 ro console=tty0 console=ttyS0,115200n8 net.ifnames=0 biosdevname=0 nvme_core.io_timeout=4294967295 LANG=en_US.UTF-8
Dec 10 14:52:49 ip-10-0-1-162 kernel: x86/fpu: Supporting XSAVE feature 0x001: 'x87 floating point registers'
Dec 10 14:52:49 ip-10-0-1-162 kernel: x86/fpu: Supporting XSAVE feature 0x002: 'SSE registers'
Dec 10 14:52:49 ip-10-0-1-162 kernel: x86/fpu: Supporting XSAVE feature 0x004: 'AVX registers'
Dec 10 14:52:49 ip-10-0-1-162 kernel: x86/fpu: xstate_offset[2]:  576, xstate_sizes[2]:  256
Dec 10 14:52:49 ip-10-0-1-162 kernel: x86/fpu: Enabled xstate features 0x7, context size is 832 bytes, using 'standard' format.
Dec 10 14:52:49 ip-10-0-1-162 kernel: e820: BIOS-provided physical RAM map:
Dec 10 14:52:49 ip-10-0-1-162 kernel: BIOS-e820: [mem 0x0000000000000000-0x000000000009dfff] usable
Dec 10 14:52:49 ip-10-0-1-162 kernel: BIOS-e820: [mem 0x000000000009e000-0x000000000009ffff] reserved
Dec 10 14:52:49 ip-10-0-1-162 kernel: BIOS-e820: [mem 0x00000000000e0000-0x00000000000fffff] reserved
Dec 10 14:52:49 ip-10-0-1-162 kernel: BIOS-e820: [mem 0x0000000000100000-0x000000003fffffff] usable
Dec 10 14:52:49 ip-10-0-1-162 kernel: BIOS-e820: [mem 0x00000000fc000000-0x00000000ffffffff] reserved
Dec 10 14:52:49 ip-10-0-1-162 kernel: NX (Execute Disable) protection: active
Dec 10 14:52:49 ip-10-0-1-162 kernel: SMBIOS 2.7 present.
Dec 10 14:52:49 ip-10-0-1-162 kernel: DMI: Xen HVM domU, BIOS 4.2.amazon 08/24/2006
Dec 10 14:52:49 ip-10-0-1-162 kernel: Hypervisor detected: Xen HVM
Dec 10 14:52:49 ip-10-0-1-162 kernel: Xen version 4.2.
Dec 10 14:52:49 ip-10-0-1-162 kernel: Netfront and the Xen platform PCI driver have been compiled for this kernel: unplug emulated NICs.
Dec 10 14:52:49 ip-10-0-1-162 kernel: Blkfront and the Xen platform PCI driver have been compiled for this kernel: unplug emulated disks.#012You might have to change the root device#012from /dev/hd[a-d] to /dev/xvd[a-d]#012in your root= kernel command line option
Dec 10 14:52:49 ip-10-0-1-162 kernel: tsc: Fast TSC calibration using PIT
Dec 10 14:52:49 ip-10-0-1-162 kernel: e820: last_pfn = 0x40000 max_arch_pfn = 0x400000000
Dec 10 14:52:49 ip-10-0-1-162 kernel: x86/PAT: Configuration [0-7]: WB  WC  UC- UC  WB  WP  UC- WT  
Dec 10 14:52:49 ip-10-0-1-162 kernel: found SMP MP-table at [mem 0x000fbc50-0x000fbc5f] mapped at [ffffffffff240c50]
Dec 10 14:52:49 ip-10-0-1-162 kernel: Scanning 1 areas for low memory corruption
Dec 10 14:52:49 ip-10-0-1-162 kernel: RAMDISK: [mem 0x3459c000-0x362c5fff]
Dec 10 14:52:49 ip-10-0-1-162 kernel: ACPI: Early table checksum verification disabled
Dec 10 14:52:49 ip-10-0-1-162 kernel: ACPI: RSDP 0x00000000000EA020 000024 (v02 Xen   )
Dec 10 14:52:49 ip-10-0-1-162 kernel: ACPI: XSDT 0x00000000FC00E2A0 000054 (v01 Xen    HVM      00000000 HVML 00000000)
Dec 10 14:52:49 ip-10-0-1-162 kernel: ACPI: FACP 0x00000000FC00DF60 0000F4 (v04 Xen    HVM      00000000 HVML 00000000)
Dec 10 14:52:49 ip-10-0-1-162 kernel: ACPI: DSDT 0x00000000FC0021C0 00BD19 (v02 Xen    HVM      00000000 INTL 20090123)
Dec 10 14:52:49 ip-10-0-1-162 kernel: ACPI: FACS 0x00000000FC002180 000040
Dec 10 14:52:49 ip-10-0-1-162 kernel: ACPI: FACS 0x00000000FC002180 000040
Dec 10 14:52:49 ip-10-0-1-162 kernel: ACPI: APIC 0x00000000FC00E060 0000D8 (v02 Xen    HVM      00000000 HVML 00000000)
Dec 10 14:52:49 ip-10-0-1-162 kernel: ACPI: HPET 0x00000000FC00E1B0 000038 (v01 Xen    HVM      00000000 HVML 00000000)
Dec 10 14:52:49 ip-10-0-1-162 kernel: ACPI: WAET 0x00000000FC00E1F0 000028 (v01 Xen    HVM      00000000 HVML 00000000)
Dec 10 14:52:49 ip-10-0-1-162 kernel: ACPI: SSDT 0x00000000FC00E220 000031 (v02 Xen    HVM      00000000 INTL 20090123)
Dec 10 14:52:49 ip-10-0-1-162 kernel: ACPI: SSDT 0x00000000FC00E260 000031 (v02 Xen    HVM      00000000 INTL 20090123)
Dec 10 14:52:49 ip-10-0-1-162 kernel: No NUMA configuration found
Dec 10 14:52:49 ip-10-0-1-162 kernel: Faking a node at [mem 0x0000000000000000-0x000000003fffffff]
Dec 10 14:52:49 ip-10-0-1-162 kernel: NODE_DATA(0) allocated [mem 0x3ffde000-0x3fffffff]
Dec 10 14:52:49 ip-10-0-1-162 kernel: Zone ranges:
Dec 10 14:52:49 ip-10-0-1-162 kernel:  DMA      [mem 0x0000000000001000-0x0000000000ffffff]
Dec 10 14:52:49 ip-10-0-1-162 kernel:  DMA32    [mem 0x0000000001000000-0x000000003fffffff]
Dec 10 14:52:49 ip-10-0-1-162 kernel:  Normal   empty
Dec 10 14:52:49 ip-10-0-1-162 kernel: Movable zone start for each node
Dec 10 14:52:49 ip-10-0-1-162 kernel: Early memory node ranges
Dec 10 14:52:49 ip-10-0-1-162 kernel:  node   0: [mem 0x0000000000001000-0x000000000009dfff]
Dec 10 14:52:49 ip-10-0-1-162 kernel:  node   0: [mem 0x0000000000100000-0x000000003fffffff]
Dec 10 14:52:49 ip-10-0-1-162 kernel: Initmem setup node 0 [mem 0x0000000000001000-0x000000003fffffff]
Dec 10 14:52:49 ip-10-0-1-162 kernel: ACPI: PM-Timer IO Port: 0xb008
Dec 10 14:52:49 ip-10-0-1-162 kernel: IOAPIC[0]: apic_id 1, version 17, address 0xfec00000, GSI 0-47
Dec 10 14:52:49 ip-10-0-1-162 kernel: ACPI: INT_SRC_OVR (bus 0 bus_irq 0 global_irq 2 dfl dfl)
Dec 10 14:52:49 ip-10-0-1-162 kernel: ACPI: INT_SRC_OVR (bus 0 bus_irq 5 global_irq 5 low level)
Dec 10 14:52:49 ip-10-0-1-162 kernel: ACPI: INT_SRC_OVR (bus 0 bus_irq 10 global_irq 10 low level)
Dec 10 14:52:49 ip-10-0-1-162 kernel: ACPI: INT_SRC_OVR (bus 0 bus_irq 11 global_irq 11 low level)
Dec 10 14:52:49 ip-10-0-1-162 kernel: Using ACPI (MADT) for SMP configuration information
Dec 10 14:52:49 ip-10-0-1-162 kernel: ACPI: HPET id: 0x8086a201 base: 0xfed00000
Dec 10 14:52:49 ip-10-0-1-162 kernel: smpboot: Allowing 15 CPUs, 14 hotplug CPUs
Dec 10 14:52:49 ip-10-0-1-162 kernel: PM: Registered nosave memory: [mem 0x00000000-0x00000fff]
Dec 10 14:52:49 ip-10-0-1-162 kernel: PM: Registered nosave memory: [mem 0x0009e000-0x0009ffff]
Dec 10 14:52:49 ip-10-0-1-162 kernel: PM: Registered nosave memory: [mem 0x000a0000-0x000dffff]
Dec 10 14:52:49 ip-10-0-1-162 kernel: PM: Registered nosave memory: [mem 0x000e0000-0x000fffff]
Dec 10 14:52:49 ip-10-0-1-162 kernel: e820: [mem 0x40000000-0xfbffffff] available for PCI devices
Dec 10 14:52:49 ip-10-0-1-162 kernel: Booting paravirtualized kernel on Xen HVM
Dec 10 14:52:49 ip-10-0-1-162 kernel: clocksource: refined-jiffies: mask: 0xffffffff max_cycles: 0xffffffff, max_idle_ns: 7645519600211568 ns
Dec 10 14:52:49 ip-10-0-1-162 kernel: random: get_random_bytes called from start_kernel+0x94/0x4c8 with crng_init=0
Dec 10 14:52:49 ip-10-0-1-162 kernel: setup_percpu: NR_CPUS:8192 nr_cpumask_bits:15 nr_cpu_ids:15 nr_node_ids:1
Dec 10 14:52:49 ip-10-0-1-162 kernel: percpu: Embedded 44 pages/cpu @ffff88003e200000 s140184 r8192 d31848 u262144
Dec 10 14:52:49 ip-10-0-1-162 kernel: PV qspinlock hash table entries: 256 (order: 0, 4096 bytes)
Dec 10 14:52:49 ip-10-0-1-162 kernel: Built 1 zonelists, mobility grouping on.  Total pages: 257928
Dec 10 14:52:49 ip-10-0-1-162 kernel: Policy zone: DMA32
Dec 10 14:52:49 ip-10-0-1-162 kernel: Kernel command line: BOOT_IMAGE=/boot/vmlinuz-4.14.77-81.59.amzn2.x86_64 root=UUID=ca774df7-756d-4261-a3f1-76038323e572 ro console=tty0 console=ttyS0,115200n8 net.ifnames=0 biosdevname=0 nvme_core.io_timeout=4294967295 LANG=en_US.UTF-8
Dec 10 14:52:49 ip-10-0-1-162 kernel: PID hash table entries: 4096 (order: 3, 32768 bytes)
Dec 10 14:52:49 ip-10-0-1-162 kernel: Memory: 974176K/1048180K available (8204K kernel code, 1939K rwdata, 2808K rodata, 2048K init, 3888K bss, 74004K reserved, 0K cma-reserved)
Dec 10 14:52:49 ip-10-0-1-162 kernel: SLUB: HWalign=64, Order=0-3, MinObjects=0, CPUs=15, Nodes=1
Dec 10 14:52:49 ip-10-0-1-162 kernel: Kernel/User page tables isolation: enabled
Dec 10 14:52:49 ip-10-0-1-162 kernel: ftrace: allocating 26314 entries in 103 pages
Dec 10 14:52:49 ip-10-0-1-162 kernel: Hierarchical RCU implementation.
Dec 10 14:52:49 ip-10-0-1-162 kernel: #011RCU restricting CPUs from NR_CPUS=8192 to nr_cpu_ids=15.
Dec 10 14:52:49 ip-10-0-1-162 kernel: RCU: Adjusting geometry for rcu_fanout_leaf=16, nr_cpu_ids=15
Dec 10 14:52:49 ip-10-0-1-162 kernel: NR_IRQS: 524544, nr_irqs: 952, preallocated irqs: 16
Dec 10 14:52:49 ip-10-0-1-162 kernel: xen:events: Using 2-level ABI
Dec 10 14:52:49 ip-10-0-1-162 kernel: xen:events: Xen HVM callback vector for event delivery is enabled
Dec 10 14:52:49 ip-10-0-1-162 kernel: Console: colour VGA+ 80x25
Dec 10 14:52:49 ip-10-0-1-162 kernel: console [tty0] enabled
Dec 10 14:52:49 ip-10-0-1-162 kernel: Cannot get hvm parameter CONSOLE_EVTCHN (18): -22!
Dec 10 14:52:49 ip-10-0-1-162 kernel: console [ttyS0] enabled
Dec 10 14:52:49 ip-10-0-1-162 kernel: clocksource: hpet: mask: 0xffffffff max_cycles: 0xffffffff, max_idle_ns: 30580167144 ns
Dec 10 14:52:49 ip-10-0-1-162 kernel: tsc: Fast TSC calibration using PIT
Dec 10 14:52:49 ip-10-0-1-162 kernel: tsc: Detected 2399.863 MHz processor
Dec 10 14:52:49 ip-10-0-1-162 kernel: Calibrating delay loop (skipped), value calculated using timer frequency.. 4800.09 BogoMIPS (lpj=9600192)
Dec 10 14:52:49 ip-10-0-1-162 kernel: pid_max: default: 32768 minimum: 301
Dec 10 14:52:49 ip-10-0-1-162 kernel: ACPI: Core revision 20170728
Dec 10 14:52:49 ip-10-0-1-162 kernel: ACPI: 3 ACPI AML tables successfully acquired and loaded
Dec 10 14:52:49 ip-10-0-1-162 kernel: Security Framework initialized
Dec 10 14:52:49 ip-10-0-1-162 kernel: SELinux:  Initializing.
Dec 10 14:52:49 ip-10-0-1-162 kernel: Dentry cache hash table entries: 131072 (order: 8, 1048576 bytes)
Dec 10 14:52:49 ip-10-0-1-162 kernel: Inode-cache hash table entries: 65536 (order: 7, 524288 bytes)
Dec 10 14:52:49 ip-10-0-1-162 kernel: Mount-cache hash table entries: 2048 (order: 2, 16384 bytes)
Dec 10 14:52:49 ip-10-0-1-162 kernel: Mountpoint-cache hash table entries: 2048 (order: 2, 16384 bytes)
Dec 10 14:52:49 ip-10-0-1-162 kernel: mce: CPU supports 2 MCE banks
Dec 10 14:52:49 ip-10-0-1-162 kernel: Last level iTLB entries: 4KB 1024, 2MB 1024, 4MB 1024
Dec 10 14:52:49 ip-10-0-1-162 kernel: Last level dTLB entries: 4KB 1024, 2MB 1024, 4MB 1024, 1GB 4
Dec 10 14:52:49 ip-10-0-1-162 kernel: Spectre V2 : Mitigation: Full generic retpoline
Dec 10 14:52:49 ip-10-0-1-162 kernel: Spectre V2 : Spectre v2 / SpectreRSB mitigation: Filling RSB on context switch
Dec 10 14:52:49 ip-10-0-1-162 kernel: Speculative Store Bypass: Vulnerable
Dec 10 14:52:49 ip-10-0-1-162 kernel: smpboot: Max logical packages: 15
Dec 10 14:52:49 ip-10-0-1-162 kernel: x2apic: IRQ remapping doesn't support X2APIC mode
Dec 10 14:52:49 ip-10-0-1-162 kernel: Switched APIC routing to physical flat.
Dec 10 14:52:49 ip-10-0-1-162 kernel: ..TIMER: vector=0x30 apic1=0 pin1=2 apic2=0 pin2=0
Dec 10 14:52:49 ip-10-0-1-162 kernel: clocksource: xen: mask: 0xffffffffffffffff max_cycles: 0x1cd42e4dffb, max_idle_ns: 881590591483 ns
Dec 10 14:52:49 ip-10-0-1-162 kernel: installing Xen timer for CPU 0
Dec 10 14:52:49 ip-10-0-1-162 kernel: smpboot: CPU0: Intel(R) Xeon(R) CPU E5-2676 v3 @ 2.40GHz (family: 0x6, model: 0x3f, stepping: 0x2)
Dec 10 14:52:49 ip-10-0-1-162 kernel: cpu 0 spinlock event irq 53
Dec 10 14:52:49 ip-10-0-1-162 kernel: Performance Events: unsupported p6 CPU model 63 no PMU driver, software events only.
Dec 10 14:52:49 ip-10-0-1-162 kernel: Hierarchical SRCU implementation.
Dec 10 14:52:49 ip-10-0-1-162 kernel: NMI watchdog: Perf event create on CPU 0 failed with -2
Dec 10 14:52:49 ip-10-0-1-162 kernel: NMI watchdog: Perf NMI watchdog permanently disabled
Dec 10 14:52:49 ip-10-0-1-162 kernel: smp: Bringing up secondary CPUs ...
Dec 10 14:52:49 ip-10-0-1-162 kernel: smp: Brought up 1 node, 1 CPU
Dec 10 14:52:49 ip-10-0-1-162 kernel: smpboot: Total of 1 processors activated (4800.09 BogoMIPS)
Dec 10 14:52:49 ip-10-0-1-162 kernel: devtmpfs: initialized
Dec 10 14:52:49 ip-10-0-1-162 kernel: x86/mm: Memory block size: 128MB
Dec 10 14:52:49 ip-10-0-1-162 kernel: clocksource: jiffies: mask: 0xffffffff max_cycles: 0xffffffff, max_idle_ns: 7645041785100000 ns
Dec 10 14:52:49 ip-10-0-1-162 kernel: futex hash table entries: 4096 (order: 6, 262144 bytes)
Dec 10 14:52:49 ip-10-0-1-162 kernel: NET: Registered protocol family 16
Dec 10 14:52:49 ip-10-0-1-162 kernel: cpuidle: using governor ladder
Dec 10 14:52:49 ip-10-0-1-162 kernel: cpuidle: using governor menu
Dec 10 14:52:49 ip-10-0-1-162 kernel: ACPI: bus type PCI registered
Dec 10 14:52:49 ip-10-0-1-162 kernel: acpiphp: ACPI Hot Plug PCI Controller Driver version: 0.5
Dec 10 14:52:49 ip-10-0-1-162 kernel: PCI: Using configuration type 1 for base access
Dec 10 14:52:49 ip-10-0-1-162 kernel: HugeTLB registered 2.00 MiB page size, pre-allocated 0 pages
Dec 10 14:52:49 ip-10-0-1-162 kernel: ACPI: Added _OSI(Module Device)
Dec 10 14:52:49 ip-10-0-1-162 kernel: ACPI: Added _OSI(Processor Device)
Dec 10 14:52:49 ip-10-0-1-162 kernel: ACPI: Added _OSI(3.0 _SCP Extensions)
Dec 10 14:52:49 ip-10-0-1-162 kernel: ACPI: Added _OSI(Processor Aggregator Device)
Dec 10 14:52:49 ip-10-0-1-162 kernel: ACPI: Interpreter enabled
Dec 10 14:52:49 ip-10-0-1-162 kernel: ACPI: (supports S0 S4 S5)
Dec 10 14:52:49 ip-10-0-1-162 kernel: ACPI: Using IOAPIC for interrupt routing
Dec 10 14:52:49 ip-10-0-1-162 kernel: PCI: Using host bridge windows from ACPI; if necessary, use "pci=nocrs" and report a bug
Dec 10 14:52:49 ip-10-0-1-162 kernel: ACPI: Enabled 2 GPEs in block 00 to 0F
Dec 10 14:52:49 ip-10-0-1-162 kernel: ACPI: PCI Root Bridge [PCI0] (domain 0000 [bus 00-ff])
Dec 10 14:52:49 ip-10-0-1-162 kernel: acpi PNP0A03:00: _OSC: OS supports [ASPM ClockPM Segments MSI]
Dec 10 14:52:49 ip-10-0-1-162 kernel: acpi PNP0A03:00: _OSC failed (AE_NOT_FOUND); disabling ASPM
Dec 10 14:52:49 ip-10-0-1-162 kernel: acpi PNP0A03:00: fail to add MMCONFIG information, can't access extended PCI configuration space under this bridge.
Dec 10 14:52:49 ip-10-0-1-162 kernel: acpiphp: Slot [0] registered
Dec 10 14:52:49 ip-10-0-1-162 kernel: acpiphp: Slot [3] registered
Dec 10 14:52:49 ip-10-0-1-162 kernel: acpiphp: Slot [4] registered
Dec 10 14:52:49 ip-10-0-1-162 kernel: acpiphp: Slot [5] registered
Dec 10 14:52:49 ip-10-0-1-162 kernel: acpiphp: Slot [6] registered
Dec 10 14:52:49 ip-10-0-1-162 kernel: acpiphp: Slot [7] registered
Dec 10 14:52:49 ip-10-0-1-162 kernel: acpiphp: Slot [8] registered
Dec 10 14:52:49 ip-10-0-1-162 kernel: acpiphp: Slot [9] registered
Dec 10 14:52:49 ip-10-0-1-162 kernel: acpiphp: Slot [10] registered
Dec 10 14:52:49 ip-10-0-1-162 kernel: acpiphp: Slot [11] registered
Dec 10 14:52:49 ip-10-0-1-162 kernel: acpiphp: Slot [12] registered
Dec 10 14:52:49 ip-10-0-1-162 kernel: acpiphp: Slot [13] registered
Dec 10 14:52:49 ip-10-0-1-162 kernel: acpiphp: Slot [14] registered
Dec 10 14:52:49 ip-10-0-1-162 kernel: acpiphp: Slot [15] registered
Dec 10 14:52:49 ip-10-0-1-162 kernel: acpiphp: Slot [16] registered
Dec 10 14:52:49 ip-10-0-1-162 kernel: acpiphp: Slot [17] registered
Dec 10 14:52:49 ip-10-0-1-162 kernel: acpiphp: Slot [18] registered
Dec 10 14:52:49 ip-10-0-1-162 kernel: acpiphp: Slot [19] registered
Dec 10 14:52:49 ip-10-0-1-162 kernel: acpiphp: Slot [20] registered
Dec 10 14:52:49 ip-10-0-1-162 kernel: acpiphp: Slot [21] registered
Dec 10 14:52:49 ip-10-0-1-162 kernel: acpiphp: Slot [22] registered
Dec 10 14:52:49 ip-10-0-1-162 kernel: acpiphp: Slot [23] registered
Dec 10 14:52:49 ip-10-0-1-162 kernel: acpiphp: Slot [24] registered
Dec 10 14:52:49 ip-10-0-1-162 kernel: acpiphp: Slot [25] registered
Dec 10 14:52:49 ip-10-0-1-162 kernel: acpiphp: Slot [26] registered
Dec 10 14:52:49 ip-10-0-1-162 kernel: acpiphp: Slot [27] registered
Dec 10 14:52:49 ip-10-0-1-162 kernel: acpiphp: Slot [28] registered
Dec 10 14:52:49 ip-10-0-1-162 kernel: acpiphp: Slot [29] registered
Dec 10 14:52:49 ip-10-0-1-162 kernel: acpiphp: Slot [30] registered
Dec 10 14:52:49 ip-10-0-1-162 kernel: acpiphp: Slot [31] registered
Dec 10 14:52:49 ip-10-0-1-162 kernel: PCI host bridge to bus 0000:00
Dec 10 14:52:49 ip-10-0-1-162 kernel: pci_bus 0000:00: root bus resource [io  0x0000-0x0cf7 window]
Dec 10 14:52:49 ip-10-0-1-162 kernel: pci_bus 0000:00: root bus resource [io  0x0d00-0xffff window]
Dec 10 14:52:49 ip-10-0-1-162 kernel: pci_bus 0000:00: root bus resource [mem 0x000a0000-0x000bffff window]
Dec 10 14:52:49 ip-10-0-1-162 kernel: pci_bus 0000:00: root bus resource [mem 0xf0000000-0xfbffffff window]
Dec 10 14:52:49 ip-10-0-1-162 kernel: pci_bus 0000:00: root bus resource [bus 00-ff]
Dec 10 14:52:49 ip-10-0-1-162 kernel: pci 0000:00:01.1: legacy IDE quirk: reg 0x10: [io  0x01f0-0x01f7]
Dec 10 14:52:49 ip-10-0-1-162 kernel: pci 0000:00:01.1: legacy IDE quirk: reg 0x14: [io  0x03f6]
Dec 10 14:52:49 ip-10-0-1-162 kernel: pci 0000:00:01.1: legacy IDE quirk: reg 0x18: [io  0x0170-0x0177]
Dec 10 14:52:49 ip-10-0-1-162 kernel: pci 0000:00:01.1: legacy IDE quirk: reg 0x1c: [io  0x0376]
Dec 10 14:52:49 ip-10-0-1-162 kernel: * Found PM-Timer Bug on the chipset. Due to workarounds for a bug,#012* this clock source is slow. Consider trying other clock sources
Dec 10 14:52:49 ip-10-0-1-162 kernel: pci 0000:00:01.3: quirk: [io  0xb000-0xb03f] claimed by PIIX4 ACPI
Dec 10 14:52:49 ip-10-0-1-162 kernel: ACPI: PCI Interrupt Link [LNKA] (IRQs *5 10 11)
Dec 10 14:52:49 ip-10-0-1-162 kernel: ACPI: PCI Interrupt Link [LNKB] (IRQs 5 *10 11)
Dec 10 14:52:49 ip-10-0-1-162 kernel: ACPI: PCI Interrupt Link [LNKC] (IRQs 5 10 *11)
Dec 10 14:52:49 ip-10-0-1-162 kernel: ACPI: PCI Interrupt Link [LNKD] (IRQs *5 10 11)
Dec 10 14:52:49 ip-10-0-1-162 kernel: xen:balloon: Initialising balloon driver
Dec 10 14:52:49 ip-10-0-1-162 kernel: pci 0000:00:02.0: vgaarb: setting as boot VGA device
Dec 10 14:52:49 ip-10-0-1-162 kernel: pci 0000:00:02.0: vgaarb: VGA device added: decodes=io+mem,owns=io+mem,locks=none
Dec 10 14:52:49 ip-10-0-1-162 kernel: pci 0000:00:02.0: vgaarb: bridge control possible
Dec 10 14:52:49 ip-10-0-1-162 kernel: vgaarb: loaded
Dec 10 14:52:49 ip-10-0-1-162 kernel: EDAC MC: Ver: 3.0.0
Dec 10 14:52:49 ip-10-0-1-162 kernel: PCI: Using ACPI for IRQ routing
Dec 10 14:52:49 ip-10-0-1-162 kernel: NetLabel: Initializing
Dec 10 14:52:49 ip-10-0-1-162 kernel: NetLabel:  domain hash size = 128
Dec 10 14:52:49 ip-10-0-1-162 kernel: NetLabel:  protocols = UNLABELED CIPSOv4 CALIPSO
Dec 10 14:52:49 ip-10-0-1-162 kernel: NetLabel:  unlabeled traffic allowed by default
Dec 10 14:52:49 ip-10-0-1-162 kernel: HPET: 3 timers in total, 0 timers will be used for per-cpu timer
Dec 10 14:52:49 ip-10-0-1-162 kernel: hpet0: at MMIO 0xfed00000, IRQs 2, 8, 0
Dec 10 14:52:49 ip-10-0-1-162 kernel: hpet0: 3 comparators, 64-bit 62.500000 MHz counter
Dec 10 14:52:49 ip-10-0-1-162 kernel: clocksource: Switched to clocksource xen
Dec 10 14:52:49 ip-10-0-1-162 kernel: VFS: Disk quotas dquot_6.6.0
Dec 10 14:52:49 ip-10-0-1-162 kernel: VFS: Dquot-cache hash table entries: 512 (order 0, 4096 bytes)
Dec 10 14:52:49 ip-10-0-1-162 kernel: pnp: PnP ACPI init
Dec 10 14:52:49 ip-10-0-1-162 kernel: system 00:00: [mem 0x00000000-0x0009ffff] could not be reserved
Dec 10 14:52:49 ip-10-0-1-162 kernel: system 00:01: [io  0x08a0-0x08a3] has been reserved
Dec 10 14:52:49 ip-10-0-1-162 kernel: system 00:01: [io  0x0cc0-0x0ccf] has been reserved
Dec 10 14:52:49 ip-10-0-1-162 kernel: system 00:01: [io  0x04d0-0x04d1] has been reserved
Dec 10 14:52:49 ip-10-0-1-162 kernel: system 00:07: [io  0x10c0-0x1141] has been reserved
Dec 10 14:52:49 ip-10-0-1-162 kernel: system 00:07: [io  0xb044-0xb047] has been reserved
Dec 10 14:52:49 ip-10-0-1-162 kernel: random: fast init done
Dec 10 14:52:49 ip-10-0-1-162 kernel: pnp: PnP ACPI: found 8 devices
Dec 10 14:52:49 ip-10-0-1-162 kernel: clocksource: acpi_pm: mask: 0xffffff max_cycles: 0xffffff, max_idle_ns: 2085701024 ns
Dec 10 14:52:49 ip-10-0-1-162 kernel: NET: Registered protocol family 2
Dec 10 14:52:49 ip-10-0-1-162 kernel: TCP established hash table entries: 8192 (order: 4, 65536 bytes)
Dec 10 14:52:49 ip-10-0-1-162 kernel: TCP bind hash table entries: 8192 (order: 5, 131072 bytes)
Dec 10 14:52:49 ip-10-0-1-162 kernel: TCP: Hash tables configured (established 8192 bind 8192)
Dec 10 14:52:49 ip-10-0-1-162 kernel: UDP hash table entries: 512 (order: 2, 16384 bytes)
Dec 10 14:52:49 ip-10-0-1-162 kernel: UDP-Lite hash table entries: 512 (order: 2, 16384 bytes)
Dec 10 14:52:49 ip-10-0-1-162 kernel: NET: Registered protocol family 1
Dec 10 14:52:49 ip-10-0-1-162 kernel: pci 0000:00:00.0: Limiting direct PCI/PCI transfers
Dec 10 14:52:49 ip-10-0-1-162 kernel: pci 0000:00:01.0: PIIX3: Enabling Passive Release
Dec 10 14:52:49 ip-10-0-1-162 kernel: pci 0000:00:01.0: Activating ISA DMA hang workarounds
Dec 10 14:52:49 ip-10-0-1-162 kernel: pci 0000:00:02.0: Video device with shadowed ROM at [mem 0x000c0000-0x000dffff]
Dec 10 14:52:49 ip-10-0-1-162 kernel: Unpacking initramfs...
Dec 10 14:52:49 ip-10-0-1-162 kernel: Freeing initrd memory: 29864K
Dec 10 14:52:49 ip-10-0-1-162 kernel: Scanning for low memory corruption every 60 seconds
Dec 10 14:52:49 ip-10-0-1-162 kernel: audit: initializing netlink subsys (disabled)
Dec 10 14:52:49 ip-10-0-1-162 kernel: Initialise system trusted keyrings
Dec 10 14:52:49 ip-10-0-1-162 kernel: Key type blacklist registered
Dec 10 14:52:49 ip-10-0-1-162 kernel: audit: type=2000 audit(1544453568.510:1): state=initialized audit_enabled=0 res=1
Dec 10 14:52:49 ip-10-0-1-162 kernel: workingset: timestamp_bits=36 max_order=18 bucket_order=0
Dec 10 14:52:49 ip-10-0-1-162 kernel: zbud: loaded
Dec 10 14:52:49 ip-10-0-1-162 kernel: Key type asymmetric registered
Dec 10 14:52:49 ip-10-0-1-162 kernel: Asymmetric key parser 'x509' registered
Dec 10 14:52:49 ip-10-0-1-162 kernel: Block layer SCSI generic (bsg) driver version 0.4 loaded (major 252)
Dec 10 14:52:49 ip-10-0-1-162 kernel: io scheduler noop registered (default)
Dec 10 14:52:49 ip-10-0-1-162 kernel: io scheduler cfq registered
Dec 10 14:52:49 ip-10-0-1-162 kernel: crc32: CRC_LE_BITS = 64, CRC_BE BITS = 64
Dec 10 14:52:49 ip-10-0-1-162 kernel: crc32: self tests passed, processed 225944 bytes in 161514 nsec
Dec 10 14:52:49 ip-10-0-1-162 kernel: crc32c: CRC_LE_BITS = 64
Dec 10 14:52:49 ip-10-0-1-162 kernel: crc32c: self tests passed, processed 225944 bytes in 80811 nsec
Dec 10 14:52:49 ip-10-0-1-162 kernel: crc32_combine: 8373 self tests passed
Dec 10 14:52:49 ip-10-0-1-162 kernel: crc32c_combine: 8373 self tests passed
Dec 10 14:52:49 ip-10-0-1-162 kernel: xen:grant_table: Grant tables using version 1 layout
Dec 10 14:52:49 ip-10-0-1-162 kernel: Grant table initialized
Dec 10 14:52:49 ip-10-0-1-162 kernel: Cannot get hvm parameter CONSOLE_EVTCHN (18): -22!
Dec 10 14:52:49 ip-10-0-1-162 kernel: Serial: 8250/16550 driver, 4 ports, IRQ sharing disabled
Dec 10 14:52:49 ip-10-0-1-162 kernel: 00:06: ttyS0 at I/O 0x3f8 (irq = 4, base_baud = 115200) is a 16550A
Dec 10 14:52:49 ip-10-0-1-162 kernel: xen_netfront: Initialising Xen virtual ethernet driver
Dec 10 14:52:49 ip-10-0-1-162 kernel: i8042: PNP: PS/2 Controller [PNP0303:PS2K,PNP0f13:PS2M] at 0x60,0x64 irq 1,12
Dec 10 14:52:49 ip-10-0-1-162 kernel: serio: i8042 KBD port at 0x60,0x64 irq 1
Dec 10 14:52:49 ip-10-0-1-162 kernel: serio: i8042 AUX port at 0x60,0x64 irq 12
Dec 10 14:52:49 ip-10-0-1-162 kernel: input: AT Translated Set 2 keyboard as /devices/platform/i8042/serio0/input/input0
Dec 10 14:52:49 ip-10-0-1-162 kernel: rtc_cmos 00:02: rtc core: registered rtc_cmos as rtc0
Dec 10 14:52:49 ip-10-0-1-162 kernel: rtc_cmos 00:02: alarms up to one day, 114 bytes nvram, hpet irqs
Dec 10 14:52:49 ip-10-0-1-162 kernel: hidraw: raw HID events driver (C) Jiri Kosina
Dec 10 14:52:49 ip-10-0-1-162 kernel: NET: Registered protocol family 17
Dec 10 14:52:49 ip-10-0-1-162 kernel: sched_clock: Marking stable (1406757550, 0)->(9560345986, -8153588436)
Dec 10 14:52:49 ip-10-0-1-162 kernel: registered taskstats version 1
Dec 10 14:52:49 ip-10-0-1-162 kernel: Loading compiled-in X.509 certificates
Dec 10 14:52:49 ip-10-0-1-162 kernel: Loaded X.509 cert 'Build time autogenerated kernel key: 595716a59eabdf9c274d29e9aa641d9a138f235e'
Dec 10 14:52:49 ip-10-0-1-162 kernel: zswap: loaded using pool lzo/zbud
Dec 10 14:52:49 ip-10-0-1-162 kernel: ima: No TPM chip found, activating TPM-bypass! (rc=-19)
Dec 10 14:52:49 ip-10-0-1-162 kernel: ima: Allocated hash algorithm: sha1
Dec 10 14:52:49 ip-10-0-1-162 kernel: xenbus_probe_frontend: Device with no driver: device/vbd/51712
Dec 10 14:52:49 ip-10-0-1-162 kernel: rtc_cmos 00:02: setting system clock to 2018-12-10 14:52:49 UTC (1544453569)
Dec 10 14:52:49 ip-10-0-1-162 kernel: Freeing unused kernel memory: 2048K
Dec 10 14:52:49 ip-10-0-1-162 kernel: Write protecting the kernel read-only data: 14336k
Dec 10 14:52:49 ip-10-0-1-162 kernel: Freeing unused kernel memory: 2016K
Dec 10 14:52:49 ip-10-0-1-162 kernel: Freeing unused kernel memory: 1288K
Dec 10 14:52:49 ip-10-0-1-162 systemd[1]: Inserted module 'autofs4'
Dec 10 14:52:49 ip-10-0-1-162 kernel: NET: Registered protocol family 10
Dec 10 14:52:49 ip-10-0-1-162 kernel: Segment Routing with IPv6
Dec 10 14:52:49 ip-10-0-1-162 systemd[1]: Inserted module 'ipv6'
Dec 10 14:52:49 ip-10-0-1-162 kernel: random: systemd: uninitialized urandom read (16 bytes read)
Dec 10 14:52:49 ip-10-0-1-162 kernel: random: systemd: uninitialized urandom read (16 bytes read)
Dec 10 14:52:49 ip-10-0-1-162 kernel: random: systemd: uninitialized urandom read (16 bytes read)
Dec 10 14:52:49 ip-10-0-1-162 systemd[1]: systemd 219 running in system mode. (+PAM +AUDIT +SELINUX +IMA -APPARMOR +SMACK +SYSVINIT +UTMP +LIBCRYPTSETUP +GCRYPT +GNUTLS +ACL +XZ +LZ4 -SECCOMP +BLKID +ELFUTILS +KMOD +IDN)
Dec 10 14:52:49 ip-10-0-1-162 systemd[1]: Detected virtualization xen.
Dec 10 14:52:49 ip-10-0-1-162 systemd[1]: Detected architecture x86-64.
Dec 10 14:52:49 ip-10-0-1-162 systemd[1]: Running in initial RAM disk.
Dec 10 14:52:49 ip-10-0-1-162 systemd[1]: No hostname configured.
Dec 10 14:52:49 ip-10-0-1-162 systemd[1]: Set hostname to <localhost>.
Dec 10 14:52:49 ip-10-0-1-162 systemd[1]: Initializing machine ID from random generator.
Dec 10 14:52:49 ip-10-0-1-162 systemd[1]: Reached target Local File Systems.
Dec 10 14:52:49 ip-10-0-1-162 systemd[1]: Starting Local File Systems.
Dec 10 14:52:49 ip-10-0-1-162 systemd[1]: Reached target Swap.
Dec 10 14:52:49 ip-10-0-1-162 journal: Journal started
Dec 10 14:52:49 ip-10-0-1-162 systemd: Started Setup Virtual Console.
Dec 10 14:52:49 ip-10-0-1-162 systemd: Started Create list of required static device nodes for the current kernel.
Dec 10 14:52:49 ip-10-0-1-162 systemd: Started Apply Kernel Variables.
Dec 10 14:52:49 ip-10-0-1-162 systemd: Starting Create Static Device Nodes in /dev...
Dec 10 14:52:49 ip-10-0-1-162 systemd: Started Create Static Device Nodes in /dev.
Dec 10 14:52:49 ip-10-0-1-162 systemd: Started dracut cmdline hook.
Dec 10 14:52:49 ip-10-0-1-162 systemd: Starting dracut pre-udev hook...
Dec 10 14:52:49 ip-10-0-1-162 kernel: device-mapper: uevent: version 1.0.3
Dec 10 14:52:49 ip-10-0-1-162 kernel: device-mapper: ioctl: 4.37.0-ioctl (2017-09-20) initialised: dm-devel@redhat.com
Dec 10 14:52:49 ip-10-0-1-162 systemd: Started dracut pre-udev hook.
Dec 10 14:52:49 ip-10-0-1-162 systemd: Starting udev Kernel Device Manager...
Dec 10 14:52:49 ip-10-0-1-162 systemd-udevd: starting version 219
Dec 10 14:52:49 ip-10-0-1-162 systemd-udevd: Network interface NamePolicy= disabled on kernel command line, ignoring.
Dec 10 14:52:49 ip-10-0-1-162 systemd: Started udev Kernel Device Manager.
Dec 10 14:52:49 ip-10-0-1-162 systemd: Starting dracut pre-trigger hook...
Dec 10 14:52:49 ip-10-0-1-162 kernel: tsc: Refined TSC clocksource calibration: 2400.001 MHz
Dec 10 14:52:49 ip-10-0-1-162 kernel: clocksource: tsc: mask: 0xffffffffffffffff max_cycles: 0x22983858435, max_idle_ns: 440795258295 ns
Dec 10 14:52:50 ip-10-0-1-162 systemd: Started dracut pre-trigger hook.
Dec 10 14:52:50 ip-10-0-1-162 systemd: Starting udev Coldplug all Devices...
Dec 10 14:52:50 ip-10-0-1-162 systemd-udevd: Network interface NamePolicy= disabled on kernel command line, ignoring.
Dec 10 14:52:50 ip-10-0-1-162 systemd: Started udev Coldplug all Devices.
Dec 10 14:52:50 ip-10-0-1-162 systemd: Starting dracut initqueue hook...
Dec 10 14:52:50 ip-10-0-1-162 systemd: Reached target System Initialization.
Dec 10 14:52:50 ip-10-0-1-162 systemd: Starting System Initialization.
Dec 10 14:52:50 ip-10-0-1-162 systemd: Starting Show Plymouth Boot Screen...
Dec 10 14:52:50 ip-10-0-1-162 systemd: Received SIGRTMIN+20 from PID 1702 (plymouthd).
Dec 10 14:52:50 ip-10-0-1-162 systemd: Started Show Plymouth Boot Screen.
Dec 10 14:52:50 ip-10-0-1-162 systemd: Started Forward Password Requests to Plymouth Directory Watch.
Dec 10 14:52:50 ip-10-0-1-162 systemd: Starting Forward Password Requests to Plymouth Directory Watch.
Dec 10 14:52:50 ip-10-0-1-162 systemd: Reached target Paths.
Dec 10 14:52:50 ip-10-0-1-162 systemd: Starting Paths.
Dec 10 14:52:50 ip-10-0-1-162 systemd: Reached target Basic System.
Dec 10 14:52:50 ip-10-0-1-162 systemd: Starting Basic System.
Dec 10 14:52:50 ip-10-0-1-162 kernel: SCSI subsystem initialized
Dec 10 14:52:50 ip-10-0-1-162 kernel: Invalid max_queues (4), will use default max: 1.
Dec 10 14:52:50 ip-10-0-1-162 kernel: AVX2 version of gcm_enc/dec engaged.
Dec 10 14:52:50 ip-10-0-1-162 kernel: AES CTR mode by8 optimization enabled
Dec 10 14:52:50 ip-10-0-1-162 kernel: scsi host0: ata_piix
Dec 10 14:52:50 ip-10-0-1-162 kernel: scsi host1: ata_piix
Dec 10 14:52:50 ip-10-0-1-162 kernel: ata1: PATA max MWDMA2 cmd 0x1f0 ctl 0x3f6 bmdma 0xc100 irq 14
Dec 10 14:52:50 ip-10-0-1-162 kernel: ata2: PATA max MWDMA2 cmd 0x170 ctl 0x376 bmdma 0xc108 irq 15
Dec 10 14:52:50 ip-10-0-1-162 kernel: blkfront: xvda: barrier or flush: disabled; persistent grants: disabled; indirect descriptors: enabled;
Dec 10 14:52:50 ip-10-0-1-162 kernel: alg: No test for pcbc(aes) (pcbc-aes-aesni)
Dec 10 14:52:50 ip-10-0-1-162 kernel: xvda: xvda1
Dec 10 14:52:50 ip-10-0-1-162 systemd: Found device /dev/disk/by-uuid/ca774df7-756d-4261-a3f1-76038323e572.
Dec 10 14:52:50 ip-10-0-1-162 systemd: Starting File System Check on /dev/disk/by-uuid/ca774df7-756d-4261-a3f1-76038323e572...
Dec 10 14:52:50 ip-10-0-1-162 systemd-fsck: /usr/sbin/fsck.xfs: XFS file system.
Dec 10 14:52:50 ip-10-0-1-162 systemd: Started File System Check on /dev/disk/by-uuid/ca774df7-756d-4261-a3f1-76038323e572.
Dec 10 14:52:50 ip-10-0-1-162 systemd: Started dracut initqueue hook.
Dec 10 14:52:50 ip-10-0-1-162 systemd: Starting dracut pre-mount hook...
Dec 10 14:52:50 ip-10-0-1-162 systemd: Reached target Remote File Systems (Pre).
Dec 10 14:52:50 ip-10-0-1-162 systemd: Starting Remote File Systems (Pre).
Dec 10 14:52:50 ip-10-0-1-162 systemd: Reached target Remote File Systems.
Dec 10 14:52:50 ip-10-0-1-162 systemd: Starting Remote File Systems.
Dec 10 14:52:50 ip-10-0-1-162 systemd: Started dracut pre-mount hook.
Dec 10 14:52:50 ip-10-0-1-162 systemd: Mounting /sysroot...
Dec 10 14:52:50 ip-10-0-1-162 kernel: SGI XFS with ACLs, security attributes, no debug enabled
Dec 10 14:52:50 ip-10-0-1-162 kernel: XFS (xvda1): Mounting V5 Filesystem
Dec 10 14:52:50 ip-10-0-1-162 systemd: Mounted /sysroot.
Dec 10 14:52:50 ip-10-0-1-162 systemd: Reached target Initrd Root File System.
Dec 10 14:52:50 ip-10-0-1-162 systemd: Starting Initrd Root File System.
Dec 10 14:52:50 ip-10-0-1-162 systemd: Starting Reload Configuration from the Real Root...
Dec 10 14:52:50 ip-10-0-1-162 kernel: XFS (xvda1): Ending clean mount
Dec 10 14:52:50 ip-10-0-1-162 systemd: Reloading.
Dec 10 14:52:50 ip-10-0-1-162 systemd: Started Reload Configuration from the Real Root.
Dec 10 14:52:50 ip-10-0-1-162 systemd: Reached target Initrd File Systems.
Dec 10 14:52:50 ip-10-0-1-162 systemd: Starting Initrd File Systems.
Dec 10 14:52:50 ip-10-0-1-162 systemd: Reached target Initrd Default Target.
Dec 10 14:52:50 ip-10-0-1-162 systemd: Starting Initrd Default Target.
Dec 10 14:52:50 ip-10-0-1-162 systemd: Starting dracut pre-pivot and cleanup hook...
Dec 10 14:52:50 ip-10-0-1-162 systemd: Started dracut pre-pivot and cleanup hook.
Dec 10 14:52:50 ip-10-0-1-162 systemd: Starting Cleaning Up and Shutting Down Daemons...
Dec 10 14:52:50 ip-10-0-1-162 systemd: Stopped Cleaning Up and Shutting Down Daemons.
Dec 10 14:52:50 ip-10-0-1-162 systemd: Stopped target Timers.
Dec 10 14:52:50 ip-10-0-1-162 systemd: Stopping Timers.
Dec 10 14:52:50 ip-10-0-1-162 systemd: Starting Plymouth switch root service...
Dec 10 14:52:50 ip-10-0-1-162 systemd: Stopped dracut pre-pivot and cleanup hook.
Dec 10 14:52:50 ip-10-0-1-162 systemd: Stopping dracut pre-pivot and cleanup hook...
Dec 10 14:52:50 ip-10-0-1-162 systemd: Stopped target Remote File Systems.
Dec 10 14:52:50 ip-10-0-1-162 systemd: Stopping Remote File Systems.
Dec 10 14:52:50 ip-10-0-1-162 systemd: Stopped target Remote File Systems (Pre).
Dec 10 14:52:50 ip-10-0-1-162 systemd: Stopping Remote File Systems (Pre).
Dec 10 14:52:50 ip-10-0-1-162 systemd: Stopped dracut pre-mount hook.
Dec 10 14:52:50 ip-10-0-1-162 systemd: Stopping dracut pre-mount hook...
Dec 10 14:52:50 ip-10-0-1-162 systemd: Stopped target Initrd Default Target.
Dec 10 14:52:50 ip-10-0-1-162 systemd: Stopping Initrd Default Target.
Dec 10 14:52:50 ip-10-0-1-162 systemd: Stopped target Basic System.
Dec 10 14:52:50 ip-10-0-1-162 systemd: Stopping Basic System.
Dec 10 14:52:50 ip-10-0-1-162 systemd: Stopped target Slices.
Dec 10 14:52:50 ip-10-0-1-162 systemd: Stopping Slices.
Dec 10 14:52:50 ip-10-0-1-162 systemd: Stopped target Sockets.
Dec 10 14:52:50 ip-10-0-1-162 systemd: Stopping Sockets.
Dec 10 14:52:50 ip-10-0-1-162 systemd: Stopped target System Initialization.
Dec 10 14:52:50 ip-10-0-1-162 systemd: Stopping System Initialization.
Dec 10 14:52:50 ip-10-0-1-162 systemd: Stopped target Local Encrypted Volumes.
Dec 10 14:52:50 ip-10-0-1-162 systemd: Stopping Local Encrypted Volumes.
Dec 10 14:52:50 ip-10-0-1-162 systemd: Stopped target Swap.
Dec 10 14:52:50 ip-10-0-1-162 systemd: Stopping Swap.
Dec 10 14:52:50 ip-10-0-1-162 systemd: Stopped target Local File Systems.
Dec 10 14:52:50 ip-10-0-1-162 systemd: Stopping Local File Systems.
Dec 10 14:52:50 ip-10-0-1-162 systemd: Stopped Apply Kernel Variables.
Dec 10 14:52:50 ip-10-0-1-162 systemd: Stopping Apply Kernel Variables...
Dec 10 14:52:50 ip-10-0-1-162 systemd: Stopped dracut initqueue hook.
Dec 10 14:52:50 ip-10-0-1-162 systemd: Stopping dracut initqueue hook...
Dec 10 14:52:50 ip-10-0-1-162 systemd: Stopped udev Coldplug all Devices.
Dec 10 14:52:50 ip-10-0-1-162 systemd: Stopping udev Coldplug all Devices...
Dec 10 14:52:50 ip-10-0-1-162 systemd: Stopped dracut pre-trigger hook.
Dec 10 14:52:50 ip-10-0-1-162 systemd: Stopping dracut pre-trigger hook...
Dec 10 14:52:50 ip-10-0-1-162 systemd: Stopping udev Kernel Device Manager...
Dec 10 14:52:50 ip-10-0-1-162 systemd: Stopped target Paths.
Dec 10 14:52:50 ip-10-0-1-162 systemd: Stopping Paths.
Dec 10 14:52:50 ip-10-0-1-162 systemd: Stopped udev Kernel Device Manager.
Dec 10 14:52:50 ip-10-0-1-162 systemd: Stopped dracut pre-udev hook.
Dec 10 14:52:50 ip-10-0-1-162 systemd: Stopping dracut pre-udev hook...
Dec 10 14:52:50 ip-10-0-1-162 systemd: Stopped dracut cmdline hook.
Dec 10 14:52:50 ip-10-0-1-162 systemd: Stopping dracut cmdline hook...
Dec 10 14:52:50 ip-10-0-1-162 systemd: Stopped Create Static Device Nodes in /dev.
Dec 10 14:52:50 ip-10-0-1-162 systemd: Stopping Create Static Device Nodes in /dev...
Dec 10 14:52:50 ip-10-0-1-162 systemd: Stopped Create list of required static device nodes for the current kernel.
Dec 10 14:52:50 ip-10-0-1-162 systemd: Stopping Create list of required static device nodes for the current kernel...
Dec 10 14:52:50 ip-10-0-1-162 systemd: Closed udev Control Socket.
Dec 10 14:52:50 ip-10-0-1-162 systemd: Stopping udev Control Socket.
Dec 10 14:52:50 ip-10-0-1-162 systemd: Closed udev Kernel Socket.
Dec 10 14:52:50 ip-10-0-1-162 systemd: Stopping udev Kernel Socket.
Dec 10 14:52:50 ip-10-0-1-162 systemd: Starting Cleanup udevd DB...
Dec 10 14:52:50 ip-10-0-1-162 systemd: Started Cleanup udevd DB.
Dec 10 14:52:50 ip-10-0-1-162 systemd: Reached target Switch Root.
Dec 10 14:52:50 ip-10-0-1-162 systemd: Starting Switch Root.
Dec 10 14:52:50 ip-10-0-1-162 systemd: Started Plymouth switch root service.
Dec 10 14:52:50 ip-10-0-1-162 systemd: Starting Switch Root...
Dec 10 14:52:50 ip-10-0-1-162 systemd: Switching root.
Dec 10 14:52:50 ip-10-0-1-162 journal: Journal stopped
Dec 10 14:52:51 ip-10-0-1-162 journal: Runtime journal is using 6.1M (max allowed 49.2M, trying to leave 73.9M free of 480.5M available â†’ current limit 49.2M).
Dec 10 14:52:51 ip-10-0-1-162 systemd-journald[921]: Received SIGTERM from PID 1 (systemd).
Dec 10 14:52:51 ip-10-0-1-162 kernel: systemd: 25 output lines suppressed due to ratelimiting
Dec 10 14:52:51 ip-10-0-1-162 kernel: SELinux:  Disabled at runtime.
Dec 10 14:52:51 ip-10-0-1-162 kernel: audit: type=1404 audit(1544453571.044:2): selinux=0 auid=4294967295 ses=4294967295
Dec 10 14:52:51 ip-10-0-1-162 kernel: ip_tables: (C) 2000-2006 Netfilter Core Team
Dec 10 14:52:51 ip-10-0-1-162 systemd[1]: Inserted module 'ip_tables'
Dec 10 14:52:51 ip-10-0-1-162 journal: Journal started
Dec 10 14:52:51 ip-10-0-1-162 systemd: systemd 219 running in system mode. (+PAM +AUDIT +SELINUX +IMA -APPARMOR +SMACK +SYSVINIT +UTMP +LIBCRYPTSETUP +GCRYPT +GNUTLS +ACL +XZ +LZ4 -SECCOMP +BLKID +ELFUTILS +KMOD +IDN)
Dec 10 14:52:51 ip-10-0-1-162 systemd: Detected virtualization xen.
Dec 10 14:52:51 ip-10-0-1-162 systemd: Detected architecture x86-64.
Dec 10 14:52:51 ip-10-0-1-162 systemd: Set hostname to <ip-10-0-1-162.us-west-2.compute.internal>.
Dec 10 14:52:51 ip-10-0-1-162 systemd: [/usr/lib/systemd/system/irqbalance.service:12] Unknown lvalue 'ReadOnlyPaths' in section 'Service'
Dec 10 14:52:51 ip-10-0-1-162 systemd: [/usr/lib/systemd/system/irqbalance.service:13] Unknown lvalue 'ReadWritePaths' in section 'Service'
Dec 10 14:52:51 ip-10-0-1-162 systemd: [/usr/lib/systemd/system/irqbalance.service:15] Unknown lvalue 'TemporaryFileSystem' in section 'Service'
Dec 10 14:52:51 ip-10-0-1-162 systemd: Cannot add dependency job for unit httpd-init.service, ignoring: Unit not found.
Dec 10 14:52:51 ip-10-0-1-162 systemd: Cannot add dependency job for unit display-manager.service, ignoring: Unit not found.
Dec 10 14:52:51 ip-10-0-1-162 kernel: ena: Elastic Network Adapter (ENA) v2.0.2g
Dec 10 14:52:51 ip-10-0-1-162 systemd: Mounted Debug File System.
Dec 10 14:52:51 ip-10-0-1-162 systemd: Mounted POSIX Message Queue File System.
Dec 10 14:52:51 ip-10-0-1-162 systemd: Mounted Huge Pages File System.
Dec 10 14:52:51 ip-10-0-1-162 systemd: Started Create list of required static device nodes for the current kernel.
Dec 10 14:52:51 ip-10-0-1-162 systemd: Started Remount Root and Kernel File Systems.
Dec 10 14:52:51 ip-10-0-1-162 systemd: Starting Load/Save Random Seed...
Dec 10 14:52:51 ip-10-0-1-162 systemd-modules-load: Inserted module 'ena'
Dec 10 14:52:51 ip-10-0-1-162 systemd: Starting udev Coldplug all Devices...
Dec 10 14:52:51 ip-10-0-1-162 systemd: Starting Configure read-only root support...
Dec 10 14:52:51 ip-10-0-1-162 systemd: Starting Create Static Device Nodes in /dev...
Dec 10 14:52:51 ip-10-0-1-162 systemd: Starting Flush Journal to Persistent Storage...
Dec 10 14:52:51 ip-10-0-1-162 systemd: Started Load Kernel Modules.
Dec 10 14:52:51 ip-10-0-1-162 systemd: Started Load/Save Random Seed.
Dec 10 14:52:51 ip-10-0-1-162 systemd: Started Create Static Device Nodes in /dev.
Dec 10 14:52:51 ip-10-0-1-162 journal: Permanent journal is using 48.0M (max allowed 818.0M, trying to leave 1.1G free of 5.9G available â†’ current limit 818.0M).
Dec 10 14:52:51 ip-10-0-1-162 journal: Time spent on flushing to /var is 410.776ms for 541 entries.
Dec 10 14:52:51 ip-10-0-1-162 kernel: input: Power Button as /devices/LNXSYSTM:00/LNXPWRBN:00/input/input3
Dec 10 14:52:51 ip-10-0-1-162 kernel: ACPI: Power Button [PWRF]
Dec 10 14:52:51 ip-10-0-1-162 kernel: input: Sleep Button as /devices/LNXSYSTM:00/LNXSLPBN:00/input/input4
Dec 10 14:52:51 ip-10-0-1-162 kernel: ACPI: Sleep Button [SLPF]
Dec 10 14:52:51 ip-10-0-1-162 kernel: input: ImExPS/2 Generic Explorer Mouse as /devices/platform/i8042/serio1/input/input5
Dec 10 14:52:51 ip-10-0-1-162 kernel: EDAC sbridge:  Ver: 1.1.2 
Dec 10 14:52:51 ip-10-0-1-162 kernel: mousedev: PS/2 mouse device common for all mice
Dec 10 14:52:51 ip-10-0-1-162 systemd: Started LVM2 metadata daemon.
Dec 10 14:52:51 ip-10-0-1-162 systemd: Starting LVM2 metadata daemon...
Dec 10 14:52:51 ip-10-0-1-162 systemd: Starting udev Kernel Device Manager...
Dec 10 14:52:51 ip-10-0-1-162 systemd: Starting Apply Kernel Variables...
Dec 10 14:52:51 ip-10-0-1-162 systemd: Started Configure read-only root support.
Dec 10 14:52:51 ip-10-0-1-162 systemd-udevd: starting version 219
Dec 10 14:52:51 ip-10-0-1-162 systemd: Started udev Coldplug all Devices.
Dec 10 14:52:51 ip-10-0-1-162 systemd: Starting udev Wait for Complete Device Initialization...
Dec 10 14:52:51 ip-10-0-1-162 systemd-udevd: Network interface NamePolicy= disabled on kernel command line, ignoring.
Dec 10 14:52:51 ip-10-0-1-162 systemd: Started Apply Kernel Variables.
Dec 10 14:52:51 ip-10-0-1-162 systemd: Started udev Kernel Device Manager.
Dec 10 14:52:51 ip-10-0-1-162 systemd: Found device /dev/ttyS0.
Dec 10 14:52:51 ip-10-0-1-162 systemd: Created slice system-ec2net\x2difup.slice.
Dec 10 14:52:51 ip-10-0-1-162 systemd: Starting system-ec2net\x2difup.slice.
Dec 10 14:52:51 ip-10-0-1-162 systemd: Started Flush Journal to Persistent Storage.
Dec 10 14:52:52 ip-10-0-1-162 systemd: Started udev Wait for Complete Device Initialization.
Dec 10 14:52:52 ip-10-0-1-162 systemd: Starting Activation of DM RAID sets...
Dec 10 14:52:52 ip-10-0-1-162 systemd: Started Activation of DM RAID sets.
Dec 10 14:52:52 ip-10-0-1-162 systemd: Reached target Local Encrypted Volumes.
Dec 10 14:52:52 ip-10-0-1-162 systemd: Starting Local Encrypted Volumes.
Dec 10 14:52:52 ip-10-0-1-162 systemd: Started Monitoring of LVM2 mirrors, snapshots etc. using dmeventd or progress polling.
Dec 10 14:52:52 ip-10-0-1-162 systemd: Reached target Local File Systems (Pre).
Dec 10 14:52:52 ip-10-0-1-162 systemd: Starting Local File Systems (Pre).
Dec 10 14:52:52 ip-10-0-1-162 systemd: Reached target Local File Systems.
Dec 10 14:52:52 ip-10-0-1-162 systemd: Starting Local File Systems.
Dec 10 14:52:52 ip-10-0-1-162 systemd: Starting Tell Plymouth To Write Out Runtime Data...
Dec 10 14:52:52 ip-10-0-1-162 systemd: Starting Preprocess NFS configuration...
Dec 10 14:52:52 ip-10-0-1-162 systemd: Starting Create Volatile Files and Directories...
Dec 10 14:52:52 ip-10-0-1-162 systemd: Started Preprocess NFS configuration.
Dec 10 14:52:52 ip-10-0-1-162 systemd: Started Create Volatile Files and Directories.
Dec 10 14:52:52 ip-10-0-1-162 systemd: Starting Security Auditing Service...
Dec 10 14:52:52 ip-10-0-1-162 systemd: Mounting RPC Pipe File System...
Dec 10 14:52:52 ip-10-0-1-162 systemd: Started Tell Plymouth To Write Out Runtime Data.
Dec 10 14:52:52 ip-10-0-1-162 kernel: RPC: Registered named UNIX socket transport module.
Dec 10 14:52:52 ip-10-0-1-162 kernel: RPC: Registered udp transport module.
Dec 10 14:52:52 ip-10-0-1-162 kernel: RPC: Registered tcp transport module.
Dec 10 14:52:52 ip-10-0-1-162 kernel: RPC: Registered tcp NFSv4.1 backchannel transport module.
Dec 10 14:52:52 ip-10-0-1-162 systemd: Mounted RPC Pipe File System.
Dec 10 14:52:52 ip-10-0-1-162 systemd: Reached target rpc_pipefs.target.
Dec 10 14:52:52 ip-10-0-1-162 systemd: Starting rpc_pipefs.target.
Dec 10 14:52:52 ip-10-0-1-162 auditd[2625]: Started dispatcher: /sbin/audispd pid: 2627
Dec 10 14:52:52 ip-10-0-1-162 auditd[2625]: Init complete, auditd 2.8.1 listening for events (startup state enable)
Dec 10 14:52:52 ip-10-0-1-162 audispd: No plugins found, exiting
Dec 10 14:52:52 ip-10-0-1-162 augenrules: /sbin/augenrules: No change
Dec 10 14:52:52 ip-10-0-1-162 augenrules: No rules
Dec 10 14:52:52 ip-10-0-1-162 augenrules: enabled 1
Dec 10 14:52:52 ip-10-0-1-162 augenrules: failure 1
Dec 10 14:52:52 ip-10-0-1-162 augenrules: pid 2625
Dec 10 14:52:52 ip-10-0-1-162 augenrules: rate_limit 0
Dec 10 14:52:52 ip-10-0-1-162 augenrules: backlog_limit 8192
Dec 10 14:52:52 ip-10-0-1-162 augenrules: lost 0
Dec 10 14:52:52 ip-10-0-1-162 augenrules: backlog 1
Dec 10 14:52:52 ip-10-0-1-162 augenrules: backlog_wait_time 15000
Dec 10 14:52:52 ip-10-0-1-162 augenrules: enabled 1
Dec 10 14:52:52 ip-10-0-1-162 augenrules: failure 1
Dec 10 14:52:52 ip-10-0-1-162 augenrules: pid 2625
Dec 10 14:52:52 ip-10-0-1-162 augenrules: rate_limit 0
Dec 10 14:52:52 ip-10-0-1-162 augenrules: backlog_limit 8192
Dec 10 14:52:52 ip-10-0-1-162 augenrules: lost 0
Dec 10 14:52:52 ip-10-0-1-162 augenrules: backlog 1
Dec 10 14:52:52 ip-10-0-1-162 augenrules: backlog_wait_time 15000
Dec 10 14:52:52 ip-10-0-1-162 systemd: Started Security Auditing Service.
Dec 10 14:52:52 ip-10-0-1-162 systemd: Starting Update UTMP about System Boot/Shutdown...
Dec 10 14:52:52 ip-10-0-1-162 systemd: Started Update UTMP about System Boot/Shutdown.
Dec 10 14:52:52 ip-10-0-1-162 systemd: Reached target System Initialization.
Dec 10 14:52:52 ip-10-0-1-162 systemd: Starting System Initialization.
Dec 10 14:52:52 ip-10-0-1-162 systemd: Listening on D-Bus System Message Bus Socket.
Dec 10 14:52:52 ip-10-0-1-162 systemd: Starting D-Bus System Message Bus Socket.
Dec 10 14:52:52 ip-10-0-1-162 systemd: Started Daily Cleanup of Temporary Directories.
Dec 10 14:52:52 ip-10-0-1-162 systemd: Starting Daily Cleanup of Temporary Directories.
Dec 10 14:52:52 ip-10-0-1-162 systemd: Reached target Timers.
Dec 10 14:52:52 ip-10-0-1-162 systemd: Starting Timers.
Dec 10 14:52:52 ip-10-0-1-162 systemd: Listening on RPCbind Server Activation Socket.
Dec 10 14:52:52 ip-10-0-1-162 systemd: Starting RPCbind Server Activation Socket.
Dec 10 14:52:52 ip-10-0-1-162 systemd: Reached target Sockets.
Dec 10 14:52:52 ip-10-0-1-162 systemd: Starting Sockets.
Dec 10 14:52:52 ip-10-0-1-162 systemd: Started Flexible branding.
Dec 10 14:52:52 ip-10-0-1-162 systemd: Starting Flexible branding.
Dec 10 14:52:52 ip-10-0-1-162 systemd: Reached target Paths.
Dec 10 14:52:52 ip-10-0-1-162 systemd: Starting Paths.
Dec 10 14:52:52 ip-10-0-1-162 systemd: Reached target Basic System.
Dec 10 14:52:52 ip-10-0-1-162 systemd: Starting Basic System.
Dec 10 14:52:52 ip-10-0-1-162 systemd: Started irqbalance daemon.
Dec 10 14:52:52 ip-10-0-1-162 systemd: Starting irqbalance daemon...
Dec 10 14:52:52 ip-10-0-1-162 systemd: Starting Resets System Activity Logs...
Dec 10 14:52:52 ip-10-0-1-162 systemd: Started Hardware RNG Entropy Gatherer Daemon.
Dec 10 14:52:52 ip-10-0-1-162 systemd: Starting Hardware RNG Entropy Gatherer Daemon...
Dec 10 14:52:52 ip-10-0-1-162 systemd: Starting Login Service...
Dec 10 14:52:52 ip-10-0-1-162 systemd: Starting GSSAPI Proxy Daemon...
Dec 10 14:52:52 ip-10-0-1-162 rngd: Failed to init entropy source 0: Hardware RNG Device
Dec 10 14:52:52 ip-10-0-1-162 rngd: Failed to init entropy source 1: TPM RNG Device
Dec 10 14:52:52 ip-10-0-1-162 systemd: Started D-Bus System Message Bus.
Dec 10 14:52:52 ip-10-0-1-162 /usr/sbin/irqbalance: Balancing is ineffective on systems with a single cpu.  Shutting down
Dec 10 14:52:52 ip-10-0-1-162 kernel: random: crng init done
Dec 10 14:52:52 ip-10-0-1-162 kernel: random: 7 urandom warning(s) missed due to ratelimiting
Dec 10 14:52:52 ip-10-0-1-162 systemd: Starting D-Bus System Message Bus...
Dec 10 14:52:52 ip-10-0-1-162 systemd: Starting NTP client/server...
Dec 10 14:52:52 ip-10-0-1-162 systemd: Starting Initial cloud-init job (pre-networking)...
Dec 10 14:52:52 ip-10-0-1-162 systemd: Starting Dump dmesg to /var/log/dmesg...
Dec 10 14:52:52 ip-10-0-1-162 systemd: Started libstoragemgmt plug-in server daemon.
Dec 10 14:52:52 ip-10-0-1-162 systemd: Starting libstoragemgmt plug-in server daemon...
Dec 10 14:52:52 ip-10-0-1-162 systemd: Started Resets System Activity Logs.
Dec 10 14:52:52 ip-10-0-1-162 systemd: Started GSSAPI Proxy Daemon.
Dec 10 14:52:52 ip-10-0-1-162 systemd-logind: Watching system buttons on /dev/input/event1 (Power Button)
Dec 10 14:52:52 ip-10-0-1-162 systemd-logind: Watching system buttons on /dev/input/event2 (Sleep Button)
Dec 10 14:52:52 ip-10-0-1-162 systemd-logind: New seat seat0.
Dec 10 14:52:52 ip-10-0-1-162 systemd: Started Login Service.
Dec 10 14:52:52 ip-10-0-1-162 systemd: Reached target NFS client services.
Dec 10 14:52:52 ip-10-0-1-162 systemd: Starting NFS client services.
Dec 10 14:52:52 ip-10-0-1-162 systemd: Reached target Remote File Systems (Pre).
Dec 10 14:52:52 ip-10-0-1-162 systemd: Starting Remote File Systems (Pre).
Dec 10 14:52:52 ip-10-0-1-162 systemd: Reached target Remote File Systems.
Dec 10 14:52:52 ip-10-0-1-162 systemd: Starting Remote File Systems.
Dec 10 14:52:52 ip-10-0-1-162 chronyd[2681]: chronyd version 3.2 starting (+CMDMON +NTP +REFCLOCK +RTC +PRIVDROP +SCFILTER +SECHASH +SIGND +ASYNCDNS +IPV6 +DEBUG)
Dec 10 14:52:52 ip-10-0-1-162 systemd: Started Dump dmesg to /var/log/dmesg.
Dec 10 14:52:52 ip-10-0-1-162 chronyd[2681]: Frequency 9.653 +/- 0.027 ppm read from /var/lib/chrony/drift
Dec 10 14:52:52 ip-10-0-1-162 systemd: Started NTP client/server.
Dec 10 14:52:53 ip-10-0-1-162 cloud-init: Cloud-init v. 18.2-72.amzn2.0.6 running 'init-local' at Mon, 10 Dec 2018 14:52:53 +0000. Up 5.18 seconds.
Dec 10 14:52:53 ip-10-0-1-162 systemd: Started Initial cloud-init job (pre-networking).
Dec 10 14:52:53 ip-10-0-1-162 systemd: Reached target Network (Pre).
Dec 10 14:52:53 ip-10-0-1-162 systemd: Starting Network (Pre).
Dec 10 14:52:53 ip-10-0-1-162 systemd: Starting LSB: Bring up/down networking...
Dec 10 14:52:53 ip-10-0-1-162 network: Bringing up loopback interface:  [  OK  ]
Dec 10 14:52:53 ip-10-0-1-162 network: Bringing up interface eth0:
Dec 10 14:52:53 ip-10-0-1-162 dhclient[2814]: DHCPDISCOVER on eth0 to 255.255.255.255 port 67 interval 6 (xid=0x54fc4cba)
Dec 10 14:52:53 ip-10-0-1-162 dhclient[2814]: DHCPREQUEST on eth0 to 255.255.255.255 port 67 (xid=0x54fc4cba)
Dec 10 14:52:53 ip-10-0-1-162 dhclient[2814]: DHCPOFFER from 10.0.1.1
Dec 10 14:52:53 ip-10-0-1-162 dhclient[2814]: DHCPACK from 10.0.1.1 (xid=0x54fc4cba)
Dec 10 14:52:53 ip-10-0-1-162 NET[2860]: /usr/sbin/dhclient-script : updated /etc/resolv.conf
Dec 10 14:52:53 ip-10-0-1-162 dhclient[2814]: bound to 10.0.1.162 -- renewal in 1421 seconds.
Dec 10 14:52:53 ip-10-0-1-162 ec2net: [get_meta] Trying to get http://169.254.169.254/latest/meta-data/network/interfaces/macs/02:2b:22:b4:aa:32/local-ipv4s
Dec 10 14:52:53 ip-10-0-1-162 network: Determining IP information for eth0... done.
Dec 10 14:52:53 ip-10-0-1-162 ec2net: [rewrite_aliases] Rewriting aliases of eth0
Dec 10 14:52:55 ip-10-0-1-162 network: Determining IPv6 information for eth0... done.
Dec 10 14:52:55 ip-10-0-1-162 network: [  OK  ]
Dec 10 14:52:55 ip-10-0-1-162 systemd: Started LSB: Bring up/down networking.
Dec 10 14:52:55 ip-10-0-1-162 systemd: Reached target Network.
Dec 10 14:52:55 ip-10-0-1-162 systemd: Starting Network.
Dec 10 14:52:55 ip-10-0-1-162 systemd: Starting The Apache HTTP Server...
Dec 10 14:52:55 ip-10-0-1-162 systemd: Starting Postfix Mail Transport Agent...
Dec 10 14:52:55 ip-10-0-1-162 systemd: Starting Initial cloud-init job (metadata service crawler)...
Dec 10 14:52:55 ip-10-0-1-162 dhclient[3004]: XMT: Solicit on eth0, interval 1070ms.
Dec 10 14:52:55 ip-10-0-1-162 systemd: Started The Apache HTTP Server.
Dec 10 14:52:56 ip-10-0-1-162 cloud-init: Cloud-init v. 18.2-72.amzn2.0.6 running 'init' at Mon, 10 Dec 2018 14:52:56 +0000. Up 8.14 seconds.
Dec 10 14:52:56 ip-10-0-1-162 cloud-init: ci-info: ++++++++++++++++++++++++++++++++++++++Net device info++++++++++++++++++++++++++++++++++++++
Dec 10 14:52:56 ip-10-0-1-162 cloud-init: ci-info: +--------+------+----------------------------+---------------+--------+-------------------+
Dec 10 14:52:56 ip-10-0-1-162 cloud-init: ci-info: | Device |  Up  |          Address           |      Mask     | Scope  |     Hw-Address    |
Dec 10 14:52:56 ip-10-0-1-162 cloud-init: ci-info: +--------+------+----------------------------+---------------+--------+-------------------+
Dec 10 14:52:56 ip-10-0-1-162 cloud-init: ci-info: |  eth0  | True |         10.0.1.162         | 255.255.255.0 | global | 02:2b:22:b4:aa:32 |
Dec 10 14:52:56 ip-10-0-1-162 cloud-init: ci-info: |  eth0  | True | fe80::2b:22ff:feb4:aa32/64 |       .       |  link  | 02:2b:22:b4:aa:32 |
Dec 10 14:52:56 ip-10-0-1-162 cloud-init: ci-info: |   lo   | True |         127.0.0.1          |   255.0.0.0   |  host  |         .         |
Dec 10 14:52:56 ip-10-0-1-162 cloud-init: ci-info: |   lo   | True |          ::1/128           |       .       |  host  |         .         |
Dec 10 14:52:56 ip-10-0-1-162 cloud-init: ci-info: +--------+------+----------------------------+---------------+--------+-------------------+
Dec 10 14:52:56 ip-10-0-1-162 cloud-init: ci-info: ++++++++++++++++++++++++++++++Route IPv4 info+++++++++++++++++++++++++++++++
Dec 10 14:52:56 ip-10-0-1-162 cloud-init: ci-info: +-------+-----------------+----------+-----------------+-----------+-------+
Dec 10 14:52:56 ip-10-0-1-162 cloud-init: ci-info: | Route |   Destination   | Gateway  |     Genmask     | Interface | Flags |
Dec 10 14:52:56 ip-10-0-1-162 cloud-init: ci-info: +-------+-----------------+----------+-----------------+-----------+-------+
Dec 10 14:52:56 ip-10-0-1-162 cloud-init: ci-info: |   0   |     0.0.0.0     | 10.0.1.1 |     0.0.0.0     |    eth0   |   UG  |
Dec 10 14:52:56 ip-10-0-1-162 cloud-init: ci-info: |   1   |     10.0.1.0    | 0.0.0.0  |  255.255.255.0  |    eth0   |   U   |
Dec 10 14:52:56 ip-10-0-1-162 cloud-init: ci-info: |   2   | 169.254.169.254 | 0.0.0.0  | 255.255.255.255 |    eth0   |   UH  |
Dec 10 14:52:56 ip-10-0-1-162 cloud-init: ci-info: +-------+-----------------+----------+-----------------+-----------+-------+
Dec 10 14:52:56 ip-10-0-1-162 cloud-init: ci-info: +++++++++++++++++++Route IPv6 info+++++++++++++++++++
Dec 10 14:52:56 ip-10-0-1-162 cloud-init: ci-info: +-------+-------------+---------+-----------+-------+
Dec 10 14:52:56 ip-10-0-1-162 cloud-init: ci-info: | Route | Destination | Gateway | Interface | Flags |
Dec 10 14:52:56 ip-10-0-1-162 cloud-init: ci-info: +-------+-------------+---------+-----------+-------+
Dec 10 14:52:56 ip-10-0-1-162 cloud-init: ci-info: |   9   |  fe80::/64  |    ::   |    eth0   |   U   |
Dec 10 14:52:56 ip-10-0-1-162 cloud-init: ci-info: |   11  |    local    |    ::   |    eth0   |   U   |
Dec 10 14:52:56 ip-10-0-1-162 cloud-init: ci-info: |   12  |   ff00::/8  |    ::   |    eth0   |   U   |
Dec 10 14:52:56 ip-10-0-1-162 cloud-init: ci-info: +-------+-------------+---------+-----------+-------+
Dec 10 14:52:56 ip-10-0-1-162 systemd: Started Postfix Mail Transport Agent.
Dec 10 14:52:56 ip-10-0-1-162 dhclient[3004]: XMT: Solicit on eth0, interval 2240ms.
Dec 10 14:52:56 ip-10-0-1-162 systemd: Started Initial cloud-init job (metadata service crawler).
Dec 10 14:52:56 ip-10-0-1-162 systemd: Starting Permit User Sessions...
Dec 10 14:52:56 ip-10-0-1-162 systemd: Reached target Network is Online.
Dec 10 14:52:56 ip-10-0-1-162 systemd: Starting Network is Online.
Dec 10 14:52:56 ip-10-0-1-162 systemd: Starting LSB: Jenkins Automation Server...
Dec 10 14:52:56 ip-10-0-1-162 systemd: Started amazon-ssm-agent.
Dec 10 14:52:56 ip-10-0-1-162 systemd: Starting amazon-ssm-agent...
Dec 10 14:52:56 ip-10-0-1-162 systemd: Starting Dynamically Generate Message Of The Day...
Dec 10 14:52:56 ip-10-0-1-162 systemd: Starting System Logging Service...
Dec 10 14:52:56 ip-10-0-1-162 systemd: Starting Notify NFS peers of a restart...
Dec 10 14:52:56 ip-10-0-1-162 systemd: Reached target Cloud-config availability.
Dec 10 14:52:56 ip-10-0-1-162 systemd: Starting Cloud-config availability.
Dec 10 14:52:56 ip-10-0-1-162 systemd: Starting Apply the settings specified in cloud-config...
Dec 10 14:52:56 ip-10-0-1-162 systemd: Starting OpenSSH server daemon...
Dec 10 14:52:56 ip-10-0-1-162 sm-notify[3228]: Version 1.3.0 starting
