Started by user [8mha:////4Fk1k7e+48rHXUzmlNpYSU0RU1syiePVtwyB//KweiJrAAAAmR+LCAAAAAAAAP9b85aBtbiIQTGjNKU4P08vOT+vOD8nVc83PyU1x6OyILUoJzMv2y+/JJUBAhiZGBgqihhk0NSjKDWzXb3RdlLBUSYGJk8GtpzUvPSSDB8G5tKinBIGIZ+sxLJE/ZzEvHT94JKizLx0a6BxUmjGOUNodHsLgAz2EgZe/dLi1CL9rNS87My8YgDGtiJjwgAAAA==[0mjenkins
[EnvInject] - Loading node environment variables.
Building remotely on [8mha:////4OgAaaA4y/AHXGRMOATfxjlPO8lZbIuL+QrTX0xKwF5+AAAAnR+LCAAAAAAAAP9b85aBtbiIQTGjNKU4P08vOT+vOD8nVc83PyU1x6OyILUoJzMv2y+/JJUBAhiZGBgqihhk0NSjKDWzXb3RdlLBUSYGJk8GtpzUvPSSDB8G5tKinBIGIZ+sxLJE/ZzEvHT94JKizLx0a6BxUmjGOUNodHsLgAz2EgZB/eT83ILSktQi/dzK4pzEslQA8eHtTsYAAAA=[0mmyslave (myslavenode) in workspace /home/jenkins/workspace/LogViewJob
[LogViewJob] $ /bin/sh -xe /tmp/jenkins5419810987254211411.sh
+ sudo cat /var/log/messages
Feb  8 14:40:01 ip-10-0-2-151 rsyslogd: [origin software="rsyslogd" swVersion="8.24.0" x-pid="3142" x-info="http://www.rsyslog.com"] rsyslogd was HUPed
Feb  8 14:40:04 ip-10-0-2-151 dhclient[2968]: XMT: Solicit on eth0, interval 110540ms.
Feb  8 14:41:55 ip-10-0-2-151 dhclient[2968]: XMT: Solicit on eth0, interval 118560ms.
Feb  8 14:43:54 ip-10-0-2-151 dhclient[2968]: XMT: Solicit on eth0, interval 116340ms.
Feb  8 14:45:50 ip-10-0-2-151 dhclient[2968]: XMT: Solicit on eth0, interval 119830ms.
Feb  8 14:46:34 ip-10-0-2-151 dhclient[2881]: DHCPREQUEST on eth0 to 10.0.2.1 port 67 (xid=0x29282d37)
Feb  8 14:46:34 ip-10-0-2-151 dhclient[2881]: DHCPACK from 10.0.2.1 (xid=0x29282d37)
Feb  8 14:46:34 ip-10-0-2-151 dhclient[2881]: bound to 10.0.2.151 -- renewal in 1500 seconds.
Feb  8 14:46:34 ip-10-0-2-151 ec2net: [get_meta] Trying to get http://169.254.169.254/latest/meta-data/network/interfaces/macs/0a:52:b2:38:a2:aa/local-ipv4s
Feb  8 14:46:34 ip-10-0-2-151 ec2net: [rewrite_aliases] Rewriting aliases of eth0
Feb  8 14:47:50 ip-10-0-2-151 dhclient[2968]: XMT: Solicit on eth0, interval 111150ms.
Feb  8 14:49:41 ip-10-0-2-151 dhclient[2968]: XMT: Solicit on eth0, interval 130620ms.
Feb  8 14:50:01 ip-10-0-2-151 systemd: Started Session 11 of user root.
Feb  8 14:50:01 ip-10-0-2-151 systemd: Starting Session 11 of user root.
Feb  8 14:51:52 ip-10-0-2-151 dhclient[2968]: XMT: Solicit on eth0, interval 127390ms.
Feb  8 14:53:59 ip-10-0-2-151 dhclient[2968]: XMT: Solicit on eth0, interval 127640ms.
Feb  8 14:56:07 ip-10-0-2-151 dhclient[2968]: XMT: Solicit on eth0, interval 116280ms.
Feb  8 14:58:03 ip-10-0-2-151 dhclient[2968]: XMT: Solicit on eth0, interval 117630ms.
Feb  8 15:00:01 ip-10-0-2-151 systemd: Removed slice User Slice of root.
Feb  8 15:00:01 ip-10-0-2-151 systemd: Stopping User Slice of root.
Feb  8 15:00:01 ip-10-0-2-151 systemd: Created slice User Slice of root.
Feb  8 15:00:01 ip-10-0-2-151 systemd: Starting User Slice of root.
Feb  8 15:00:01 ip-10-0-2-151 systemd: Started Session 12 of user root.
Feb  8 15:00:01 ip-10-0-2-151 systemd: Starting Session 12 of user root.
Feb  8 15:00:01 ip-10-0-2-151 systemd: Removed slice User Slice of root.
Feb  8 15:00:01 ip-10-0-2-151 systemd: Stopping User Slice of root.
Feb  8 15:00:01 ip-10-0-2-151 dhclient[2968]: XMT: Solicit on eth0, interval 119470ms.
Feb  8 15:01:01 ip-10-0-2-151 systemd: Created slice User Slice of root.
Feb  8 15:01:01 ip-10-0-2-151 systemd: Starting User Slice of root.
Feb  8 15:01:01 ip-10-0-2-151 systemd: Started Session 13 of user root.
Feb  8 15:01:01 ip-10-0-2-151 systemd: Starting Session 13 of user root.
Feb  8 15:01:01 ip-10-0-2-151 systemd: Removed slice User Slice of root.
Feb  8 15:01:01 ip-10-0-2-151 systemd: Stopping User Slice of root.
Feb  8 15:02:01 ip-10-0-2-151 dhclient[2968]: XMT: Solicit on eth0, interval 123710ms.
Feb  8 15:03:47 ip-10-0-2-151 systemd: Started Session 14 of user ec2-user.
Feb  8 15:03:47 ip-10-0-2-151 systemd-logind: New session 14 of user ec2-user.
Feb  8 15:03:47 ip-10-0-2-151 systemd: Starting Session 14 of user ec2-user.
Feb  8 15:03:52 ip-10-0-2-151 su: (to root) ec2-user on pts/3
Feb  8 15:04:04 ip-10-0-2-151 dhclient[2968]: XMT: Solicit on eth0, interval 131490ms.
Feb  8 15:06:16 ip-10-0-2-151 dhclient[2968]: XMT: Solicit on eth0, interval 120350ms.
Feb  8 15:06:19 ip-10-0-2-151 systemd: Reloaded The Apache HTTP Server.
Feb  8 15:08:16 ip-10-0-2-151 dhclient[2968]: XMT: Solicit on eth0, interval 116890ms.
Feb  8 15:10:01 ip-10-0-2-151 systemd: Created slice User Slice of root.
Feb  8 15:10:01 ip-10-0-2-151 systemd: Starting User Slice of root.
Feb  8 15:10:01 ip-10-0-2-151 systemd: Started Session 15 of user root.
Feb  8 15:10:01 ip-10-0-2-151 systemd: Starting Session 15 of user root.
Feb  8 15:10:01 ip-10-0-2-151 systemd: Removed slice User Slice of root.
Feb  8 15:10:01 ip-10-0-2-151 systemd: Stopping User Slice of root.
Feb  8 15:10:13 ip-10-0-2-151 dhclient[2968]: XMT: Solicit on eth0, interval 129460ms.
Feb  8 15:11:34 ip-10-0-2-151 dhclient[2881]: DHCPREQUEST on eth0 to 10.0.2.1 port 67 (xid=0x29282d37)
Feb  8 15:11:34 ip-10-0-2-151 dhclient[2881]: DHCPACK from 10.0.2.1 (xid=0x29282d37)
Feb  8 15:11:34 ip-10-0-2-151 dhclient[2881]: bound to 10.0.2.151 -- renewal in 1702 seconds.
Feb  8 15:11:34 ip-10-0-2-151 ec2net: [get_meta] Trying to get http://169.254.169.254/latest/meta-data/network/interfaces/macs/0a:52:b2:38:a2:aa/local-ipv4s
Feb  8 15:11:34 ip-10-0-2-151 ec2net: [rewrite_aliases] Rewriting aliases of eth0
Feb  8 15:12:23 ip-10-0-2-151 dhclient[2968]: XMT: Solicit on eth0, interval 111940ms.
Feb  8 15:14:15 ip-10-0-2-151 dhclient[2968]: XMT: Solicit on eth0, interval 125840ms.
Feb  8 15:16:21 ip-10-0-2-151 dhclient[2968]: XMT: Solicit on eth0, interval 115690ms.
Feb  8 15:16:28 ip-10-0-2-151 systemd: Stopped target rpc_pipefs.target.
Feb  8 15:16:28 ip-10-0-2-151 systemd: Stopping rpc_pipefs.target.
Feb  8 15:16:28 ip-10-0-2-151 systemd: Stopping Authorization Manager...
Feb  8 15:16:28 ip-10-0-2-151 systemd: Removed slice system-ec2net\x2difup.slice.
Feb  8 15:16:28 ip-10-0-2-151 systemd: Stopping system-ec2net\x2difup.slice.
Feb  8 15:16:28 ip-10-0-2-151 systemd: Stopped target Timers.
Feb  8 15:16:28 ip-10-0-2-151 systemd: Stopping Timers.
Feb  8 15:16:28 ip-10-0-2-151 systemd: Stopped Daily Cleanup of Temporary Directories.
Feb  8 15:16:28 ip-10-0-2-151 systemd: Stopping Daily Cleanup of Temporary Directories.
Feb  8 15:16:28 ip-10-0-2-151 systemd: Stopping The Apache HTTP Server...
Feb  8 15:16:28 ip-10-0-2-151 systemd: Stopped target Cloud-init target.
Feb  8 15:16:28 ip-10-0-2-151 systemd: Stopping Cloud-init target.
Feb  8 15:16:28 ip-10-0-2-151 systemd: Removed slice system-selinux\x2dpolicy\x2dmigrate\x2dlocal\x2dchanges.slice.
Feb  8 15:16:28 ip-10-0-2-151 systemd: Stopping system-selinux\x2dpolicy\x2dmigrate\x2dlocal\x2dchanges.slice.
Feb  8 15:16:28 ip-10-0-2-151 systemd: Unmounting RPC Pipe File System...
Feb  8 15:16:28 ip-10-0-2-151 systemd: Stopping Session 14 of user ec2-user.
Feb  8 15:16:28 ip-10-0-2-151 systemd: Stopped Dump dmesg to /var/log/dmesg.
Feb  8 15:16:28 ip-10-0-2-151 systemd: Stopping Dump dmesg to /var/log/dmesg...
Feb  8 15:16:28 ip-10-0-2-151 systemd: Stopped target Graphical Interface.
Feb  8 15:16:28 ip-10-0-2-151 systemd: Stopping Graphical Interface.
Feb  8 15:16:28 ip-10-0-2-151 systemd: Stopping Session 5 of user ec2-user.
Feb  8 15:16:28 ip-10-0-2-151 systemd: Stopped Execute cloud user/final scripts.
Feb  8 15:16:28 ip-10-0-2-151 systemd: Stopping Execute cloud user/final scripts...
Feb  8 15:16:28 ip-10-0-2-151 systemd: Stopped Apply the settings specified in cloud-config.
Feb  8 15:16:28 ip-10-0-2-151 systemd: Stopping Apply the settings specified in cloud-config...
Feb  8 15:16:28 ip-10-0-2-151 systemd: Stopped target Cloud-config availability.
Feb  8 15:16:28 ip-10-0-2-151 systemd: Stopping Cloud-config availability.
Feb  8 15:16:28 ip-10-0-2-151 systemd: Stopping Session 2 of user ec2-user.
Feb  8 15:16:28 ip-10-0-2-151 systemd: Stopped target Multi-User System.
Feb  8 15:16:28 ip-10-0-2-151 systemd: Stopping Multi-User System.
Feb  8 15:16:28 ip-10-0-2-151 chronyd[2656]: chronyd exiting
Feb  8 15:16:28 ip-10-0-2-151 systemd: Stopping Command Scheduler...
Feb  8 15:16:28 ip-10-0-2-151 systemd: Stopping NTP client/server...
Feb  8 15:16:28 ip-10-0-2-151 systemd: Stopping System Logging Service...
Feb  8 15:16:28 ip-10-0-2-151 systemd: Stopping Hardware RNG Entropy Gatherer Daemon...
Feb  8 15:16:28 ip-10-0-2-151 systemd: Stopping Job spooling tools...
Feb  8 15:16:28 ip-10-0-2-151 systemd: Stopping Postfix Mail Transport Agent...
Feb  8 15:16:28 ip-10-0-2-151 systemd: Stopping amazon-ssm-agent...
Feb  8 15:16:28 ip-10-0-2-151 amazon-ssm-agent: 2019-02-08 15:16:28 INFO Got signal:terminated value:0xbb2dc0
Feb  8 15:16:28 ip-10-0-2-151 amazon-ssm-agent: 2019-02-08 15:16:28 INFO Stopping agent
Feb  8 15:16:28 ip-10-0-2-151 systemd: Stopped Resets System Activity Logs.
Feb  8 15:16:28 ip-10-0-2-151 systemd: Stopping Resets System Activity Logs...
Feb  8 15:16:28 ip-10-0-2-151 systemd: Stopped Dynamically Generate Message Of The Day.
Feb  8 15:16:28 ip-10-0-2-151 systemd: Stopping Dynamically Generate Message Of The Day...
Feb  8 15:16:28 ip-10-0-2-151 systemd: Stopped target Login Prompts.
Feb  8 15:16:28 ip-10-0-2-151 systemd: Stopping Login Prompts.
Feb  8 15:16:28 ip-10-0-2-151 systemd: Stopping Getty on tty1...
Feb  8 15:16:28 ip-10-0-2-151 systemd: Stopping OpenSSH server daemon...
Feb  8 15:16:28 ip-10-0-2-151 systemd: Stopping libstoragemgmt plug-in server daemon...
Feb  8 15:16:28 ip-10-0-2-151 systemd-logind: Failed to abandon session scope: Connection reset by peer
Feb  8 15:16:28 ip-10-0-2-151 systemd-logind: Failed to abandon session scope: Transport endpoint is not connected
Feb  8 15:16:28 ip-10-0-2-151 systemd-logind: Failed to abandon session scope: Transport endpoint is not connected
Feb  8 15:16:28 ip-10-0-2-151 systemd: Stopping D-Bus System Message Bus...
Feb  8 15:16:28 ip-10-0-2-151 systemd: Stopping Session 9 of user ec2-user.
Feb  8 15:16:28 ip-10-0-2-151 systemd: Stopping Serial Getty on ttyS0...
Feb  8 15:16:28 ip-10-0-2-151 rsyslogd: [origin software="rsyslogd" swVersion="8.24.0" x-pid="3142" x-info="http://www.rsyslog.com"] exiting on signal 15.
Feb  8 15:16:28 ip-10-0-2-151 systemd: Stopped libstoragemgmt plug-in server daemon.
Feb  8 15:16:28 ip-10-0-2-151 systemd: Stopped D-Bus System Message Bus.
Feb  8 15:16:28 ip-10-0-2-151 systemd: Stopped NTP client/server.
Feb  8 15:16:28 ip-10-0-2-151 systemd: Stopped Hardware RNG Entropy Gatherer Daemon.
Feb  8 15:16:28 ip-10-0-2-151 systemd: Stopped System Logging Service.
Feb  8 15:16:28 ip-10-0-2-151 systemd: Stopped amazon-ssm-agent.
Feb  8 15:16:28 ip-10-0-2-151 systemd: Stopped OpenSSH server daemon.
Feb  8 15:16:28 ip-10-0-2-151 systemd: Stopped Job spooling tools.
Feb  8 15:16:28 ip-10-0-2-151 systemd: Stopped Command Scheduler.
Feb  8 15:16:28 ip-10-0-2-151 systemd: Stopped Serial Getty on ttyS0.
Feb  8 15:16:28 ip-10-0-2-151 systemd: Stopped Getty on tty1.
Feb  8 15:16:28 ip-10-0-2-151 systemd: Stopped Authorization Manager.
Feb  8 15:16:28 ip-10-0-2-151 systemd: Unmounted RPC Pipe File System.
Feb  8 15:16:28 ip-10-0-2-151 systemd: Stopped Session 14 of user ec2-user.
Feb  8 15:16:28 ip-10-0-2-151 systemd: Stopped Session 5 of user ec2-user.
Feb  8 15:16:28 ip-10-0-2-151 systemd: Stopped Session 2 of user ec2-user.
Feb  8 15:16:28 ip-10-0-2-151 systemd: Failed to propagate agent release message: Transport endpoint is not connected
Feb  8 15:16:28 ip-10-0-2-151 systemd: Failed to propagate agent release message: Transport endpoint is not connected
Feb  8 15:16:28 ip-10-0-2-151 systemd: Failed to propagate agent release message: Transport endpoint is not connected
Feb  8 15:16:28 ip-10-0-2-151 systemd: Failed to propagate agent release message: Transport endpoint is not connected
Feb  8 15:16:28 ip-10-0-2-151 systemd: Failed to propagate agent release message: Transport endpoint is not connected
Feb  8 15:16:28 ip-10-0-2-151 systemd: Failed to propagate agent release message: Transport endpoint is not connected
Feb  8 15:16:28 ip-10-0-2-151 systemd: Failed to propagate agent release message: Transport endpoint is not connected
Feb  8 15:16:28 ip-10-0-2-151 systemd: Failed to propagate agent release message: Transport endpoint is not connected
Feb  8 15:16:28 ip-10-0-2-151 systemd: Failed to propagate agent release message: Transport endpoint is not connected
Feb  8 15:16:28 ip-10-0-2-151 systemd: Failed to propagate agent release message: Transport endpoint is not connected
Feb  8 15:16:28 ip-10-0-2-151 systemd: Failed to propagate agent release message: Transport endpoint is not connected
Feb  8 15:16:28 ip-10-0-2-151 systemd: Failed to propagate agent release message: Transport endpoint is not connected
Feb  8 15:16:28 ip-10-0-2-151 systemd: Failed to propagate agent release message: Transport endpoint is not connected
Feb  8 15:16:29 ip-10-0-2-151 systemd: Failed to propagate agent release message: Transport endpoint is not connected
Feb  8 15:16:29 ip-10-0-2-151 systemd: Failed to propagate agent release message: Transport endpoint is not connected
Feb  8 15:16:29 ip-10-0-2-151 systemd: Failed to propagate agent release message: Transport endpoint is not connected
Feb  8 15:16:29 ip-10-0-2-151 systemd: Failed to propagate agent release message: Transport endpoint is not connected
Feb  8 15:16:29 ip-10-0-2-151 systemd: Failed to propagate agent release message: Transport endpoint is not connected
Feb  8 15:16:29 ip-10-0-2-151 systemd-logind: Failed to abandon session scope: Transport endpoint is not connected
Feb  8 15:16:29 ip-10-0-2-151 systemd: Stopped Session 9 of user ec2-user.
Feb  8 15:16:29 ip-10-0-2-151 systemd: Removed slice User Slice of ec2-user.
Feb  8 15:16:29 ip-10-0-2-151 systemd: Stopping User Slice of ec2-user.
Feb  8 15:16:29 ip-10-0-2-151 systemd: Stopping Login Service...
Feb  8 15:16:29 ip-10-0-2-151 systemd: Starting Show Plymouth Power Off Screen...
Feb  8 15:16:29 ip-10-0-2-151 nrpe[3012]: Caught SIGTERM - shutting down...
Feb  8 15:16:29 ip-10-0-2-151 nrpe[3012]: Daemon shutdown
Feb  8 15:16:29 ip-10-0-2-151 systemd: Stopping Nagios Remote Program Executor...
Feb  8 15:16:29 ip-10-0-2-151 systemd: Removed slice system-getty.slice.
Feb  8 15:16:29 ip-10-0-2-151 systemd: Stopping system-getty.slice.
Feb  8 15:16:29 ip-10-0-2-151 systemd: Removed slice system-serial\x2dgetty.slice.
Feb  8 15:16:29 ip-10-0-2-151 systemd: Stopping system-serial\x2dgetty.slice.
Feb  8 15:16:29 ip-10-0-2-151 systemd: Stopping Permit User Sessions...
Feb  8 15:16:29 ip-10-0-2-151 systemd: Stopped target Network is Online.
Feb  8 15:16:29 ip-10-0-2-151 systemd: Stopping Network is Online.
Feb  8 15:16:29 ip-10-0-2-151 systemd: Stopped Login Service.
Feb  8 15:16:29 ip-10-0-2-151 systemd: Stopped Permit User Sessions.
Feb  8 15:16:29 ip-10-0-2-151 systemd: Stopped Nagios Remote Program Executor.
Feb  8 15:16:29 ip-10-0-2-151 systemd: Stopped Postfix Mail Transport Agent.
Feb  8 15:16:29 ip-10-0-2-151 systemd: Received SIGRTMIN+20 from PID 4138 (plymouthd).
Feb  8 15:16:29 ip-10-0-2-151 systemd: Started Show Plymouth Power Off Screen.
Feb  8 15:16:29 ip-10-0-2-151 systemd: Stopped The Apache HTTP Server.
Feb  8 15:16:29 ip-10-0-2-151 systemd: Stopped target Remote File Systems.
Feb  8 15:16:29 ip-10-0-2-151 systemd: Stopping Remote File Systems.
Feb  8 15:16:29 ip-10-0-2-151 systemd: Stopped target Remote File Systems (Pre).
Feb  8 15:16:29 ip-10-0-2-151 systemd: Stopping Remote File Systems (Pre).
Feb  8 15:16:29 ip-10-0-2-151 systemd: Stopped target NFS client services.
Feb  8 15:16:29 ip-10-0-2-151 systemd: Stopping NFS client services.
Feb  8 15:16:29 ip-10-0-2-151 systemd: Stopping GSSAPI Proxy Daemon...
Feb  8 15:16:29 ip-10-0-2-151 systemd: Stopped target Network.
Feb  8 15:16:29 ip-10-0-2-151 systemd: Stopping Network.
Feb  8 15:16:29 ip-10-0-2-151 systemd: Stopping LSB: Bring up/down networking...
Feb  8 15:16:29 ip-10-0-2-151 systemd: Stopped GSSAPI Proxy Daemon.
Feb  8 15:16:30 ip-10-0-2-151 ec2net: [remove_aliases] Removing aliases of eth0
Feb  8 15:16:30 ip-10-0-2-151 network: Shutting down interface eth0:  [  OK  ]
Feb  8 15:16:30 ip-10-0-2-151 network: Shutting down loopback interface:  [  OK  ]
Feb  8 15:16:30 ip-10-0-2-151 systemd: Stopped LSB: Bring up/down networking.
Feb  8 15:16:30 ip-10-0-2-151 systemd: Stopped target Network (Pre).
Feb  8 15:16:30 ip-10-0-2-151 systemd: Stopping Network (Pre).
Feb  8 15:16:30 ip-10-0-2-151 systemd: Stopped Initial cloud-init job (pre-networking).
Feb  8 15:16:30 ip-10-0-2-151 systemd: Stopping Initial cloud-init job (pre-networking)...
Feb  8 15:16:30 ip-10-0-2-151 systemd: Stopped target Basic System.
Feb  8 15:16:30 ip-10-0-2-151 systemd: Stopping Basic System.
Feb  8 15:16:30 ip-10-0-2-151 systemd: Stopped target Slices.
Feb  8 15:16:30 ip-10-0-2-151 systemd: Stopping Slices.
Feb  8 15:16:30 ip-10-0-2-151 systemd: Removed slice User and Session Slice.
Feb  8 15:16:30 ip-10-0-2-151 systemd: Stopping User and Session Slice.
Feb  8 15:16:30 ip-10-0-2-151 systemd: Stopped target Paths.
Feb  8 15:16:30 ip-10-0-2-151 systemd: Stopping Paths.
Feb  8 15:16:30 ip-10-0-2-151 systemd: Stopped Forward Password Requests to Wall Directory Watch.
Feb  8 15:16:30 ip-10-0-2-151 systemd: Stopping Forward Password Requests to Wall Directory Watch.
Feb  8 15:16:30 ip-10-0-2-151 systemd: Stopped Flexible branding.
Feb  8 15:16:30 ip-10-0-2-151 systemd: Stopping Flexible branding.
Feb  8 15:16:30 ip-10-0-2-151 systemd: Stopped target Sockets.
Feb  8 15:16:30 ip-10-0-2-151 systemd: Stopping Sockets.
Feb  8 15:16:30 ip-10-0-2-151 systemd: Closed D-Bus System Message Bus Socket.
Feb  8 15:16:30 ip-10-0-2-151 systemd: Stopping D-Bus System Message Bus Socket.
Feb  8 15:16:30 ip-10-0-2-151 systemd: Closed RPCbind Server Activation Socket.
Feb  8 15:16:30 ip-10-0-2-151 systemd: Stopping RPCbind Server Activation Socket.
Feb  8 15:16:30 ip-10-0-2-151 systemd: Stopped target System Initialization.
Feb  8 15:16:30 ip-10-0-2-151 systemd: Stopping System Initialization.
Feb  8 15:16:30 ip-10-0-2-151 systemd: Stopping Update UTMP about System Boot/Shutdown...
Feb  8 15:16:30 ip-10-0-2-151 systemd: Stopped target Local Encrypted Volumes.
Feb  8 15:16:30 ip-10-0-2-151 systemd: Stopping Local Encrypted Volumes.
Feb  8 15:16:30 ip-10-0-2-151 systemd: Stopping Load/Save Random Seed...
Feb  8 15:16:30 ip-10-0-2-151 systemd: Stopped Setup Virtual Console.
Feb  8 15:16:30 ip-10-0-2-151 systemd: Stopping Setup Virtual Console...
Feb  8 15:16:30 ip-10-0-2-151 systemd: Stopped Apply Kernel Variables.
Feb  8 15:16:30 ip-10-0-2-151 systemd: Stopping Apply Kernel Variables...
Feb  8 15:16:30 ip-10-0-2-151 systemd: Stopped Load Kernel Modules.
Feb  8 15:16:30 ip-10-0-2-151 systemd: Stopping Load Kernel Modules...
Feb  8 15:16:30 ip-10-0-2-151 systemd: Stopped Forward Password Requests to Plymouth Directory Watch.
Feb  8 15:16:30 ip-10-0-2-151 systemd: Stopping Forward Password Requests to Plymouth Directory Watch.
Feb  8 15:16:30 ip-10-0-2-151 systemd: Stopped Update UTMP about System Boot/Shutdown.
Feb  8 15:16:30 ip-10-0-2-151 systemd: Stopped Load/Save Random Seed.
Feb  8 15:16:30 ip-10-0-2-151 systemd: Stopping Security Auditing Service...
Feb  8 15:16:30 ip-10-0-2-151 auditd[2625]: The audit daemon is exiting.
Feb  8 15:16:30 ip-10-0-2-151 systemd: Stopped Security Auditing Service.
Feb  8 15:16:30 ip-10-0-2-151 kernel: audit: type=1305 audit(1549638990.257:327): audit_pid=0 old=2625 auid=4294967295 ses=4294967295 res=1
Feb  8 15:16:30 ip-10-0-2-151 kernel: audit: type=1131 audit(1549638990.265:328): pid=1 uid=0 auid=4294967295 ses=4294967295 msg='unit=auditd comm="systemd" exe="/usr/lib/systemd/systemd" hostname=? addr=? terminal=? res=success'
Feb  8 15:16:30 ip-10-0-2-151 systemd: Stopped Create Volatile Files and Directories.
Feb  8 15:16:30 ip-10-0-2-151 systemd: Stopping Create Volatile Files and Directories...
Feb  8 15:16:30 ip-10-0-2-151 kernel: audit: type=1131 audit(1549638990.277:329): pid=1 uid=0 auid=4294967295 ses=4294967295 msg='unit=systemd-tmpfiles-setup comm="systemd" exe="/usr/lib/systemd/systemd" hostname=? addr=? terminal=? res=success'
Feb  8 15:16:30 ip-10-0-2-151 systemd: Stopped target Local File Systems.
Feb  8 15:16:30 ip-10-0-2-151 systemd: Stopping Local File Systems.
Feb  8 15:16:30 ip-10-0-2-151 systemd: Unmounting /run/user/1000...
Feb  8 15:16:30 ip-10-0-2-151 systemd: Stopped Configure read-only root support.
Feb  8 15:16:30 ip-10-0-2-151 systemd: Stopping Configure read-only root support...
Feb  8 15:16:30 ip-10-0-2-151 kernel: audit: type=1131 audit(1549638990.293:330): pid=1 uid=0 auid=4294967295 ses=4294967295 msg='unit=rhel-readonly comm="systemd" exe="/usr/lib/systemd/systemd" hostname=? addr=? terminal=? res=success'
Feb  8 15:16:30 ip-10-0-2-151 systemd: Unmounted /run/user/1000.
Feb  8 15:16:30 ip-10-0-2-151 systemd: Reached target Unmount All Filesystems.
Feb  8 15:16:30 ip-10-0-2-151 systemd: Starting Unmount All Filesystems.
Feb  8 15:16:30 ip-10-0-2-151 systemd: Stopped target Swap.
Feb  8 15:16:30 ip-10-0-2-151 systemd: Stopping Swap.
Feb  8 15:16:30 ip-10-0-2-151 systemd: Stopped target Local File Systems (Pre).
Feb  8 15:16:30 ip-10-0-2-151 systemd: Stopping Local File Systems (Pre).
Feb  8 15:16:30 ip-10-0-2-151 systemd: Stopped Create Static Device Nodes in /dev.
Feb  8 15:16:30 ip-10-0-2-151 systemd: Stopping Create Static Device Nodes in /dev...
Feb  8 15:16:30 ip-10-0-2-151 systemd: Stopping Monitoring of LVM2 mirrors, snapshots etc. using dmeventd or progress polling...
Feb  8 15:16:30 ip-10-0-2-151 kernel: audit: type=1131 audit(1549638990.317:331): pid=1 uid=0 auid=4294967295 ses=4294967295 msg='unit=systemd-tmpfiles-setup-dev comm="systemd" exe="/usr/lib/systemd/systemd" hostname=? addr=? terminal=? res=success'
Feb  8 15:16:30 ip-10-0-2-151 systemd: Stopped Remount Root and Kernel File Systems.
Feb  8 15:16:30 ip-10-0-2-151 systemd: Stopping Remount Root and Kernel File Systems...
Feb  8 15:16:30 ip-10-0-2-151 systemd: Reached target Shutdown.
Feb  8 15:16:30 ip-10-0-2-151 systemd: Starting Shutdown.
Feb  8 15:16:30 ip-10-0-2-151 systemd: Reached target Final Step.
Feb  8 15:16:30 ip-10-0-2-151 systemd: Starting Final Step.
Feb  8 15:16:30 ip-10-0-2-151 systemd: Starting Power-Off...
Feb  8 15:16:30 ip-10-0-2-151 systemd: Stopped Monitoring of LVM2 mirrors, snapshots etc. using dmeventd or progress polling.
Feb  8 15:16:30 ip-10-0-2-151 kernel: audit: type=1131 audit(1549638990.333:332): pid=1 uid=0 auid=4294967295 ses=4294967295 msg='unit=systemd-remount-fs comm="systemd" exe="/usr/lib/systemd/systemd" hostname=? addr=? terminal=? res=success'
Feb  8 15:16:30 ip-10-0-2-151 kernel: audit: type=1131 audit(1549638990.353:333): pid=1 uid=0 auid=4294967295 ses=4294967295 msg='unit=lvm2-monitor comm="systemd" exe="/usr/lib/systemd/systemd" hostname=? addr=? terminal=? res=success'
Feb  8 15:16:30 ip-10-0-2-151 systemd: Stopping LVM2 metadata daemon...
Feb  8 15:16:30 ip-10-0-2-151 systemd: Stopped LVM2 metadata daemon.
Feb  8 15:16:30 ip-10-0-2-151 systemd: Shutting down.
Feb  8 15:16:30 ip-10-0-2-151 kernel: audit: type=1131 audit(1549638990.357:334): pid=1 uid=0 auid=4294967295 ses=4294967295 msg='unit=lvm2-lvmetad comm="systemd" exe="/usr/lib/systemd/systemd" hostname=? addr=? terminal=? res=success'
Feb  8 15:16:30 ip-10-0-2-151 journal: Journal stopped
Feb  9 11:01:50 ip-10-0-2-151 journal: Runtime journal is using 6.1M (max allowed 49.2M, trying to leave 73.9M free of 486.6M available â†’ current limit 49.2M).
Feb  9 11:01:50 ip-10-0-2-151 kernel: Linux version 4.14.77-86.82.amzn2.x86_64 (mockbuild@ip-10-0-1-79) (gcc version 7.3.1 20180303 (Red Hat 7.3.1-5) (GCC)) #1 SMP Mon Dec 3 19:40:13 UTC 2018
Feb  9 11:01:50 ip-10-0-2-151 kernel: Command line: BOOT_IMAGE=/boot/vmlinuz-4.14.77-86.82.amzn2.x86_64 root=UUID=ca774df7-756d-4261-a3f1-76038323e572 ro console=tty0 console=ttyS0,115200n8 net.ifnames=0 biosdevname=0 nvme_core.io_timeout=4294967295 LANG=en_US.UTF-8
Feb  9 11:01:50 ip-10-0-2-151 kernel: x86/fpu: Supporting XSAVE feature 0x001: 'x87 floating point registers'
Feb  9 11:01:50 ip-10-0-2-151 kernel: x86/fpu: Supporting XSAVE feature 0x002: 'SSE registers'
Feb  9 11:01:50 ip-10-0-2-151 kernel: x86/fpu: Supporting XSAVE feature 0x004: 'AVX registers'
Feb  9 11:01:50 ip-10-0-2-151 kernel: x86/fpu: xstate_offset[2]:  576, xstate_sizes[2]:  256
Feb  9 11:01:50 ip-10-0-2-151 kernel: x86/fpu: Enabled xstate features 0x7, context size is 832 bytes, using 'standard' format.
Feb  9 11:01:50 ip-10-0-2-151 kernel: e820: BIOS-provided physical RAM map:
Feb  9 11:01:50 ip-10-0-2-151 kernel: BIOS-e820: [mem 0x0000000000000000-0x000000000009dfff] usable
Feb  9 11:01:50 ip-10-0-2-151 kernel: BIOS-e820: [mem 0x000000000009e000-0x000000000009ffff] reserved
Feb  9 11:01:50 ip-10-0-2-151 kernel: BIOS-e820: [mem 0x00000000000e0000-0x00000000000fffff] reserved
Feb  9 11:01:50 ip-10-0-2-151 kernel: BIOS-e820: [mem 0x0000000000100000-0x000000003fffffff] usable
Feb  9 11:01:50 ip-10-0-2-151 kernel: BIOS-e820: [mem 0x00000000fc000000-0x00000000ffffffff] reserved
Feb  9 11:01:50 ip-10-0-2-151 kernel: NX (Execute Disable) protection: active
Feb  9 11:01:50 ip-10-0-2-151 kernel: SMBIOS 2.7 present.
Feb  9 11:01:50 ip-10-0-2-151 kernel: DMI: Xen HVM domU, BIOS 4.2.amazon 08/24/2006
Feb  9 11:01:50 ip-10-0-2-151 kernel: Hypervisor detected: Xen HVM
Feb  9 11:01:50 ip-10-0-2-151 kernel: Xen version 4.2.
Feb  9 11:01:50 ip-10-0-2-151 kernel: Netfront and the Xen platform PCI driver have been compiled for this kernel: unplug emulated NICs.
Feb  9 11:01:50 ip-10-0-2-151 kernel: Blkfront and the Xen platform PCI driver have been compiled for this kernel: unplug emulated disks.#012You might have to change the root device#012from /dev/hd[a-d] to /dev/xvd[a-d]#012in your root= kernel command line option
Feb  9 11:01:50 ip-10-0-2-151 kernel: tsc: Fast TSC calibration using PIT
Feb  9 11:01:50 ip-10-0-2-151 kernel: e820: last_pfn = 0x40000 max_arch_pfn = 0x400000000
Feb  9 11:01:50 ip-10-0-2-151 kernel: x86/PAT: Configuration [0-7]: WB  WC  UC- UC  WB  WP  UC- WT  
Feb  9 11:01:50 ip-10-0-2-151 kernel: found SMP MP-table at [mem 0x000fbc50-0x000fbc5f] mapped at [ffffffffff240c50]
Feb  9 11:01:50 ip-10-0-2-151 kernel: Scanning 1 areas for low memory corruption
Feb  9 11:01:50 ip-10-0-2-151 kernel: RAMDISK: [mem 0x3446c000-0x3622dfff]
Feb  9 11:01:50 ip-10-0-2-151 kernel: ACPI: Early table checksum verification disabled
Feb  9 11:01:50 ip-10-0-2-151 kernel: ACPI: RSDP 0x00000000000EA020 000024 (v02 Xen   )
Feb  9 11:01:50 ip-10-0-2-151 kernel: ACPI: XSDT 0x00000000FC00E2A0 000054 (v01 Xen    HVM      00000000 HVML 00000000)
Feb  9 11:01:50 ip-10-0-2-151 kernel: ACPI: FACP 0x00000000FC00DF60 0000F4 (v04 Xen    HVM      00000000 HVML 00000000)
Feb  9 11:01:50 ip-10-0-2-151 kernel: ACPI: DSDT 0x00000000FC0021C0 00BD19 (v02 Xen    HVM      00000000 INTL 20090123)
Feb  9 11:01:50 ip-10-0-2-151 kernel: ACPI: FACS 0x00000000FC002180 000040
Feb  9 11:01:50 ip-10-0-2-151 kernel: ACPI: FACS 0x00000000FC002180 000040
Feb  9 11:01:50 ip-10-0-2-151 kernel: ACPI: APIC 0x00000000FC00E060 0000D8 (v02 Xen    HVM      00000000 HVML 00000000)
Feb  9 11:01:50 ip-10-0-2-151 kernel: ACPI: HPET 0x00000000FC00E1B0 000038 (v01 Xen    HVM      00000000 HVML 00000000)
Feb  9 11:01:50 ip-10-0-2-151 kernel: ACPI: WAET 0x00000000FC00E1F0 000028 (v01 Xen    HVM      00000000 HVML 00000000)
Feb  9 11:01:50 ip-10-0-2-151 kernel: ACPI: SSDT 0x00000000FC00E220 000031 (v02 Xen    HVM      00000000 INTL 20090123)
Feb  9 11:01:50 ip-10-0-2-151 kernel: ACPI: SSDT 0x00000000FC00E260 000031 (v02 Xen    HVM      00000000 INTL 20090123)
Feb  9 11:01:50 ip-10-0-2-151 kernel: No NUMA configuration found
Feb  9 11:01:50 ip-10-0-2-151 kernel: Faking a node at [mem 0x0000000000000000-0x000000003fffffff]
Feb  9 11:01:50 ip-10-0-2-151 kernel: NODE_DATA(0) allocated [mem 0x3ffde000-0x3fffffff]
Feb  9 11:01:50 ip-10-0-2-151 kernel: Zone ranges:
Feb  9 11:01:50 ip-10-0-2-151 kernel:  DMA      [mem 0x0000000000001000-0x0000000000ffffff]
Feb  9 11:01:50 ip-10-0-2-151 kernel:  DMA32    [mem 0x0000000001000000-0x000000003fffffff]
Feb  9 11:01:50 ip-10-0-2-151 kernel:  Normal   empty
Feb  9 11:01:50 ip-10-0-2-151 kernel: Movable zone start for each node
Feb  9 11:01:50 ip-10-0-2-151 kernel: Early memory node ranges
Feb  9 11:01:50 ip-10-0-2-151 kernel:  node   0: [mem 0x0000000000001000-0x000000000009dfff]
Feb  9 11:01:50 ip-10-0-2-151 kernel:  node   0: [mem 0x0000000000100000-0x000000003fffffff]
Feb  9 11:01:50 ip-10-0-2-151 kernel: Initmem setup node 0 [mem 0x0000000000001000-0x000000003fffffff]
Feb  9 11:01:50 ip-10-0-2-151 kernel: ACPI: PM-Timer IO Port: 0xb008
Feb  9 11:01:50 ip-10-0-2-151 kernel: IOAPIC[0]: apic_id 1, version 17, address 0xfec00000, GSI 0-47
Feb  9 11:01:50 ip-10-0-2-151 kernel: ACPI: INT_SRC_OVR (bus 0 bus_irq 0 global_irq 2 dfl dfl)
Feb  9 11:01:50 ip-10-0-2-151 kernel: ACPI: INT_SRC_OVR (bus 0 bus_irq 5 global_irq 5 low level)
Feb  9 11:01:50 ip-10-0-2-151 kernel: ACPI: INT_SRC_OVR (bus 0 bus_irq 10 global_irq 10 low level)
Feb  9 11:01:50 ip-10-0-2-151 kernel: ACPI: INT_SRC_OVR (bus 0 bus_irq 11 global_irq 11 low level)
Feb  9 11:01:50 ip-10-0-2-151 kernel: Using ACPI (MADT) for SMP configuration information
Feb  9 11:01:50 ip-10-0-2-151 kernel: ACPI: HPET id: 0x8086a201 base: 0xfed00000
Feb  9 11:01:50 ip-10-0-2-151 kernel: smpboot: Allowing 15 CPUs, 14 hotplug CPUs
Feb  9 11:01:50 ip-10-0-2-151 kernel: PM: Registered nosave memory: [mem 0x00000000-0x00000fff]
Feb  9 11:01:50 ip-10-0-2-151 kernel: PM: Registered nosave memory: [mem 0x0009e000-0x0009ffff]
Feb  9 11:01:50 ip-10-0-2-151 kernel: PM: Registered nosave memory: [mem 0x000a0000-0x000dffff]
Feb  9 11:01:50 ip-10-0-2-151 kernel: PM: Registered nosave memory: [mem 0x000e0000-0x000fffff]
Feb  9 11:01:50 ip-10-0-2-151 kernel: e820: [mem 0x40000000-0xfbffffff] available for PCI devices
Feb  9 11:01:50 ip-10-0-2-151 kernel: Booting paravirtualized kernel on Xen HVM
Feb  9 11:01:50 ip-10-0-2-151 kernel: clocksource: refined-jiffies: mask: 0xffffffff max_cycles: 0xffffffff, max_idle_ns: 7645519600211568 ns
Feb  9 11:01:50 ip-10-0-2-151 kernel: random: get_random_bytes called from start_kernel+0x94/0x4c8 with crng_init=0
Feb  9 11:01:50 ip-10-0-2-151 kernel: setup_percpu: NR_CPUS:8192 nr_cpumask_bits:15 nr_cpu_ids:15 nr_node_ids:1
Feb  9 11:01:50 ip-10-0-2-151 kernel: percpu: Embedded 44 pages/cpu @ffff88003e200000 s140184 r8192 d31848 u262144
Feb  9 11:01:50 ip-10-0-2-151 kernel: PV qspinlock hash table entries: 256 (order: 0, 4096 bytes)
Feb  9 11:01:50 ip-10-0-2-151 kernel: Built 1 zonelists, mobility grouping on.  Total pages: 257928
Feb  9 11:01:50 ip-10-0-2-151 kernel: Policy zone: DMA32
Feb  9 11:01:50 ip-10-0-2-151 kernel: Kernel command line: BOOT_IMAGE=/boot/vmlinuz-4.14.77-86.82.amzn2.x86_64 root=UUID=ca774df7-756d-4261-a3f1-76038323e572 ro console=tty0 console=ttyS0,115200n8 net.ifnames=0 biosdevname=0 nvme_core.io_timeout=4294967295 LANG=en_US.UTF-8
Feb  9 11:01:50 ip-10-0-2-151 kernel: PID hash table entries: 4096 (order: 3, 32768 bytes)
Feb  9 11:01:50 ip-10-0-2-151 kernel: Memory: 973564K/1048180K available (8204K kernel code, 1940K rwdata, 2808K rodata, 2052K init, 3888K bss, 74616K reserved, 0K cma-reserved)
Feb  9 11:01:50 ip-10-0-2-151 kernel: SLUB: HWalign=64, Order=0-3, MinObjects=0, CPUs=15, Nodes=1
Feb  9 11:01:50 ip-10-0-2-151 kernel: Kernel/User page tables isolation: enabled
Feb  9 11:01:50 ip-10-0-2-151 kernel: ftrace: allocating 26337 entries in 103 pages
Feb  9 11:01:50 ip-10-0-2-151 kernel: Hierarchical RCU implementation.
Feb  9 11:01:50 ip-10-0-2-151 kernel: #011RCU restricting CPUs from NR_CPUS=8192 to nr_cpu_ids=15.
Feb  9 11:01:50 ip-10-0-2-151 kernel: RCU: Adjusting geometry for rcu_fanout_leaf=16, nr_cpu_ids=15
Feb  9 11:01:50 ip-10-0-2-151 kernel: NR_IRQS: 524544, nr_irqs: 952, preallocated irqs: 16
Feb  9 11:01:50 ip-10-0-2-151 kernel: xen:events: Using 2-level ABI
Feb  9 11:01:50 ip-10-0-2-151 kernel: xen:events: Xen HVM callback vector for event delivery is enabled
Feb  9 11:01:50 ip-10-0-2-151 kernel: Console: colour VGA+ 80x25
Feb  9 11:01:50 ip-10-0-2-151 kernel: console [tty0] enabled
Feb  9 11:01:50 ip-10-0-2-151 kernel: Cannot get hvm parameter CONSOLE_EVTCHN (18): -22!
Feb  9 11:01:50 ip-10-0-2-151 kernel: console [ttyS0] enabled
Feb  9 11:01:50 ip-10-0-2-151 kernel: clocksource: hpet: mask: 0xffffffff max_cycles: 0xffffffff, max_idle_ns: 30580167144 ns
Feb  9 11:01:50 ip-10-0-2-151 kernel: tsc: Fast TSC calibration using PIT
Feb  9 11:01:50 ip-10-0-2-151 kernel: tsc: Detected 2400.011 MHz processor
Feb  9 11:01:50 ip-10-0-2-151 kernel: Calibrating delay loop (skipped), value calculated using timer frequency.. 4800.06 BogoMIPS (lpj=9600128)
Feb  9 11:01:50 ip-10-0-2-151 kernel: pid_max: default: 32768 minimum: 301
Feb  9 11:01:50 ip-10-0-2-151 kernel: ACPI: Core revision 20170728
Feb  9 11:01:50 ip-10-0-2-151 kernel: ACPI: 3 ACPI AML tables successfully acquired and loaded
Feb  9 11:01:50 ip-10-0-2-151 kernel: Security Framework initialized
Feb  9 11:01:50 ip-10-0-2-151 kernel: SELinux:  Initializing.
Feb  9 11:01:50 ip-10-0-2-151 kernel: Dentry cache hash table entries: 131072 (order: 8, 1048576 bytes)
Feb  9 11:01:50 ip-10-0-2-151 kernel: Inode-cache hash table entries: 65536 (order: 7, 524288 bytes)
Feb  9 11:01:50 ip-10-0-2-151 kernel: Mount-cache hash table entries: 2048 (order: 2, 16384 bytes)
Feb  9 11:01:50 ip-10-0-2-151 kernel: Mountpoint-cache hash table entries: 2048 (order: 2, 16384 bytes)
Feb  9 11:01:50 ip-10-0-2-151 kernel: mce: CPU supports 2 MCE banks
Feb  9 11:01:50 ip-10-0-2-151 kernel: Last level iTLB entries: 4KB 1024, 2MB 1024, 4MB 1024
Feb  9 11:01:50 ip-10-0-2-151 kernel: Last level dTLB entries: 4KB 1024, 2MB 1024, 4MB 1024, 1GB 4
Feb  9 11:01:50 ip-10-0-2-151 kernel: Spectre V2 : Mitigation: Full generic retpoline
Feb  9 11:01:50 ip-10-0-2-151 kernel: Spectre V2 : Spectre v2 / SpectreRSB mitigation: Filling RSB on context switch
Feb  9 11:01:50 ip-10-0-2-151 kernel: Speculative Store Bypass: Vulnerable
Feb  9 11:01:50 ip-10-0-2-151 kernel: smpboot: Max logical packages: 15
Feb  9 11:01:50 ip-10-0-2-151 kernel: x2apic: IRQ remapping doesn't support X2APIC mode
Feb  9 11:01:50 ip-10-0-2-151 kernel: Switched APIC routing to physical flat.
Feb  9 11:01:50 ip-10-0-2-151 kernel: ..TIMER: vector=0x30 apic1=0 pin1=2 apic2=0 pin2=0
Feb  9 11:01:50 ip-10-0-2-151 kernel: clocksource: xen: mask: 0xffffffffffffffff max_cycles: 0x1cd42e4dffb, max_idle_ns: 881590591483 ns
Feb  9 11:01:50 ip-10-0-2-151 kernel: installing Xen timer for CPU 0
Feb  9 11:01:50 ip-10-0-2-151 kernel: smpboot: CPU0: Intel(R) Xeon(R) CPU E5-2676 v3 @ 2.40GHz (family: 0x6, model: 0x3f, stepping: 0x2)
Feb  9 11:01:50 ip-10-0-2-151 kernel: cpu 0 spinlock event irq 53
Feb  9 11:01:50 ip-10-0-2-151 kernel: Performance Events: unsupported p6 CPU model 63 no PMU driver, software events only.
Feb  9 11:01:50 ip-10-0-2-151 kernel: Hierarchical SRCU implementation.
Feb  9 11:01:50 ip-10-0-2-151 kernel: NMI watchdog: Perf event create on CPU 0 failed with -2
Feb  9 11:01:50 ip-10-0-2-151 kernel: NMI watchdog: Perf NMI watchdog permanently disabled
Feb  9 11:01:50 ip-10-0-2-151 kernel: smp: Bringing up secondary CPUs ...
Feb  9 11:01:50 ip-10-0-2-151 kernel: smp: Brought up 1 node, 1 CPU
Feb  9 11:01:50 ip-10-0-2-151 kernel: smpboot: Total of 1 processors activated (4800.06 BogoMIPS)
Feb  9 11:01:50 ip-10-0-2-151 kernel: devtmpfs: initialized
Feb  9 11:01:50 ip-10-0-2-151 kernel: x86/mm: Memory block size: 128MB
Feb  9 11:01:50 ip-10-0-2-151 kernel: clocksource: jiffies: mask: 0xffffffff max_cycles: 0xffffffff, max_idle_ns: 7645041785100000 ns
Feb  9 11:01:50 ip-10-0-2-151 kernel: futex hash table entries: 4096 (order: 6, 262144 bytes)
Feb  9 11:01:50 ip-10-0-2-151 kernel: NET: Registered protocol family 16
Feb  9 11:01:50 ip-10-0-2-151 kernel: cpuidle: using governor ladder
Feb  9 11:01:50 ip-10-0-2-151 kernel: cpuidle: using governor menu
Feb  9 11:01:50 ip-10-0-2-151 kernel: ACPI: bus type PCI registered
Feb  9 11:01:50 ip-10-0-2-151 kernel: acpiphp: ACPI Hot Plug PCI Controller Driver version: 0.5
Feb  9 11:01:50 ip-10-0-2-151 kernel: PCI: Using configuration type 1 for base access
Feb  9 11:01:50 ip-10-0-2-151 kernel: HugeTLB registered 2.00 MiB page size, pre-allocated 0 pages
Feb  9 11:01:50 ip-10-0-2-151 kernel: ACPI: Added _OSI(Module Device)
Feb  9 11:01:50 ip-10-0-2-151 kernel: ACPI: Added _OSI(Processor Device)
Feb  9 11:01:50 ip-10-0-2-151 kernel: ACPI: Added _OSI(3.0 _SCP Extensions)
Feb  9 11:01:50 ip-10-0-2-151 kernel: ACPI: Added _OSI(Processor Aggregator Device)
Feb  9 11:01:50 ip-10-0-2-151 kernel: ACPI: Interpreter enabled
Feb  9 11:01:50 ip-10-0-2-151 kernel: ACPI: (supports S0 S4 S5)
Feb  9 11:01:50 ip-10-0-2-151 kernel: ACPI: Using IOAPIC for interrupt routing
Feb  9 11:01:50 ip-10-0-2-151 kernel: PCI: Using host bridge windows from ACPI; if necessary, use "pci=nocrs" and report a bug
Feb  9 11:01:50 ip-10-0-2-151 kernel: ACPI: Enabled 2 GPEs in block 00 to 0F
Feb  9 11:01:50 ip-10-0-2-151 kernel: ACPI: PCI Root Bridge [PCI0] (domain 0000 [bus 00-ff])
Feb  9 11:01:50 ip-10-0-2-151 kernel: acpi PNP0A03:00: _OSC: OS supports [ASPM ClockPM Segments MSI]
Feb  9 11:01:50 ip-10-0-2-151 kernel: acpi PNP0A03:00: _OSC failed (AE_NOT_FOUND); disabling ASPM
Feb  9 11:01:50 ip-10-0-2-151 kernel: acpi PNP0A03:00: fail to add MMCONFIG information, can't access extended PCI configuration space under this bridge.
Feb  9 11:01:50 ip-10-0-2-151 kernel: acpiphp: Slot [0] registered
Feb  9 11:01:50 ip-10-0-2-151 kernel: acpiphp: Slot [3] registered
Feb  9 11:01:50 ip-10-0-2-151 kernel: acpiphp: Slot [4] registered
Feb  9 11:01:50 ip-10-0-2-151 kernel: acpiphp: Slot [5] registered
Feb  9 11:01:50 ip-10-0-2-151 kernel: acpiphp: Slot [6] registered
Feb  9 11:01:50 ip-10-0-2-151 kernel: acpiphp: Slot [7] registered
Feb  9 11:01:50 ip-10-0-2-151 kernel: acpiphp: Slot [8] registered
Feb  9 11:01:50 ip-10-0-2-151 kernel: acpiphp: Slot [9] registered
Feb  9 11:01:50 ip-10-0-2-151 kernel: acpiphp: Slot [10] registered
Feb  9 11:01:50 ip-10-0-2-151 kernel: acpiphp: Slot [11] registered
Feb  9 11:01:50 ip-10-0-2-151 kernel: acpiphp: Slot [12] registered
Feb  9 11:01:50 ip-10-0-2-151 kernel: acpiphp: Slot [13] registered
Feb  9 11:01:50 ip-10-0-2-151 kernel: acpiphp: Slot [14] registered
Feb  9 11:01:50 ip-10-0-2-151 kernel: acpiphp: Slot [15] registered
Feb  9 11:01:50 ip-10-0-2-151 kernel: acpiphp: Slot [16] registered
Feb  9 11:01:50 ip-10-0-2-151 kernel: acpiphp: Slot [17] registered
Feb  9 11:01:50 ip-10-0-2-151 kernel: acpiphp: Slot [18] registered
Feb  9 11:01:50 ip-10-0-2-151 kernel: acpiphp: Slot [19] registered
Feb  9 11:01:50 ip-10-0-2-151 kernel: acpiphp: Slot [20] registered
Feb  9 11:01:50 ip-10-0-2-151 kernel: acpiphp: Slot [21] registered
Feb  9 11:01:50 ip-10-0-2-151 kernel: acpiphp: Slot [22] registered
Feb  9 11:01:50 ip-10-0-2-151 kernel: acpiphp: Slot [23] registered
Feb  9 11:01:50 ip-10-0-2-151 kernel: acpiphp: Slot [24] registered
Feb  9 11:01:50 ip-10-0-2-151 kernel: acpiphp: Slot [25] registered
Feb  9 11:01:50 ip-10-0-2-151 kernel: acpiphp: Slot [26] registered
Feb  9 11:01:50 ip-10-0-2-151 kernel: acpiphp: Slot [27] registered
Feb  9 11:01:50 ip-10-0-2-151 kernel: acpiphp: Slot [28] registered
Feb  9 11:01:50 ip-10-0-2-151 kernel: acpiphp: Slot [29] registered
Feb  9 11:01:50 ip-10-0-2-151 kernel: acpiphp: Slot [30] registered
Feb  9 11:01:50 ip-10-0-2-151 kernel: acpiphp: Slot [31] registered
Feb  9 11:01:50 ip-10-0-2-151 kernel: PCI host bridge to bus 0000:00
Feb  9 11:01:50 ip-10-0-2-151 kernel: pci_bus 0000:00: root bus resource [io  0x0000-0x0cf7 window]
Feb  9 11:01:50 ip-10-0-2-151 kernel: pci_bus 0000:00: root bus resource [io  0x0d00-0xffff window]
Feb  9 11:01:50 ip-10-0-2-151 kernel: pci_bus 0000:00: root bus resource [mem 0x000a0000-0x000bffff window]
Feb  9 11:01:50 ip-10-0-2-151 kernel: pci_bus 0000:00: root bus resource [mem 0xf0000000-0xfbffffff window]
Feb  9 11:01:50 ip-10-0-2-151 kernel: pci_bus 0000:00: root bus resource [bus 00-ff]
Feb  9 11:01:50 ip-10-0-2-151 kernel: pci 0000:00:01.1: legacy IDE quirk: reg 0x10: [io  0x01f0-0x01f7]
Feb  9 11:01:50 ip-10-0-2-151 kernel: pci 0000:00:01.1: legacy IDE quirk: reg 0x14: [io  0x03f6]
Feb  9 11:01:50 ip-10-0-2-151 kernel: pci 0000:00:01.1: legacy IDE quirk: reg 0x18: [io  0x0170-0x0177]
Feb  9 11:01:50 ip-10-0-2-151 kernel: pci 0000:00:01.1: legacy IDE quirk: reg 0x1c: [io  0x0376]
Feb  9 11:01:50 ip-10-0-2-151 kernel: * Found PM-Timer Bug on the chipset. Due to workarounds for a bug,#012* this clock source is slow. Consider trying other clock sources
Feb  9 11:01:50 ip-10-0-2-151 kernel: pci 0000:00:01.3: quirk: [io  0xb000-0xb03f] claimed by PIIX4 ACPI
Feb  9 11:01:50 ip-10-0-2-151 kernel: ACPI: PCI Interrupt Link [LNKA] (IRQs *5 10 11)
Feb  9 11:01:50 ip-10-0-2-151 kernel: ACPI: PCI Interrupt Link [LNKB] (IRQs 5 *10 11)
Feb  9 11:01:50 ip-10-0-2-151 kernel: ACPI: PCI Interrupt Link [LNKC] (IRQs 5 10 *11)
Feb  9 11:01:50 ip-10-0-2-151 kernel: ACPI: PCI Interrupt Link [LNKD] (IRQs *5 10 11)
Feb  9 11:01:50 ip-10-0-2-151 kernel: xen:balloon: Initialising balloon driver
Feb  9 11:01:50 ip-10-0-2-151 kernel: pci 0000:00:02.0: vgaarb: setting as boot VGA device
Feb  9 11:01:50 ip-10-0-2-151 kernel: pci 0000:00:02.0: vgaarb: VGA device added: decodes=io+mem,owns=io+mem,locks=none
Feb  9 11:01:50 ip-10-0-2-151 kernel: pci 0000:00:02.0: vgaarb: bridge control possible
Feb  9 11:01:50 ip-10-0-2-151 kernel: vgaarb: loaded
Feb  9 11:01:50 ip-10-0-2-151 kernel: EDAC MC: Ver: 3.0.0
Feb  9 11:01:50 ip-10-0-2-151 kernel: PCI: Using ACPI for IRQ routing
Feb  9 11:01:50 ip-10-0-2-151 kernel: NetLabel: Initializing
Feb  9 11:01:50 ip-10-0-2-151 kernel: NetLabel:  domain hash size = 128
Feb  9 11:01:50 ip-10-0-2-151 kernel: NetLabel:  protocols = UNLABELED CIPSOv4 CALIPSO
Feb  9 11:01:50 ip-10-0-2-151 kernel: NetLabel:  unlabeled traffic allowed by default
Feb  9 11:01:50 ip-10-0-2-151 kernel: HPET: 3 timers in total, 0 timers will be used for per-cpu timer
Feb  9 11:01:50 ip-10-0-2-151 kernel: hpet0: at MMIO 0xfed00000, IRQs 2, 8, 0
Feb  9 11:01:50 ip-10-0-2-151 kernel: hpet0: 3 comparators, 64-bit 62.500000 MHz counter
Feb  9 11:01:50 ip-10-0-2-151 kernel: clocksource: Switched to clocksource xen
Feb  9 11:01:50 ip-10-0-2-151 kernel: VFS: Disk quotas dquot_6.6.0
Feb  9 11:01:50 ip-10-0-2-151 kernel: VFS: Dquot-cache hash table entries: 512 (order 0, 4096 bytes)
Feb  9 11:01:50 ip-10-0-2-151 kernel: pnp: PnP ACPI init
Feb  9 11:01:50 ip-10-0-2-151 kernel: system 00:00: [mem 0x00000000-0x0009ffff] could not be reserved
Feb  9 11:01:50 ip-10-0-2-151 kernel: system 00:01: [io  0x08a0-0x08a3] has been reserved
Feb  9 11:01:50 ip-10-0-2-151 kernel: system 00:01: [io  0x0cc0-0x0ccf] has been reserved
Feb  9 11:01:50 ip-10-0-2-151 kernel: system 00:01: [io  0x04d0-0x04d1] has been reserved
Feb  9 11:01:50 ip-10-0-2-151 kernel: system 00:07: [io  0x10c0-0x1141] has been reserved
Feb  9 11:01:50 ip-10-0-2-151 kernel: system 00:07: [io  0xb044-0xb047] has been reserved
Feb  9 11:01:50 ip-10-0-2-151 kernel: pnp: PnP ACPI: found 8 devices
Feb  9 11:01:50 ip-10-0-2-151 kernel: clocksource: acpi_pm: mask: 0xffffff max_cycles: 0xffffff, max_idle_ns: 2085701024 ns
Feb  9 11:01:50 ip-10-0-2-151 kernel: NET: Registered protocol family 2
Feb  9 11:01:50 ip-10-0-2-151 kernel: TCP established hash table entries: 8192 (order: 4, 65536 bytes)
Feb  9 11:01:50 ip-10-0-2-151 kernel: TCP bind hash table entries: 8192 (order: 5, 131072 bytes)
Feb  9 11:01:50 ip-10-0-2-151 kernel: TCP: Hash tables configured (established 8192 bind 8192)
Feb  9 11:01:50 ip-10-0-2-151 kernel: UDP hash table entries: 512 (order: 2, 16384 bytes)
Feb  9 11:01:50 ip-10-0-2-151 kernel: UDP-Lite hash table entries: 512 (order: 2, 16384 bytes)
Feb  9 11:01:50 ip-10-0-2-151 kernel: NET: Registered protocol family 1
Feb  9 11:01:50 ip-10-0-2-151 kernel: pci 0000:00:00.0: Limiting direct PCI/PCI transfers
Feb  9 11:01:50 ip-10-0-2-151 kernel: pci 0000:00:01.0: PIIX3: Enabling Passive Release
Feb  9 11:01:50 ip-10-0-2-151 kernel: pci 0000:00:01.0: Activating ISA DMA hang workarounds
Feb  9 11:01:50 ip-10-0-2-151 kernel: pci 0000:00:02.0: Video device with shadowed ROM at [mem 0x000c0000-0x000dffff]
Feb  9 11:01:50 ip-10-0-2-151 kernel: Unpacking initramfs...
Feb  9 11:01:50 ip-10-0-2-151 kernel: random: fast init done
Feb  9 11:01:50 ip-10-0-2-151 kernel: Freeing initrd memory: 30472K
Feb  9 11:01:50 ip-10-0-2-151 kernel: Scanning for low memory corruption every 60 seconds
Feb  9 11:01:50 ip-10-0-2-151 kernel: audit: initializing netlink subsys (disabled)
Feb  9 11:01:50 ip-10-0-2-151 kernel: Initialise system trusted keyrings
Feb  9 11:01:50 ip-10-0-2-151 kernel: Key type blacklist registered
Feb  9 11:01:50 ip-10-0-2-151 kernel: audit: type=2000 audit(1549710109.333:1): state=initialized audit_enabled=0 res=1
Feb  9 11:01:50 ip-10-0-2-151 kernel: workingset: timestamp_bits=36 max_order=18 bucket_order=0
Feb  9 11:01:50 ip-10-0-2-151 kernel: zbud: loaded
Feb  9 11:01:50 ip-10-0-2-151 kernel: Key type asymmetric registered
Feb  9 11:01:50 ip-10-0-2-151 kernel: Asymmetric key parser 'x509' registered
Feb  9 11:01:50 ip-10-0-2-151 kernel: Block layer SCSI generic (bsg) driver version 0.4 loaded (major 252)
Feb  9 11:01:50 ip-10-0-2-151 kernel: io scheduler noop registered (default)
Feb  9 11:01:50 ip-10-0-2-151 kernel: io scheduler cfq registered
Feb  9 11:01:50 ip-10-0-2-151 kernel: crc32: CRC_LE_BITS = 64, CRC_BE BITS = 64
Feb  9 11:01:50 ip-10-0-2-151 kernel: crc32: self tests passed, processed 225944 bytes in 161531 nsec
Feb  9 11:01:50 ip-10-0-2-151 kernel: crc32c: CRC_LE_BITS = 64
Feb  9 11:01:50 ip-10-0-2-151 kernel: crc32c: self tests passed, processed 225944 bytes in 91243 nsec
Feb  9 11:01:50 ip-10-0-2-151 kernel: crc32_combine: 8373 self tests passed
Feb  9 11:01:50 ip-10-0-2-151 kernel: crc32c_combine: 8373 self tests passed
Feb  9 11:01:50 ip-10-0-2-151 kernel: xen:grant_table: Grant tables using version 1 layout
Feb  9 11:01:50 ip-10-0-2-151 kernel: Grant table initialized
Feb  9 11:01:50 ip-10-0-2-151 kernel: Cannot get hvm parameter CONSOLE_EVTCHN (18): -22!
Feb  9 11:01:50 ip-10-0-2-151 kernel: Serial: 8250/16550 driver, 4 ports, IRQ sharing disabled
Feb  9 11:01:50 ip-10-0-2-151 kernel: 00:06: ttyS0 at I/O 0x3f8 (irq = 4, base_baud = 115200) is a 16550A
Feb  9 11:01:50 ip-10-0-2-151 kernel: xen_netfront: Initialising Xen virtual ethernet driver
Feb  9 11:01:50 ip-10-0-2-151 kernel: i8042: PNP: PS/2 Controller [PNP0303:PS2K,PNP0f13:PS2M] at 0x60,0x64 irq 1,12
Feb  9 11:01:50 ip-10-0-2-151 kernel: serio: i8042 KBD port at 0x60,0x64 irq 1
Feb  9 11:01:50 ip-10-0-2-151 kernel: serio: i8042 AUX port at 0x60,0x64 irq 12
Feb  9 11:01:50 ip-10-0-2-151 kernel: input: AT Translated Set 2 keyboard as /devices/platform/i8042/serio0/input/input0
Feb  9 11:01:50 ip-10-0-2-151 kernel: rtc_cmos 00:02: rtc core: registered rtc_cmos as rtc0
Feb  9 11:01:50 ip-10-0-2-151 kernel: rtc_cmos 00:02: alarms up to one day, 114 bytes nvram, hpet irqs
Feb  9 11:01:50 ip-10-0-2-151 kernel: hidraw: raw HID events driver (C) Jiri Kosina
Feb  9 11:01:50 ip-10-0-2-151 kernel: NET: Registered protocol family 17
Feb  9 11:01:50 ip-10-0-2-151 kernel: sched_clock: Marking stable (1221280017, 0)->(10240593204, -9019313187)
Feb  9 11:01:50 ip-10-0-2-151 kernel: registered taskstats version 1
Feb  9 11:01:50 ip-10-0-2-151 kernel: Loading compiled-in X.509 certificates
Feb  9 11:01:50 ip-10-0-2-151 kernel: Loaded X.509 cert 'Build time autogenerated kernel key: 520231bf506c3deaa3c754172e4473d4d98762f3'
Feb  9 11:01:50 ip-10-0-2-151 kernel: zswap: loaded using pool lzo/zbud
Feb  9 11:01:50 ip-10-0-2-151 kernel: ima: No TPM chip found, activating TPM-bypass! (rc=-19)
Feb  9 11:01:50 ip-10-0-2-151 kernel: ima: Allocated hash algorithm: sha1
Feb  9 11:01:50 ip-10-0-2-151 kernel: xenbus_probe_frontend: Device with no driver: device/vbd/51712
Feb  9 11:01:50 ip-10-0-2-151 kernel: rtc_cmos 00:02: setting system clock to 2019-02-09 11:01:50 UTC (1549710110)
Feb  9 11:01:50 ip-10-0-2-151 kernel: Freeing unused kernel memory: 2052K
Feb  9 11:01:50 ip-10-0-2-151 kernel: Write protecting the kernel read-only data: 14336k
Feb  9 11:01:50 ip-10-0-2-151 kernel: Freeing unused kernel memory: 2016K
Feb  9 11:01:50 ip-10-0-2-151 kernel: Freeing unused kernel memory: 1288K
Feb  9 11:01:50 ip-10-0-2-151 systemd[1]: Inserted module 'autofs4'
Feb  9 11:01:50 ip-10-0-2-151 kernel: NET: Registered protocol family 10
Feb  9 11:01:50 ip-10-0-2-151 kernel: Segment Routing with IPv6
Feb  9 11:01:50 ip-10-0-2-151 systemd[1]: Inserted module 'ipv6'
Feb  9 11:01:50 ip-10-0-2-151 kernel: random: systemd: uninitialized urandom read (16 bytes read)
Feb  9 11:01:50 ip-10-0-2-151 kernel: random: systemd: uninitialized urandom read (16 bytes read)
Feb  9 11:01:50 ip-10-0-2-151 kernel: random: systemd: uninitialized urandom read (16 bytes read)
Feb  9 11:01:50 ip-10-0-2-151 systemd[1]: systemd 219 running in system mode. (+PAM +AUDIT +SELINUX +IMA -APPARMOR +SMACK +SYSVINIT +UTMP +LIBCRYPTSETUP +GCRYPT +GNUTLS +ACL +XZ +LZ4 -SECCOMP +BLKID +ELFUTILS +KMOD +IDN)
Feb  9 11:01:50 ip-10-0-2-151 systemd[1]: Detected virtualization xen.
Feb  9 11:01:50 ip-10-0-2-151 systemd[1]: Detected architecture x86-64.
Feb  9 11:01:50 ip-10-0-2-151 systemd[1]: Running in initial RAM disk.
Feb  9 11:01:50 ip-10-0-2-151 systemd[1]: No hostname configured.
Feb  9 11:01:50 ip-10-0-2-151 systemd[1]: Set hostname to <localhost>.
Feb  9 11:01:50 ip-10-0-2-151 systemd[1]: Initializing machine ID from random generator.
Feb  9 11:01:50 ip-10-0-2-151 systemd[1]: Reached target Local Encrypted Volumes.
Feb  9 11:01:50 ip-10-0-2-151 systemd[1]: Starting Local Encrypted Volumes.
Feb  9 11:01:50 ip-10-0-2-151 systemd[1]: Created slice Root Slice.
Feb  9 11:01:50 ip-10-0-2-151 journal: Journal started
Feb  9 11:01:50 ip-10-0-2-151 systemd: Started Create list of required static device nodes for the current kernel.
Feb  9 11:01:50 ip-10-0-2-151 systemd: Started Apply Kernel Variables.
Feb  9 11:01:50 ip-10-0-2-151 systemd: Started Setup Virtual Console.
Feb  9 11:01:50 ip-10-0-2-151 systemd: Starting Create Static Device Nodes in /dev...
Feb  9 11:01:50 ip-10-0-2-151 systemd: Started Create Static Device Nodes in /dev.
Feb  9 11:01:50 ip-10-0-2-151 systemd: Started dracut cmdline hook.
Feb  9 11:01:50 ip-10-0-2-151 systemd: Starting dracut pre-udev hook...
Feb  9 11:01:50 ip-10-0-2-151 kernel: device-mapper: uevent: version 1.0.3
Feb  9 11:01:50 ip-10-0-2-151 kernel: device-mapper: ioctl: 4.37.0-ioctl (2017-09-20) initialised: dm-devel@redhat.com
Feb  9 11:01:50 ip-10-0-2-151 systemd: Started dracut pre-udev hook.
Feb  9 11:01:50 ip-10-0-2-151 systemd: Starting udev Kernel Device Manager...
Feb  9 11:01:50 ip-10-0-2-151 systemd-udevd: starting version 219
Feb  9 11:01:50 ip-10-0-2-151 systemd-udevd: Network interface NamePolicy= disabled on kernel command line, ignoring.
Feb  9 11:01:50 ip-10-0-2-151 systemd: Started udev Kernel Device Manager.
Feb  9 11:01:50 ip-10-0-2-151 systemd: Starting dracut pre-trigger hook...
Feb  9 11:01:51 ip-10-0-2-151 kernel: tsc: Refined TSC clocksource calibration: 2400.002 MHz
Feb  9 11:01:51 ip-10-0-2-151 kernel: clocksource: tsc: mask: 0xffffffffffffffff max_cycles: 0x22983938a92, max_idle_ns: 440795216168 ns
Feb  9 11:01:51 ip-10-0-2-151 systemd: Started dracut pre-trigger hook.
Feb  9 11:01:51 ip-10-0-2-151 systemd: Starting udev Coldplug all Devices...
Feb  9 11:01:51 ip-10-0-2-151 systemd-udevd: Network interface NamePolicy= disabled on kernel command line, ignoring.
Feb  9 11:01:51 ip-10-0-2-151 systemd: Started udev Coldplug all Devices.
Feb  9 11:01:51 ip-10-0-2-151 systemd: Reached target System Initialization.
Feb  9 11:01:51 ip-10-0-2-151 systemd: Starting System Initialization.
Feb  9 11:01:51 ip-10-0-2-151 systemd: Starting dracut initqueue hook...
Feb  9 11:01:51 ip-10-0-2-151 systemd: Starting Show Plymouth Boot Screen...
Feb  9 11:01:51 ip-10-0-2-151 systemd: Received SIGRTMIN+20 from PID 1700 (plymouthd).
Feb  9 11:01:51 ip-10-0-2-151 systemd: Started Show Plymouth Boot Screen.
Feb  9 11:01:51 ip-10-0-2-151 systemd: Started Forward Password Requests to Plymouth Directory Watch.
Feb  9 11:01:51 ip-10-0-2-151 systemd: Starting Forward Password Requests to Plymouth Directory Watch.
Feb  9 11:01:51 ip-10-0-2-151 systemd: Reached target Paths.
Feb  9 11:01:51 ip-10-0-2-151 systemd: Starting Paths.
Feb  9 11:01:51 ip-10-0-2-151 systemd: Reached target Basic System.
Feb  9 11:01:51 ip-10-0-2-151 systemd: Starting Basic System.
Feb  9 11:01:51 ip-10-0-2-151 kernel: SCSI subsystem initialized
Feb  9 11:01:51 ip-10-0-2-151 kernel: Invalid max_queues (4), will use default max: 1.
Feb  9 11:01:51 ip-10-0-2-151 kernel: AVX2 version of gcm_enc/dec engaged.
Feb  9 11:01:51 ip-10-0-2-151 kernel: AES CTR mode by8 optimization enabled
Feb  9 11:01:51 ip-10-0-2-151 kernel: scsi host0: ata_piix
Feb  9 11:01:51 ip-10-0-2-151 kernel: scsi host1: ata_piix
Feb  9 11:01:51 ip-10-0-2-151 kernel: ata1: PATA max MWDMA2 cmd 0x1f0 ctl 0x3f6 bmdma 0xc100 irq 14
Feb  9 11:01:51 ip-10-0-2-151 kernel: ata2: PATA max MWDMA2 cmd 0x170 ctl 0x376 bmdma 0xc108 irq 15
Feb  9 11:01:51 ip-10-0-2-151 kernel: blkfront: xvda: barrier or flush: disabled; persistent grants: disabled; indirect descriptors: enabled;
Feb  9 11:01:51 ip-10-0-2-151 kernel: alg: No test for pcbc(aes) (pcbc-aes-aesni)
Feb  9 11:01:51 ip-10-0-2-151 kernel: xvda: xvda1
Feb  9 11:01:51 ip-10-0-2-151 systemd: Found device /dev/disk/by-uuid/ca774df7-756d-4261-a3f1-76038323e572.
Feb  9 11:01:51 ip-10-0-2-151 systemd: Starting File System Check on /dev/disk/by-uuid/ca774df7-756d-4261-a3f1-76038323e572...
Feb  9 11:01:51 ip-10-0-2-151 systemd-fsck: /usr/sbin/fsck.xfs: XFS file system.
Feb  9 11:01:51 ip-10-0-2-151 systemd: Started File System Check on /dev/disk/by-uuid/ca774df7-756d-4261-a3f1-76038323e572.
Feb  9 11:01:51 ip-10-0-2-151 systemd: Started dracut initqueue hook.
Feb  9 11:01:51 ip-10-0-2-151 systemd: Starting dracut pre-mount hook...
Feb  9 11:01:51 ip-10-0-2-151 systemd: Reached target Remote File Systems (Pre).
Feb  9 11:01:51 ip-10-0-2-151 systemd: Starting Remote File Systems (Pre).
Feb  9 11:01:51 ip-10-0-2-151 systemd: Reached target Remote File Systems.
Feb  9 11:01:51 ip-10-0-2-151 systemd: Starting Remote File Systems.
Feb  9 11:01:51 ip-10-0-2-151 systemd: Started dracut pre-mount hook.
Feb  9 11:01:51 ip-10-0-2-151 systemd: Mounting /sysroot...
Feb  9 11:01:51 ip-10-0-2-151 kernel: SGI XFS with ACLs, security attributes, no debug enabled
Feb  9 11:01:51 ip-10-0-2-151 kernel: XFS (xvda1): Mounting V5 Filesystem
Feb  9 11:01:51 ip-10-0-2-151 systemd: Mounted /sysroot.
Feb  9 11:01:51 ip-10-0-2-151 systemd: Reached target Initrd Root File System.
Feb  9 11:01:51 ip-10-0-2-151 systemd: Starting Initrd Root File System.
Feb  9 11:01:51 ip-10-0-2-151 systemd: Starting Reload Configuration from the Real Root...
Feb  9 11:01:51 ip-10-0-2-151 kernel: XFS (xvda1): Ending clean mount
Feb  9 11:01:51 ip-10-0-2-151 systemd: Reloading.
Feb  9 11:01:51 ip-10-0-2-151 systemd: Started Reload Configuration from the Real Root.
Feb  9 11:01:51 ip-10-0-2-151 systemd: Reached target Initrd File Systems.
Feb  9 11:01:51 ip-10-0-2-151 systemd: Starting Initrd File Systems.
Feb  9 11:01:51 ip-10-0-2-151 systemd: Reached target Initrd Default Target.
Feb  9 11:01:51 ip-10-0-2-151 systemd: Starting Initrd Default Target.
Feb  9 11:01:51 ip-10-0-2-151 systemd: Starting dracut pre-pivot and cleanup hook...
Feb  9 11:01:51 ip-10-0-2-151 systemd: Started dracut pre-pivot and cleanup hook.
Feb  9 11:01:51 ip-10-0-2-151 systemd: Starting Cleaning Up and Shutting Down Daemons...
Feb  9 11:01:51 ip-10-0-2-151 systemd: Stopped Cleaning Up and Shutting Down Daemons.
Feb  9 11:01:51 ip-10-0-2-151 systemd: Stopped target Timers.
Feb  9 11:01:51 ip-10-0-2-151 systemd: Stopping Timers.
Feb  9 11:01:51 ip-10-0-2-151 systemd: Stopped dracut pre-pivot and cleanup hook.
Feb  9 11:01:51 ip-10-0-2-151 systemd: Stopping dracut pre-pivot and cleanup hook...
Feb  9 11:01:51 ip-10-0-2-151 systemd: Stopped target Initrd Default Target.
Feb  9 11:01:51 ip-10-0-2-151 systemd: Stopping Initrd Default Target.
Feb  9 11:01:51 ip-10-0-2-151 systemd: Stopped target Remote File Systems.
Feb  9 11:01:51 ip-10-0-2-151 systemd: Stopping Remote File Systems.
Feb  9 11:01:51 ip-10-0-2-151 systemd: Stopped target Remote File Systems (Pre).
Feb  9 11:01:51 ip-10-0-2-151 systemd: Stopping Remote File Systems (Pre).
Feb  9 11:01:51 ip-10-0-2-151 systemd: Stopped target Basic System.
Feb  9 11:01:51 ip-10-0-2-151 systemd: Stopping Basic System.
Feb  9 11:01:51 ip-10-0-2-151 systemd: Stopped target System Initialization.
Feb  9 11:01:51 ip-10-0-2-151 systemd: Stopping System Initialization.
Feb  9 11:01:51 ip-10-0-2-151 systemd: Stopped Apply Kernel Variables.
Feb  9 11:01:51 ip-10-0-2-151 systemd: Stopping Apply Kernel Variables...
Feb  9 11:01:51 ip-10-0-2-151 systemd: Stopped target Local File Systems.
Feb  9 11:01:51 ip-10-0-2-151 systemd: Stopping Local File Systems.
Feb  9 11:01:51 ip-10-0-2-151 systemd: Stopped target Sockets.
Feb  9 11:01:51 ip-10-0-2-151 systemd: Stopping Sockets.
Feb  9 11:01:51 ip-10-0-2-151 systemd: Stopped target Slices.
Feb  9 11:01:51 ip-10-0-2-151 systemd: Stopping Slices.
Feb  9 11:01:51 ip-10-0-2-151 systemd: Stopped target Paths.
Feb  9 11:01:51 ip-10-0-2-151 systemd: Stopping Paths.
Feb  9 11:01:51 ip-10-0-2-151 systemd: Stopped dracut pre-mount hook.
Feb  9 11:01:51 ip-10-0-2-151 systemd: Stopping dracut pre-mount hook...
Feb  9 11:01:51 ip-10-0-2-151 systemd: Stopped target Local Encrypted Volumes.
Feb  9 11:01:51 ip-10-0-2-151 systemd: Stopping Local Encrypted Volumes.
Feb  9 11:01:51 ip-10-0-2-151 systemd: Stopped dracut initqueue hook.
Feb  9 11:01:51 ip-10-0-2-151 systemd: Stopping dracut initqueue hook...
Feb  9 11:01:51 ip-10-0-2-151 systemd: Stopped udev Coldplug all Devices.
Feb  9 11:01:51 ip-10-0-2-151 systemd: Stopping udev Coldplug all Devices...
Feb  9 11:01:51 ip-10-0-2-151 systemd: Stopped dracut pre-trigger hook.
Feb  9 11:01:51 ip-10-0-2-151 systemd: Stopping dracut pre-trigger hook...
Feb  9 11:01:51 ip-10-0-2-151 systemd: Stopping udev Kernel Device Manager...
Feb  9 11:01:51 ip-10-0-2-151 systemd: Stopped target Swap.
Feb  9 11:01:51 ip-10-0-2-151 systemd: Stopping Swap.
Feb  9 11:01:51 ip-10-0-2-151 systemd: Starting Plymouth switch root service...
Feb  9 11:01:51 ip-10-0-2-151 systemd: Stopped udev Kernel Device Manager.
Feb  9 11:01:51 ip-10-0-2-151 systemd: Stopped Create Static Device Nodes in /dev.
Feb  9 11:01:51 ip-10-0-2-151 systemd: Stopping Create Static Device Nodes in /dev...
Feb  9 11:01:51 ip-10-0-2-151 systemd: Stopped Create list of required static device nodes for the current kernel.
Feb  9 11:01:51 ip-10-0-2-151 systemd: Stopping Create list of required static device nodes for the current kernel...
Feb  9 11:01:51 ip-10-0-2-151 systemd: Stopped dracut pre-udev hook.
Feb  9 11:01:51 ip-10-0-2-151 systemd: Stopping dracut pre-udev hook...
Feb  9 11:01:51 ip-10-0-2-151 systemd: Stopped dracut cmdline hook.
Feb  9 11:01:51 ip-10-0-2-151 systemd: Stopping dracut cmdline hook...
Feb  9 11:01:51 ip-10-0-2-151 systemd: Closed udev Control Socket.
Feb  9 11:01:51 ip-10-0-2-151 systemd: Stopping udev Control Socket.
Feb  9 11:01:51 ip-10-0-2-151 systemd: Closed udev Kernel Socket.
Feb  9 11:01:51 ip-10-0-2-151 systemd: Stopping udev Kernel Socket.
Feb  9 11:01:51 ip-10-0-2-151 systemd: Starting Cleanup udevd DB...
Feb  9 11:01:51 ip-10-0-2-151 systemd: Started Cleanup udevd DB.
Feb  9 11:01:51 ip-10-0-2-151 systemd: Reached target Switch Root.
Feb  9 11:01:51 ip-10-0-2-151 systemd: Starting Switch Root.
Feb  9 11:01:51 ip-10-0-2-151 systemd: Started Plymouth switch root service.
Feb  9 11:01:51 ip-10-0-2-151 systemd: Starting Switch Root...
Feb  9 11:01:51 ip-10-0-2-151 systemd: Switching root.
Feb  9 11:01:51 ip-10-0-2-151 journal: Journal stopped
Feb  9 11:01:52 ip-10-0-2-151 journal: Runtime journal is using 6.1M (max allowed 49.2M, trying to leave 73.9M free of 480.5M available â†’ current limit 49.2M).
Feb  9 11:01:52 ip-10-0-2-151 systemd-journald[913]: Received SIGTERM from PID 1 (systemd).
Feb  9 11:01:52 ip-10-0-2-151 kernel: systemd: 25 output lines suppressed due to ratelimiting
Feb  9 11:01:52 ip-10-0-2-151 kernel: SELinux:  Disabled at runtime.
Feb  9 11:01:52 ip-10-0-2-151 kernel: audit: type=1404 audit(1549710112.116:2): selinux=0 auid=4294967295 ses=4294967295
Feb  9 11:01:52 ip-10-0-2-151 kernel: ip_tables: (C) 2000-2006 Netfilter Core Team
Feb  9 11:01:52 ip-10-0-2-151 systemd[1]: Inserted module 'ip_tables'
Feb  9 11:01:52 ip-10-0-2-151 journal: Journal started
Feb  9 11:01:52 ip-10-0-2-151 systemd: systemd 219 running in system mode. (+PAM +AUDIT +SELINUX +IMA -APPARMOR +SMACK +SYSVINIT +UTMP +LIBCRYPTSETUP +GCRYPT +GNUTLS +ACL +XZ +LZ4 -SECCOMP +BLKID +ELFUTILS +KMOD +IDN)
Feb  9 11:01:52 ip-10-0-2-151 systemd: Detected virtualization xen.
Feb  9 11:01:52 ip-10-0-2-151 systemd: Detected architecture x86-64.
Feb  9 11:01:52 ip-10-0-2-151 systemd: Set hostname to <ip-10-0-2-151.us-west-2.compute.internal>.
Feb  9 11:01:52 ip-10-0-2-151 systemd: [/usr/lib/systemd/system/irqbalance.service:12] Unknown lvalue 'ReadOnlyPaths' in section 'Service'
Feb  9 11:01:52 ip-10-0-2-151 systemd: [/usr/lib/systemd/system/irqbalance.service:13] Unknown lvalue 'ReadWritePaths' in section 'Service'
Feb  9 11:01:52 ip-10-0-2-151 systemd: [/usr/lib/systemd/system/irqbalance.service:15] Unknown lvalue 'TemporaryFileSystem' in section 'Service'
Feb  9 11:01:52 ip-10-0-2-151 systemd: Cannot add dependency job for unit display-manager.service, ignoring: Unit not found.
Feb  9 11:01:52 ip-10-0-2-151 systemd: Started Remount Root and Kernel File Systems.
Feb  9 11:01:52 ip-10-0-2-151 systemd: Starting udev Coldplug all Devices...
Feb  9 11:01:52 ip-10-0-2-151 systemd: Starting Flush Journal to Persistent Storage...
Feb  9 11:01:52 ip-10-0-2-151 systemd-modules-load: Inserted module 'ena'
Feb  9 11:01:52 ip-10-0-2-151 systemd: Starting Load/Save Random Seed...
Feb  9 11:01:52 ip-10-0-2-151 kernel: ena: Elastic Network Adapter (ENA) v2.0.2g
Feb  9 11:01:52 ip-10-0-2-151 systemd: Starting Configure read-only root support...
Feb  9 11:01:52 ip-10-0-2-151 systemd: Started Load Kernel Modules.
Feb  9 11:01:52 ip-10-0-2-151 systemd: Started Load/Save Random Seed.
Feb  9 11:01:52 ip-10-0-2-151 journal: Permanent journal is using 136.0M (max allowed 818.0M, trying to leave 1.1G free of 2.1G available â†’ current limit 818.0M).
Feb  9 11:01:52 ip-10-0-2-151 journal: Time spent on flushing to /var is 187.566ms for 534 entries.
Feb  9 11:01:52 ip-10-0-2-151 systemd: Started LVM2 metadata daemon.
Feb  9 11:01:52 ip-10-0-2-151 systemd: Starting LVM2 metadata daemon...
Feb  9 11:01:52 ip-10-0-2-151 systemd: Starting Apply Kernel Variables...
Feb  9 11:01:52 ip-10-0-2-151 systemd: Started Create Static Device Nodes in /dev.
Feb  9 11:01:52 ip-10-0-2-151 systemd: Started Configure read-only root support.
Feb  9 11:01:52 ip-10-0-2-151 systemd: Started udev Coldplug all Devices.
Feb  9 11:01:52 ip-10-0-2-151 systemd: Starting udev Wait for Complete Device Initialization...
Feb  9 11:01:52 ip-10-0-2-151 systemd: Starting udev Kernel Device Manager...
Feb  9 11:01:52 ip-10-0-2-151 systemd: Started Apply Kernel Variables.
Feb  9 11:01:52 ip-10-0-2-151 systemd-udevd: starting version 219
Feb  9 11:01:52 ip-10-0-2-151 systemd-udevd: Network interface NamePolicy= disabled on kernel command line, ignoring.
Feb  9 11:01:52 ip-10-0-2-151 systemd: Started Flush Journal to Persistent Storage.
Feb  9 11:01:52 ip-10-0-2-151 systemd: Started udev Kernel Device Manager.
Feb  9 11:01:52 ip-10-0-2-151 systemd: Found device /dev/ttyS0.
Feb  9 11:01:52 ip-10-0-2-151 kernel: input: Power Button as /devices/LNXSYSTM:00/LNXPWRBN:00/input/input3
Feb  9 11:01:52 ip-10-0-2-151 kernel: ACPI: Power Button [PWRF]
Feb  9 11:01:52 ip-10-0-2-151 kernel: input: Sleep Button as /devices/LNXSYSTM:00/LNXSLPBN:00/input/input4
Feb  9 11:01:52 ip-10-0-2-151 kernel: ACPI: Sleep Button [SLPF]
Feb  9 11:01:52 ip-10-0-2-151 kernel: input: ImExPS/2 Generic Explorer Mouse as /devices/platform/i8042/serio1/input/input5
Feb  9 11:01:52 ip-10-0-2-151 kernel: mousedev: PS/2 mouse device common for all mice
Feb  9 11:01:52 ip-10-0-2-151 kernel: EDAC sbridge:  Ver: 1.1.2 
Feb  9 11:01:52 ip-10-0-2-151 systemd: Created slice system-ec2net\x2difup.slice.
Feb  9 11:01:52 ip-10-0-2-151 systemd: Starting system-ec2net\x2difup.slice.
Feb  9 11:01:52 ip-10-0-2-151 systemd: Started Monitoring of LVM2 mirrors, snapshots etc. using dmeventd or progress polling.
Feb  9 11:01:52 ip-10-0-2-151 systemd: Reached target Local File Systems (Pre).
Feb  9 11:01:52 ip-10-0-2-151 systemd: Starting Local File Systems (Pre).
Feb  9 11:01:53 ip-10-0-2-151 systemd: Started udev Wait for Complete Device Initialization.
Feb  9 11:01:53 ip-10-0-2-151 systemd: Starting Activation of DM RAID sets...
Feb  9 11:01:53 ip-10-0-2-151 systemd: Started Activation of DM RAID sets.
Feb  9 11:01:53 ip-10-0-2-151 systemd: Reached target Local File Systems.
Feb  9 11:01:53 ip-10-0-2-151 systemd: Starting Local File Systems.
Feb  9 11:01:53 ip-10-0-2-151 systemd: Starting Create Volatile Files and Directories...
Feb  9 11:01:53 ip-10-0-2-151 systemd: Starting Preprocess NFS configuration...
Feb  9 11:01:53 ip-10-0-2-151 systemd: Starting Tell Plymouth To Write Out Runtime Data...
Feb  9 11:01:53 ip-10-0-2-151 systemd: Reached target Local Encrypted Volumes.
Feb  9 11:01:53 ip-10-0-2-151 systemd: Starting Local Encrypted Volumes.
Feb  9 11:01:53 ip-10-0-2-151 systemd: Started Preprocess NFS configuration.
Feb  9 11:01:53 ip-10-0-2-151 systemd: Started Create Volatile Files and Directories.
Feb  9 11:01:53 ip-10-0-2-151 systemd: Mounting RPC Pipe File System...
Feb  9 11:01:53 ip-10-0-2-151 systemd: Starting Security Auditing Service...
Feb  9 11:01:53 ip-10-0-2-151 systemd: Started Tell Plymouth To Write Out Runtime Data.
Feb  9 11:01:53 ip-10-0-2-151 kernel: RPC: Registered named UNIX socket transport module.
Feb  9 11:01:53 ip-10-0-2-151 kernel: RPC: Registered udp transport module.
Feb  9 11:01:53 ip-10-0-2-151 kernel: RPC: Registered tcp transport module.
Feb  9 11:01:53 ip-10-0-2-151 kernel: RPC: Registered tcp NFSv4.1 backchannel transport module.
Feb  9 11:01:53 ip-10-0-2-151 systemd: Mounted RPC Pipe File System.
Feb  9 11:01:53 ip-10-0-2-151 systemd: Reached target rpc_pipefs.target.
Feb  9 11:01:53 ip-10-0-2-151 systemd: Starting rpc_pipefs.target.
Feb  9 11:01:53 ip-10-0-2-151 auditd[2626]: Started dispatcher: /sbin/audispd pid: 2628
Feb  9 11:01:53 ip-10-0-2-151 auditd[2626]: Init complete, auditd 2.8.1 listening for events (startup state enable)
Feb  9 11:01:53 ip-10-0-2-151 audispd: No plugins found, exiting
Feb  9 11:01:53 ip-10-0-2-151 augenrules: /sbin/augenrules: No change
Feb  9 11:01:53 ip-10-0-2-151 augenrules: No rules
Feb  9 11:01:53 ip-10-0-2-151 augenrules: enabled 1
Feb  9 11:01:53 ip-10-0-2-151 augenrules: failure 1
Feb  9 11:01:53 ip-10-0-2-151 augenrules: pid 2626
Feb  9 11:01:53 ip-10-0-2-151 augenrules: rate_limit 0
Feb  9 11:01:53 ip-10-0-2-151 augenrules: backlog_limit 8192
Feb  9 11:01:53 ip-10-0-2-151 augenrules: lost 0
Feb  9 11:01:53 ip-10-0-2-151 augenrules: backlog 1
Feb  9 11:01:53 ip-10-0-2-151 augenrules: backlog_wait_time 15000
Feb  9 11:01:53 ip-10-0-2-151 augenrules: enabled 1
Feb  9 11:01:53 ip-10-0-2-151 augenrules: failure 1
Feb  9 11:01:53 ip-10-0-2-151 augenrules: pid 2626
Feb  9 11:01:53 ip-10-0-2-151 augenrules: rate_limit 0
Feb  9 11:01:53 ip-10-0-2-151 augenrules: backlog_limit 8192
Feb  9 11:01:53 ip-10-0-2-151 augenrules: lost 0
Feb  9 11:01:53 ip-10-0-2-151 augenrules: backlog 1
Feb  9 11:01:53 ip-10-0-2-151 augenrules: backlog_wait_time 15000
Feb  9 11:01:53 ip-10-0-2-151 systemd: Started Security Auditing Service.
Feb  9 11:01:53 ip-10-0-2-151 systemd: Starting Update UTMP about System Boot/Shutdown...
Feb  9 11:01:53 ip-10-0-2-151 systemd: Started Update UTMP about System Boot/Shutdown.
Feb  9 11:01:53 ip-10-0-2-151 systemd: Reached target System Initialization.
Feb  9 11:01:53 ip-10-0-2-151 systemd: Starting System Initialization.
Feb  9 11:01:53 ip-10-0-2-151 systemd: Started Daily Cleanup of Temporary Directories.
Feb  9 11:01:53 ip-10-0-2-151 systemd: Starting Daily Cleanup of Temporary Directories.
Feb  9 11:01:53 ip-10-0-2-151 systemd: Reached target Timers.
Feb  9 11:01:53 ip-10-0-2-151 systemd: Starting Timers.
Feb  9 11:01:53 ip-10-0-2-151 systemd: Listening on RPCbind Server Activation Socket.
Feb  9 11:01:53 ip-10-0-2-151 systemd: Starting RPCbind Server Activation Socket.
Feb  9 11:01:53 ip-10-0-2-151 systemd: Started Flexible branding.
Feb  9 11:01:53 ip-10-0-2-151 systemd: Starting Flexible branding.
Feb  9 11:01:53 ip-10-0-2-151 systemd: Reached target Paths.
Feb  9 11:01:53 ip-10-0-2-151 systemd: Starting Paths.
Feb  9 11:01:53 ip-10-0-2-151 systemd: Listening on D-Bus System Message Bus Socket.
Feb  9 11:01:53 ip-10-0-2-151 systemd: Starting D-Bus System Message Bus Socket.
Feb  9 11:01:53 ip-10-0-2-151 systemd: Reached target Sockets.
Feb  9 11:01:53 ip-10-0-2-151 systemd: Starting Sockets.
Feb  9 11:01:53 ip-10-0-2-151 systemd: Reached target Basic System.
Feb  9 11:01:53 ip-10-0-2-151 systemd: Starting Basic System.
Feb  9 11:01:53 ip-10-0-2-151 systemd: Started D-Bus System Message Bus.
Feb  9 11:01:53 ip-10-0-2-151 systemd: Starting D-Bus System Message Bus...
Feb  9 11:01:53 ip-10-0-2-151 systemd: Starting Resets System Activity Logs...
Feb  9 11:01:53 ip-10-0-2-151 systemd: Started libstoragemgmt plug-in server daemon.
Feb  9 11:01:53 ip-10-0-2-151 systemd: Starting libstoragemgmt plug-in server daemon...
Feb  9 11:01:53 ip-10-0-2-151 systemd: Starting Initial cloud-init job (pre-networking)...
Feb  9 11:01:53 ip-10-0-2-151 systemd: Starting Dump dmesg to /var/log/dmesg...
Feb  9 11:01:53 ip-10-0-2-151 systemd: Starting Initialize hardware monitoring sensors...
Feb  9 11:01:53 ip-10-0-2-151 modprobe: No sensors with loadable kernel modules configured.
Feb  9 11:01:53 ip-10-0-2-151 modprobe: Please, run 'sensors-detect' as root in order to search for available sensors.
Feb  9 11:01:53 ip-10-0-2-151 systemd: Starting NTP client/server...
Feb  9 11:01:53 ip-10-0-2-151 systemd: Started irqbalance daemon.
Feb  9 11:01:53 ip-10-0-2-151 systemd: Starting irqbalance daemon...
Feb  9 11:01:53 ip-10-0-2-151 systemd: Starting Login Service...
Feb  9 11:01:53 ip-10-0-2-151 systemd: Starting GSSAPI Proxy Daemon...
Feb  9 11:01:53 ip-10-0-2-151 systemd: Started Hardware RNG Entropy Gatherer Daemon.
Feb  9 11:01:53 ip-10-0-2-151 systemd: Starting Hardware RNG Entropy Gatherer Daemon...
Feb  9 11:01:53 ip-10-0-2-151 /usr/sbin/irqbalance: Balancing is ineffective on systems with a single cpu.  Shutting down
Feb  9 11:01:53 ip-10-0-2-151 rngd: Failed to init entropy source 0: Hardware RNG Device
Feb  9 11:01:53 ip-10-0-2-151 rngd: Failed to init entropy source 1: TPM RNG Device
Feb  9 11:01:53 ip-10-0-2-151 systemd: Started Resets System Activity Logs.
Feb  9 11:01:53 ip-10-0-2-151 systemd: Started Login Service.
Feb  9 11:01:53 ip-10-0-2-151 systemd-logind: Watching system buttons on /dev/input/event1 (Power Button)
Feb  9 11:01:53 ip-10-0-2-151 systemd-logind: Watching system buttons on /dev/input/event2 (Sleep Button)
Feb  9 11:01:53 ip-10-0-2-151 systemd-logind: New seat seat0.
Feb  9 11:01:53 ip-10-0-2-151 systemd: Started Dump dmesg to /var/log/dmesg.
Feb  9 11:01:53 ip-10-0-2-151 sensors: No sensors found!
Feb  9 11:01:53 ip-10-0-2-151 sensors: Make sure you loaded all the kernel drivers you need.
Feb  9 11:01:53 ip-10-0-2-151 sensors: Try sensors-detect to find out which these are.
Feb  9 11:01:53 ip-10-0-2-151 systemd: lm_sensors.service: main process exited, code=exited, status=1/FAILURE
Feb  9 11:01:53 ip-10-0-2-151 systemd: Failed to start Initialize hardware monitoring sensors.
Feb  9 11:01:53 ip-10-0-2-151 systemd: Unit lm_sensors.service entered failed state.
Feb  9 11:01:53 ip-10-0-2-151 systemd: lm_sensors.service failed.
Feb  9 11:01:53 ip-10-0-2-151 chronyd[2681]: chronyd version 3.2 starting (+CMDMON +NTP +REFCLOCK +RTC +PRIVDROP +SCFILTER +SECHASH +SIGND +ASYNCDNS +IPV6 +DEBUG)
Feb  9 11:01:53 ip-10-0-2-151 chronyd[2681]: Frequency -15.018 +/- 0.034 ppm read from /var/lib/chrony/drift
Feb  9 11:01:53 ip-10-0-2-151 kernel: random: crng init done
Feb  9 11:01:53 ip-10-0-2-151 kernel: random: 7 urandom warning(s) missed due to ratelimiting
Feb  9 11:01:53 ip-10-0-2-151 systemd: Started NTP client/server.
Feb  9 11:01:53 ip-10-0-2-151 systemd: Started GSSAPI Proxy Daemon.
Feb  9 11:01:53 ip-10-0-2-151 systemd: Reached target NFS client services.
Feb  9 11:01:53 ip-10-0-2-151 systemd: Starting NFS client services.
Feb  9 11:01:53 ip-10-0-2-151 systemd: Reached target Remote File Systems (Pre).
Feb  9 11:01:53 ip-10-0-2-151 systemd: Starting Remote File Systems (Pre).
Feb  9 11:01:53 ip-10-0-2-151 systemd: Reached target Remote File Systems.
Feb  9 11:01:53 ip-10-0-2-151 systemd: Starting Remote File Systems.
Feb  9 11:01:54 ip-10-0-2-151 cloud-init: Cloud-init v. 18.2-72.amzn2.0.6 running 'init-local' at Sat, 09 Feb 2019 11:01:54 +0000. Up 5.20 seconds.
Feb  9 11:01:54 ip-10-0-2-151 systemd: Started Initial cloud-init job (pre-networking).
Feb  9 11:01:54 ip-10-0-2-151 systemd: Reached target Network (Pre).
Feb  9 11:01:54 ip-10-0-2-151 systemd: Starting Network (Pre).
Feb  9 11:01:54 ip-10-0-2-151 systemd: Starting LSB: Bring up/down networking...
Feb  9 11:01:54 ip-10-0-2-151 network: Bringing up loopback interface:  [  OK  ]
Feb  9 11:01:54 ip-10-0-2-151 network: Bringing up interface eth0:
Feb  9 11:01:54 ip-10-0-2-151 dhclient[2819]: DHCPDISCOVER on eth0 to 255.255.255.255 port 67 interval 6 (xid=0x5ed16d96)
Feb  9 11:01:54 ip-10-0-2-151 dhclient[2819]: DHCPREQUEST on eth0 to 255.255.255.255 port 67 (xid=0x5ed16d96)
Feb  9 11:01:54 ip-10-0-2-151 dhclient[2819]: DHCPOFFER from 10.0.2.1
Feb  9 11:01:54 ip-10-0-2-151 dhclient[2819]: DHCPACK from 10.0.2.1 (xid=0x5ed16d96)
Feb  9 11:01:54 ip-10-0-2-151 NET[2865]: /usr/sbin/dhclient-script : updated /etc/resolv.conf
Feb  9 11:01:54 ip-10-0-2-151 dhclient[2819]: bound to 10.0.2.151 -- renewal in 1501 seconds.
Feb  9 11:01:54 ip-10-0-2-151 ec2net: [get_meta] Trying to get http://169.254.169.254/latest/meta-data/network/interfaces/macs/0a:52:b2:38:a2:aa/local-ipv4s
Feb  9 11:01:54 ip-10-0-2-151 network: Determining IP information for eth0... done.
Feb  9 11:01:54 ip-10-0-2-151 ec2net: [rewrite_aliases] Rewriting aliases of eth0
Feb  9 11:01:56 ip-10-0-2-151 network: Determining IPv6 information for eth0... done.
Feb  9 11:01:56 ip-10-0-2-151 network: [  OK  ]
Feb  9 11:01:56 ip-10-0-2-151 systemd: Started LSB: Bring up/down networking.
Feb  9 11:01:56 ip-10-0-2-151 systemd: Starting Initial cloud-init job (metadata service crawler)...
Feb  9 11:01:56 ip-10-0-2-151 systemd: Reached target Network.
Feb  9 11:01:56 ip-10-0-2-151 systemd: Starting Network.
Feb  9 11:01:56 ip-10-0-2-151 systemd: Starting Postfix Mail Transport Agent...
Feb  9 11:01:56 ip-10-0-2-151 systemd: Started Nagios Remote Program Executor.
Feb  9 11:01:56 ip-10-0-2-151 systemd: Starting Nagios Remote Program Executor...
Feb  9 11:01:56 ip-10-0-2-151 nrpe[3029]: Starting up daemon
Feb  9 11:01:56 ip-10-0-2-151 nrpe[3029]: Server listening on 0.0.0.0 port 5666.
Feb  9 11:01:56 ip-10-0-2-151 nrpe[3029]: Server listening on :: port 5666.
Feb  9 11:01:56 ip-10-0-2-151 nrpe[3029]: Listening for connections on port 5666
Feb  9 11:01:56 ip-10-0-2-151 nrpe[3029]: Allowing connections from: 127.0.0.1,10.0.1.162
Feb  9 11:01:56 ip-10-0-2-151 cloud-init: Cloud-init v. 18.2-72.amzn2.0.6 running 'init' at Sat, 09 Feb 2019 11:01:56 +0000. Up 7.60 seconds.
Feb  9 11:01:56 ip-10-0-2-151 cloud-init: ci-info: ++++++++++++++++++++++++++++++++++++++Net device info+++++++++++++++++++++++++++++++++++++++
Feb  9 11:01:56 ip-10-0-2-151 cloud-init: ci-info: +--------+------+-----------------------------+---------------+--------+-------------------+
Feb  9 11:01:56 ip-10-0-2-151 cloud-init: ci-info: | Device |  Up  |           Address           |      Mask     | Scope  |     Hw-Address    |
Feb  9 11:01:56 ip-10-0-2-151 cloud-init: ci-info: +--------+------+-----------------------------+---------------+--------+-------------------+
Feb  9 11:01:56 ip-10-0-2-151 cloud-init: ci-info: |  eth0  | True |          10.0.2.151         | 255.255.255.0 | global | 0a:52:b2:38:a2:aa |
Feb  9 11:01:56 ip-10-0-2-151 cloud-init: ci-info: |  eth0  | True | fe80::852:b2ff:fe38:a2aa/64 |       .       |  link  | 0a:52:b2:38:a2:aa |
Feb  9 11:01:56 ip-10-0-2-151 cloud-init: ci-info: |   lo   | True |          127.0.0.1          |   255.0.0.0   |  host  |         .         |
Feb  9 11:01:56 ip-10-0-2-151 cloud-init: ci-info: |   lo   | True |           ::1/128           |       .       |  host  |         .         |
Feb  9 11:01:56 ip-10-0-2-151 cloud-init: ci-info: +--------+------+-----------------------------+---------------+--------+-------------------+
Feb  9 11:01:56 ip-10-0-2-151 cloud-init: ci-info: ++++++++++++++++++++++++++++++Route IPv4 info+++++++++++++++++++++++++++++++
Feb  9 11:01:56 ip-10-0-2-151 cloud-init: ci-info: +-------+-----------------+----------+-----------------+-----------+-------+
Feb  9 11:01:56 ip-10-0-2-151 cloud-init: ci-info: | Route |   Destination   | Gateway  |     Genmask     | Interface | Flags |
Feb  9 11:01:56 ip-10-0-2-151 cloud-init: ci-info: +-------+-----------------+----------+-----------------+-----------+-------+
Feb  9 11:01:56 ip-10-0-2-151 cloud-init: ci-info: |   0   |     0.0.0.0     | 10.0.2.1 |     0.0.0.0     |    eth0   |   UG  |
Feb  9 11:01:56 ip-10-0-2-151 cloud-init: ci-info: |   1   |     10.0.2.0    | 0.0.0.0  |  255.255.255.0  |    eth0   |   U   |
Feb  9 11:01:56 ip-10-0-2-151 cloud-init: ci-info: |   2   | 169.254.169.254 | 0.0.0.0  | 255.255.255.255 |    eth0   |   UH  |
Feb  9 11:01:56 ip-10-0-2-151 cloud-init: ci-info: +-------+-----------------+----------+-----------------+-----------+-------+
Feb  9 11:01:56 ip-10-0-2-151 cloud-init: ci-info: +++++++++++++++++++Route IPv6 info+++++++++++++++++++
Feb  9 11:01:56 ip-10-0-2-151 cloud-init: ci-info: +-------+-------------+---------+-----------+-------+
Feb  9 11:01:56 ip-10-0-2-151 cloud-init: ci-info: | Route | Destination | Gateway | Interface | Flags |
Feb  9 11:01:56 ip-10-0-2-151 cloud-init: ci-info: +-------+-------------+---------+-----------+-------+
Feb  9 11:01:56 ip-10-0-2-151 cloud-init: ci-info: |   9   |  fe80::/64  |    ::   |    eth0   |   U   |
Feb  9 11:01:56 ip-10-0-2-151 cloud-init: ci-info: |   11  |    local    |    ::   |    eth0   |   U   |
Feb  9 11:01:56 ip-10-0-2-151 cloud-init: ci-info: |   12  |   ff00::/8  |    ::   |    eth0   |   U   |
Feb  9 11:01:56 ip-10-0-2-151 cloud-init: ci-info: +-------+-------------+---------+-----------+-------+
Feb  9 11:01:57 ip-10-0-2-151 dhclient[2984]: XMT: Solicit on eth0, interval 1060ms.
Feb  9 11:01:57 ip-10-0-2-151 systemd: Started Postfix Mail Transport Agent.
Feb  9 11:01:57 ip-10-0-2-151 systemd: Started Initial cloud-init job (metadata service crawler).
Feb  9 11:01:57 ip-10-0-2-151 systemd: Reached target Cloud-config availability.
Feb  9 11:01:57 ip-10-0-2-151 systemd: Starting Cloud-config availability.
Feb  9 11:01:57 ip-10-0-2-151 systemd: Starting OpenSSH server daemon...
Feb  9 11:01:57 ip-10-0-2-151 systemd: Reached target Network is Online.
Feb  9 11:01:57 ip-10-0-2-151 systemd: Starting Network is Online.
Feb  9 11:01:57 ip-10-0-2-151 systemd: Starting System Logging Service...
Feb  9 11:01:57 ip-10-0-2-151 systemd: Started amazon-ssm-agent.
Feb  9 11:01:57 ip-10-0-2-151 systemd: Starting amazon-ssm-agent...
Feb  9 11:01:57 ip-10-0-2-151 systemd: Starting Notify NFS peers of a restart...
Feb  9 11:01:57 ip-10-0-2-151 systemd: Starting Dynamically Generate Message Of The Day...
Feb  9 11:01:57 ip-10-0-2-151 systemd: Starting Apply the settings specified in cloud-config...
Feb  9 11:01:57 ip-10-0-2-151 systemd: Starting Permit User Sessions...
Feb  9 11:01:57 ip-10-0-2-151 systemd: Started Permit User Sessions.
Feb  9 11:01:57 ip-10-0-2-151 systemd: Started Command Scheduler.
Feb  9 11:01:57 ip-10-0-2-151 systemd: Starting Command Scheduler...
Feb  9 11:01:57 ip-10-0-2-151 systemd: Started Job spooling tools.
Feb  9 11:01:57 ip-10-0-2-151 systemd: Starting Job spooling tools...
Feb  9 11:01:57 ip-10-0-2-151 systemd: Starting Wait for Plymouth Boot Screen to Quit...
Feb  9 11:01:57 ip-10-0-2-151 sm-notify[3160]: Version 1.3.0 starting
Feb  9 11:01:57 ip-10-0-2-151 systemd: Starting Terminate Plymouth Boot Screen...
Feb  9 11:01:57 ip-10-0-2-151 systemd: Started OpenSSH server daemon.
Feb  9 11:01:57 ip-10-0-2-151 systemd: Started Notify NFS peers of a restart.
Feb  9 11:01:57 ip-10-0-2-151 rsyslogd: [origin software="rsyslogd" swVersion="8.24.0" x-pid="3158" x-info="http://www.rsyslog.com"] start
Feb  9 11:01:57 ip-10-0-2-151 systemd: Started System Logging Service.
Feb  9 11:01:57 ip-10-0-2-151 amazon-ssm-agent: 2019/02/09 11:01:57 Failed to load instance info from vault. RegistrationKey does not exist.
Feb  9 11:01:57 ip-10-0-2-151 amazon-ssm-agent: Error occurred fetching the seelog config file path:  open /etc/amazon/ssm/seelog.xml: no such file or directory
Feb  9 11:01:57 ip-10-0-2-151 amazon-ssm-agent: Initializing new seelog logger
Feb  9 11:01:57 ip-10-0-2-151 amazon-ssm-agent: New Seelog Logger Creation Complete
Feb  9 11:01:57 ip-10-0-2-151 systemd: Received SIGRTMIN+21 from PID 1700 (plymouthd).
Feb  9 11:01:57 ip-10-0-2-151 systemd: Started Terminate Plymouth Boot Screen.
Feb  9 11:01:57 ip-10-0-2-151 systemd: Started Wait for Plymouth Boot Screen to Quit.
Feb  9 11:01:57 ip-10-0-2-151 systemd: Started Serial Getty on ttyS0.
Feb  9 11:01:57 ip-10-0-2-151 systemd: Starting Serial Getty on ttyS0...
Feb  9 11:01:57 ip-10-0-2-151 systemd: Started Getty on tty1.
Feb  9 11:01:57 ip-10-0-2-151 systemd: Starting Getty on tty1...
Feb  9 11:01:57 ip-10-0-2-151 systemd: Reached target Login Prompts.
Feb  9 11:01:57 ip-10-0-2-151 systemd: Starting Login Prompts.
Feb  9 11:01:57 ip-10-0-2-151 amazon-ssm-agent: 2019-02-09 11:01:57 INFO Entering SSM Agent hibernate - NoCredentialProviders: no valid providers in chain. Deprecated.
Feb  9 11:01:57 ip-10-0-2-151 amazon-ssm-agent: For verbose messaging see aws.Config.CredentialsChainVerboseErrors
Feb  9 11:01:57 ip-10-0-2-151 amazon-ssm-agent: 2019-02-09 11:01:57 INFO Agent is in hibernate mode. Reducing logging. Logging will be reduced to one log per backoff period
Feb  9 11:01:58 ip-10-0-2-151 dhclient[2984]: XMT: Solicit on eth0, interval 2100ms.
Feb  9 11:01:58 ip-10-0-2-151 cloud-init: Cloud-init v. 18.2-72.amzn2.0.6 running 'modules:config' at Sat, 09 Feb 2019 11:01:58 +0000. Up 8.99 seconds.
Feb  9 11:01:58 ip-10-0-2-151 systemd: Started Apply the settings specified in cloud-config.
Feb  9 11:01:58 ip-10-0-2-151 systemd: Starting Execute cloud user/final scripts...
Feb  9 11:01:58 ip-10-0-2-151 cloud-init: Cloud-init v. 18.2-72.amzn2.0.6 running 'modules:final' at Sat, 09 Feb 2019 11:01:58 +0000. Up 9.58 seconds.
Feb  9 11:01:58 ip-10-0-2-151 cloud-init: Cloud-init v. 18.2-72.amzn2.0.6 finished at Sat, 09 Feb 2019 11:01:58 +0000. Datasource DataSourceEc2.  Up 9.67 seconds
Feb  9 11:01:58 ip-10-0-2-151 systemd: Started Execute cloud user/final scripts.
Feb  9 11:01:59 ip-10-0-2-151 chronyd[2681]: Selected source 169.254.169.123
Feb  9 11:02:00 ip-10-0-2-151 dhclient[2984]: XMT: Solicit on eth0, interval 4090ms.
Feb  9 11:02:04 ip-10-0-2-151 dhclient[2984]: XMT: Solicit on eth0, interval 7940ms.
Feb  9 11:02:08 ip-10-0-2-151 systemd: Started Dynamically Generate Message Of The Day.
Feb  9 11:02:08 ip-10-0-2-151 systemd: Reached target Multi-User System.
Feb  9 11:02:08 ip-10-0-2-151 systemd: Starting Multi-User System.
Feb  9 11:02:08 ip-10-0-2-151 systemd: Reached target Cloud-init target.
Feb  9 11:02:08 ip-10-0-2-151 systemd: Starting Cloud-init target.
Feb  9 11:02:08 ip-10-0-2-151 systemd: Reached target Graphical Interface.
Feb  9 11:02:08 ip-10-0-2-151 systemd: Starting Graphical Interface.
Feb  9 11:02:08 ip-10-0-2-151 systemd: Starting Update UTMP about System Runlevel Changes...
Feb  9 11:02:08 ip-10-0-2-151 systemd: Started Update UTMP about System Runlevel Changes.
Feb  9 11:02:08 ip-10-0-2-151 systemd: Startup finished in 1.400s (kernel) + 1.565s (initrd) + 16.265s (userspace) = 19.231s.
Feb  9 11:02:12 ip-10-0-2-151 dhclient[2984]: XMT: Solicit on eth0, interval 15250ms.
Feb  9 11:02:27 ip-10-0-2-151 dhclient[2984]: XMT: Solicit on eth0, interval 29250ms.
Feb  9 11:02:54 ip-10-0-2-151 systemd: Created slice User Slice of jenkins.
Feb  9 11:02:54 ip-10-0-2-151 systemd: Starting User Slice of jenkins.
Feb  9 11:02:54 ip-10-0-2-151 systemd: Started Session 1 of user jenkins.
Feb  9 11:02:54 ip-10-0-2-151 systemd-logind: New session 1 of user jenkins.
Feb  9 11:02:54 ip-10-0-2-151 systemd: Starting Session 1 of user jenkins.
Feb  9 11:02:54 ip-10-0-2-151 systemd: Started Session 2 of user jenkins.
Feb  9 11:02:54 ip-10-0-2-151 systemd-logind: New session 2 of user jenkins.
Feb  9 11:02:54 ip-10-0-2-151 systemd: Starting Session 2 of user jenkins.
Feb  9 11:02:56 ip-10-0-2-151 dhclient[2984]: XMT: Solicit on eth0, interval 60390ms.
Feb  9 11:03:57 ip-10-0-2-151 dhclient[2984]: XMT: Solicit on eth0, interval 116640ms.
Feb  9 11:05:53 ip-10-0-2-151 dhclient[2984]: XMT: Solicit on eth0, interval 130300ms.
Feb  9 11:06:57 ip-10-0-2-151 amazon-ssm-agent: 2019-02-09 11:06:57 INFO Backing off health check to every 600 seconds for 1800 seconds.
Feb  9 11:06:57 ip-10-0-2-151 amazon-ssm-agent: 2019-02-09 11:06:57 ERROR Health ping failed with error - NoCredentialProviders: no valid providers in chain. Deprecated.
Feb  9 11:06:57 ip-10-0-2-151 amazon-ssm-agent: For verbose messaging see aws.Config.CredentialsChainVerboseErrors
Feb  9 11:08:04 ip-10-0-2-151 dhclient[2984]: XMT: Solicit on eth0, interval 125510ms.
Feb  9 11:10:01 ip-10-0-2-151 systemd: Created slice User Slice of root.
Feb  9 11:10:01 ip-10-0-2-151 systemd: Starting User Slice of root.
Feb  9 11:10:01 ip-10-0-2-151 systemd: Started Session 3 of user root.
Feb  9 11:10:01 ip-10-0-2-151 systemd: Starting Session 3 of user root.
Feb  9 11:10:01 ip-10-0-2-151 systemd: Removed slice User Slice of root.
Feb  9 11:10:01 ip-10-0-2-151 systemd: Stopping User Slice of root.
Feb  9 11:10:09 ip-10-0-2-151 dhclient[2984]: XMT: Solicit on eth0, interval 108360ms.
Feb  9 11:11:58 ip-10-0-2-151 dhclient[2984]: XMT: Solicit on eth0, interval 125540ms.
Feb  9 11:14:03 ip-10-0-2-151 dhclient[2984]: XMT: Solicit on eth0, interval 111060ms.
Feb  9 11:15:55 ip-10-0-2-151 dhclient[2984]: XMT: Solicit on eth0, interval 125760ms.
Feb  9 11:15:59 ip-10-0-2-151 systemd: Created slice User Slice of ec2-user.
Feb  9 11:15:59 ip-10-0-2-151 systemd: Starting User Slice of ec2-user.
Feb  9 11:15:59 ip-10-0-2-151 systemd: Started Session 4 of user ec2-user.
Feb  9 11:15:59 ip-10-0-2-151 systemd-logind: New session 4 of user ec2-user.
Feb  9 11:15:59 ip-10-0-2-151 systemd: Starting Session 4 of user ec2-user.
Feb  9 11:16:02 ip-10-0-2-151 su: (to root) ec2-user on pts/0
Feb  9 11:16:49 ip-10-0-2-151 systemd: Starting Cleanup of Temporary Directories...
Feb  9 11:16:49 ip-10-0-2-151 systemd: Started Cleanup of Temporary Directories.
Feb  9 11:18:00 ip-10-0-2-151 dhclient[2984]: XMT: Solicit on eth0, interval 117760ms.
Feb  9 11:19:53 ip-10-0-2-151 systemd: Started Session 5 of user ec2-user.
Feb  9 11:19:53 ip-10-0-2-151 systemd-logind: New session 5 of user ec2-user.
Feb  9 11:19:53 ip-10-0-2-151 systemd: Starting Session 5 of user ec2-user.
Feb  9 11:19:58 ip-10-0-2-151 dhclient[2984]: XMT: Solicit on eth0, interval 125820ms.
Feb  9 11:20:01 ip-10-0-2-151 systemd: Created slice User Slice of root.
Feb  9 11:20:01 ip-10-0-2-151 systemd: Starting User Slice of root.
Feb  9 11:20:01 ip-10-0-2-151 systemd: Started Session 6 of user root.
Feb  9 11:20:01 ip-10-0-2-151 systemd: Starting Session 6 of user root.
Feb  9 11:20:01 ip-10-0-2-151 systemd: Removed slice User Slice of root.
Feb  9 11:20:01 ip-10-0-2-151 systemd: Stopping User Slice of root.
Feb  9 11:20:02 ip-10-0-2-151 systemd-logind: Removed session 5.
Feb  9 11:20:10 ip-10-0-2-151 systemd: Started Session 7 of user ec2-user.
Feb  9 11:20:10 ip-10-0-2-151 systemd-logind: New session 7 of user ec2-user.
Feb  9 11:20:10 ip-10-0-2-151 systemd: Starting Session 7 of user ec2-user.
Feb  9 11:20:18 ip-10-0-2-151 systemd-logind: Removed session 7.
Feb  9 11:22:04 ip-10-0-2-151 dhclient[2984]: XMT: Solicit on eth0, interval 109320ms.
Feb  9 11:23:54 ip-10-0-2-151 dhclient[2984]: XMT: Solicit on eth0, interval 120330ms.
Feb  9 11:25:54 ip-10-0-2-151 dhclient[2984]: XMT: Solicit on eth0, interval 131180ms.
Feb  9 11:26:55 ip-10-0-2-151 dhclient[2881]: DHCPREQUEST on eth0 to 10.0.2.1 port 67 (xid=0x5ed16d96)
Feb  9 11:26:55 ip-10-0-2-151 dhclient[2881]: DHCPACK from 10.0.2.1 (xid=0x5ed16d96)
Feb  9 11:26:55 ip-10-0-2-151 dhclient[2881]: bound to 10.0.2.151 -- renewal in 1733 seconds.
Feb  9 11:26:55 ip-10-0-2-151 ec2net: [get_meta] Trying to get http://169.254.169.254/latest/meta-data/network/interfaces/macs/0a:52:b2:38:a2:aa/local-ipv4s
Feb  9 11:26:55 ip-10-0-2-151 ec2net: [rewrite_aliases] Rewriting aliases of eth0
Feb  9 11:28:05 ip-10-0-2-151 dhclient[2984]: XMT: Solicit on eth0, interval 119160ms.
Feb  9 11:30:01 ip-10-0-2-151 systemd: Created slice User Slice of root.
Feb  9 11:30:01 ip-10-0-2-151 systemd: Starting User Slice of root.
Feb  9 11:30:01 ip-10-0-2-151 systemd: Started Session 8 of user root.
Feb  9 11:30:01 ip-10-0-2-151 systemd: Starting Session 8 of user root.
Feb  9 11:30:01 ip-10-0-2-151 systemd: Removed slice User Slice of root.
Feb  9 11:30:01 ip-10-0-2-151 systemd: Stopping User Slice of root.
Feb  9 11:30:05 ip-10-0-2-151 dhclient[2984]: XMT: Solicit on eth0, interval 125720ms.
Feb  9 11:32:10 ip-10-0-2-151 dhclient[2984]: XMT: Solicit on eth0, interval 130750ms.
Feb  9 11:34:21 ip-10-0-2-151 dhclient[2984]: XMT: Solicit on eth0, interval 131700ms.
Feb  9 11:36:33 ip-10-0-2-151 dhclient[2984]: XMT: Solicit on eth0, interval 127440ms.
Feb  9 11:36:57 ip-10-0-2-151 amazon-ssm-agent: 2019-02-09 11:36:57 INFO Backing off health check to every 1200 seconds for 3600 seconds.
Feb  9 11:36:57 ip-10-0-2-151 amazon-ssm-agent: 2019-02-09 11:36:57 ERROR Health ping failed with error - NoCredentialProviders: no valid providers in chain. Deprecated.
Feb  9 11:36:57 ip-10-0-2-151 amazon-ssm-agent: For verbose messaging see aws.Config.CredentialsChainVerboseErrors
Feb  9 11:38:40 ip-10-0-2-151 dhclient[2984]: XMT: Solicit on eth0, interval 109640ms.
Feb  9 11:40:01 ip-10-0-2-151 systemd: Created slice User Slice of root.
Feb  9 11:40:01 ip-10-0-2-151 systemd: Starting User Slice of root.
Feb  9 11:40:01 ip-10-0-2-151 systemd: Started Session 9 of user root.
Feb  9 11:40:01 ip-10-0-2-151 systemd: Starting Session 9 of user root.
Feb  9 11:40:01 ip-10-0-2-151 systemd: Removed slice User Slice of root.
Feb  9 11:40:01 ip-10-0-2-151 systemd: Stopping User Slice of root.
Feb  9 11:40:30 ip-10-0-2-151 dhclient[2984]: XMT: Solicit on eth0, interval 117210ms.
Feb  9 11:42:28 ip-10-0-2-151 dhclient[2984]: XMT: Solicit on eth0, interval 110570ms.
Feb  9 11:44:18 ip-10-0-2-151 dhclient[2984]: XMT: Solicit on eth0, interval 111220ms.
Feb  9 11:46:10 ip-10-0-2-151 dhclient[2984]: XMT: Solicit on eth0, interval 108970ms.
Feb  9 11:47:59 ip-10-0-2-151 dhclient[2984]: XMT: Solicit on eth0, interval 109500ms.
Feb  9 11:49:48 ip-10-0-2-151 dhclient[2984]: XMT: Solicit on eth0, interval 116370ms.
Feb  9 11:50:01 ip-10-0-2-151 systemd: Created slice User Slice of root.
Feb  9 11:50:01 ip-10-0-2-151 systemd: Starting User Slice of root.
Feb  9 11:50:01 ip-10-0-2-151 systemd: Started Session 10 of user root.
Feb  9 11:50:01 ip-10-0-2-151 systemd: Starting Session 10 of user root.
Feb  9 11:50:01 ip-10-0-2-151 systemd: Removed slice User Slice of root.
Feb  9 11:50:01 ip-10-0-2-151 systemd: Stopping User Slice of root.
Feb  9 11:51:45 ip-10-0-2-151 dhclient[2984]: XMT: Solicit on eth0, interval 130010ms.
Feb  9 11:53:55 ip-10-0-2-151 dhclient[2984]: XMT: Solicit on eth0, interval 123440ms.
Feb  9 11:55:48 ip-10-0-2-151 dhclient[2881]: DHCPREQUEST on eth0 to 10.0.2.1 port 67 (xid=0x5ed16d96)
Feb  9 11:55:48 ip-10-0-2-151 dhclient[2881]: DHCPACK from 10.0.2.1 (xid=0x5ed16d96)
Feb  9 11:55:48 ip-10-0-2-151 dhclient[2881]: bound to 10.0.2.151 -- renewal in 1523 seconds.
Feb  9 11:55:48 ip-10-0-2-151 ec2net: [get_meta] Trying to get http://169.254.169.254/latest/meta-data/network/interfaces/macs/0a:52:b2:38:a2:aa/local-ipv4s
Feb  9 11:55:48 ip-10-0-2-151 ec2net: [rewrite_aliases] Rewriting aliases of eth0
Feb  9 11:55:58 ip-10-0-2-151 dhclient[2984]: XMT: Solicit on eth0, interval 113850ms.
Feb  9 11:57:52 ip-10-0-2-151 dhclient[2984]: XMT: Solicit on eth0, interval 130350ms.
Feb  9 12:00:01 ip-10-0-2-151 systemd: Created slice User Slice of root.
Feb  9 12:00:01 ip-10-0-2-151 systemd: Starting User Slice of root.
Feb  9 12:00:01 ip-10-0-2-151 systemd: Started Session 11 of user root.
Feb  9 12:00:01 ip-10-0-2-151 systemd: Starting Session 11 of user root.
Feb  9 12:00:01 ip-10-0-2-151 systemd: Removed slice User Slice of root.
Feb  9 12:00:01 ip-10-0-2-151 systemd: Stopping User Slice of root.
Feb  9 12:00:03 ip-10-0-2-151 dhclient[2984]: XMT: Solicit on eth0, interval 112320ms.
Feb  9 12:01:01 ip-10-0-2-151 systemd: Created slice User Slice of root.
Feb  9 12:01:01 ip-10-0-2-151 systemd: Starting User Slice of root.
Feb  9 12:01:01 ip-10-0-2-151 systemd: Started Session 12 of user root.
Feb  9 12:01:01 ip-10-0-2-151 systemd: Starting Session 12 of user root.
Feb  9 12:01:55 ip-10-0-2-151 dhclient[2984]: XMT: Solicit on eth0, interval 127670ms.
Feb  9 12:04:03 ip-10-0-2-151 dhclient[2984]: XMT: Solicit on eth0, interval 115920ms.
Feb  9 12:05:59 ip-10-0-2-151 dhclient[2984]: XMT: Solicit on eth0, interval 119650ms.
Feb  9 12:07:58 ip-10-0-2-151 dhclient[2984]: XMT: Solicit on eth0, interval 129320ms.
Feb  9 12:10:01 ip-10-0-2-151 systemd: Started Session 13 of user root.
Feb  9 12:10:01 ip-10-0-2-151 systemd: Starting Session 13 of user root.
Feb  9 12:10:08 ip-10-0-2-151 dhclient[2984]: XMT: Solicit on eth0, interval 108200ms.
Feb  9 12:11:56 ip-10-0-2-151 dhclient[2984]: XMT: Solicit on eth0, interval 127210ms.
Feb  9 12:14:03 ip-10-0-2-151 dhclient[2984]: XMT: Solicit on eth0, interval 129090ms.
Feb  9 12:16:13 ip-10-0-2-151 dhclient[2984]: XMT: Solicit on eth0, interval 128210ms.
Feb  9 12:18:21 ip-10-0-2-151 dhclient[2984]: XMT: Solicit on eth0, interval 111280ms.
Feb  9 12:18:47 ip-10-0-2-151 systemd: Started Session 14 of user ec2-user.
Feb  9 12:18:47 ip-10-0-2-151 systemd-logind: New session 14 of user ec2-user.
Feb  9 12:18:47 ip-10-0-2-151 systemd: Starting Session 14 of user ec2-user.
Feb  9 12:18:50 ip-10-0-2-151 su: (to root) ec2-user on pts/1
Feb  9 12:20:01 ip-10-0-2-151 systemd: Started Session 15 of user root.
Feb  9 12:20:01 ip-10-0-2-151 systemd: Starting Session 15 of user root.
Feb  9 12:20:12 ip-10-0-2-151 dhclient[2984]: XMT: Solicit on eth0, interval 120710ms.
Feb  9 12:21:11 ip-10-0-2-151 dhclient[2881]: DHCPREQUEST on eth0 to 10.0.2.1 port 67 (xid=0x5ed16d96)
Feb  9 12:21:11 ip-10-0-2-151 dhclient[2881]: DHCPACK from 10.0.2.1 (xid=0x5ed16d96)
Feb  9 12:21:11 ip-10-0-2-151 dhclient[2881]: bound to 10.0.2.151 -- renewal in 1692 seconds.
Feb  9 12:21:11 ip-10-0-2-151 ec2net: [get_meta] Trying to get http://169.254.169.254/latest/meta-data/network/interfaces/macs/0a:52:b2:38:a2:aa/local-ipv4s
Feb  9 12:21:11 ip-10-0-2-151 ec2net: [rewrite_aliases] Rewriting aliases of eth0
Feb  9 12:22:13 ip-10-0-2-151 dhclient[2984]: XMT: Solicit on eth0, interval 108910ms.
Feb  9 12:24:02 ip-10-0-2-151 dhclient[2984]: XMT: Solicit on eth0, interval 129320ms.
Feb  9 12:26:11 ip-10-0-2-151 dhclient[2984]: XMT: Solicit on eth0, interval 112950ms.
Feb  9 12:28:05 ip-10-0-2-151 dhclient[2984]: XMT: Solicit on eth0, interval 122850ms.
Feb  9 12:30:01 ip-10-0-2-151 systemd: Started Session 16 of user root.
Feb  9 12:30:01 ip-10-0-2-151 systemd: Starting Session 16 of user root.
Feb  9 12:30:07 ip-10-0-2-151 dhclient[2984]: XMT: Solicit on eth0, interval 112070ms.
Feb  9 12:32:00 ip-10-0-2-151 dhclient[2984]: XMT: Solicit on eth0, interval 127360ms.
Feb  9 12:34:07 ip-10-0-2-151 dhclient[2984]: XMT: Solicit on eth0, interval 110190ms.
Feb  9 12:35:57 ip-10-0-2-151 dhclient[2984]: XMT: Solicit on eth0, interval 131040ms.
Feb  9 12:36:57 ip-10-0-2-151 amazon-ssm-agent: 2019-02-09 12:36:57 INFO Backing off health check to every 2400 seconds for 7200 seconds.
Feb  9 12:36:57 ip-10-0-2-151 amazon-ssm-agent: 2019-02-09 12:36:57 ERROR Health ping failed with error - NoCredentialProviders: no valid providers in chain. Deprecated.
Feb  9 12:36:57 ip-10-0-2-151 amazon-ssm-agent: For verbose messaging see aws.Config.CredentialsChainVerboseErrors
Feb  9 12:38:08 ip-10-0-2-151 dhclient[2984]: XMT: Solicit on eth0, interval 122520ms.
Feb  9 12:40:01 ip-10-0-2-151 systemd: Started Session 17 of user root.
Feb  9 12:40:01 ip-10-0-2-151 systemd: Starting Session 17 of user root.
Feb  9 12:40:11 ip-10-0-2-151 dhclient[2984]: XMT: Solicit on eth0, interval 118990ms.
Feb  9 12:42:10 ip-10-0-2-151 dhclient[2984]: XMT: Solicit on eth0, interval 118770ms.
Feb  9 12:44:09 ip-10-0-2-151 dhclient[2984]: XMT: Solicit on eth0, interval 109360ms.
Feb  9 12:45:58 ip-10-0-2-151 dhclient[2984]: XMT: Solicit on eth0, interval 120500ms.
Feb  9 12:47:59 ip-10-0-2-151 dhclient[2984]: XMT: Solicit on eth0, interval 117850ms.
Feb  9 12:49:23 ip-10-0-2-151 dhclient[2881]: DHCPREQUEST on eth0 to 10.0.2.1 port 67 (xid=0x5ed16d96)
Feb  9 12:49:23 ip-10-0-2-151 dhclient[2881]: DHCPACK from 10.0.2.1 (xid=0x5ed16d96)
Feb  9 12:49:23 ip-10-0-2-151 dhclient[2881]: bound to 10.0.2.151 -- renewal in 1570 seconds.
Feb  9 12:49:23 ip-10-0-2-151 ec2net: [get_meta] Trying to get http://169.254.169.254/latest/meta-data/network/interfaces/macs/0a:52:b2:38:a2:aa/local-ipv4s
Feb  9 12:49:23 ip-10-0-2-151 ec2net: [rewrite_aliases] Rewriting aliases of eth0
Feb  9 12:49:57 ip-10-0-2-151 dhclient[2984]: XMT: Solicit on eth0, interval 131210ms.
Feb  9 12:50:01 ip-10-0-2-151 systemd: Started Session 18 of user root.
Feb  9 12:50:01 ip-10-0-2-151 systemd: Starting Session 18 of user root.
Feb  9 12:52:08 ip-10-0-2-151 dhclient[2984]: XMT: Solicit on eth0, interval 115370ms.
Feb  9 12:53:01 ip-10-0-2-151 systemd: Removed slice User Slice of root.
Feb  9 12:53:01 ip-10-0-2-151 systemd: Stopping User Slice of root.
Feb  9 12:54:04 ip-10-0-2-151 dhclient[2984]: XMT: Solicit on eth0, interval 121220ms.
Feb  9 12:56:05 ip-10-0-2-151 dhclient[2984]: XMT: Solicit on eth0, interval 108340ms.
Feb  9 12:57:54 ip-10-0-2-151 dhclient[2984]: XMT: Solicit on eth0, interval 123740ms.
Feb  9 12:59:57 ip-10-0-2-151 dhclient[2984]: XMT: Solicit on eth0, interval 109400ms.
Feb  9 13:00:01 ip-10-0-2-151 systemd: Created slice User Slice of root.
Feb  9 13:00:01 ip-10-0-2-151 systemd: Starting User Slice of root.
Feb  9 13:00:01 ip-10-0-2-151 systemd: Started Session 19 of user root.
Feb  9 13:00:01 ip-10-0-2-151 systemd: Starting Session 19 of user root.
Feb  9 13:00:01 ip-10-0-2-151 systemd: Removed slice User Slice of root.
Feb  9 13:00:01 ip-10-0-2-151 systemd: Stopping User Slice of root.
Feb  9 13:01:01 ip-10-0-2-151 systemd: Created slice User Slice of root.
Feb  9 13:01:01 ip-10-0-2-151 systemd: Starting User Slice of root.
Feb  9 13:01:01 ip-10-0-2-151 systemd: Started Session 20 of user root.
Feb  9 13:01:01 ip-10-0-2-151 systemd: Starting Session 20 of user root.
Feb  9 13:01:01 ip-10-0-2-151 systemd: Removed slice User Slice of root.
