Started by upstream project "[8mha:////4NZv/YMzUXT5Z6Jv3weJCLQS3WymPBFB8qhvNH8QqP5fAAAAqh+LCAAAAAAAAP9b85aBtbiIQTGjNKU4P08vOT+vOD8nVc83PyU1x6OyILUoJzMv2y+/JJUBAhiZGBgqihhk0NSjKDWzXb3RdlLBUSYGJk8GtpzUvPSSDB8G5tKinBIGIZ+sxLJE/ZzEvHT94JKizLx0a6BxUmjGOUNodHsLgAyJEgY5/az8JP3inMSyVN3iksSSzOTy1KTizJJUXWdPZxd9AEbpnz/TAAAA[0mslave-staticwebsite-CICD" build number [8mha:////4GUPDxdx0ULOfUg9geKc616cSWBoc2eCRtHEfi+19ovqAAAAqh+LCAAAAAAAAP9b85aBtbiIQTGjNKU4P08vOT+vOD8nVc83PyU1x6OyILUoJzMv2y+/JJUBAhiZGBgqihhk0NSjKDWzXb3RdlLBUSYGJk8GtpzUvPSSDB8G5tKinBIGIZ+sxLJE/ZzEvHT94JKizLx0a6BxUmjGOUNodHsLQIwSBnn9rPwk/eKcxLJU3eKSxJLM5PLUpOLMklRdZ09nF31TAM6nyqDUAAAA[0m5
originally caused by:
 Started by user [8mha:////4Fk1k7e+48rHXUzmlNpYSU0RU1syiePVtwyB//KweiJrAAAAmR+LCAAAAAAAAP9b85aBtbiIQTGjNKU4P08vOT+vOD8nVc83PyU1x6OyILUoJzMv2y+/JJUBAhiZGBgqihhk0NSjKDWzXb3RdlLBUSYGJk8GtpzUvPSSDB8G5tKinBIGIZ+sxLJE/ZzEvHT94JKizLx0a6BxUmjGOUNodHsLgAz2EgZe/dLi1CL9rNS87My8YgDGtiJjwgAAAA==[0mjenkins
[EnvInject] - Loading node environment variables.
Building remotely on [8mha:////4DJf+k8qCy1S4a5ZKYq9zLhtCWqWT9vTkErxEwG2to2cAAAAnR+LCAAAAAAAAP9b85aBtbiIQTGjNKU4P08vOT+vOD8nVc83PyU1x6OyILUoJzMv2y+/JJUBAhiZGBgqihhk0NSjKDWzXb3RdlLBUSYGJk8GtpzUvPSSDB8G5tKinBIGIZ+sxLJE/ZzEvHT94JKizLx0a6BxUmjGOUNodHsLgAwOoBn6yfm5BaUlqUX6uZXFOYllqYYANV7kNscAAAA=[0mmyslave1 (mylabel-class) in workspace /home/jenkins/workspace/slave-LogviewerRemote
[slave-LogviewerRemote] $ /bin/sh -xe /tmp/jenkins9021857695197257803.sh
+ sudo cat /var/log/messages
Feb 27 14:11:01 ip-10-0-2-151 rsyslogd: [origin software="rsyslogd" swVersion="8.24.0" x-pid="3144" x-info="http://www.rsyslog.com"] rsyslogd was HUPed
Feb 27 14:12:23 ip-10-0-2-151 dhclient[2971]: XMT: Solicit on eth0, interval 119090ms.
Feb 27 14:14:22 ip-10-0-2-151 dhclient[2971]: XMT: Solicit on eth0, interval 108150ms.
Feb 27 14:16:11 ip-10-0-2-151 dhclient[2971]: XMT: Solicit on eth0, interval 125350ms.
Feb 27 14:16:51 ip-10-0-2-151 amazon-ssm-agent: 2019-02-27 14:16:51 INFO Backing off health check to every 1200 seconds for 3600 seconds.
Feb 27 14:16:51 ip-10-0-2-151 amazon-ssm-agent: 2019-02-27 14:16:51 ERROR Health ping failed with error - NoCredentialProviders: no valid providers in chain. Deprecated.
Feb 27 14:16:51 ip-10-0-2-151 amazon-ssm-agent: For verbose messaging see aws.Config.CredentialsChainVerboseErrors
Feb 27 14:18:16 ip-10-0-2-151 dhclient[2971]: XMT: Solicit on eth0, interval 111630ms.
Feb 27 14:20:01 ip-10-0-2-151 systemd: Started Session 7 of user root.
Feb 27 14:20:01 ip-10-0-2-151 systemd: Starting Session 7 of user root.
Feb 27 14:20:08 ip-10-0-2-151 dhclient[2971]: XMT: Solicit on eth0, interval 115500ms.
Feb 27 14:21:13 ip-10-0-2-151 yum[4064]: Erased: php-5.4.16-45.amzn2.0.6.x86_64
Feb 27 14:21:13 ip-10-0-2-151 yum[4064]: Erased: httpd-2.4.37-1.amzn2.0.1.x86_64
Feb 27 14:21:13 ip-10-0-2-151 systemd: Reloading.
Feb 27 14:21:13 ip-10-0-2-151 systemd: [/usr/lib/systemd/system/irqbalance.service:12] Unknown lvalue 'ReadOnlyPaths' in section 'Service'
Feb 27 14:21:13 ip-10-0-2-151 systemd: [/usr/lib/systemd/system/irqbalance.service:13] Unknown lvalue 'ReadWritePaths' in section 'Service'
Feb 27 14:21:13 ip-10-0-2-151 systemd: [/usr/lib/systemd/system/irqbalance.service:15] Unknown lvalue 'TemporaryFileSystem' in section 'Service'
Feb 27 14:21:13 ip-10-0-2-151 yum[4064]: Erased: mod_http2-1.11.1-1.amzn2.x86_64
Feb 27 14:21:13 ip-10-0-2-151 systemd: Stopping Dynamically Generate Message Of The Day...
Feb 27 14:21:13 ip-10-0-2-151 systemd: Starting Dynamically Generate Message Of The Day...
Feb 27 14:21:17 ip-10-0-2-151 systemd: Reloading.
Feb 27 14:21:17 ip-10-0-2-151 systemd: [/usr/lib/systemd/system/irqbalance.service:12] Unknown lvalue 'ReadOnlyPaths' in section 'Service'
Feb 27 14:21:17 ip-10-0-2-151 systemd: [/usr/lib/systemd/system/irqbalance.service:13] Unknown lvalue 'ReadWritePaths' in section 'Service'
Feb 27 14:21:17 ip-10-0-2-151 systemd: [/usr/lib/systemd/system/irqbalance.service:15] Unknown lvalue 'TemporaryFileSystem' in section 'Service'
Feb 27 14:21:17 ip-10-0-2-151 yum[4111]: Installed: httpd-2.4.37-1.amzn2.0.1.x86_64
Feb 27 14:21:17 ip-10-0-2-151 yum[4111]: Installed: mod_http2-1.11.1-1.amzn2.x86_64
Feb 27 14:21:17 ip-10-0-2-151 systemd: Starting Dynamically Generate Message Of The Day...
Feb 27 14:21:18 ip-10-0-2-151 systemd: Cannot add dependency job for unit httpd-init.service, ignoring: Unit not found.
Feb 27 14:21:18 ip-10-0-2-151 systemd: Starting The Apache HTTP Server...
Feb 27 14:21:18 ip-10-0-2-151 httpd: httpd: Syntax error on line 56 of /etc/httpd/conf/httpd.conf: Syntax error on line 3 of /etc/httpd/conf.modules.d/mod_jk.conf: Cannot load modules/mod_jk.so into server: /etc/httpd/modules/mod_jk.so: undefined symbol: ap_get_server_version
Feb 27 14:21:18 ip-10-0-2-151 systemd: httpd.service: main process exited, code=exited, status=1/FAILURE
Feb 27 14:21:18 ip-10-0-2-151 systemd: Failed to start The Apache HTTP Server.
Feb 27 14:21:18 ip-10-0-2-151 systemd: Unit httpd.service entered failed state.
Feb 27 14:21:18 ip-10-0-2-151 systemd: httpd.service failed.
Feb 27 14:21:24 ip-10-0-2-151 systemd: Started Dynamically Generate Message Of The Day.
Feb 27 14:22:03 ip-10-0-2-151 dhclient[2971]: XMT: Solicit on eth0, interval 109090ms.
Feb 27 14:23:48 ip-10-0-2-151 yum[4322]: Erased: httpd-2.4.37-1.amzn2.0.1.x86_64
Feb 27 14:23:48 ip-10-0-2-151 systemd: Reloading.
Feb 27 14:23:48 ip-10-0-2-151 systemd: [/usr/lib/systemd/system/irqbalance.service:12] Unknown lvalue 'ReadOnlyPaths' in section 'Service'
Feb 27 14:23:48 ip-10-0-2-151 systemd: [/usr/lib/systemd/system/irqbalance.service:13] Unknown lvalue 'ReadWritePaths' in section 'Service'
Feb 27 14:23:48 ip-10-0-2-151 systemd: [/usr/lib/systemd/system/irqbalance.service:15] Unknown lvalue 'TemporaryFileSystem' in section 'Service'
Feb 27 14:23:48 ip-10-0-2-151 yum[4322]: Erased: mod_http2-1.11.1-1.amzn2.x86_64
Feb 27 14:23:48 ip-10-0-2-151 systemd: Stopping Dynamically Generate Message Of The Day...
Feb 27 14:23:48 ip-10-0-2-151 systemd: Starting Dynamically Generate Message Of The Day...
Feb 27 14:23:52 ip-10-0-2-151 systemd: Reloading.
Feb 27 14:23:52 ip-10-0-2-151 systemd: [/usr/lib/systemd/system/irqbalance.service:12] Unknown lvalue 'ReadOnlyPaths' in section 'Service'
Feb 27 14:23:52 ip-10-0-2-151 systemd: [/usr/lib/systemd/system/irqbalance.service:13] Unknown lvalue 'ReadWritePaths' in section 'Service'
Feb 27 14:23:52 ip-10-0-2-151 systemd: [/usr/lib/systemd/system/irqbalance.service:15] Unknown lvalue 'TemporaryFileSystem' in section 'Service'
Feb 27 14:23:52 ip-10-0-2-151 yum[4370]: Installed: httpd-2.4.37-1.amzn2.0.1.x86_64
Feb 27 14:23:52 ip-10-0-2-151 yum[4370]: Installed: mod_http2-1.11.1-1.amzn2.x86_64
Feb 27 14:23:52 ip-10-0-2-151 systemd: Starting Dynamically Generate Message Of The Day...
Feb 27 14:23:52 ip-10-0-2-151 systemd: Cannot add dependency job for unit httpd-init.service, ignoring: Unit not found.
Feb 27 14:23:52 ip-10-0-2-151 systemd: Starting The Apache HTTP Server...
Feb 27 14:23:52 ip-10-0-2-151 httpd: httpd: Syntax error on line 56 of /etc/httpd/conf/httpd.conf: Syntax error on line 3 of /etc/httpd/conf.modules.d/mod_jk.conf: Cannot load modules/mod_jk.so into server: /etc/httpd/modules/mod_jk.so: undefined symbol: ap_get_server_version
Feb 27 14:23:52 ip-10-0-2-151 systemd: httpd.service: main process exited, code=exited, status=1/FAILURE
Feb 27 14:23:52 ip-10-0-2-151 systemd: Failed to start The Apache HTTP Server.
Feb 27 14:23:52 ip-10-0-2-151 systemd: Unit httpd.service entered failed state.
Feb 27 14:23:52 ip-10-0-2-151 systemd: httpd.service failed.
Feb 27 14:23:53 ip-10-0-2-151 dhclient[2971]: XMT: Solicit on eth0, interval 123710ms.
Feb 27 14:23:59 ip-10-0-2-151 systemd: Started Dynamically Generate Message Of The Day.
Feb 27 14:25:56 ip-10-0-2-151 dhclient[2971]: XMT: Solicit on eth0, interval 113750ms.
Feb 27 14:27:07 ip-10-0-2-151 yum[4584]: Erased: httpd-2.4.37-1.amzn2.0.1.x86_64
Feb 27 14:27:07 ip-10-0-2-151 systemd: Reloading.
Feb 27 14:27:07 ip-10-0-2-151 systemd: [/usr/lib/systemd/system/irqbalance.service:12] Unknown lvalue 'ReadOnlyPaths' in section 'Service'
Feb 27 14:27:07 ip-10-0-2-151 systemd: [/usr/lib/systemd/system/irqbalance.service:13] Unknown lvalue 'ReadWritePaths' in section 'Service'
Feb 27 14:27:07 ip-10-0-2-151 systemd: [/usr/lib/systemd/system/irqbalance.service:15] Unknown lvalue 'TemporaryFileSystem' in section 'Service'
Feb 27 14:27:07 ip-10-0-2-151 yum[4584]: Erased: mod_http2-1.11.1-1.amzn2.x86_64
Feb 27 14:27:07 ip-10-0-2-151 systemd: Stopping Dynamically Generate Message Of The Day...
Feb 27 14:27:07 ip-10-0-2-151 systemd: Starting Dynamically Generate Message Of The Day...
Feb 27 14:27:11 ip-10-0-2-151 systemd: Reloading.
Feb 27 14:27:11 ip-10-0-2-151 systemd: [/usr/lib/systemd/system/irqbalance.service:12] Unknown lvalue 'ReadOnlyPaths' in section 'Service'
Feb 27 14:27:11 ip-10-0-2-151 systemd: [/usr/lib/systemd/system/irqbalance.service:13] Unknown lvalue 'ReadWritePaths' in section 'Service'
Feb 27 14:27:11 ip-10-0-2-151 systemd: [/usr/lib/systemd/system/irqbalance.service:15] Unknown lvalue 'TemporaryFileSystem' in section 'Service'
Feb 27 14:27:11 ip-10-0-2-151 yum[4628]: Installed: httpd-2.4.37-1.amzn2.0.1.x86_64
Feb 27 14:27:11 ip-10-0-2-151 yum[4628]: Installed: mod_http2-1.11.1-1.amzn2.x86_64
Feb 27 14:27:12 ip-10-0-2-151 systemd: Starting Dynamically Generate Message Of The Day...
Feb 27 14:27:12 ip-10-0-2-151 systemd: Cannot add dependency job for unit httpd-init.service, ignoring: Unit not found.
Feb 27 14:27:12 ip-10-0-2-151 systemd: Starting The Apache HTTP Server...
Feb 27 14:27:12 ip-10-0-2-151 httpd: httpd: Syntax error on line 56 of /etc/httpd/conf/httpd.conf: Syntax error on line 3 of /etc/httpd/conf.modules.d/mod_jk.conf: Cannot load modules/mod_jk.so into server: /etc/httpd/modules/mod_jk.so: undefined symbol: ap_get_server_version
Feb 27 14:27:12 ip-10-0-2-151 systemd: httpd.service: main process exited, code=exited, status=1/FAILURE
Feb 27 14:27:12 ip-10-0-2-151 systemd: Failed to start The Apache HTTP Server.
Feb 27 14:27:12 ip-10-0-2-151 systemd: Unit httpd.service entered failed state.
Feb 27 14:27:12 ip-10-0-2-151 systemd: httpd.service failed.
Feb 27 14:27:18 ip-10-0-2-151 systemd: Started Dynamically Generate Message Of The Day.
Feb 27 14:27:50 ip-10-0-2-151 dhclient[2971]: XMT: Solicit on eth0, interval 112950ms.
Feb 27 14:29:11 ip-10-0-2-151 yum[4836]: Erased: httpd-2.4.37-1.amzn2.0.1.x86_64
Feb 27 14:29:11 ip-10-0-2-151 systemd: Reloading.
Feb 27 14:29:11 ip-10-0-2-151 systemd: [/usr/lib/systemd/system/irqbalance.service:12] Unknown lvalue 'ReadOnlyPaths' in section 'Service'
Feb 27 14:29:11 ip-10-0-2-151 systemd: [/usr/lib/systemd/system/irqbalance.service:13] Unknown lvalue 'ReadWritePaths' in section 'Service'
Feb 27 14:29:11 ip-10-0-2-151 systemd: [/usr/lib/systemd/system/irqbalance.service:15] Unknown lvalue 'TemporaryFileSystem' in section 'Service'
Feb 27 14:29:11 ip-10-0-2-151 yum[4836]: Erased: mod_http2-1.11.1-1.amzn2.x86_64
Feb 27 14:29:11 ip-10-0-2-151 systemd: Stopping Dynamically Generate Message Of The Day...
Feb 27 14:29:11 ip-10-0-2-151 systemd: Starting Dynamically Generate Message Of The Day...
Feb 27 14:29:15 ip-10-0-2-151 systemd: Reloading.
Feb 27 14:29:15 ip-10-0-2-151 systemd: [/usr/lib/systemd/system/irqbalance.service:12] Unknown lvalue 'ReadOnlyPaths' in section 'Service'
Feb 27 14:29:15 ip-10-0-2-151 systemd: [/usr/lib/systemd/system/irqbalance.service:13] Unknown lvalue 'ReadWritePaths' in section 'Service'
Feb 27 14:29:15 ip-10-0-2-151 systemd: [/usr/lib/systemd/system/irqbalance.service:15] Unknown lvalue 'TemporaryFileSystem' in section 'Service'
Feb 27 14:29:15 ip-10-0-2-151 yum[4887]: Installed: httpd-2.4.37-1.amzn2.0.1.x86_64
Feb 27 14:29:15 ip-10-0-2-151 yum[4887]: Installed: mod_http2-1.11.1-1.amzn2.x86_64
Feb 27 14:29:15 ip-10-0-2-151 systemd: Starting Dynamically Generate Message Of The Day...
Feb 27 14:29:15 ip-10-0-2-151 systemd: Reloading.
Feb 27 14:29:15 ip-10-0-2-151 systemd: [/usr/lib/systemd/system/irqbalance.service:12] Unknown lvalue 'ReadOnlyPaths' in section 'Service'
Feb 27 14:29:15 ip-10-0-2-151 systemd: [/usr/lib/systemd/system/irqbalance.service:13] Unknown lvalue 'ReadWritePaths' in section 'Service'
Feb 27 14:29:15 ip-10-0-2-151 systemd: [/usr/lib/systemd/system/irqbalance.service:15] Unknown lvalue 'TemporaryFileSystem' in section 'Service'
Feb 27 14:29:16 ip-10-0-2-151 systemd: Cannot add dependency job for unit httpd-init.service, ignoring: Unit not found.
Feb 27 14:29:16 ip-10-0-2-151 systemd: Starting The Apache HTTP Server...
Feb 27 14:29:16 ip-10-0-2-151 httpd: httpd: Syntax error on line 56 of /etc/httpd/conf/httpd.conf: Syntax error on line 3 of /etc/httpd/conf.modules.d/mod_jk.conf: Cannot load modules/mod_jk.so into server: /etc/httpd/modules/mod_jk.so: undefined symbol: ap_get_server_version
Feb 27 14:29:16 ip-10-0-2-151 systemd: httpd.service: main process exited, code=exited, status=1/FAILURE
Feb 27 14:29:16 ip-10-0-2-151 systemd: Failed to start The Apache HTTP Server.
Feb 27 14:29:16 ip-10-0-2-151 systemd: Unit httpd.service entered failed state.
Feb 27 14:29:16 ip-10-0-2-151 systemd: httpd.service failed.
Feb 27 14:29:22 ip-10-0-2-151 systemd: Started Dynamically Generate Message Of The Day.
Feb 27 14:29:43 ip-10-0-2-151 dhclient[2971]: XMT: Solicit on eth0, interval 131830ms.
Feb 27 14:29:58 ip-10-0-2-151 yum[5086]: Erased: httpd-2.4.37-1.amzn2.0.1.x86_64
Feb 27 14:29:58 ip-10-0-2-151 systemd: Reloading.
Feb 27 14:29:58 ip-10-0-2-151 systemd: [/usr/lib/systemd/system/irqbalance.service:12] Unknown lvalue 'ReadOnlyPaths' in section 'Service'
Feb 27 14:29:58 ip-10-0-2-151 systemd: [/usr/lib/systemd/system/irqbalance.service:13] Unknown lvalue 'ReadWritePaths' in section 'Service'
Feb 27 14:29:58 ip-10-0-2-151 systemd: [/usr/lib/systemd/system/irqbalance.service:15] Unknown lvalue 'TemporaryFileSystem' in section 'Service'
Feb 27 14:29:58 ip-10-0-2-151 yum[5086]: Erased: mod_http2-1.11.1-1.amzn2.x86_64
Feb 27 14:29:58 ip-10-0-2-151 systemd: Stopping Dynamically Generate Message Of The Day...
Feb 27 14:29:58 ip-10-0-2-151 systemd: Starting Dynamically Generate Message Of The Day...
Feb 27 14:30:01 ip-10-0-2-151 systemd: Started Session 8 of user root.
Feb 27 14:30:01 ip-10-0-2-151 systemd: Starting Session 8 of user root.
Feb 27 14:30:02 ip-10-0-2-151 systemd: Reloading.
Feb 27 14:30:02 ip-10-0-2-151 systemd: [/usr/lib/systemd/system/irqbalance.service:12] Unknown lvalue 'ReadOnlyPaths' in section 'Service'
Feb 27 14:30:02 ip-10-0-2-151 systemd: [/usr/lib/systemd/system/irqbalance.service:13] Unknown lvalue 'ReadWritePaths' in section 'Service'
Feb 27 14:30:02 ip-10-0-2-151 systemd: [/usr/lib/systemd/system/irqbalance.service:15] Unknown lvalue 'TemporaryFileSystem' in section 'Service'
Feb 27 14:30:02 ip-10-0-2-151 yum[5131]: Installed: httpd-2.4.37-1.amzn2.0.1.x86_64
Feb 27 14:30:02 ip-10-0-2-151 yum[5131]: Installed: mod_http2-1.11.1-1.amzn2.x86_64
Feb 27 14:30:02 ip-10-0-2-151 systemd: Starting Dynamically Generate Message Of The Day...
Feb 27 14:30:02 ip-10-0-2-151 systemd: Reloading.
Feb 27 14:30:02 ip-10-0-2-151 systemd: [/usr/lib/systemd/system/irqbalance.service:12] Unknown lvalue 'ReadOnlyPaths' in section 'Service'
Feb 27 14:30:02 ip-10-0-2-151 systemd: [/usr/lib/systemd/system/irqbalance.service:13] Unknown lvalue 'ReadWritePaths' in section 'Service'
Feb 27 14:30:02 ip-10-0-2-151 systemd: [/usr/lib/systemd/system/irqbalance.service:15] Unknown lvalue 'TemporaryFileSystem' in section 'Service'
Feb 27 14:30:02 ip-10-0-2-151 systemd: Cannot add dependency job for unit httpd-init.service, ignoring: Unit not found.
Feb 27 14:30:02 ip-10-0-2-151 systemd: Starting The Apache HTTP Server...
Feb 27 14:30:03 ip-10-0-2-151 httpd: httpd: Syntax error on line 56 of /etc/httpd/conf/httpd.conf: Syntax error on line 3 of /etc/httpd/conf.modules.d/mod_jk.conf: Cannot load modules/mod_jk.so into server: /etc/httpd/modules/mod_jk.so: undefined symbol: ap_get_server_version
Feb 27 14:30:03 ip-10-0-2-151 systemd: httpd.service: main process exited, code=exited, status=1/FAILURE
Feb 27 14:30:03 ip-10-0-2-151 systemd: Failed to start The Apache HTTP Server.
Feb 27 14:30:03 ip-10-0-2-151 systemd: Unit httpd.service entered failed state.
Feb 27 14:30:03 ip-10-0-2-151 systemd: httpd.service failed.
Feb 27 14:30:09 ip-10-0-2-151 systemd: Started Dynamically Generate Message Of The Day.
Feb 27 14:30:37 ip-10-0-2-151 yum[5322]: Erased: httpd-2.4.37-1.amzn2.0.1.x86_64
Feb 27 14:30:37 ip-10-0-2-151 systemd: Reloading.
Feb 27 14:30:37 ip-10-0-2-151 systemd: [/usr/lib/systemd/system/irqbalance.service:12] Unknown lvalue 'ReadOnlyPaths' in section 'Service'
Feb 27 14:30:37 ip-10-0-2-151 systemd: [/usr/lib/systemd/system/irqbalance.service:13] Unknown lvalue 'ReadWritePaths' in section 'Service'
Feb 27 14:30:37 ip-10-0-2-151 systemd: [/usr/lib/systemd/system/irqbalance.service:15] Unknown lvalue 'TemporaryFileSystem' in section 'Service'
Feb 27 14:30:37 ip-10-0-2-151 yum[5322]: Erased: mod_http2-1.11.1-1.amzn2.x86_64
Feb 27 14:30:37 ip-10-0-2-151 systemd: Stopping Dynamically Generate Message Of The Day...
Feb 27 14:30:37 ip-10-0-2-151 systemd: Starting Dynamically Generate Message Of The Day...
Feb 27 14:30:41 ip-10-0-2-151 systemd: Reloading.
Feb 27 14:30:41 ip-10-0-2-151 systemd: [/usr/lib/systemd/system/irqbalance.service:12] Unknown lvalue 'ReadOnlyPaths' in section 'Service'
Feb 27 14:30:41 ip-10-0-2-151 systemd: [/usr/lib/systemd/system/irqbalance.service:13] Unknown lvalue 'ReadWritePaths' in section 'Service'
Feb 27 14:30:41 ip-10-0-2-151 systemd: [/usr/lib/systemd/system/irqbalance.service:15] Unknown lvalue 'TemporaryFileSystem' in section 'Service'
Feb 27 14:30:41 ip-10-0-2-151 yum[5364]: Installed: httpd-2.4.37-1.amzn2.0.1.x86_64
Feb 27 14:30:41 ip-10-0-2-151 yum[5364]: Installed: mod_http2-1.11.1-1.amzn2.x86_64
Feb 27 14:30:41 ip-10-0-2-151 systemd: Starting Dynamically Generate Message Of The Day...
Feb 27 14:30:41 ip-10-0-2-151 systemd: Reloading.
Feb 27 14:30:41 ip-10-0-2-151 systemd: [/usr/lib/systemd/system/irqbalance.service:12] Unknown lvalue 'ReadOnlyPaths' in section 'Service'
Feb 27 14:30:41 ip-10-0-2-151 systemd: [/usr/lib/systemd/system/irqbalance.service:13] Unknown lvalue 'ReadWritePaths' in section 'Service'
Feb 27 14:30:41 ip-10-0-2-151 systemd: [/usr/lib/systemd/system/irqbalance.service:15] Unknown lvalue 'TemporaryFileSystem' in section 'Service'
Feb 27 14:30:41 ip-10-0-2-151 systemd: Cannot add dependency job for unit httpd-init.service, ignoring: Unit not found.
Feb 27 14:30:41 ip-10-0-2-151 systemd: Starting The Apache HTTP Server...
Feb 27 14:30:41 ip-10-0-2-151 httpd: httpd: Syntax error on line 56 of /etc/httpd/conf/httpd.conf: Syntax error on line 3 of /etc/httpd/conf.modules.d/mod_jk.conf: Cannot load modules/mod_jk.so into server: /etc/httpd/modules/mod_jk.so: undefined symbol: ap_get_server_version
Feb 27 14:30:41 ip-10-0-2-151 systemd: httpd.service: main process exited, code=exited, status=1/FAILURE
Feb 27 14:30:41 ip-10-0-2-151 systemd: Failed to start The Apache HTTP Server.
Feb 27 14:30:41 ip-10-0-2-151 systemd: Unit httpd.service entered failed state.
Feb 27 14:30:41 ip-10-0-2-151 systemd: httpd.service failed.
Feb 27 14:30:48 ip-10-0-2-151 systemd: Started Dynamically Generate Message Of The Day.
Feb 27 14:31:01 ip-10-0-2-151 systemd: Removed slice User Slice of root.
Feb 27 14:31:01 ip-10-0-2-151 systemd: Stopping User Slice of root.
Feb 27 14:31:55 ip-10-0-2-151 dhclient[2971]: XMT: Solicit on eth0, interval 129390ms.
Feb 27 14:32:46 ip-10-0-2-151 yum[5593]: Erased: httpd-2.4.37-1.amzn2.0.1.x86_64
Feb 27 14:32:46 ip-10-0-2-151 systemd: Reloading.
Feb 27 14:32:46 ip-10-0-2-151 systemd: [/usr/lib/systemd/system/irqbalance.service:12] Unknown lvalue 'ReadOnlyPaths' in section 'Service'
Feb 27 14:32:46 ip-10-0-2-151 systemd: [/usr/lib/systemd/system/irqbalance.service:13] Unknown lvalue 'ReadWritePaths' in section 'Service'
Feb 27 14:32:46 ip-10-0-2-151 systemd: [/usr/lib/systemd/system/irqbalance.service:15] Unknown lvalue 'TemporaryFileSystem' in section 'Service'
Feb 27 14:32:46 ip-10-0-2-151 yum[5593]: Erased: mod_http2-1.11.1-1.amzn2.x86_64
Feb 27 14:32:46 ip-10-0-2-151 systemd: Stopping Dynamically Generate Message Of The Day...
Feb 27 14:32:46 ip-10-0-2-151 systemd: Starting Dynamically Generate Message Of The Day...
Feb 27 14:32:50 ip-10-0-2-151 systemd: Reloading.
Feb 27 14:32:50 ip-10-0-2-151 systemd: [/usr/lib/systemd/system/irqbalance.service:12] Unknown lvalue 'ReadOnlyPaths' in section 'Service'
Feb 27 14:32:50 ip-10-0-2-151 systemd: [/usr/lib/systemd/system/irqbalance.service:13] Unknown lvalue 'ReadWritePaths' in section 'Service'
Feb 27 14:32:50 ip-10-0-2-151 systemd: [/usr/lib/systemd/system/irqbalance.service:15] Unknown lvalue 'TemporaryFileSystem' in section 'Service'
Feb 27 14:32:50 ip-10-0-2-151 yum[5640]: Installed: httpd-2.4.37-1.amzn2.0.1.x86_64
Feb 27 14:32:50 ip-10-0-2-151 yum[5640]: Installed: mod_http2-1.11.1-1.amzn2.x86_64
Feb 27 14:32:50 ip-10-0-2-151 systemd: Starting Dynamically Generate Message Of The Day...
Feb 27 14:32:50 ip-10-0-2-151 systemd: Cannot add dependency job for unit httpd-init.service, ignoring: Unit not found.
Feb 27 14:32:50 ip-10-0-2-151 systemd: Starting The Apache HTTP Server...
Feb 27 14:32:50 ip-10-0-2-151 httpd: httpd: Syntax error on line 56 of /etc/httpd/conf/httpd.conf: Syntax error on line 3 of /etc/httpd/conf.modules.d/mod_jk.conf: Cannot load modules/mod_jk.so into server: /etc/httpd/modules/mod_jk.so: undefined symbol: ap_get_server_version
Feb 27 14:32:50 ip-10-0-2-151 systemd: httpd.service: main process exited, code=exited, status=1/FAILURE
Feb 27 14:32:50 ip-10-0-2-151 systemd: Failed to start The Apache HTTP Server.
Feb 27 14:32:50 ip-10-0-2-151 systemd: Unit httpd.service entered failed state.
Feb 27 14:32:50 ip-10-0-2-151 systemd: httpd.service failed.
Feb 27 14:32:57 ip-10-0-2-151 systemd: Started Dynamically Generate Message Of The Day.
Feb 27 14:33:35 ip-10-0-2-151 dhclient[2878]: DHCPREQUEST on eth0 to 10.0.2.1 port 67 (xid=0x7c2ab205)
Feb 27 14:33:35 ip-10-0-2-151 dhclient[2878]: DHCPACK from 10.0.2.1 (xid=0x7c2ab205)
Feb 27 14:33:35 ip-10-0-2-151 dhclient[2878]: bound to 10.0.2.151 -- renewal in 1422 seconds.
Feb 27 14:33:35 ip-10-0-2-151 ec2net: [get_meta] Trying to get http://169.254.169.254/latest/meta-data/network/interfaces/macs/0a:52:b2:38:a2:aa/local-ipv4s
Feb 27 14:33:35 ip-10-0-2-151 ec2net: [rewrite_aliases] Rewriting aliases of eth0
Feb 27 14:34:05 ip-10-0-2-151 dhclient[2971]: XMT: Solicit on eth0, interval 126010ms.
Feb 27 14:34:41 ip-10-0-2-151 yum[5826]: Erased: httpd-2.4.37-1.amzn2.0.1.x86_64
Feb 27 14:34:41 ip-10-0-2-151 systemd: Reloading.
Feb 27 14:34:41 ip-10-0-2-151 systemd: [/usr/lib/systemd/system/irqbalance.service:12] Unknown lvalue 'ReadOnlyPaths' in section 'Service'
Feb 27 14:34:41 ip-10-0-2-151 systemd: [/usr/lib/systemd/system/irqbalance.service:13] Unknown lvalue 'ReadWritePaths' in section 'Service'
Feb 27 14:34:41 ip-10-0-2-151 systemd: [/usr/lib/systemd/system/irqbalance.service:15] Unknown lvalue 'TemporaryFileSystem' in section 'Service'
Feb 27 14:34:41 ip-10-0-2-151 yum[5826]: Erased: mod_http2-1.11.1-1.amzn2.x86_64
Feb 27 14:34:41 ip-10-0-2-151 systemd: Stopping Dynamically Generate Message Of The Day...
Feb 27 14:34:41 ip-10-0-2-151 systemd: Starting Dynamically Generate Message Of The Day...
Feb 27 14:34:45 ip-10-0-2-151 systemd: Reloading.
Feb 27 14:34:45 ip-10-0-2-151 systemd: [/usr/lib/systemd/system/irqbalance.service:12] Unknown lvalue 'ReadOnlyPaths' in section 'Service'
Feb 27 14:34:45 ip-10-0-2-151 systemd: [/usr/lib/systemd/system/irqbalance.service:13] Unknown lvalue 'ReadWritePaths' in section 'Service'
Feb 27 14:34:45 ip-10-0-2-151 systemd: [/usr/lib/systemd/system/irqbalance.service:15] Unknown lvalue 'TemporaryFileSystem' in section 'Service'
Feb 27 14:34:45 ip-10-0-2-151 yum[5881]: Installed: httpd-2.4.37-1.amzn2.0.1.x86_64
Feb 27 14:34:45 ip-10-0-2-151 yum[5881]: Installed: mod_http2-1.11.1-1.amzn2.x86_64
Feb 27 14:34:45 ip-10-0-2-151 systemd: Starting Dynamically Generate Message Of The Day...
Feb 27 14:34:52 ip-10-0-2-151 systemd: Started Dynamically Generate Message Of The Day.
Feb 27 14:35:23 ip-10-0-2-151 yum[5979]: Erased: httpd-2.4.37-1.amzn2.0.1.x86_64
Feb 27 14:35:23 ip-10-0-2-151 systemd: Reloading.
Feb 27 14:35:23 ip-10-0-2-151 systemd: [/usr/lib/systemd/system/irqbalance.service:12] Unknown lvalue 'ReadOnlyPaths' in section 'Service'
Feb 27 14:35:23 ip-10-0-2-151 systemd: [/usr/lib/systemd/system/irqbalance.service:13] Unknown lvalue 'ReadWritePaths' in section 'Service'
Feb 27 14:35:23 ip-10-0-2-151 systemd: [/usr/lib/systemd/system/irqbalance.service:15] Unknown lvalue 'TemporaryFileSystem' in section 'Service'
Feb 27 14:35:23 ip-10-0-2-151 yum[5979]: Erased: mod_http2-1.11.1-1.amzn2.x86_64
Feb 27 14:35:23 ip-10-0-2-151 systemd: Stopping Dynamically Generate Message Of The Day...
Feb 27 14:35:23 ip-10-0-2-151 systemd: Starting Dynamically Generate Message Of The Day...
Feb 27 14:35:27 ip-10-0-2-151 systemd: Reloading.
Feb 27 14:35:27 ip-10-0-2-151 systemd: [/usr/lib/systemd/system/irqbalance.service:12] Unknown lvalue 'ReadOnlyPaths' in section 'Service'
Feb 27 14:35:27 ip-10-0-2-151 systemd: [/usr/lib/systemd/system/irqbalance.service:13] Unknown lvalue 'ReadWritePaths' in section 'Service'
Feb 27 14:35:27 ip-10-0-2-151 systemd: [/usr/lib/systemd/system/irqbalance.service:15] Unknown lvalue 'TemporaryFileSystem' in section 'Service'
Feb 27 14:35:27 ip-10-0-2-151 yum[6026]: Installed: httpd-2.4.37-1.amzn2.0.1.x86_64
Feb 27 14:35:28 ip-10-0-2-151 yum[6026]: Installed: mod_http2-1.11.1-1.amzn2.x86_64
Feb 27 14:35:28 ip-10-0-2-151 systemd: Starting Dynamically Generate Message Of The Day...
Feb 27 14:35:28 ip-10-0-2-151 systemd: Cannot add dependency job for unit httpd-init.service, ignoring: Unit not found.
Feb 27 14:35:28 ip-10-0-2-151 systemd: Starting The Apache HTTP Server...
Feb 27 14:35:28 ip-10-0-2-151 httpd: httpd: Syntax error on line 56 of /etc/httpd/conf/httpd.conf: Syntax error on line 3 of /etc/httpd/conf.modules.d/mod_jk.conf: Cannot load modules/mod_jk.so into server: /etc/httpd/modules/mod_jk.so: undefined symbol: ap_get_server_version
Feb 27 14:35:28 ip-10-0-2-151 systemd: httpd.service: main process exited, code=exited, status=1/FAILURE
Feb 27 14:35:28 ip-10-0-2-151 systemd: Failed to start The Apache HTTP Server.
Feb 27 14:35:28 ip-10-0-2-151 systemd: Unit httpd.service entered failed state.
Feb 27 14:35:28 ip-10-0-2-151 systemd: httpd.service failed.
Feb 27 14:35:34 ip-10-0-2-151 systemd: Started Dynamically Generate Message Of The Day.
Feb 27 14:36:11 ip-10-0-2-151 dhclient[2971]: XMT: Solicit on eth0, interval 110060ms.
Feb 27 14:36:16 ip-10-0-2-151 yum[6140]: Erased: httpd-2.4.37-1.amzn2.0.1.x86_64
Feb 27 14:36:16 ip-10-0-2-151 systemd: Reloading.
Feb 27 14:36:16 ip-10-0-2-151 systemd: [/usr/lib/systemd/system/irqbalance.service:12] Unknown lvalue 'ReadOnlyPaths' in section 'Service'
Feb 27 14:36:16 ip-10-0-2-151 systemd: [/usr/lib/systemd/system/irqbalance.service:13] Unknown lvalue 'ReadWritePaths' in section 'Service'
Feb 27 14:36:16 ip-10-0-2-151 systemd: [/usr/lib/systemd/system/irqbalance.service:15] Unknown lvalue 'TemporaryFileSystem' in section 'Service'
Feb 27 14:36:16 ip-10-0-2-151 yum[6140]: Erased: mod_http2-1.11.1-1.amzn2.x86_64
Feb 27 14:36:16 ip-10-0-2-151 systemd: Stopping Dynamically Generate Message Of The Day...
Feb 27 14:36:16 ip-10-0-2-151 systemd: Starting Dynamically Generate Message Of The Day...
Feb 27 14:36:20 ip-10-0-2-151 systemd: Reloading.
Feb 27 14:36:20 ip-10-0-2-151 systemd: [/usr/lib/systemd/system/irqbalance.service:12] Unknown lvalue 'ReadOnlyPaths' in section 'Service'
Feb 27 14:36:20 ip-10-0-2-151 systemd: [/usr/lib/systemd/system/irqbalance.service:13] Unknown lvalue 'ReadWritePaths' in section 'Service'
Feb 27 14:36:20 ip-10-0-2-151 systemd: [/usr/lib/systemd/system/irqbalance.service:15] Unknown lvalue 'TemporaryFileSystem' in section 'Service'
Feb 27 14:36:20 ip-10-0-2-151 yum[6186]: Installed: httpd-2.4.37-1.amzn2.0.1.x86_64
Feb 27 14:36:20 ip-10-0-2-151 yum[6186]: Installed: mod_http2-1.11.1-1.amzn2.x86_64
Feb 27 14:36:20 ip-10-0-2-151 systemd: Starting Dynamically Generate Message Of The Day...
Feb 27 14:36:20 ip-10-0-2-151 systemd: Cannot add dependency job for unit httpd-init.service, ignoring: Unit not found.
Feb 27 14:36:20 ip-10-0-2-151 systemd: Starting The Apache HTTP Server...
Feb 27 14:36:20 ip-10-0-2-151 httpd: httpd: Syntax error on line 56 of /etc/httpd/conf/httpd.conf: Syntax error on line 3 of /etc/httpd/conf.modules.d/mod_jk.conf: Cannot load modules/mod_jk.so into server: /etc/httpd/modules/mod_jk.so: undefined symbol: ap_get_server_version
Feb 27 14:36:20 ip-10-0-2-151 systemd: httpd.service: main process exited, code=exited, status=1/FAILURE
Feb 27 14:36:20 ip-10-0-2-151 systemd: Failed to start The Apache HTTP Server.
Feb 27 14:36:20 ip-10-0-2-151 systemd: Unit httpd.service entered failed state.
Feb 27 14:36:20 ip-10-0-2-151 systemd: httpd.service failed.
Feb 27 14:36:27 ip-10-0-2-151 systemd: Started Dynamically Generate Message Of The Day.
Feb 27 14:37:43 ip-10-0-2-151 yum[6372]: Erased: httpd-2.4.37-1.amzn2.0.1.x86_64
Feb 27 14:37:43 ip-10-0-2-151 systemd: Reloading.
Feb 27 14:37:43 ip-10-0-2-151 systemd: [/usr/lib/systemd/system/irqbalance.service:12] Unknown lvalue 'ReadOnlyPaths' in section 'Service'
Feb 27 14:37:43 ip-10-0-2-151 systemd: [/usr/lib/systemd/system/irqbalance.service:13] Unknown lvalue 'ReadWritePaths' in section 'Service'
Feb 27 14:37:43 ip-10-0-2-151 systemd: [/usr/lib/systemd/system/irqbalance.service:15] Unknown lvalue 'TemporaryFileSystem' in section 'Service'
Feb 27 14:37:43 ip-10-0-2-151 yum[6372]: Erased: mod_http2-1.11.1-1.amzn2.x86_64
Feb 27 14:37:43 ip-10-0-2-151 systemd: Stopping Dynamically Generate Message Of The Day...
Feb 27 14:37:43 ip-10-0-2-151 systemd: Starting Dynamically Generate Message Of The Day...
Feb 27 14:37:47 ip-10-0-2-151 systemd: Reloading.
Feb 27 14:37:47 ip-10-0-2-151 systemd: [/usr/lib/systemd/system/irqbalance.service:12] Unknown lvalue 'ReadOnlyPaths' in section 'Service'
Feb 27 14:37:47 ip-10-0-2-151 systemd: [/usr/lib/systemd/system/irqbalance.service:13] Unknown lvalue 'ReadWritePaths' in section 'Service'
Feb 27 14:37:47 ip-10-0-2-151 systemd: [/usr/lib/systemd/system/irqbalance.service:15] Unknown lvalue 'TemporaryFileSystem' in section 'Service'
Feb 27 14:37:47 ip-10-0-2-151 yum[6415]: Installed: httpd-2.4.37-1.amzn2.0.1.x86_64
Feb 27 14:37:47 ip-10-0-2-151 yum[6415]: Installed: mod_http2-1.11.1-1.amzn2.x86_64
Feb 27 14:37:47 ip-10-0-2-151 systemd: Starting Dynamically Generate Message Of The Day...
Feb 27 14:37:47 ip-10-0-2-151 systemd: Cannot add dependency job for unit httpd-init.service, ignoring: Unit not found.
Feb 27 14:37:47 ip-10-0-2-151 systemd: Starting The Apache HTTP Server...
Feb 27 14:37:47 ip-10-0-2-151 httpd: httpd: Syntax error on line 56 of /etc/httpd/conf/httpd.conf: Syntax error on line 3 of /etc/httpd/conf.modules.d/mod_jk.conf: Cannot load modules/mod_jk.so into server: /etc/httpd/modules/mod_jk.so: undefined symbol: ap_get_server_version
Feb 27 14:37:47 ip-10-0-2-151 systemd: httpd.service: main process exited, code=exited, status=1/FAILURE
Feb 27 14:37:47 ip-10-0-2-151 systemd: Failed to start The Apache HTTP Server.
Feb 27 14:37:47 ip-10-0-2-151 systemd: Unit httpd.service entered failed state.
Feb 27 14:37:47 ip-10-0-2-151 systemd: httpd.service failed.
Feb 27 14:37:54 ip-10-0-2-151 systemd: Started Dynamically Generate Message Of The Day.
Feb 27 14:38:01 ip-10-0-2-151 dhclient[2971]: XMT: Solicit on eth0, interval 108440ms.
Feb 27 14:39:49 ip-10-0-2-151 dhclient[2971]: XMT: Solicit on eth0, interval 128550ms.
Feb 27 14:40:01 ip-10-0-2-151 systemd: Created slice User Slice of root.
Feb 27 14:40:01 ip-10-0-2-151 systemd: Starting User Slice of root.
Feb 27 14:40:01 ip-10-0-2-151 systemd: Started Session 9 of user root.
Feb 27 14:40:01 ip-10-0-2-151 systemd: Starting Session 9 of user root.
Feb 27 14:40:01 ip-10-0-2-151 systemd: Removed slice User Slice of root.
Feb 27 14:40:01 ip-10-0-2-151 systemd: Stopping User Slice of root.
Feb 27 14:41:58 ip-10-0-2-151 dhclient[2971]: XMT: Solicit on eth0, interval 126820ms.
Feb 27 14:44:05 ip-10-0-2-151 dhclient[2971]: XMT: Solicit on eth0, interval 126130ms.
Feb 27 14:45:31 ip-10-0-2-151 yum[6767]: Erased: httpd-2.4.37-1.amzn2.0.1.x86_64
Feb 27 14:45:31 ip-10-0-2-151 systemd: Reloading.
Feb 27 14:45:32 ip-10-0-2-151 systemd: [/usr/lib/systemd/system/irqbalance.service:12] Unknown lvalue 'ReadOnlyPaths' in section 'Service'
Feb 27 14:45:32 ip-10-0-2-151 systemd: [/usr/lib/systemd/system/irqbalance.service:13] Unknown lvalue 'ReadWritePaths' in section 'Service'
Feb 27 14:45:32 ip-10-0-2-151 systemd: [/usr/lib/systemd/system/irqbalance.service:15] Unknown lvalue 'TemporaryFileSystem' in section 'Service'
Feb 27 14:45:32 ip-10-0-2-151 yum[6767]: Erased: mod_http2-1.11.1-1.amzn2.x86_64
Feb 27 14:45:32 ip-10-0-2-151 systemd: Stopping Dynamically Generate Message Of The Day...
Feb 27 14:45:32 ip-10-0-2-151 systemd: Starting Dynamically Generate Message Of The Day...
Feb 27 14:45:36 ip-10-0-2-151 systemd: Reloading.
Feb 27 14:45:36 ip-10-0-2-151 systemd: [/usr/lib/systemd/system/irqbalance.service:12] Unknown lvalue 'ReadOnlyPaths' in section 'Service'
Feb 27 14:45:36 ip-10-0-2-151 systemd: [/usr/lib/systemd/system/irqbalance.service:13] Unknown lvalue 'ReadWritePaths' in section 'Service'
Feb 27 14:45:36 ip-10-0-2-151 systemd: [/usr/lib/systemd/system/irqbalance.service:15] Unknown lvalue 'TemporaryFileSystem' in section 'Service'
Feb 27 14:45:36 ip-10-0-2-151 yum[6811]: Installed: httpd-2.4.37-1.amzn2.0.1.x86_64
Feb 27 14:45:36 ip-10-0-2-151 yum[6811]: Installed: mod_http2-1.11.1-1.amzn2.x86_64
Feb 27 14:45:36 ip-10-0-2-151 systemd: Starting Dynamically Generate Message Of The Day...
Feb 27 14:45:36 ip-10-0-2-151 systemd: Cannot add dependency job for unit httpd-init.service, ignoring: Unit not found.
Feb 27 14:45:36 ip-10-0-2-151 systemd: Starting The Apache HTTP Server...
Feb 27 14:45:36 ip-10-0-2-151 httpd: httpd: Syntax error on line 56 of /etc/httpd/conf/httpd.conf: Syntax error on line 3 of /etc/httpd/conf.modules.d/mod_jk.conf: Cannot load modules/mod_jk.so into server: /etc/httpd/modules/mod_jk.so: undefined symbol: ap_get_server_version
Feb 27 14:45:36 ip-10-0-2-151 systemd: httpd.service: main process exited, code=exited, status=1/FAILURE
Feb 27 14:45:36 ip-10-0-2-151 systemd: Failed to start The Apache HTTP Server.
Feb 27 14:45:36 ip-10-0-2-151 systemd: Unit httpd.service entered failed state.
Feb 27 14:45:36 ip-10-0-2-151 systemd: httpd.service failed.
Feb 27 14:45:44 ip-10-0-2-151 systemd: Started Dynamically Generate Message Of The Day.
Feb 27 14:46:11 ip-10-0-2-151 dhclient[2971]: XMT: Solicit on eth0, interval 125260ms.
Feb 27 14:48:17 ip-10-0-2-151 dhclient[2971]: XMT: Solicit on eth0, interval 126350ms.
Feb 27 14:49:07 ip-10-0-2-151 systemd: Cannot add dependency job for unit httpd-init.service, ignoring: Unit not found.
Feb 27 14:49:07 ip-10-0-2-151 systemd: Starting The Apache HTTP Server...
Feb 27 14:49:07 ip-10-0-2-151 httpd: httpd: Syntax error on line 56 of /etc/httpd/conf/httpd.conf: Syntax error on line 3 of /etc/httpd/conf.modules.d/mod_jk.conf: Cannot load modules/mod_jk.so into server: /etc/httpd/modules/mod_jk.so: undefined symbol: ap_get_server_version
Feb 27 14:49:07 ip-10-0-2-151 systemd: httpd.service: main process exited, code=exited, status=1/FAILURE
Feb 27 14:49:07 ip-10-0-2-151 systemd: Failed to start The Apache HTTP Server.
Feb 27 14:49:07 ip-10-0-2-151 systemd: Unit httpd.service entered failed state.
Feb 27 14:49:07 ip-10-0-2-151 systemd: httpd.service failed.
Feb 27 14:49:49 ip-10-0-2-151 systemd: Cannot add dependency job for unit httpd-init.service, ignoring: Unit not found.
Feb 27 14:49:49 ip-10-0-2-151 systemd: Starting The Apache HTTP Server...
Feb 27 14:49:49 ip-10-0-2-151 httpd: httpd: Syntax error on line 56 of /etc/httpd/conf/httpd.conf: Syntax error on line 3 of /etc/httpd/conf.modules.d/mod_jk.conf: Cannot load modules/mod_jk.so into server: /etc/httpd/modules/mod_jk.so: undefined symbol: ap_get_server_version
Feb 27 14:49:49 ip-10-0-2-151 systemd: httpd.service: main process exited, code=exited, status=1/FAILURE
Feb 27 14:49:49 ip-10-0-2-151 systemd: Failed to start The Apache HTTP Server.
Feb 27 14:49:49 ip-10-0-2-151 systemd: Unit httpd.service entered failed state.
Feb 27 14:49:49 ip-10-0-2-151 systemd: httpd.service failed.
Feb 27 14:49:56 ip-10-0-2-151 systemd: Cannot add dependency job for unit httpd-init.service, ignoring: Unit not found.
Feb 27 14:49:56 ip-10-0-2-151 systemd: Starting The Apache HTTP Server...
Feb 27 14:49:56 ip-10-0-2-151 httpd: httpd: Syntax error on line 56 of /etc/httpd/conf/httpd.conf: Syntax error on line 3 of /etc/httpd/conf.modules.d/mod_jk.conf: Cannot load modules/mod_jk.so into server: /etc/httpd/modules/mod_jk.so: undefined symbol: ap_get_server_version
Feb 27 14:49:56 ip-10-0-2-151 systemd: httpd.service: main process exited, code=exited, status=1/FAILURE
Feb 27 14:49:56 ip-10-0-2-151 systemd: Failed to start The Apache HTTP Server.
Feb 27 14:49:56 ip-10-0-2-151 systemd: Unit httpd.service entered failed state.
Feb 27 14:49:56 ip-10-0-2-151 systemd: httpd.service failed.
Feb 27 14:50:01 ip-10-0-2-151 systemd: Created slice User Slice of root.
Feb 27 14:50:01 ip-10-0-2-151 systemd: Starting User Slice of root.
Feb 27 14:50:01 ip-10-0-2-151 systemd: Started Session 10 of user root.
Feb 27 14:50:01 ip-10-0-2-151 systemd: Starting Session 10 of user root.
Feb 27 14:50:01 ip-10-0-2-151 systemd: Removed slice User Slice of root.
Feb 27 14:50:01 ip-10-0-2-151 systemd: Stopping User Slice of root.
Feb 27 14:50:23 ip-10-0-2-151 dhclient[2971]: XMT: Solicit on eth0, interval 116750ms.
Feb 27 14:52:20 ip-10-0-2-151 dhclient[2971]: XMT: Solicit on eth0, interval 108820ms.
Feb 27 14:53:08 ip-10-0-2-151 systemd: Cannot add dependency job for unit httpd-init.service, ignoring: Unit not found.
Feb 27 14:53:08 ip-10-0-2-151 systemd: Starting The Apache HTTP Server...
Feb 27 14:53:08 ip-10-0-2-151 httpd: httpd: Syntax error on line 56 of /etc/httpd/conf/httpd.conf: Syntax error on line 3 of /etc/httpd/conf.modules.d/mod_jk.conf: Cannot load modules/mod_jk.so into server: /etc/httpd/modules/mod_jk.so: undefined symbol: ap_get_server_version
Feb 27 14:53:08 ip-10-0-2-151 systemd: httpd.service: main process exited, code=exited, status=1/FAILURE
Feb 27 14:53:08 ip-10-0-2-151 systemd: Failed to start The Apache HTTP Server.
Feb 27 14:53:08 ip-10-0-2-151 systemd: Unit httpd.service entered failed state.
Feb 27 14:53:08 ip-10-0-2-151 systemd: httpd.service failed.
Feb 27 14:54:09 ip-10-0-2-151 dhclient[2971]: XMT: Solicit on eth0, interval 110450ms.
Feb 27 14:54:22 ip-10-0-2-151 systemd: Cannot add dependency job for unit httpd-init.service, ignoring: Unit not found.
Feb 27 14:54:22 ip-10-0-2-151 systemd: Starting The Apache HTTP Server...
Feb 27 14:54:22 ip-10-0-2-151 httpd: httpd: Syntax error on line 56 of /etc/httpd/conf/httpd.conf: Syntax error on line 3 of /etc/httpd/conf.modules.d/mod_jk.conf: Cannot load modules/mod_jk.so into server: /etc/httpd/modules/mod_jk.so: undefined symbol: ap_get_server_version
Feb 27 14:54:22 ip-10-0-2-151 systemd: httpd.service: main process exited, code=exited, status=1/FAILURE
Feb 27 14:54:22 ip-10-0-2-151 systemd: Failed to start The Apache HTTP Server.
Feb 27 14:54:22 ip-10-0-2-151 systemd: Unit httpd.service entered failed state.
Feb 27 14:54:22 ip-10-0-2-151 systemd: httpd.service failed.
Feb 27 14:55:03 ip-10-0-2-151 systemd: Stopped target Cloud-init target.
Feb 27 14:55:03 ip-10-0-2-151 systemd: Stopping Cloud-init target.
Feb 27 14:55:03 ip-10-0-2-151 systemd: Stopped target rpc_pipefs.target.
Feb 27 14:55:03 ip-10-0-2-151 systemd: Stopping rpc_pipefs.target.
Feb 27 14:55:03 ip-10-0-2-151 systemd: Removed slice system-ec2net\x2difup.slice.
Feb 27 14:55:03 ip-10-0-2-151 systemd: Stopping system-ec2net\x2difup.slice.
Feb 27 14:55:03 ip-10-0-2-151 systemd: Unmounting RPC Pipe File System...
Feb 27 14:55:03 ip-10-0-2-151 systemd: Stopping Session 1 of user jenkins.
Feb 27 14:55:03 ip-10-0-2-151 systemd: Stopped Dump dmesg to /var/log/dmesg.
Feb 27 14:55:03 ip-10-0-2-151 systemd: Stopping Dump dmesg to /var/log/dmesg...
Feb 27 14:55:03 ip-10-0-2-151 systemd: Stopped target Timers.
Feb 27 14:55:03 ip-10-0-2-151 systemd: Stopping Timers.
Feb 27 14:55:03 ip-10-0-2-151 systemd: Stopped Daily Cleanup of Temporary Directories.
Feb 27 14:55:03 ip-10-0-2-151 systemd: Stopping Daily Cleanup of Temporary Directories.
Feb 27 14:55:03 ip-10-0-2-151 systemd: Stopping Session 2 of user jenkins.
Feb 27 14:55:03 ip-10-0-2-151 systemd: Removed slice system-selinux\x2dpolicy\x2dmigrate\x2dlocal\x2dchanges.slice.
Feb 27 14:55:03 ip-10-0-2-151 systemd: Stopping system-selinux\x2dpolicy\x2dmigrate\x2dlocal\x2dchanges.slice.
Feb 27 14:55:03 ip-10-0-2-151 systemd: Stopped target Graphical Interface.
Feb 27 14:55:03 ip-10-0-2-151 systemd: Stopping Graphical Interface.
Feb 27 14:55:03 ip-10-0-2-151 systemd: Stopped target Multi-User System.
Feb 27 14:55:03 ip-10-0-2-151 systemd: Stopping Multi-User System.
Feb 27 14:55:03 ip-10-0-2-151 systemd: Stopping Hardware RNG Entropy Gatherer Daemon...
Feb 27 14:55:03 ip-10-0-2-151 systemd: Stopping Command Scheduler...
Feb 27 14:55:03 ip-10-0-2-151 systemd-logind: Failed to abandon session scope: Connection reset by peer
Feb 27 14:55:03 ip-10-0-2-151 systemd-logind: Failed to abandon session scope: Transport endpoint is not connected
Feb 27 14:55:03 ip-10-0-2-151 systemd: Stopping D-Bus System Message Bus...
Feb 27 14:55:03 ip-10-0-2-151 amazon-ssm-agent: 2019-02-27 14:55:03 INFO Got signal:terminated value:0xbb2dc0
Feb 27 14:55:03 ip-10-0-2-151 systemd: Stopping amazon-ssm-agent...
Feb 27 14:55:03 ip-10-0-2-151 systemd: Stopped target Login Prompts.
Feb 27 14:55:03 ip-10-0-2-151 systemd: Stopping Login Prompts.
Feb 27 14:55:03 ip-10-0-2-151 systemd: Stopping Serial Getty on ttyS0...
Feb 27 14:55:03 ip-10-0-2-151 systemd: Stopping OpenSSH server daemon...
Feb 27 14:55:03 ip-10-0-2-151 amazon-ssm-agent: 2019-02-27 14:55:03 INFO Stopping agent
Feb 27 14:55:03 ip-10-0-2-151 chronyd[2666]: chronyd exiting
Feb 27 14:55:03 ip-10-0-2-151 systemd: Stopping libstoragemgmt plug-in server daemon...
Feb 27 14:55:03 ip-10-0-2-151 systemd: Stopped Resets System Activity Logs.
Feb 27 14:55:03 ip-10-0-2-151 systemd: Stopping Resets System Activity Logs...
Feb 27 14:55:03 ip-10-0-2-151 systemd: Stopping Job spooling tools...
Feb 27 14:55:03 ip-10-0-2-151 systemd: Stopping NTP client/server...
Feb 27 14:55:03 ip-10-0-2-151 systemd: Stopping System Logging Service...
Feb 27 14:55:03 ip-10-0-2-151 systemd: Stopped Dynamically Generate Message Of The Day.
Feb 27 14:55:03 ip-10-0-2-151 systemd: Stopping Dynamically Generate Message Of The Day...
Feb 27 14:55:03 ip-10-0-2-151 systemd: Stopping Postfix Mail Transport Agent...
Feb 27 14:55:03 ip-10-0-2-151 systemd: Stopping Getty on tty1...
Feb 27 14:55:03 ip-10-0-2-151 systemd: Stopped Execute cloud user/final scripts.
Feb 27 14:55:03 ip-10-0-2-151 systemd: Stopping Execute cloud user/final scripts...
Feb 27 14:55:03 ip-10-0-2-151 systemd: Stopped Apply the settings specified in cloud-config.
Feb 27 14:55:03 ip-10-0-2-151 systemd: Stopping Apply the settings specified in cloud-config...
Feb 27 14:55:03 ip-10-0-2-151 systemd: Stopped target Cloud-config availability.
Feb 27 14:55:03 ip-10-0-2-151 systemd: Stopping Cloud-config availability.
Feb 27 14:55:03 ip-10-0-2-151 rsyslogd: [origin software="rsyslogd" swVersion="8.24.0" x-pid="3144" x-info="http://www.rsyslog.com"] exiting on signal 15.
Feb 27 14:55:03 ip-10-0-2-151 systemd: Stopped libstoragemgmt plug-in server daemon.
Feb 27 14:55:03 ip-10-0-2-151 systemd: Stopped Hardware RNG Entropy Gatherer Daemon.
Feb 27 14:55:03 ip-10-0-2-151 systemd: Stopped D-Bus System Message Bus.
Feb 27 14:55:03 ip-10-0-2-151 systemd: Stopped NTP client/server.
Feb 27 14:55:03 ip-10-0-2-151 systemd: Stopped System Logging Service.
Feb 27 14:55:03 ip-10-0-2-151 systemd: Stopped amazon-ssm-agent.
Feb 27 14:55:03 ip-10-0-2-151 systemd: Stopped OpenSSH server daemon.
Feb 27 14:55:03 ip-10-0-2-151 systemd: Stopped Job spooling tools.
Feb 27 14:55:03 ip-10-0-2-151 systemd: Stopped Command Scheduler.
Feb 27 14:55:03 ip-10-0-2-151 systemd: Stopped Serial Getty on ttyS0.
Feb 27 14:55:03 ip-10-0-2-151 systemd: Stopped Getty on tty1.
Feb 27 14:55:03 ip-10-0-2-151 systemd: Unmounted RPC Pipe File System.
Feb 27 14:55:03 ip-10-0-2-151 systemd: Stopped Session 2 of user jenkins.
Feb 27 14:55:03 ip-10-0-2-151 systemd: Failed to propagate agent release message: Transport endpoint is not connected
Feb 27 14:55:03 ip-10-0-2-151 systemd: Failed to propagate agent release message: Transport endpoint is not connected
Feb 27 14:55:03 ip-10-0-2-151 systemd: Failed to propagate agent release message: Transport endpoint is not connected
Feb 27 14:55:03 ip-10-0-2-151 systemd: Failed to propagate agent release message: Transport endpoint is not connected
Feb 27 14:55:03 ip-10-0-2-151 systemd: Failed to propagate agent release message: Transport endpoint is not connected
Feb 27 14:55:03 ip-10-0-2-151 systemd: Failed to propagate agent release message: Transport endpoint is not connected
Feb 27 14:55:03 ip-10-0-2-151 systemd: Failed to propagate agent release message: Transport endpoint is not connected
Feb 27 14:55:03 ip-10-0-2-151 systemd: Failed to propagate agent release message: Transport endpoint is not connected
Feb 27 14:55:03 ip-10-0-2-151 systemd: Failed to propagate agent release message: Transport endpoint is not connected
Feb 27 14:55:03 ip-10-0-2-151 systemd: Failed to propagate agent release message: Transport endpoint is not connected
Feb 27 14:55:03 ip-10-0-2-151 systemd: Failed to propagate agent release message: Transport endpoint is not connected
Feb 27 14:55:03 ip-10-0-2-151 systemd: Failed to propagate agent release message: Transport endpoint is not connected
Feb 27 14:55:03 ip-10-0-2-151 systemd: Failed to propagate agent release message: Transport endpoint is not connected
Feb 27 14:55:03 ip-10-0-2-151 systemd: Failed to propagate agent release message: Transport endpoint is not connected
Feb 27 14:55:03 ip-10-0-2-151 systemd: Failed to propagate agent release message: Transport endpoint is not connected
Feb 27 14:55:03 ip-10-0-2-151 systemd: Starting Show Plymouth Power Off Screen...
Feb 27 14:55:03 ip-10-0-2-151 nrpe[3015]: Caught SIGTERM - shutting down...
Feb 27 14:55:03 ip-10-0-2-151 nrpe[3015]: Daemon shutdown
Feb 27 14:55:03 ip-10-0-2-151 systemd: Stopping Nagios Remote Program Executor...
Feb 27 14:55:03 ip-10-0-2-151 systemd: Removed slice system-getty.slice.
Feb 27 14:55:03 ip-10-0-2-151 systemd: Stopping system-getty.slice.
Feb 27 14:55:03 ip-10-0-2-151 systemd: Removed slice system-serial\x2dgetty.slice.
Feb 27 14:55:03 ip-10-0-2-151 systemd: Stopping system-serial\x2dgetty.slice.
Feb 27 14:55:03 ip-10-0-2-151 systemd: Stopped target Network is Online.
Feb 27 14:55:03 ip-10-0-2-151 systemd: Stopping Network is Online.
Feb 27 14:55:03 ip-10-0-2-151 systemd: Stopped Nagios Remote Program Executor.
Feb 27 14:55:03 ip-10-0-2-151 systemd: Stopped Postfix Mail Transport Agent.
Feb 27 14:55:03 ip-10-0-2-151 systemd: Stopped target Network.
Feb 27 14:55:03 ip-10-0-2-151 systemd: Stopping Network.
Feb 27 14:55:03 ip-10-0-2-151 systemd: Stopping LSB: Bring up/down networking...
Feb 27 14:55:03 ip-10-0-2-151 systemd: Received SIGRTMIN+20 from PID 7763 (plymouthd).
Feb 27 14:55:03 ip-10-0-2-151 systemd: Started Show Plymouth Power Off Screen.
Feb 27 14:55:04 ip-10-0-2-151 ec2net: [remove_aliases] Removing aliases of eth0
Feb 27 14:55:04 ip-10-0-2-151 network: Shutting down interface eth0:  [  OK  ]
Feb 27 14:55:04 ip-10-0-2-151 systemd: Stopped Session 1 of user jenkins.
Feb 27 14:55:04 ip-10-0-2-151 systemd: Removed slice User Slice of jenkins.
Feb 27 14:55:04 ip-10-0-2-151 systemd: Stopping User Slice of jenkins.
Feb 27 14:55:04 ip-10-0-2-151 systemd: Stopping Permit User Sessions...
Feb 27 14:55:04 ip-10-0-2-151 systemd: Stopping Login Service...
Feb 27 14:55:04 ip-10-0-2-151 systemd: Stopped Login Service.
Feb 27 14:55:04 ip-10-0-2-151 systemd: Stopped Permit User Sessions.
Feb 27 14:55:04 ip-10-0-2-151 systemd: Stopped target Remote File Systems.
Feb 27 14:55:04 ip-10-0-2-151 systemd: Stopping Remote File Systems.
Feb 27 14:55:04 ip-10-0-2-151 systemd: Stopped target Remote File Systems (Pre).
Feb 27 14:55:04 ip-10-0-2-151 systemd: Stopping Remote File Systems (Pre).
Feb 27 14:55:04 ip-10-0-2-151 systemd: Stopped target NFS client services.
Feb 27 14:55:04 ip-10-0-2-151 systemd: Stopping NFS client services.
Feb 27 14:55:04 ip-10-0-2-151 systemd: Stopping GSSAPI Proxy Daemon...
Feb 27 14:55:04 ip-10-0-2-151 systemd: Stopped GSSAPI Proxy Daemon.
Feb 27 14:55:04 ip-10-0-2-151 network: Shutting down loopback interface:  [  OK  ]
Feb 27 14:55:04 ip-10-0-2-151 systemd: Stopped LSB: Bring up/down networking.
Feb 27 14:55:04 ip-10-0-2-151 systemd: Stopped target Network (Pre).
Feb 27 14:55:04 ip-10-0-2-151 systemd: Stopping Network (Pre).
Feb 27 14:55:04 ip-10-0-2-151 systemd: Stopped Initial cloud-init job (pre-networking).
Feb 27 14:55:04 ip-10-0-2-151 systemd: Stopping Initial cloud-init job (pre-networking)...
Feb 27 14:55:04 ip-10-0-2-151 systemd: Stopped target Basic System.
Feb 27 14:55:04 ip-10-0-2-151 systemd: Stopping Basic System.
Feb 27 14:55:04 ip-10-0-2-151 systemd: Stopped target Sockets.
Feb 27 14:55:04 ip-10-0-2-151 systemd: Stopping Sockets.
Feb 27 14:55:04 ip-10-0-2-151 systemd: Closed D-Bus System Message Bus Socket.
Feb 27 14:55:04 ip-10-0-2-151 systemd: Stopping D-Bus System Message Bus Socket.
Feb 27 14:55:04 ip-10-0-2-151 systemd: Closed RPCbind Server Activation Socket.
Feb 27 14:55:04 ip-10-0-2-151 systemd: Stopping RPCbind Server Activation Socket.
Feb 27 14:55:04 ip-10-0-2-151 systemd: Stopped Forward Password Requests to Plymouth Directory Watch.
Feb 27 14:55:04 ip-10-0-2-151 systemd: Stopping Forward Password Requests to Plymouth Directory Watch.
Feb 27 14:55:04 ip-10-0-2-151 systemd: Stopped target Paths.
Feb 27 14:55:04 ip-10-0-2-151 systemd: Stopping Paths.
Feb 27 14:55:04 ip-10-0-2-151 systemd: Stopped Flexible branding.
Feb 27 14:55:04 ip-10-0-2-151 systemd: Stopping Flexible branding.
Feb 27 14:55:04 ip-10-0-2-151 systemd: Stopped target System Initialization.
Feb 27 14:55:04 ip-10-0-2-151 systemd: Stopping System Initialization.
Feb 27 14:55:04 ip-10-0-2-151 systemd: Stopped Apply Kernel Variables.
Feb 27 14:55:04 ip-10-0-2-151 systemd: Stopping Apply Kernel Variables...
Feb 27 14:55:04 ip-10-0-2-151 systemd: Stopped Setup Virtual Console.
Feb 27 14:55:04 ip-10-0-2-151 systemd: Stopping Setup Virtual Console...
Feb 27 14:55:04 ip-10-0-2-151 systemd: Stopping Security Auditing Service...
Feb 27 14:55:04 ip-10-0-2-151 systemd: Stopped target Local Encrypted Volumes.
Feb 27 14:55:04 ip-10-0-2-151 systemd: Stopping Local Encrypted Volumes.
Feb 27 14:55:04 ip-10-0-2-151 systemd: Stopped Load Kernel Modules.
Feb 27 14:55:04 ip-10-0-2-151 systemd: Stopping Load Kernel Modules...
Feb 27 14:55:04 ip-10-0-2-151 systemd: Stopping Load/Save Random Seed...
Feb 27 14:55:04 ip-10-0-2-151 systemd: Stopped Forward Password Requests to Wall Directory Watch.
Feb 27 14:55:04 ip-10-0-2-151 systemd: Stopping Forward Password Requests to Wall Directory Watch.
Feb 27 14:55:04 ip-10-0-2-151 systemd: Stopped target Slices.
Feb 27 14:55:04 ip-10-0-2-151 systemd: Stopping Slices.
Feb 27 14:55:04 ip-10-0-2-151 systemd: Removed slice User and Session Slice.
Feb 27 14:55:04 ip-10-0-2-151 systemd: Stopping User and Session Slice.
Feb 27 14:55:04 ip-10-0-2-151 auditd[2623]: The audit daemon is exiting.
Feb 27 14:55:04 ip-10-0-2-151 kernel: audit: type=1305 audit(1551279304.439:812): audit_pid=0 old=2623 auid=4294967295 ses=4294967295 res=1
Feb 27 14:55:04 ip-10-0-2-151 systemd: Stopped Security Auditing Service.
Feb 27 14:55:04 ip-10-0-2-151 systemd: Stopped Create Volatile Files and Directories.
Feb 27 14:55:04 ip-10-0-2-151 systemd: Stopping Create Volatile Files and Directories...
Feb 27 14:55:04 ip-10-0-2-151 systemd: Stopped target Local File Systems.
Feb 27 14:55:04 ip-10-0-2-151 systemd: Stopping Local File Systems.
Feb 27 14:55:04 ip-10-0-2-151 systemd: Stopped Configure read-only root support.
Feb 27 14:55:04 ip-10-0-2-151 systemd: Stopping Configure read-only root support...
Feb 27 14:55:04 ip-10-0-2-151 systemd: Unmounting /run/user/1002...
Feb 27 14:55:04 ip-10-0-2-151 systemd: Stopped Load/Save Random Seed.
Feb 27 14:55:04 ip-10-0-2-151 systemd: Unmounted /run/user/1002.
Feb 27 14:55:04 ip-10-0-2-151 systemd: Reached target Unmount All Filesystems.
Feb 27 14:55:04 ip-10-0-2-151 systemd: Starting Unmount All Filesystems.
Feb 27 14:55:04 ip-10-0-2-151 systemd: Stopped target Swap.
Feb 27 14:55:04 ip-10-0-2-151 systemd: Stopping Swap.
Feb 27 14:55:04 ip-10-0-2-151 systemd: Stopped target Local File Systems (Pre).
Feb 27 14:55:04 ip-10-0-2-151 systemd: Stopping Local File Systems (Pre).
Feb 27 14:55:04 ip-10-0-2-151 systemd: Stopped Remount Root and Kernel File Systems.
Feb 27 14:55:04 ip-10-0-2-151 systemd: Stopping Remount Root and Kernel File Systems...
Feb 27 14:55:04 ip-10-0-2-151 systemd: Stopped Create Static Device Nodes in /dev.
Feb 27 14:55:04 ip-10-0-2-151 systemd: Stopping Create Static Device Nodes in /dev...
Feb 27 14:55:04 ip-10-0-2-151 systemd: Reached target Shutdown.
Feb 27 14:55:04 ip-10-0-2-151 systemd: Starting Shutdown.
Feb 27 14:55:04 ip-10-0-2-151 systemd: Reached target Final Step.
Feb 27 14:55:04 ip-10-0-2-151 systemd: Starting Final Step.
Feb 27 14:55:04 ip-10-0-2-151 systemd: Starting Power-Off...
Feb 27 14:55:04 ip-10-0-2-151 systemd: Stopping Monitoring of LVM2 mirrors, snapshots etc. using dmeventd or progress polling...
Feb 27 14:55:04 ip-10-0-2-151 systemd: Shutting down.
Feb 27 14:55:04 ip-10-0-2-151 kernel: audit: type=1130 audit(1551279304.455:813): pid=1 uid=0 auid=4294967295 ses=4294967295 msg='unit=auditd comm="systemd" exe="/usr/lib/systemd/systemd" hostname=? addr=? terminal=? res=success'
Feb 27 14:55:04 ip-10-0-2-151 kernel: audit: type=1131 audit(1551279304.455:814): pid=1 uid=0 auid=4294967295 ses=4294967295 msg='unit=auditd comm="systemd" exe="/usr/lib/systemd/systemd" hostname=? addr=? terminal=? res=success'
Feb 27 14:55:04 ip-10-0-2-151 kernel: audit: type=1130 audit(1551279304.455:815): pid=1 uid=0 auid=4294967295 ses=4294967295 msg='unit=systemd-tmpfiles-setup comm="systemd" exe="/usr/lib/systemd/systemd" hostname=? addr=? terminal=? res=success'
Feb 27 14:55:04 ip-10-0-2-151 kernel: audit: type=1131 audit(1551279304.455:816): pid=1 uid=0 auid=4294967295 ses=4294967295 msg='unit=systemd-tmpfiles-setup comm="systemd" exe="/usr/lib/systemd/systemd" hostname=? addr=? terminal=? res=success'
Feb 27 14:55:04 ip-10-0-2-151 kernel: audit: type=1130 audit(1551279304.455:817): pid=1 uid=0 auid=4294967295 ses=4294967295 msg='unit=rhel-readonly comm="systemd" exe="/usr/lib/systemd/systemd" hostname=? addr=? terminal=? res=success'
Feb 27 14:55:04 ip-10-0-2-151 kernel: audit: type=1131 audit(1551279304.455:818): pid=1 uid=0 auid=4294967295 ses=4294967295 msg='unit=rhel-readonly comm="systemd" exe="/usr/lib/systemd/systemd" hostname=? addr=? terminal=? res=success'
Feb 27 14:55:04 ip-10-0-2-151 kernel: audit: type=1130 audit(1551279304.455:819): pid=1 uid=0 auid=4294967295 ses=4294967295 msg='unit=systemd-random-seed comm="systemd" exe="/usr/lib/systemd/systemd" hostname=? addr=? terminal=? res=success'
Feb 27 14:55:04 ip-10-0-2-151 kernel: audit: type=1131 audit(1551279304.455:820): pid=1 uid=0 auid=4294967295 ses=4294967295 msg='unit=systemd-random-seed comm="systemd" exe="/usr/lib/systemd/systemd" hostname=? addr=? terminal=? res=success'
Feb 27 14:55:04 ip-10-0-2-151 kernel: audit: type=1130 audit(1551279304.463:821): pid=1 uid=0 auid=4294967295 ses=4294967295 msg='unit=systemd-remount-fs comm="systemd" exe="/usr/lib/systemd/systemd" hostname=? addr=? terminal=? res=success'
Feb 27 14:55:04 ip-10-0-2-151 journal: Journal stopped
Mar  2 13:39:48 ip-10-0-2-151 journal: Runtime journal is using 6.1M (max allowed 49.2M, trying to leave 73.9M free of 486.6M available → current limit 49.2M).
Mar  2 13:39:48 ip-10-0-2-151 kernel: Linux version 4.14.77-86.82.amzn2.x86_64 (mockbuild@ip-10-0-1-79) (gcc version 7.3.1 20180303 (Red Hat 7.3.1-5) (GCC)) #1 SMP Mon Dec 3 19:40:13 UTC 2018
Mar  2 13:39:48 ip-10-0-2-151 kernel: Command line: BOOT_IMAGE=/boot/vmlinuz-4.14.77-86.82.amzn2.x86_64 root=UUID=ca774df7-756d-4261-a3f1-76038323e572 ro console=tty0 console=ttyS0,115200n8 net.ifnames=0 biosdevname=0 nvme_core.io_timeout=4294967295 LANG=en_US.UTF-8
Mar  2 13:39:48 ip-10-0-2-151 kernel: x86/fpu: Supporting XSAVE feature 0x001: 'x87 floating point registers'
Mar  2 13:39:48 ip-10-0-2-151 kernel: x86/fpu: Supporting XSAVE feature 0x002: 'SSE registers'
Mar  2 13:39:48 ip-10-0-2-151 kernel: x86/fpu: Supporting XSAVE feature 0x004: 'AVX registers'
Mar  2 13:39:48 ip-10-0-2-151 kernel: x86/fpu: xstate_offset[2]:  576, xstate_sizes[2]:  256
Mar  2 13:39:48 ip-10-0-2-151 kernel: x86/fpu: Enabled xstate features 0x7, context size is 832 bytes, using 'standard' format.
Mar  2 13:39:48 ip-10-0-2-151 kernel: e820: BIOS-provided physical RAM map:
Mar  2 13:39:48 ip-10-0-2-151 kernel: BIOS-e820: [mem 0x0000000000000000-0x000000000009dfff] usable
Mar  2 13:39:48 ip-10-0-2-151 kernel: BIOS-e820: [mem 0x000000000009e000-0x000000000009ffff] reserved
Mar  2 13:39:48 ip-10-0-2-151 kernel: BIOS-e820: [mem 0x00000000000e0000-0x00000000000fffff] reserved
Mar  2 13:39:48 ip-10-0-2-151 kernel: BIOS-e820: [mem 0x0000000000100000-0x000000003fffffff] usable
Mar  2 13:39:48 ip-10-0-2-151 kernel: BIOS-e820: [mem 0x00000000fc000000-0x00000000ffffffff] reserved
Mar  2 13:39:48 ip-10-0-2-151 kernel: NX (Execute Disable) protection: active
Mar  2 13:39:48 ip-10-0-2-151 kernel: SMBIOS 2.7 present.
Mar  2 13:39:48 ip-10-0-2-151 kernel: DMI: Xen HVM domU, BIOS 4.2.amazon 08/24/2006
Mar  2 13:39:48 ip-10-0-2-151 kernel: Hypervisor detected: Xen HVM
Mar  2 13:39:48 ip-10-0-2-151 kernel: Xen version 4.2.
Mar  2 13:39:48 ip-10-0-2-151 kernel: Netfront and the Xen platform PCI driver have been compiled for this kernel: unplug emulated NICs.
Mar  2 13:39:48 ip-10-0-2-151 kernel: Blkfront and the Xen platform PCI driver have been compiled for this kernel: unplug emulated disks.#012You might have to change the root device#012from /dev/hd[a-d] to /dev/xvd[a-d]#012in your root= kernel command line option
Mar  2 13:39:48 ip-10-0-2-151 kernel: tsc: Fast TSC calibration using PIT
Mar  2 13:39:48 ip-10-0-2-151 kernel: e820: last_pfn = 0x40000 max_arch_pfn = 0x400000000
Mar  2 13:39:48 ip-10-0-2-151 kernel: x86/PAT: Configuration [0-7]: WB  WC  UC- UC  WB  WP  UC- WT  
Mar  2 13:39:48 ip-10-0-2-151 kernel: found SMP MP-table at [mem 0x000fbc50-0x000fbc5f] mapped at [ffffffffff240c50]
Mar  2 13:39:48 ip-10-0-2-151 kernel: Scanning 1 areas for low memory corruption
Mar  2 13:39:48 ip-10-0-2-151 kernel: RAMDISK: [mem 0x3446c000-0x3622dfff]
Mar  2 13:39:48 ip-10-0-2-151 kernel: ACPI: Early table checksum verification disabled
Mar  2 13:39:48 ip-10-0-2-151 kernel: ACPI: RSDP 0x00000000000EA020 000024 (v02 Xen   )
Mar  2 13:39:48 ip-10-0-2-151 kernel: ACPI: XSDT 0x00000000FC00E2A0 000054 (v01 Xen    HVM      00000000 HVML 00000000)
Mar  2 13:39:48 ip-10-0-2-151 kernel: ACPI: FACP 0x00000000FC00DF60 0000F4 (v04 Xen    HVM      00000000 HVML 00000000)
Mar  2 13:39:48 ip-10-0-2-151 kernel: ACPI: DSDT 0x00000000FC0021C0 00BD19 (v02 Xen    HVM      00000000 INTL 20090123)
Mar  2 13:39:48 ip-10-0-2-151 kernel: ACPI: FACS 0x00000000FC002180 000040
Mar  2 13:39:48 ip-10-0-2-151 kernel: ACPI: FACS 0x00000000FC002180 000040
Mar  2 13:39:48 ip-10-0-2-151 kernel: ACPI: APIC 0x00000000FC00E060 0000D8 (v02 Xen    HVM      00000000 HVML 00000000)
Mar  2 13:39:48 ip-10-0-2-151 kernel: ACPI: HPET 0x00000000FC00E1B0 000038 (v01 Xen    HVM      00000000 HVML 00000000)
Mar  2 13:39:48 ip-10-0-2-151 kernel: ACPI: WAET 0x00000000FC00E1F0 000028 (v01 Xen    HVM      00000000 HVML 00000000)
Mar  2 13:39:48 ip-10-0-2-151 kernel: ACPI: SSDT 0x00000000FC00E220 000031 (v02 Xen    HVM      00000000 INTL 20090123)
Mar  2 13:39:48 ip-10-0-2-151 kernel: ACPI: SSDT 0x00000000FC00E260 000031 (v02 Xen    HVM      00000000 INTL 20090123)
Mar  2 13:39:48 ip-10-0-2-151 kernel: No NUMA configuration found
Mar  2 13:39:48 ip-10-0-2-151 kernel: Faking a node at [mem 0x0000000000000000-0x000000003fffffff]
Mar  2 13:39:48 ip-10-0-2-151 kernel: NODE_DATA(0) allocated [mem 0x3ffde000-0x3fffffff]
Mar  2 13:39:48 ip-10-0-2-151 kernel: Zone ranges:
Mar  2 13:39:48 ip-10-0-2-151 kernel:  DMA      [mem 0x0000000000001000-0x0000000000ffffff]
Mar  2 13:39:48 ip-10-0-2-151 kernel:  DMA32    [mem 0x0000000001000000-0x000000003fffffff]
Mar  2 13:39:48 ip-10-0-2-151 kernel:  Normal   empty
Mar  2 13:39:48 ip-10-0-2-151 kernel: Movable zone start for each node
Mar  2 13:39:48 ip-10-0-2-151 kernel: Early memory node ranges
Mar  2 13:39:48 ip-10-0-2-151 kernel:  node   0: [mem 0x0000000000001000-0x000000000009dfff]
Mar  2 13:39:48 ip-10-0-2-151 kernel:  node   0: [mem 0x0000000000100000-0x000000003fffffff]
Mar  2 13:39:48 ip-10-0-2-151 kernel: Initmem setup node 0 [mem 0x0000000000001000-0x000000003fffffff]
Mar  2 13:39:48 ip-10-0-2-151 kernel: ACPI: PM-Timer IO Port: 0xb008
Mar  2 13:39:48 ip-10-0-2-151 kernel: IOAPIC[0]: apic_id 1, version 17, address 0xfec00000, GSI 0-47
Mar  2 13:39:48 ip-10-0-2-151 kernel: ACPI: INT_SRC_OVR (bus 0 bus_irq 0 global_irq 2 dfl dfl)
Mar  2 13:39:48 ip-10-0-2-151 kernel: ACPI: INT_SRC_OVR (bus 0 bus_irq 5 global_irq 5 low level)
Mar  2 13:39:48 ip-10-0-2-151 kernel: ACPI: INT_SRC_OVR (bus 0 bus_irq 10 global_irq 10 low level)
Mar  2 13:39:48 ip-10-0-2-151 kernel: ACPI: INT_SRC_OVR (bus 0 bus_irq 11 global_irq 11 low level)
Mar  2 13:39:48 ip-10-0-2-151 kernel: Using ACPI (MADT) for SMP configuration information
Mar  2 13:39:48 ip-10-0-2-151 kernel: ACPI: HPET id: 0x8086a201 base: 0xfed00000
Mar  2 13:39:48 ip-10-0-2-151 kernel: smpboot: Allowing 15 CPUs, 14 hotplug CPUs
Mar  2 13:39:48 ip-10-0-2-151 kernel: PM: Registered nosave memory: [mem 0x00000000-0x00000fff]
Mar  2 13:39:48 ip-10-0-2-151 kernel: PM: Registered nosave memory: [mem 0x0009e000-0x0009ffff]
Mar  2 13:39:48 ip-10-0-2-151 kernel: PM: Registered nosave memory: [mem 0x000a0000-0x000dffff]
Mar  2 13:39:48 ip-10-0-2-151 kernel: PM: Registered nosave memory: [mem 0x000e0000-0x000fffff]
Mar  2 13:39:48 ip-10-0-2-151 kernel: e820: [mem 0x40000000-0xfbffffff] available for PCI devices
Mar  2 13:39:48 ip-10-0-2-151 kernel: Booting paravirtualized kernel on Xen HVM
Mar  2 13:39:48 ip-10-0-2-151 kernel: clocksource: refined-jiffies: mask: 0xffffffff max_cycles: 0xffffffff, max_idle_ns: 7645519600211568 ns
Mar  2 13:39:48 ip-10-0-2-151 kernel: random: get_random_bytes called from start_kernel+0x94/0x4c8 with crng_init=0
Mar  2 13:39:48 ip-10-0-2-151 kernel: setup_percpu: NR_CPUS:8192 nr_cpumask_bits:15 nr_cpu_ids:15 nr_node_ids:1
Mar  2 13:39:48 ip-10-0-2-151 kernel: percpu: Embedded 44 pages/cpu @ffff88003e200000 s140184 r8192 d31848 u262144
Mar  2 13:39:48 ip-10-0-2-151 kernel: PV qspinlock hash table entries: 256 (order: 0, 4096 bytes)
Mar  2 13:39:48 ip-10-0-2-151 kernel: Built 1 zonelists, mobility grouping on.  Total pages: 257928
Mar  2 13:39:48 ip-10-0-2-151 kernel: Policy zone: DMA32
Mar  2 13:39:48 ip-10-0-2-151 kernel: Kernel command line: BOOT_IMAGE=/boot/vmlinuz-4.14.77-86.82.amzn2.x86_64 root=UUID=ca774df7-756d-4261-a3f1-76038323e572 ro console=tty0 console=ttyS0,115200n8 net.ifnames=0 biosdevname=0 nvme_core.io_timeout=4294967295 LANG=en_US.UTF-8
Mar  2 13:39:48 ip-10-0-2-151 kernel: PID hash table entries: 4096 (order: 3, 32768 bytes)
Mar  2 13:39:48 ip-10-0-2-151 kernel: Memory: 973564K/1048180K available (8204K kernel code, 1940K rwdata, 2808K rodata, 2052K init, 3888K bss, 74616K reserved, 0K cma-reserved)
Mar  2 13:39:48 ip-10-0-2-151 kernel: SLUB: HWalign=64, Order=0-3, MinObjects=0, CPUs=15, Nodes=1
Mar  2 13:39:48 ip-10-0-2-151 kernel: Kernel/User page tables isolation: enabled
Mar  2 13:39:48 ip-10-0-2-151 kernel: ftrace: allocating 26337 entries in 103 pages
Mar  2 13:39:48 ip-10-0-2-151 kernel: Hierarchical RCU implementation.
Mar  2 13:39:48 ip-10-0-2-151 kernel: #011RCU restricting CPUs from NR_CPUS=8192 to nr_cpu_ids=15.
Mar  2 13:39:48 ip-10-0-2-151 kernel: RCU: Adjusting geometry for rcu_fanout_leaf=16, nr_cpu_ids=15
Mar  2 13:39:48 ip-10-0-2-151 kernel: NR_IRQS: 524544, nr_irqs: 952, preallocated irqs: 16
Mar  2 13:39:48 ip-10-0-2-151 kernel: xen:events: Using 2-level ABI
Mar  2 13:39:48 ip-10-0-2-151 kernel: xen:events: Xen HVM callback vector for event delivery is enabled
Mar  2 13:39:48 ip-10-0-2-151 kernel: Console: colour VGA+ 80x25
Mar  2 13:39:48 ip-10-0-2-151 kernel: console [tty0] enabled
Mar  2 13:39:48 ip-10-0-2-151 kernel: Cannot get hvm parameter CONSOLE_EVTCHN (18): -22!
Mar  2 13:39:48 ip-10-0-2-151 kernel: console [ttyS0] enabled
Mar  2 13:39:48 ip-10-0-2-151 kernel: clocksource: hpet: mask: 0xffffffff max_cycles: 0xffffffff, max_idle_ns: 30580167144 ns
Mar  2 13:39:48 ip-10-0-2-151 kernel: tsc: Fast TSC calibration using PIT
Mar  2 13:39:48 ip-10-0-2-151 kernel: tsc: Detected 2400.300 MHz processor
Mar  2 13:39:48 ip-10-0-2-151 kernel: Calibrating delay loop (skipped), value calculated using timer frequency.. 4800.09 BogoMIPS (lpj=9600192)
Mar  2 13:39:48 ip-10-0-2-151 kernel: pid_max: default: 32768 minimum: 301
Mar  2 13:39:48 ip-10-0-2-151 kernel: ACPI: Core revision 20170728
Mar  2 13:39:48 ip-10-0-2-151 kernel: ACPI: 3 ACPI AML tables successfully acquired and loaded
Mar  2 13:39:48 ip-10-0-2-151 kernel: Security Framework initialized
Mar  2 13:39:48 ip-10-0-2-151 kernel: SELinux:  Initializing.
Mar  2 13:39:48 ip-10-0-2-151 kernel: Dentry cache hash table entries: 131072 (order: 8, 1048576 bytes)
Mar  2 13:39:48 ip-10-0-2-151 kernel: Inode-cache hash table entries: 65536 (order: 7, 524288 bytes)
Mar  2 13:39:48 ip-10-0-2-151 kernel: Mount-cache hash table entries: 2048 (order: 2, 16384 bytes)
Mar  2 13:39:48 ip-10-0-2-151 kernel: Mountpoint-cache hash table entries: 2048 (order: 2, 16384 bytes)
Mar  2 13:39:48 ip-10-0-2-151 kernel: mce: CPU supports 2 MCE banks
Mar  2 13:39:48 ip-10-0-2-151 kernel: Last level iTLB entries: 4KB 1024, 2MB 1024, 4MB 1024
Mar  2 13:39:48 ip-10-0-2-151 kernel: Last level dTLB entries: 4KB 1024, 2MB 1024, 4MB 1024, 1GB 4
Mar  2 13:39:48 ip-10-0-2-151 kernel: Spectre V2 : Mitigation: Full generic retpoline
Mar  2 13:39:48 ip-10-0-2-151 kernel: Spectre V2 : Spectre v2 / SpectreRSB mitigation: Filling RSB on context switch
Mar  2 13:39:48 ip-10-0-2-151 kernel: Speculative Store Bypass: Vulnerable
Mar  2 13:39:48 ip-10-0-2-151 kernel: smpboot: Max logical packages: 15
Mar  2 13:39:48 ip-10-0-2-151 kernel: x2apic: IRQ remapping doesn't support X2APIC mode
Mar  2 13:39:48 ip-10-0-2-151 kernel: Switched APIC routing to physical flat.
Mar  2 13:39:48 ip-10-0-2-151 kernel: ..TIMER: vector=0x30 apic1=0 pin1=2 apic2=0 pin2=0
Mar  2 13:39:48 ip-10-0-2-151 kernel: clocksource: xen: mask: 0xffffffffffffffff max_cycles: 0x1cd42e4dffb, max_idle_ns: 881590591483 ns
Mar  2 13:39:48 ip-10-0-2-151 kernel: installing Xen timer for CPU 0
Mar  2 13:39:48 ip-10-0-2-151 kernel: smpboot: CPU0: Intel(R) Xeon(R) CPU E5-2676 v3 @ 2.40GHz (family: 0x6, model: 0x3f, stepping: 0x2)
Mar  2 13:39:48 ip-10-0-2-151 kernel: cpu 0 spinlock event irq 53
Mar  2 13:39:48 ip-10-0-2-151 kernel: Performance Events: unsupported p6 CPU model 63 no PMU driver, software events only.
Mar  2 13:39:48 ip-10-0-2-151 kernel: Hierarchical SRCU implementation.
Mar  2 13:39:48 ip-10-0-2-151 kernel: NMI watchdog: Perf event create on CPU 0 failed with -2
Mar  2 13:39:48 ip-10-0-2-151 kernel: NMI watchdog: Perf NMI watchdog permanently disabled
Mar  2 13:39:48 ip-10-0-2-151 kernel: smp: Bringing up secondary CPUs ...
Mar  2 13:39:48 ip-10-0-2-151 kernel: smp: Brought up 1 node, 1 CPU
Mar  2 13:39:48 ip-10-0-2-151 kernel: smpboot: Total of 1 processors activated (4800.09 BogoMIPS)
Mar  2 13:39:48 ip-10-0-2-151 kernel: devtmpfs: initialized
Mar  2 13:39:48 ip-10-0-2-151 kernel: x86/mm: Memory block size: 128MB
Mar  2 13:39:48 ip-10-0-2-151 kernel: clocksource: jiffies: mask: 0xffffffff max_cycles: 0xffffffff, max_idle_ns: 7645041785100000 ns
Mar  2 13:39:48 ip-10-0-2-151 kernel: futex hash table entries: 4096 (order: 6, 262144 bytes)
Mar  2 13:39:48 ip-10-0-2-151 kernel: NET: Registered protocol family 16
Mar  2 13:39:48 ip-10-0-2-151 kernel: cpuidle: using governor ladder
Mar  2 13:39:48 ip-10-0-2-151 kernel: cpuidle: using governor menu
Mar  2 13:39:48 ip-10-0-2-151 kernel: ACPI: bus type PCI registered
Mar  2 13:39:48 ip-10-0-2-151 kernel: acpiphp: ACPI Hot Plug PCI Controller Driver version: 0.5
Mar  2 13:39:48 ip-10-0-2-151 kernel: PCI: Using configuration type 1 for base access
Mar  2 13:39:48 ip-10-0-2-151 kernel: HugeTLB registered 2.00 MiB page size, pre-allocated 0 pages
Mar  2 13:39:48 ip-10-0-2-151 kernel: ACPI: Added _OSI(Module Device)
Mar  2 13:39:48 ip-10-0-2-151 kernel: ACPI: Added _OSI(Processor Device)
Mar  2 13:39:48 ip-10-0-2-151 kernel: ACPI: Added _OSI(3.0 _SCP Extensions)
Mar  2 13:39:48 ip-10-0-2-151 kernel: ACPI: Added _OSI(Processor Aggregator Device)
Mar  2 13:39:48 ip-10-0-2-151 kernel: ACPI: Interpreter enabled
Mar  2 13:39:48 ip-10-0-2-151 kernel: ACPI: (supports S0 S4 S5)
Mar  2 13:39:48 ip-10-0-2-151 kernel: ACPI: Using IOAPIC for interrupt routing
Mar  2 13:39:48 ip-10-0-2-151 kernel: PCI: Using host bridge windows from ACPI; if necessary, use "pci=nocrs" and report a bug
Mar  2 13:39:48 ip-10-0-2-151 kernel: ACPI: Enabled 2 GPEs in block 00 to 0F
Mar  2 13:39:48 ip-10-0-2-151 kernel: ACPI: PCI Root Bridge [PCI0] (domain 0000 [bus 00-ff])
Mar  2 13:39:48 ip-10-0-2-151 kernel: acpi PNP0A03:00: _OSC: OS supports [ASPM ClockPM Segments MSI]
Mar  2 13:39:48 ip-10-0-2-151 kernel: acpi PNP0A03:00: _OSC failed (AE_NOT_FOUND); disabling ASPM
Mar  2 13:39:48 ip-10-0-2-151 kernel: acpi PNP0A03:00: fail to add MMCONFIG information, can't access extended PCI configuration space under this bridge.
Mar  2 13:39:48 ip-10-0-2-151 kernel: acpiphp: Slot [0] registered
Mar  2 13:39:48 ip-10-0-2-151 kernel: acpiphp: Slot [3] registered
Mar  2 13:39:48 ip-10-0-2-151 kernel: acpiphp: Slot [4] registered
Mar  2 13:39:48 ip-10-0-2-151 kernel: acpiphp: Slot [5] registered
Mar  2 13:39:48 ip-10-0-2-151 kernel: acpiphp: Slot [6] registered
Mar  2 13:39:48 ip-10-0-2-151 kernel: acpiphp: Slot [7] registered
Mar  2 13:39:48 ip-10-0-2-151 kernel: acpiphp: Slot [8] registered
Mar  2 13:39:48 ip-10-0-2-151 kernel: acpiphp: Slot [9] registered
Mar  2 13:39:48 ip-10-0-2-151 kernel: acpiphp: Slot [10] registered
Mar  2 13:39:48 ip-10-0-2-151 kernel: acpiphp: Slot [11] registered
Mar  2 13:39:48 ip-10-0-2-151 kernel: acpiphp: Slot [12] registered
Mar  2 13:39:48 ip-10-0-2-151 kernel: acpiphp: Slot [13] registered
Mar  2 13:39:48 ip-10-0-2-151 kernel: acpiphp: Slot [14] registered
Mar  2 13:39:48 ip-10-0-2-151 kernel: acpiphp: Slot [15] registered
Mar  2 13:39:48 ip-10-0-2-151 kernel: acpiphp: Slot [16] registered
Mar  2 13:39:48 ip-10-0-2-151 kernel: acpiphp: Slot [17] registered
Mar  2 13:39:48 ip-10-0-2-151 kernel: acpiphp: Slot [18] registered
Mar  2 13:39:48 ip-10-0-2-151 kernel: acpiphp: Slot [19] registered
Mar  2 13:39:48 ip-10-0-2-151 kernel: acpiphp: Slot [20] registered
Mar  2 13:39:48 ip-10-0-2-151 kernel: acpiphp: Slot [21] registered
Mar  2 13:39:48 ip-10-0-2-151 kernel: acpiphp: Slot [22] registered
Mar  2 13:39:48 ip-10-0-2-151 kernel: acpiphp: Slot [23] registered
Mar  2 13:39:48 ip-10-0-2-151 kernel: acpiphp: Slot [24] registered
Mar  2 13:39:48 ip-10-0-2-151 kernel: acpiphp: Slot [25] registered
Mar  2 13:39:48 ip-10-0-2-151 kernel: acpiphp: Slot [26] registered
Mar  2 13:39:48 ip-10-0-2-151 kernel: acpiphp: Slot [27] registered
Mar  2 13:39:48 ip-10-0-2-151 kernel: acpiphp: Slot [28] registered
Mar  2 13:39:48 ip-10-0-2-151 kernel: acpiphp: Slot [29] registered
Mar  2 13:39:48 ip-10-0-2-151 kernel: acpiphp: Slot [30] registered
Mar  2 13:39:48 ip-10-0-2-151 kernel: acpiphp: Slot [31] registered
Mar  2 13:39:48 ip-10-0-2-151 kernel: PCI host bridge to bus 0000:00
Mar  2 13:39:48 ip-10-0-2-151 kernel: pci_bus 0000:00: root bus resource [io  0x0000-0x0cf7 window]
Mar  2 13:39:48 ip-10-0-2-151 kernel: pci_bus 0000:00: root bus resource [io  0x0d00-0xffff window]
Mar  2 13:39:48 ip-10-0-2-151 kernel: pci_bus 0000:00: root bus resource [mem 0x000a0000-0x000bffff window]
Mar  2 13:39:48 ip-10-0-2-151 kernel: pci_bus 0000:00: root bus resource [mem 0xf0000000-0xfbffffff window]
Mar  2 13:39:48 ip-10-0-2-151 kernel: pci_bus 0000:00: root bus resource [bus 00-ff]
Mar  2 13:39:48 ip-10-0-2-151 kernel: pci 0000:00:01.1: legacy IDE quirk: reg 0x10: [io  0x01f0-0x01f7]
Mar  2 13:39:48 ip-10-0-2-151 kernel: pci 0000:00:01.1: legacy IDE quirk: reg 0x14: [io  0x03f6]
Mar  2 13:39:48 ip-10-0-2-151 kernel: pci 0000:00:01.1: legacy IDE quirk: reg 0x18: [io  0x0170-0x0177]
Mar  2 13:39:48 ip-10-0-2-151 kernel: pci 0000:00:01.1: legacy IDE quirk: reg 0x1c: [io  0x0376]
Mar  2 13:39:48 ip-10-0-2-151 kernel: * Found PM-Timer Bug on the chipset. Due to workarounds for a bug,#012* this clock source is slow. Consider trying other clock sources
Mar  2 13:39:48 ip-10-0-2-151 kernel: pci 0000:00:01.3: quirk: [io  0xb000-0xb03f] claimed by PIIX4 ACPI
Mar  2 13:39:48 ip-10-0-2-151 kernel: ACPI: PCI Interrupt Link [LNKA] (IRQs *5 10 11)
Mar  2 13:39:48 ip-10-0-2-151 kernel: ACPI: PCI Interrupt Link [LNKB] (IRQs 5 *10 11)
Mar  2 13:39:48 ip-10-0-2-151 kernel: ACPI: PCI Interrupt Link [LNKC] (IRQs 5 10 *11)
Mar  2 13:39:48 ip-10-0-2-151 kernel: ACPI: PCI Interrupt Link [LNKD] (IRQs *5 10 11)
Mar  2 13:39:48 ip-10-0-2-151 kernel: xen:balloon: Initialising balloon driver
Mar  2 13:39:48 ip-10-0-2-151 kernel: pci 0000:00:02.0: vgaarb: setting as boot VGA device
Mar  2 13:39:48 ip-10-0-2-151 kernel: pci 0000:00:02.0: vgaarb: VGA device added: decodes=io+mem,owns=io+mem,locks=none
Mar  2 13:39:48 ip-10-0-2-151 kernel: pci 0000:00:02.0: vgaarb: bridge control possible
Mar  2 13:39:48 ip-10-0-2-151 kernel: vgaarb: loaded
Mar  2 13:39:48 ip-10-0-2-151 kernel: EDAC MC: Ver: 3.0.0
Mar  2 13:39:48 ip-10-0-2-151 kernel: PCI: Using ACPI for IRQ routing
Mar  2 13:39:48 ip-10-0-2-151 kernel: NetLabel: Initializing
Mar  2 13:39:48 ip-10-0-2-151 kernel: NetLabel:  domain hash size = 128
Mar  2 13:39:48 ip-10-0-2-151 kernel: NetLabel:  protocols = UNLABELED CIPSOv4 CALIPSO
Mar  2 13:39:48 ip-10-0-2-151 kernel: NetLabel:  unlabeled traffic allowed by default
Mar  2 13:39:48 ip-10-0-2-151 kernel: HPET: 3 timers in total, 0 timers will be used for per-cpu timer
Mar  2 13:39:48 ip-10-0-2-151 kernel: hpet0: at MMIO 0xfed00000, IRQs 2, 8, 0
Mar  2 13:39:48 ip-10-0-2-151 kernel: hpet0: 3 comparators, 64-bit 62.500000 MHz counter
Mar  2 13:39:48 ip-10-0-2-151 kernel: clocksource: Switched to clocksource xen
Mar  2 13:39:48 ip-10-0-2-151 kernel: VFS: Disk quotas dquot_6.6.0
Mar  2 13:39:48 ip-10-0-2-151 kernel: VFS: Dquot-cache hash table entries: 512 (order 0, 4096 bytes)
Mar  2 13:39:48 ip-10-0-2-151 kernel: pnp: PnP ACPI init
Mar  2 13:39:48 ip-10-0-2-151 kernel: system 00:00: [mem 0x00000000-0x0009ffff] could not be reserved
Mar  2 13:39:48 ip-10-0-2-151 kernel: system 00:01: [io  0x08a0-0x08a3] has been reserved
Mar  2 13:39:48 ip-10-0-2-151 kernel: system 00:01: [io  0x0cc0-0x0ccf] has been reserved
Mar  2 13:39:48 ip-10-0-2-151 kernel: system 00:01: [io  0x04d0-0x04d1] has been reserved
Mar  2 13:39:48 ip-10-0-2-151 kernel: system 00:07: [io  0x10c0-0x1141] has been reserved
Mar  2 13:39:48 ip-10-0-2-151 kernel: system 00:07: [io  0xb044-0xb047] has been reserved
Mar  2 13:39:48 ip-10-0-2-151 kernel: pnp: PnP ACPI: found 8 devices
Mar  2 13:39:48 ip-10-0-2-151 kernel: clocksource: acpi_pm: mask: 0xffffff max_cycles: 0xffffff, max_idle_ns: 2085701024 ns
Mar  2 13:39:48 ip-10-0-2-151 kernel: NET: Registered protocol family 2
Mar  2 13:39:48 ip-10-0-2-151 kernel: TCP established hash table entries: 8192 (order: 4, 65536 bytes)
Mar  2 13:39:48 ip-10-0-2-151 kernel: TCP bind hash table entries: 8192 (order: 5, 131072 bytes)
Mar  2 13:39:48 ip-10-0-2-151 kernel: TCP: Hash tables configured (established 8192 bind 8192)
Mar  2 13:39:48 ip-10-0-2-151 kernel: UDP hash table entries: 512 (order: 2, 16384 bytes)
Mar  2 13:39:48 ip-10-0-2-151 kernel: UDP-Lite hash table entries: 512 (order: 2, 16384 bytes)
Mar  2 13:39:48 ip-10-0-2-151 kernel: NET: Registered protocol family 1
Mar  2 13:39:48 ip-10-0-2-151 kernel: pci 0000:00:00.0: Limiting direct PCI/PCI transfers
Mar  2 13:39:48 ip-10-0-2-151 kernel: pci 0000:00:01.0: PIIX3: Enabling Passive Release
Mar  2 13:39:48 ip-10-0-2-151 kernel: pci 0000:00:01.0: Activating ISA DMA hang workarounds
Mar  2 13:39:48 ip-10-0-2-151 kernel: pci 0000:00:02.0: Video device with shadowed ROM at [mem 0x000c0000-0x000dffff]
Mar  2 13:39:48 ip-10-0-2-151 kernel: Unpacking initramfs...
Mar  2 13:39:48 ip-10-0-2-151 kernel: Freeing initrd memory: 30472K
Mar  2 13:39:48 ip-10-0-2-151 kernel: Scanning for low memory corruption every 60 seconds
Mar  2 13:39:48 ip-10-0-2-151 kernel: random: fast init done
Mar  2 13:39:48 ip-10-0-2-151 kernel: audit: initializing netlink subsys (disabled)
Mar  2 13:39:48 ip-10-0-2-151 kernel: Initialise system trusted keyrings
Mar  2 13:39:48 ip-10-0-2-151 kernel: Key type blacklist registered
Mar  2 13:39:48 ip-10-0-2-151 kernel: audit: type=2000 audit(1551533988.219:1): state=initialized audit_enabled=0 res=1
Mar  2 13:39:48 ip-10-0-2-151 kernel: workingset: timestamp_bits=36 max_order=18 bucket_order=0
Mar  2 13:39:48 ip-10-0-2-151 kernel: zbud: loaded
Mar  2 13:39:48 ip-10-0-2-151 kernel: Key type asymmetric registered
Mar  2 13:39:48 ip-10-0-2-151 kernel: Asymmetric key parser 'x509' registered
Mar  2 13:39:48 ip-10-0-2-151 kernel: Block layer SCSI generic (bsg) driver version 0.4 loaded (major 252)
Mar  2 13:39:48 ip-10-0-2-151 kernel: io scheduler noop registered (default)
Mar  2 13:39:48 ip-10-0-2-151 kernel: io scheduler cfq registered
Mar  2 13:39:48 ip-10-0-2-151 kernel: crc32: CRC_LE_BITS = 64, CRC_BE BITS = 64
Mar  2 13:39:48 ip-10-0-2-151 kernel: crc32: self tests passed, processed 225944 bytes in 161527 nsec
Mar  2 13:39:48 ip-10-0-2-151 kernel: crc32c: CRC_LE_BITS = 64
Mar  2 13:39:48 ip-10-0-2-151 kernel: crc32c: self tests passed, processed 225944 bytes in 80913 nsec
Mar  2 13:39:48 ip-10-0-2-151 kernel: crc32_combine: 8373 self tests passed
Mar  2 13:39:48 ip-10-0-2-151 kernel: crc32c_combine: 8373 self tests passed
Mar  2 13:39:48 ip-10-0-2-151 kernel: xen:grant_table: Grant tables using version 1 layout
Mar  2 13:39:48 ip-10-0-2-151 kernel: Grant table initialized
Mar  2 13:39:48 ip-10-0-2-151 kernel: Cannot get hvm parameter CONSOLE_EVTCHN (18): -22!
Mar  2 13:39:48 ip-10-0-2-151 kernel: Serial: 8250/16550 driver, 4 ports, IRQ sharing disabled
Mar  2 13:39:48 ip-10-0-2-151 kernel: 00:06: ttyS0 at I/O 0x3f8 (irq = 4, base_baud = 115200) is a 16550A
Mar  2 13:39:48 ip-10-0-2-151 kernel: xen_netfront: Initialising Xen virtual ethernet driver
Mar  2 13:39:48 ip-10-0-2-151 kernel: i8042: PNP: PS/2 Controller [PNP0303:PS2K,PNP0f13:PS2M] at 0x60,0x64 irq 1,12
Mar  2 13:39:48 ip-10-0-2-151 kernel: serio: i8042 KBD port at 0x60,0x64 irq 1
Mar  2 13:39:48 ip-10-0-2-151 kernel: serio: i8042 AUX port at 0x60,0x64 irq 12
Mar  2 13:39:48 ip-10-0-2-151 kernel: input: AT Translated Set 2 keyboard as /devices/platform/i8042/serio0/input/input0
Mar  2 13:39:48 ip-10-0-2-151 kernel: rtc_cmos 00:02: rtc core: registered rtc_cmos as rtc0
Mar  2 13:39:48 ip-10-0-2-151 kernel: rtc_cmos 00:02: alarms up to one day, 114 bytes nvram, hpet irqs
Mar  2 13:39:48 ip-10-0-2-151 kernel: hidraw: raw HID events driver (C) Jiri Kosina
Mar  2 13:39:48 ip-10-0-2-151 kernel: NET: Registered protocol family 17
Mar  2 13:39:48 ip-10-0-2-151 kernel: sched_clock: Marking stable (1136982767, 0)->(9989962246, -8852979479)
Mar  2 13:39:48 ip-10-0-2-151 kernel: registered taskstats version 1
Mar  2 13:39:48 ip-10-0-2-151 kernel: Loading compiled-in X.509 certificates
Mar  2 13:39:48 ip-10-0-2-151 kernel: Loaded X.509 cert 'Build time autogenerated kernel key: 520231bf506c3deaa3c754172e4473d4d98762f3'
Mar  2 13:39:48 ip-10-0-2-151 kernel: zswap: loaded using pool lzo/zbud
Mar  2 13:39:48 ip-10-0-2-151 kernel: ima: No TPM chip found, activating TPM-bypass! (rc=-19)
Mar  2 13:39:48 ip-10-0-2-151 kernel: ima: Allocated hash algorithm: sha1
Mar  2 13:39:48 ip-10-0-2-151 kernel: xenbus_probe_frontend: Device with no driver: device/vbd/51712
Mar  2 13:39:48 ip-10-0-2-151 kernel: rtc_cmos 00:02: setting system clock to 2019-03-02 13:39:48 UTC (1551533988)
Mar  2 13:39:48 ip-10-0-2-151 kernel: Freeing unused kernel memory: 2052K
Mar  2 13:39:48 ip-10-0-2-151 kernel: Write protecting the kernel read-only data: 14336k
Mar  2 13:39:48 ip-10-0-2-151 kernel: Freeing unused kernel memory: 2016K
Mar  2 13:39:48 ip-10-0-2-151 kernel: Freeing unused kernel memory: 1288K
Mar  2 13:39:48 ip-10-0-2-151 systemd[1]: Inserted module 'autofs4'
Mar  2 13:39:48 ip-10-0-2-151 kernel: NET: Registered protocol family 10
Mar  2 13:39:48 ip-10-0-2-151 kernel: Segment Routing with IPv6
Mar  2 13:39:48 ip-10-0-2-151 systemd[1]: Inserted module 'ipv6'
Mar  2 13:39:48 ip-10-0-2-151 kernel: random: systemd: uninitialized urandom read (16 bytes read)
Mar  2 13:39:48 ip-10-0-2-151 kernel: random: systemd: uninitialized urandom read (16 bytes read)
Mar  2 13:39:48 ip-10-0-2-151 kernel: random: systemd: uninitialized urandom read (16 bytes read)
Mar  2 13:39:48 ip-10-0-2-151 systemd[1]: systemd 219 running in system mode. (+PAM +AUDIT +SELINUX +IMA -APPARMOR +SMACK +SYSVINIT +UTMP +LIBCRYPTSETUP +GCRYPT +GNUTLS +ACL +XZ +LZ4 -SECCOMP +BLKID +ELFUTILS +KMOD +IDN)
Mar  2 13:39:48 ip-10-0-2-151 systemd[1]: Detected virtualization xen.
Mar  2 13:39:48 ip-10-0-2-151 systemd[1]: Detected architecture x86-64.
Mar  2 13:39:48 ip-10-0-2-151 systemd[1]: Running in initial RAM disk.
Mar  2 13:39:48 ip-10-0-2-151 systemd[1]: No hostname configured.
Mar  2 13:39:48 ip-10-0-2-151 systemd[1]: Set hostname to <localhost>.
Mar  2 13:39:48 ip-10-0-2-151 systemd[1]: Initializing machine ID from random generator.
Mar  2 13:39:48 ip-10-0-2-151 systemd[1]: Created slice Root Slice.
Mar  2 13:39:48 ip-10-0-2-151 systemd[1]: Starting Root Slice.
Mar  2 13:39:48 ip-10-0-2-151 systemd[1]: Listening on Journal Socket.
Mar  2 13:39:48 ip-10-0-2-151 journal: Journal started
Mar  2 13:39:48 ip-10-0-2-151 systemd: Started Create list of required static device nodes for the current kernel.
Mar  2 13:39:48 ip-10-0-2-151 systemd: Started Setup Virtual Console.
Mar  2 13:39:48 ip-10-0-2-151 systemd: Started Apply Kernel Variables.
Mar  2 13:39:48 ip-10-0-2-151 systemd: Starting Create Static Device Nodes in /dev...
Mar  2 13:39:48 ip-10-0-2-151 systemd: Started Create Static Device Nodes in /dev.
Mar  2 13:39:48 ip-10-0-2-151 systemd: Started dracut cmdline hook.
Mar  2 13:39:48 ip-10-0-2-151 systemd: Starting dracut pre-udev hook...
Mar  2 13:39:48 ip-10-0-2-151 kernel: device-mapper: uevent: version 1.0.3
Mar  2 13:39:48 ip-10-0-2-151 kernel: device-mapper: ioctl: 4.37.0-ioctl (2017-09-20) initialised: dm-devel@redhat.com
Mar  2 13:39:48 ip-10-0-2-151 systemd: Started dracut pre-udev hook.
Mar  2 13:39:48 ip-10-0-2-151 systemd: Starting udev Kernel Device Manager...
Mar  2 13:39:48 ip-10-0-2-151 systemd-udevd: starting version 219
Mar  2 13:39:48 ip-10-0-2-151 systemd-udevd: Network interface NamePolicy= disabled on kernel command line, ignoring.
Mar  2 13:39:48 ip-10-0-2-151 systemd: Started udev Kernel Device Manager.
Mar  2 13:39:48 ip-10-0-2-151 systemd: Starting dracut pre-trigger hook...
Mar  2 13:39:48 ip-10-0-2-151 systemd: Started dracut pre-trigger hook.
Mar  2 13:39:48 ip-10-0-2-151 systemd: Starting udev Coldplug all Devices...
Mar  2 13:39:48 ip-10-0-2-151 systemd-udevd: Network interface NamePolicy= disabled on kernel command line, ignoring.
Mar  2 13:39:49 ip-10-0-2-151 kernel: tsc: Refined TSC clocksource calibration: 2399.999 MHz
Mar  2 13:39:49 ip-10-0-2-151 kernel: clocksource: tsc: mask: 0xffffffffffffffff max_cycles: 0x2298364cab5, max_idle_ns: 440795214892 ns
Mar  2 13:39:49 ip-10-0-2-151 systemd: Started udev Coldplug all Devices.
Mar  2 13:39:49 ip-10-0-2-151 systemd: Reached target System Initialization.
Mar  2 13:39:49 ip-10-0-2-151 systemd: Starting System Initialization.
Mar  2 13:39:49 ip-10-0-2-151 systemd: Starting Show Plymouth Boot Screen...
Mar  2 13:39:49 ip-10-0-2-151 systemd: Starting dracut initqueue hook...
Mar  2 13:39:49 ip-10-0-2-151 systemd: Received SIGRTMIN+20 from PID 1693 (plymouthd).
Mar  2 13:39:49 ip-10-0-2-151 systemd: Started Show Plymouth Boot Screen.
Mar  2 13:39:49 ip-10-0-2-151 systemd: Started Forward Password Requests to Plymouth Directory Watch.
Mar  2 13:39:49 ip-10-0-2-151 systemd: Starting Forward Password Requests to Plymouth Directory Watch.
Mar  2 13:39:49 ip-10-0-2-151 systemd: Reached target Paths.
Mar  2 13:39:49 ip-10-0-2-151 systemd: Starting Paths.
Mar  2 13:39:49 ip-10-0-2-151 systemd: Reached target Basic System.
Mar  2 13:39:49 ip-10-0-2-151 systemd: Starting Basic System.
Mar  2 13:39:49 ip-10-0-2-151 kernel: SCSI subsystem initialized
Mar  2 13:39:49 ip-10-0-2-151 kernel: Invalid max_queues (4), will use default max: 1.
Mar  2 13:39:49 ip-10-0-2-151 kernel: AVX2 version of gcm_enc/dec engaged.
Mar  2 13:39:49 ip-10-0-2-151 kernel: AES CTR mode by8 optimization enabled
Mar  2 13:39:49 ip-10-0-2-151 kernel: scsi host0: ata_piix
Mar  2 13:39:49 ip-10-0-2-151 kernel: scsi host1: ata_piix
Mar  2 13:39:49 ip-10-0-2-151 kernel: ata1: PATA max MWDMA2 cmd 0x1f0 ctl 0x3f6 bmdma 0xc100 irq 14
Mar  2 13:39:49 ip-10-0-2-151 kernel: ata2: PATA max MWDMA2 cmd 0x170 ctl 0x376 bmdma 0xc108 irq 15
Mar  2 13:39:49 ip-10-0-2-151 kernel: alg: No test for pcbc(aes) (pcbc-aes-aesni)
Mar  2 13:39:49 ip-10-0-2-151 kernel: blkfront: xvda: barrier or flush: disabled; persistent grants: disabled; indirect descriptors: enabled;
Mar  2 13:39:49 ip-10-0-2-151 kernel: xvda: xvda1
Mar  2 13:39:49 ip-10-0-2-151 systemd: Found device /dev/disk/by-uuid/ca774df7-756d-4261-a3f1-76038323e572.
Mar  2 13:39:49 ip-10-0-2-151 systemd: Starting File System Check on /dev/disk/by-uuid/ca774df7-756d-4261-a3f1-76038323e572...
Mar  2 13:39:49 ip-10-0-2-151 systemd-fsck: /usr/sbin/fsck.xfs: XFS file system.
Mar  2 13:39:49 ip-10-0-2-151 systemd: Started File System Check on /dev/disk/by-uuid/ca774df7-756d-4261-a3f1-76038323e572.
Mar  2 13:39:49 ip-10-0-2-151 systemd: Started dracut initqueue hook.
Mar  2 13:39:49 ip-10-0-2-151 systemd: Reached target Remote File Systems (Pre).
Mar  2 13:39:49 ip-10-0-2-151 systemd: Starting Remote File Systems (Pre).
Mar  2 13:39:49 ip-10-0-2-151 systemd: Reached target Remote File Systems.
Mar  2 13:39:49 ip-10-0-2-151 systemd: Starting Remote File Systems.
Mar  2 13:39:49 ip-10-0-2-151 systemd: Starting dracut pre-mount hook...
Mar  2 13:39:49 ip-10-0-2-151 systemd: Started dracut pre-mount hook.
Mar  2 13:39:49 ip-10-0-2-151 systemd: Mounting /sysroot...
Mar  2 13:39:49 ip-10-0-2-151 kernel: SGI XFS with ACLs, security attributes, no debug enabled
Mar  2 13:39:49 ip-10-0-2-151 kernel: XFS (xvda1): Mounting V5 Filesystem
Mar  2 13:39:49 ip-10-0-2-151 systemd: Mounted /sysroot.
Mar  2 13:39:49 ip-10-0-2-151 systemd: Reached target Initrd Root File System.
Mar  2 13:39:49 ip-10-0-2-151 systemd: Starting Initrd Root File System.
Mar  2 13:39:49 ip-10-0-2-151 systemd: Starting Reload Configuration from the Real Root...
Mar  2 13:39:49 ip-10-0-2-151 kernel: XFS (xvda1): Ending clean mount
Mar  2 13:39:49 ip-10-0-2-151 systemd: Reloading.
Mar  2 13:39:49 ip-10-0-2-151 systemd: Started Reload Configuration from the Real Root.
Mar  2 13:39:49 ip-10-0-2-151 systemd: Reached target Initrd File Systems.
Mar  2 13:39:49 ip-10-0-2-151 systemd: Starting Initrd File Systems.
Mar  2 13:39:49 ip-10-0-2-151 systemd: Reached target Initrd Default Target.
Mar  2 13:39:49 ip-10-0-2-151 systemd: Starting Initrd Default Target.
Mar  2 13:39:49 ip-10-0-2-151 systemd: Starting dracut pre-pivot and cleanup hook...
Mar  2 13:39:49 ip-10-0-2-151 systemd: Started dracut pre-pivot and cleanup hook.
Mar  2 13:39:49 ip-10-0-2-151 systemd: Starting Cleaning Up and Shutting Down Daemons...
Mar  2 13:39:49 ip-10-0-2-151 systemd: Stopped Cleaning Up and Shutting Down Daemons.
Mar  2 13:39:49 ip-10-0-2-151 systemd: Stopped dracut pre-pivot and cleanup hook.
Mar  2 13:39:49 ip-10-0-2-151 systemd: Stopping dracut pre-pivot and cleanup hook...
Mar  2 13:39:49 ip-10-0-2-151 systemd: Starting Plymouth switch root service...
Mar  2 13:39:49 ip-10-0-2-151 systemd: Stopped target Remote File Systems.
Mar  2 13:39:49 ip-10-0-2-151 systemd: Stopping Remote File Systems.
Mar  2 13:39:49 ip-10-0-2-151 systemd: Stopped target Remote File Systems (Pre).
Mar  2 13:39:49 ip-10-0-2-151 systemd: Stopping Remote File Systems (Pre).
Mar  2 13:39:49 ip-10-0-2-151 systemd: Stopped target Initrd Default Target.
Mar  2 13:39:49 ip-10-0-2-151 systemd: Stopping Initrd Default Target.
Mar  2 13:39:49 ip-10-0-2-151 systemd: Stopped target Basic System.
Mar  2 13:39:49 ip-10-0-2-151 systemd: Stopping Basic System.
Mar  2 13:39:49 ip-10-0-2-151 systemd: Stopped target System Initialization.
Mar  2 13:39:49 ip-10-0-2-151 systemd: Stopping System Initialization.
Mar  2 13:39:49 ip-10-0-2-151 systemd: Stopped Apply Kernel Variables.
Mar  2 13:39:49 ip-10-0-2-151 systemd: Stopping Apply Kernel Variables...
Mar  2 13:39:49 ip-10-0-2-151 systemd: Stopped target Swap.
Mar  2 13:39:49 ip-10-0-2-151 systemd: Stopping Swap.
Mar  2 13:39:49 ip-10-0-2-151 systemd: Stopped target Local File Systems.
Mar  2 13:39:49 ip-10-0-2-151 systemd: Stopping Local File Systems.
Mar  2 13:39:49 ip-10-0-2-151 systemd: Stopped target Slices.
Mar  2 13:39:49 ip-10-0-2-151 systemd: Stopping Slices.
Mar  2 13:39:49 ip-10-0-2-151 systemd: Stopped target Sockets.
Mar  2 13:39:49 ip-10-0-2-151 systemd: Stopping Sockets.
Mar  2 13:39:49 ip-10-0-2-151 systemd: Stopped dracut pre-mount hook.
Mar  2 13:39:49 ip-10-0-2-151 systemd: Stopping dracut pre-mount hook...
Mar  2 13:39:49 ip-10-0-2-151 systemd: Stopped target Local Encrypted Volumes.
Mar  2 13:39:49 ip-10-0-2-151 systemd: Stopping Local Encrypted Volumes.
Mar  2 13:39:49 ip-10-0-2-151 systemd: Stopped target Timers.
Mar  2 13:39:49 ip-10-0-2-151 systemd: Stopping Timers.
Mar  2 13:39:49 ip-10-0-2-151 systemd: Stopped target Paths.
Mar  2 13:39:49 ip-10-0-2-151 systemd: Stopping Paths.
Mar  2 13:39:49 ip-10-0-2-151 systemd: Stopped dracut initqueue hook.
Mar  2 13:39:49 ip-10-0-2-151 systemd: Stopping dracut initqueue hook...
Mar  2 13:39:49 ip-10-0-2-151 systemd: Stopped udev Coldplug all Devices.
Mar  2 13:39:49 ip-10-0-2-151 systemd: Stopping udev Coldplug all Devices...
Mar  2 13:39:49 ip-10-0-2-151 systemd: Stopped dracut pre-trigger hook.
Mar  2 13:39:49 ip-10-0-2-151 systemd: Stopping dracut pre-trigger hook...
Mar  2 13:39:49 ip-10-0-2-151 systemd: Stopping udev Kernel Device Manager...
Mar  2 13:39:49 ip-10-0-2-151 systemd: Stopped udev Kernel Device Manager.
Mar  2 13:39:49 ip-10-0-2-151 systemd: Stopped dracut pre-udev hook.
Mar  2 13:39:49 ip-10-0-2-151 systemd: Stopping dracut pre-udev hook...
Mar  2 13:39:49 ip-10-0-2-151 systemd: Stopped dracut cmdline hook.
Mar  2 13:39:49 ip-10-0-2-151 systemd: Stopping dracut cmdline hook...
Mar  2 13:39:49 ip-10-0-2-151 systemd: Stopped Create Static Device Nodes in /dev.
Mar  2 13:39:49 ip-10-0-2-151 systemd: Stopping Create Static Device Nodes in /dev...
Mar  2 13:39:49 ip-10-0-2-151 systemd: Stopped Create list of required static device nodes for the current kernel.
Mar  2 13:39:49 ip-10-0-2-151 systemd: Stopping Create list of required static device nodes for the current kernel...
Mar  2 13:39:49 ip-10-0-2-151 systemd: Closed udev Kernel Socket.
Mar  2 13:39:49 ip-10-0-2-151 systemd: Stopping udev Kernel Socket.
Mar  2 13:39:49 ip-10-0-2-151 systemd: Closed udev Control Socket.
Mar  2 13:39:49 ip-10-0-2-151 systemd: Stopping udev Control Socket.
Mar  2 13:39:49 ip-10-0-2-151 systemd: Starting Cleanup udevd DB...
Mar  2 13:39:49 ip-10-0-2-151 systemd: Started Cleanup udevd DB.
Mar  2 13:39:49 ip-10-0-2-151 systemd: Reached target Switch Root.
Mar  2 13:39:49 ip-10-0-2-151 systemd: Starting Switch Root.
Mar  2 13:39:49 ip-10-0-2-151 systemd: Started Plymouth switch root service.
Mar  2 13:39:49 ip-10-0-2-151 systemd: Starting Switch Root...
Mar  2 13:39:49 ip-10-0-2-151 systemd: Switching root.
Mar  2 13:39:49 ip-10-0-2-151 journal: Journal stopped
Mar  2 13:39:50 ip-10-0-2-151 journal: Runtime journal is using 6.1M (max allowed 49.2M, trying to leave 73.9M free of 480.5M available → current limit 49.2M).
Mar  2 13:39:50 ip-10-0-2-151 systemd-journald[913]: Received SIGTERM from PID 1 (systemd).
Mar  2 13:39:50 ip-10-0-2-151 kernel: systemd: 25 output lines suppressed due to ratelimiting
Mar  2 13:39:50 ip-10-0-2-151 kernel: SELinux:  Disabled at runtime.
Mar  2 13:39:50 ip-10-0-2-151 kernel: audit: type=1404 audit(1551533989.944:2): selinux=0 auid=4294967295 ses=4294967295
Mar  2 13:39:50 ip-10-0-2-151 kernel: ip_tables: (C) 2000-2006 Netfilter Core Team
Mar  2 13:39:50 ip-10-0-2-151 systemd[1]: Inserted module 'ip_tables'
Mar  2 13:39:50 ip-10-0-2-151 journal: Journal started
Mar  2 13:39:50 ip-10-0-2-151 systemd: systemd 219 running in system mode. (+PAM +AUDIT +SELINUX +IMA -APPARMOR +SMACK +SYSVINIT +UTMP +LIBCRYPTSETUP +GCRYPT +GNUTLS +ACL +XZ +LZ4 -SECCOMP +BLKID +ELFUTILS +KMOD +IDN)
Mar  2 13:39:50 ip-10-0-2-151 systemd: Detected virtualization xen.
Mar  2 13:39:50 ip-10-0-2-151 systemd: Detected architecture x86-64.
Mar  2 13:39:50 ip-10-0-2-151 systemd: Set hostname to <ip-10-0-2-151.us-west-2.compute.internal>.
Mar  2 13:39:50 ip-10-0-2-151 systemd: [/usr/lib/systemd/system/irqbalance.service:12] Unknown lvalue 'ReadOnlyPaths' in section 'Service'
Mar  2 13:39:50 ip-10-0-2-151 systemd: [/usr/lib/systemd/system/irqbalance.service:13] Unknown lvalue 'ReadWritePaths' in section 'Service'
Mar  2 13:39:50 ip-10-0-2-151 systemd: [/usr/lib/systemd/system/irqbalance.service:15] Unknown lvalue 'TemporaryFileSystem' in section 'Service'
Mar  2 13:39:50 ip-10-0-2-151 systemd: Cannot add dependency job for unit display-manager.service, ignoring: Unit not found.
Mar  2 13:39:50 ip-10-0-2-151 systemd: Mounted Debug File System.
Mar  2 13:39:50 ip-10-0-2-151 systemd-modules-load: Inserted module 'ena'
Mar  2 13:39:50 ip-10-0-2-151 kernel: ena: Elastic Network Adapter (ENA) v2.0.2g
Mar  2 13:39:50 ip-10-0-2-151 systemd: Mounted POSIX Message Queue File System.
Mar  2 13:39:50 ip-10-0-2-151 systemd: Mounted Huge Pages File System.
Mar  2 13:39:50 ip-10-0-2-151 systemd: Started Load Kernel Modules.
Mar  2 13:39:50 ip-10-0-2-151 systemd: Started Remount Root and Kernel File Systems.
Mar  2 13:39:50 ip-10-0-2-151 systemd: Starting Configure read-only root support...
Mar  2 13:39:50 ip-10-0-2-151 systemd: Starting Flush Journal to Persistent Storage...
Mar  2 13:39:50 ip-10-0-2-151 systemd: Starting udev Coldplug all Devices...
Mar  2 13:39:50 ip-10-0-2-151 systemd: Starting Load/Save Random Seed...
Mar  2 13:39:50 ip-10-0-2-151 systemd: Starting Apply Kernel Variables...
Mar  2 13:39:50 ip-10-0-2-151 systemd: Started Create Static Device Nodes in /dev.
Mar  2 13:39:50 ip-10-0-2-151 systemd: Started Load/Save Random Seed.
Mar  2 13:39:50 ip-10-0-2-151 journal: Permanent journal is using 144.0M (max allowed 818.0M, trying to leave 1.1G free of 2.1G available → current limit 818.0M).
Mar  2 13:39:50 ip-10-0-2-151 journal: Time spent on flushing to /var is 293.987ms for 539 entries.
Mar  2 13:39:50 ip-10-0-2-151 kernel: input: Power Button as /devices/LNXSYSTM:00/LNXPWRBN:00/input/input3
Mar  2 13:39:50 ip-10-0-2-151 kernel: ACPI: Power Button [PWRF]
Mar  2 13:39:50 ip-10-0-2-151 kernel: input: Sleep Button as /devices/LNXSYSTM:00/LNXSLPBN:00/input/input4
Mar  2 13:39:50 ip-10-0-2-151 kernel: ACPI: Sleep Button [SLPF]
Mar  2 13:39:50 ip-10-0-2-151 kernel: input: ImExPS/2 Generic Explorer Mouse as /devices/platform/i8042/serio1/input/input5
Mar  2 13:39:50 ip-10-0-2-151 kernel: mousedev: PS/2 mouse device common for all mice
Mar  2 13:39:50 ip-10-0-2-151 kernel: EDAC sbridge:  Ver: 1.1.2 
Mar  2 13:39:50 ip-10-0-2-151 systemd: Started LVM2 metadata daemon.
Mar  2 13:39:50 ip-10-0-2-151 systemd: Starting LVM2 metadata daemon...
Mar  2 13:39:50 ip-10-0-2-151 systemd: Starting udev Kernel Device Manager...
Mar  2 13:39:50 ip-10-0-2-151 systemd-udevd: starting version 219
Mar  2 13:39:50 ip-10-0-2-151 systemd: Started Configure read-only root support.
Mar  2 13:39:50 ip-10-0-2-151 systemd-udevd: Network interface NamePolicy= disabled on kernel command line, ignoring.
Mar  2 13:39:50 ip-10-0-2-151 systemd: Started Apply Kernel Variables.
Mar  2 13:39:50 ip-10-0-2-151 systemd: Started udev Coldplug all Devices.
Mar  2 13:39:50 ip-10-0-2-151 systemd: Starting udev Wait for Complete Device Initialization...
Mar  2 13:39:50 ip-10-0-2-151 systemd: Started udev Kernel Device Manager.
Mar  2 13:39:50 ip-10-0-2-151 systemd: Found device /dev/ttyS0.
Mar  2 13:39:50 ip-10-0-2-151 systemd: Created slice system-ec2net\x2difup.slice.
Mar  2 13:39:50 ip-10-0-2-151 systemd: Starting system-ec2net\x2difup.slice.
Mar  2 13:39:50 ip-10-0-2-151 systemd: Started udev Wait for Complete Device Initialization.
Mar  2 13:39:50 ip-10-0-2-151 systemd: Starting Activation of DM RAID sets...
Mar  2 13:39:50 ip-10-0-2-151 systemd: Started Flush Journal to Persistent Storage.
Mar  2 13:39:50 ip-10-0-2-151 systemd: Started Monitoring of LVM2 mirrors, snapshots etc. using dmeventd or progress polling.
Mar  2 13:39:50 ip-10-0-2-151 systemd: Reached target Local File Systems (Pre).
Mar  2 13:39:50 ip-10-0-2-151 systemd: Starting Local File Systems (Pre).
Mar  2 13:39:50 ip-10-0-2-151 systemd: Started Activation of DM RAID sets.
Mar  2 13:39:50 ip-10-0-2-151 systemd: Reached target Local File Systems.
Mar  2 13:39:50 ip-10-0-2-151 systemd: Starting Local File Systems.
Mar  2 13:39:50 ip-10-0-2-151 systemd: Starting Tell Plymouth To Write Out Runtime Data...
Mar  2 13:39:50 ip-10-0-2-151 systemd: Starting Preprocess NFS configuration...
Mar  2 13:39:50 ip-10-0-2-151 systemd: Starting Create Volatile Files and Directories...
Mar  2 13:39:50 ip-10-0-2-151 systemd: Reached target Local Encrypted Volumes.
Mar  2 13:39:50 ip-10-0-2-151 systemd: Starting Local Encrypted Volumes.
Mar  2 13:39:50 ip-10-0-2-151 systemd: Started Preprocess NFS configuration.
Mar  2 13:39:50 ip-10-0-2-151 systemd: Started Create Volatile Files and Directories.
Mar  2 13:39:50 ip-10-0-2-151 systemd: Starting Security Auditing Service...
Mar  2 13:39:50 ip-10-0-2-151 systemd: Mounting RPC Pipe File System...
Mar  2 13:39:50 ip-10-0-2-151 systemd: Started Tell Plymouth To Write Out Runtime Data.
Mar  2 13:39:51 ip-10-0-2-151 systemd: Mounted RPC Pipe File System.
Mar  2 13:39:51 ip-10-0-2-151 systemd: Reached target rpc_pipefs.target.
Mar  2 13:39:51 ip-10-0-2-151 systemd: Starting rpc_pipefs.target.
Mar  2 13:39:51 ip-10-0-2-151 kernel: RPC: Registered named UNIX socket transport module.
Mar  2 13:39:51 ip-10-0-2-151 kernel: RPC: Registered udp transport module.
Mar  2 13:39:51 ip-10-0-2-151 kernel: RPC: Registered tcp transport module.
Mar  2 13:39:51 ip-10-0-2-151 kernel: RPC: Registered tcp NFSv4.1 backchannel transport module.
Mar  2 13:39:51 ip-10-0-2-151 auditd[2624]: Started dispatcher: /sbin/audispd pid: 2626
