Started by user [8mha:////4Fk1k7e+48rHXUzmlNpYSU0RU1syiePVtwyB//KweiJrAAAAmR+LCAAAAAAAAP9b85aBtbiIQTGjNKU4P08vOT+vOD8nVc83PyU1x6OyILUoJzMv2y+/JJUBAhiZGBgqihhk0NSjKDWzXb3RdlLBUSYGJk8GtpzUvPSSDB8G5tKinBIGIZ+sxLJE/ZzEvHT94JKizLx0a6BxUmjGOUNodHsLgAz2EgZe/dLi1CL9rNS87My8YgDGtiJjwgAAAA==[0mjenkins
[EnvInject] - Loading node environment variables.
Building remotely on [8mha:////4BL2z4AOJFdMr/O5k/XvJ6w87pkkJPmY09IaxWRBu/ZGAAAAnx+LCAAAAAAAAP9b85aBtbiIQTGjNKU4P08vOT+vOD8nVc83PyU1x6OyILUoJzMv2y+/JJUBAhiZGBgqihhk0NSjKDWzXb3RdlLBUSYGJk8GtpzUvPSSDB8G5tKinBIGIZ+sxLJE/ZzEvHT94JKizLx0a6BxUmjGOUNodHsLgAyuEgYR/eT83ILSktQi/eKcxLLUPKBjDQGWHaLlyQAAAA==[0mslavenode1 (myslavenode) in workspace /home/jenkins/workspace/LogviewerRemoteJob
[LogviewerRemoteJob] $ /bin/sh -xe /tmp/jenkins745913722314010670.sh
+ sudo cat /var/log/messages
Dec 17 14:26:01 ip-10-0-2-151 rsyslogd: [origin software="rsyslogd" swVersion="8.24.0" x-pid="3192" x-info="http://www.rsyslog.com"] rsyslogd was HUPed
Dec 17 14:26:03 ip-10-0-2-151 systemd: Removed slice User Slice of root.
Dec 17 14:26:03 ip-10-0-2-151 systemd: Stopping User Slice of root.
Dec 17 14:26:37 ip-10-0-2-151 dhclient[2971]: XMT: Solicit on eth0, interval 118930ms.
Dec 17 14:26:53 ip-10-0-2-151 amazon-ssm-agent: 2018-12-17 14:26:53 INFO Backing off health check to every 1200 seconds for 3600 seconds.
Dec 17 14:26:53 ip-10-0-2-151 amazon-ssm-agent: 2018-12-17 14:26:53 ERROR Health ping failed with error - NoCredentialProviders: no valid providers in chain. Deprecated.
Dec 17 14:26:53 ip-10-0-2-151 amazon-ssm-agent: For verbose messaging see aws.Config.CredentialsChainVerboseErrors
Dec 17 14:28:36 ip-10-0-2-151 dhclient[2971]: XMT: Solicit on eth0, interval 112110ms.
Dec 17 14:30:01 ip-10-0-2-151 systemd: Created slice User Slice of root.
Dec 17 14:30:01 ip-10-0-2-151 systemd: Starting User Slice of root.
Dec 17 14:30:01 ip-10-0-2-151 systemd: Started Session 6 of user root.
Dec 17 14:30:01 ip-10-0-2-151 systemd: Starting Session 6 of user root.
Dec 17 14:30:01 ip-10-0-2-151 systemd: Removed slice User Slice of root.
Dec 17 14:30:01 ip-10-0-2-151 systemd: Stopping User Slice of root.
Dec 17 14:30:28 ip-10-0-2-151 dhclient[2971]: XMT: Solicit on eth0, interval 122600ms.
Dec 17 14:32:30 ip-10-0-2-151 dhclient[2971]: XMT: Solicit on eth0, interval 129110ms.
Dec 17 14:34:40 ip-10-0-2-151 dhclient[2971]: XMT: Solicit on eth0, interval 120990ms.
Dec 17 14:36:41 ip-10-0-2-151 dhclient[2971]: XMT: Solicit on eth0, interval 128620ms.
Dec 17 14:38:49 ip-10-0-2-151 dhclient[2971]: XMT: Solicit on eth0, interval 126190ms.
Dec 17 14:40:01 ip-10-0-2-151 systemd: Created slice User Slice of root.
Dec 17 14:40:01 ip-10-0-2-151 systemd: Starting User Slice of root.
Dec 17 14:40:01 ip-10-0-2-151 systemd: Started Session 7 of user root.
Dec 17 14:40:01 ip-10-0-2-151 systemd: Starting Session 7 of user root.
Dec 17 14:40:01 ip-10-0-2-151 systemd: Removed slice User Slice of root.
Dec 17 14:40:01 ip-10-0-2-151 systemd: Stopping User Slice of root.
Dec 17 14:40:56 ip-10-0-2-151 dhclient[2971]: XMT: Solicit on eth0, interval 108370ms.
Dec 17 14:42:44 ip-10-0-2-151 dhclient[2971]: XMT: Solicit on eth0, interval 128660ms.
Dec 17 14:43:49 ip-10-0-2-151 dhclient[2870]: DHCPREQUEST on eth0 to 10.0.2.1 port 67 (xid=0x63a35704)
Dec 17 14:43:49 ip-10-0-2-151 dhclient[2870]: DHCPACK from 10.0.2.1 (xid=0x63a35704)
Dec 17 14:43:49 ip-10-0-2-151 dhclient[2870]: bound to 10.0.2.151 -- renewal in 1601 seconds.
Dec 17 14:43:49 ip-10-0-2-151 ec2net: [get_meta] Trying to get http://169.254.169.254/latest/meta-data/network/interfaces/macs/0a:52:b2:38:a2:aa/local-ipv4s
Dec 17 14:43:49 ip-10-0-2-151 ec2net: [rewrite_aliases] Rewriting aliases of eth0
Dec 17 14:44:53 ip-10-0-2-151 dhclient[2971]: XMT: Solicit on eth0, interval 115860ms.
Dec 17 14:46:49 ip-10-0-2-151 dhclient[2971]: XMT: Solicit on eth0, interval 130010ms.
Dec 17 14:48:59 ip-10-0-2-151 dhclient[2971]: XMT: Solicit on eth0, interval 124700ms.
Dec 17 14:50:01 ip-10-0-2-151 systemd: Created slice User Slice of root.
Dec 17 14:50:01 ip-10-0-2-151 systemd: Starting User Slice of root.
Dec 17 14:50:01 ip-10-0-2-151 systemd: Started Session 8 of user root.
Dec 17 14:50:01 ip-10-0-2-151 systemd: Starting Session 8 of user root.
Dec 17 14:50:01 ip-10-0-2-151 systemd: Removed slice User Slice of root.
Dec 17 14:50:01 ip-10-0-2-151 systemd: Stopping User Slice of root.
Dec 17 14:51:04 ip-10-0-2-151 dhclient[2971]: XMT: Solicit on eth0, interval 120210ms.
Dec 17 14:53:04 ip-10-0-2-151 dhclient[2971]: XMT: Solicit on eth0, interval 123150ms.
Dec 17 14:55:07 ip-10-0-2-151 dhclient[2971]: XMT: Solicit on eth0, interval 129110ms.
Dec 17 14:57:16 ip-10-0-2-151 dhclient[2971]: XMT: Solicit on eth0, interval 121320ms.
Dec 17 14:59:18 ip-10-0-2-151 dhclient[2971]: XMT: Solicit on eth0, interval 121150ms.
Dec 17 15:00:01 ip-10-0-2-151 systemd: Created slice User Slice of root.
Dec 17 15:00:01 ip-10-0-2-151 systemd: Starting User Slice of root.
Dec 17 15:00:01 ip-10-0-2-151 systemd: Started Session 9 of user root.
Dec 17 15:00:01 ip-10-0-2-151 systemd: Starting Session 9 of user root.
Dec 17 15:00:01 ip-10-0-2-151 systemd: Removed slice User Slice of root.
Dec 17 15:00:01 ip-10-0-2-151 systemd: Stopping User Slice of root.
Dec 17 15:01:01 ip-10-0-2-151 systemd: Created slice User Slice of root.
Dec 17 15:01:01 ip-10-0-2-151 systemd: Starting User Slice of root.
Dec 17 15:01:01 ip-10-0-2-151 systemd: Started Session 10 of user root.
Dec 17 15:01:01 ip-10-0-2-151 systemd: Starting Session 10 of user root.
Dec 17 15:01:01 ip-10-0-2-151 systemd: Removed slice User Slice of root.
Dec 17 15:01:01 ip-10-0-2-151 systemd: Stopping User Slice of root.
Dec 17 15:01:19 ip-10-0-2-151 dhclient[2971]: XMT: Solicit on eth0, interval 129080ms.
Dec 17 15:03:28 ip-10-0-2-151 dhclient[2971]: XMT: Solicit on eth0, interval 112340ms.
Dec 17 15:05:20 ip-10-0-2-151 dhclient[2971]: XMT: Solicit on eth0, interval 112480ms.
Dec 17 15:07:13 ip-10-0-2-151 dhclient[2971]: XMT: Solicit on eth0, interval 123090ms.
Dec 17 15:09:16 ip-10-0-2-151 dhclient[2971]: XMT: Solicit on eth0, interval 129810ms.
Dec 17 15:10:01 ip-10-0-2-151 systemd: Created slice User Slice of root.
Dec 17 15:10:01 ip-10-0-2-151 systemd: Starting User Slice of root.
Dec 17 15:10:01 ip-10-0-2-151 systemd: Started Session 11 of user root.
Dec 17 15:10:01 ip-10-0-2-151 systemd: Starting Session 11 of user root.
Dec 17 15:10:01 ip-10-0-2-151 systemd: Removed slice User Slice of root.
Dec 17 15:10:01 ip-10-0-2-151 systemd: Stopping User Slice of root.
Dec 17 15:10:30 ip-10-0-2-151 dhclient[2870]: DHCPREQUEST on eth0 to 10.0.2.1 port 67 (xid=0x63a35704)
Dec 17 15:10:30 ip-10-0-2-151 dhclient[2870]: DHCPACK from 10.0.2.1 (xid=0x63a35704)
Dec 17 15:10:30 ip-10-0-2-151 dhclient[2870]: bound to 10.0.2.151 -- renewal in 1524 seconds.
Dec 17 15:10:30 ip-10-0-2-151 ec2net: [get_meta] Trying to get http://169.254.169.254/latest/meta-data/network/interfaces/macs/0a:52:b2:38:a2:aa/local-ipv4s
Dec 17 15:10:31 ip-10-0-2-151 ec2net: [rewrite_aliases] Rewriting aliases of eth0
Dec 17 15:11:26 ip-10-0-2-151 dhclient[2971]: XMT: Solicit on eth0, interval 131970ms.
Dec 17 15:13:38 ip-10-0-2-151 dhclient[2971]: XMT: Solicit on eth0, interval 122750ms.
Dec 17 15:15:41 ip-10-0-2-151 dhclient[2971]: XMT: Solicit on eth0, interval 120970ms.
Dec 17 15:17:42 ip-10-0-2-151 dhclient[2971]: XMT: Solicit on eth0, interval 131680ms.
Dec 17 15:19:53 ip-10-0-2-151 dhclient[2971]: XMT: Solicit on eth0, interval 124590ms.
Dec 17 15:20:01 ip-10-0-2-151 systemd: Created slice User Slice of root.
Dec 17 15:20:01 ip-10-0-2-151 systemd: Starting User Slice of root.
Dec 17 15:20:01 ip-10-0-2-151 systemd: Started Session 12 of user root.
Dec 17 15:20:01 ip-10-0-2-151 systemd: Starting Session 12 of user root.
Dec 17 15:20:01 ip-10-0-2-151 systemd: Removed slice User Slice of root.
Dec 17 15:20:01 ip-10-0-2-151 systemd: Stopping User Slice of root.
Dec 17 15:21:58 ip-10-0-2-151 dhclient[2971]: XMT: Solicit on eth0, interval 108920ms.
Dec 17 15:22:33 ip-10-0-2-151 systemd: Stopped target Graphical Interface.
Dec 17 15:22:33 ip-10-0-2-151 systemd: Stopping Graphical Interface.
Dec 17 15:22:33 ip-10-0-2-151 systemd: Stopping Session 3 of user ec2-user.
Dec 17 15:22:33 ip-10-0-2-151 systemd: Stopped target Timers.
Dec 17 15:22:33 ip-10-0-2-151 systemd: Stopping Timers.
Dec 17 15:22:33 ip-10-0-2-151 systemd: Removed slice system-ec2net\x2difup.slice.
Dec 17 15:22:33 ip-10-0-2-151 systemd: Stopping system-ec2net\x2difup.slice.
Dec 17 15:22:33 ip-10-0-2-151 systemd: Stopped target Cloud-init target.
Dec 17 15:22:33 ip-10-0-2-151 systemd: Stopping Cloud-init target.
Dec 17 15:22:33 ip-10-0-2-151 systemd: Stopped Execute cloud user/final scripts.
Dec 17 15:22:33 ip-10-0-2-151 systemd: Stopping Execute cloud user/final scripts...
Dec 17 15:22:33 ip-10-0-2-151 systemd: Stopped Apply the settings specified in cloud-config.
Dec 17 15:22:33 ip-10-0-2-151 systemd: Stopping Apply the settings specified in cloud-config...
Dec 17 15:22:33 ip-10-0-2-151 systemd: Stopped target Multi-User System.
Dec 17 15:22:33 ip-10-0-2-151 systemd: Stopping Multi-User System.
Dec 17 15:22:33 ip-10-0-2-151 systemd: Stopping System Logging Service...
Dec 17 15:22:33 ip-10-0-2-151 systemd: Stopping Job spooling tools...
Dec 17 15:22:33 ip-10-0-2-151 systemd-logind: Failed to abandon session scope: Connection reset by peer
Dec 17 15:22:33 ip-10-0-2-151 systemd: Stopping D-Bus System Message Bus...
Dec 17 15:22:33 ip-10-0-2-151 systemd: Stopping Command Scheduler...
Dec 17 15:22:33 ip-10-0-2-151 systemd: Stopped Dynamically Generate Message Of The Day.
Dec 17 15:22:33 ip-10-0-2-151 systemd: Stopping Dynamically Generate Message Of The Day...
Dec 17 15:22:33 ip-10-0-2-151 systemd: Stopped target Login Prompts.
Dec 17 15:22:33 ip-10-0-2-151 systemd: Stopping Login Prompts.
Dec 17 15:22:33 ip-10-0-2-151 systemd: Stopping Getty on tty1...
Dec 17 15:22:33 ip-10-0-2-151 systemd: Stopping Serial Getty on ttyS0...
Dec 17 15:22:33 ip-10-0-2-151 chronyd[2675]: chronyd exiting
Dec 17 15:22:33 ip-10-0-2-151 systemd: Stopping Hardware RNG Entropy Gatherer Daemon...
Dec 17 15:22:33 ip-10-0-2-151 systemd: Stopping NTP client/server...
Dec 17 15:22:33 ip-10-0-2-151 systemd: Stopping amazon-ssm-agent...
Dec 17 15:22:33 ip-10-0-2-151 amazon-ssm-agent: 2018-12-17 15:22:33 INFO Got signal:terminated value:0xbb2dc0
Dec 17 15:22:33 ip-10-0-2-151 amazon-ssm-agent: 2018-12-17 15:22:33 INFO Stopping agent
Dec 17 15:22:33 ip-10-0-2-151 systemd: Removed slice system-selinux\x2dpolicy\x2dmigrate\x2dlocal\x2dchanges.slice.
Dec 17 15:22:33 ip-10-0-2-151 systemd: Stopping system-selinux\x2dpolicy\x2dmigrate\x2dlocal\x2dchanges.slice.
Dec 17 15:22:33 ip-10-0-2-151 systemd: Stopped Daily Cleanup of Temporary Directories.
Dec 17 15:22:33 ip-10-0-2-151 systemd: Stopping Daily Cleanup of Temporary Directories.
Dec 17 15:22:33 ip-10-0-2-151 systemd: Stopping The Apache HTTP Server...
Dec 17 15:22:33 ip-10-0-2-151 systemd: Stopping OpenSSH server daemon...
Dec 17 15:22:33 ip-10-0-2-151 systemd: Stopped target Cloud-config availability.
Dec 17 15:22:33 ip-10-0-2-151 systemd: Stopping Cloud-config availability.
Dec 17 15:22:33 ip-10-0-2-151 systemd: Stopping Postfix Mail Transport Agent...
Dec 17 15:22:33 ip-10-0-2-151 systemd: Stopped target rpc_pipefs.target.
Dec 17 15:22:33 ip-10-0-2-151 rsyslogd: [origin software="rsyslogd" swVersion="8.24.0" x-pid="3192" x-info="http://www.rsyslog.com"] exiting on signal 15.
Dec 17 15:22:33 ip-10-0-2-151 systemd: Stopping rpc_pipefs.target.
Dec 17 15:22:33 ip-10-0-2-151 systemd: Unmounting RPC Pipe File System...
Dec 17 15:22:33 ip-10-0-2-151 systemd: Stopping libstoragemgmt plug-in server daemon...
Dec 17 15:22:33 ip-10-0-2-151 systemd: Stopped Dump dmesg to /var/log/dmesg.
Dec 17 15:22:33 ip-10-0-2-151 systemd: Stopping Dump dmesg to /var/log/dmesg...
Dec 17 15:22:33 ip-10-0-2-151 systemd: Stopped Resets System Activity Logs.
Dec 17 15:22:33 ip-10-0-2-151 systemd: Stopping Resets System Activity Logs...
Dec 17 15:22:33 ip-10-0-2-151 systemd: Stopped libstoragemgmt plug-in server daemon.
Dec 17 15:22:33 ip-10-0-2-151 systemd: Stopped Hardware RNG Entropy Gatherer Daemon.
Dec 17 15:22:33 ip-10-0-2-151 systemd: Stopped D-Bus System Message Bus.
Dec 17 15:22:33 ip-10-0-2-151 systemd: Stopped NTP client/server.
Dec 17 15:22:33 ip-10-0-2-151 systemd: Stopped amazon-ssm-agent.
Dec 17 15:22:33 ip-10-0-2-151 systemd: Stopped System Logging Service.
Dec 17 15:22:33 ip-10-0-2-151 systemd: Stopped OpenSSH server daemon.
Dec 17 15:22:33 ip-10-0-2-151 systemd: Stopped Job spooling tools.
Dec 17 15:22:33 ip-10-0-2-151 systemd: Stopped Command Scheduler.
Dec 17 15:22:33 ip-10-0-2-151 systemd: Stopped Getty on tty1.
Dec 17 15:22:33 ip-10-0-2-151 systemd: Stopped Serial Getty on ttyS0.
Dec 17 15:22:33 ip-10-0-2-151 systemd: Stopped Session 3 of user ec2-user.
Dec 17 15:22:33 ip-10-0-2-151 systemd: Unmounted RPC Pipe File System.
Dec 17 15:22:33 ip-10-0-2-151 systemd: Failed to propagate agent release message: Transport endpoint is not connected
Dec 17 15:22:33 ip-10-0-2-151 systemd: Failed to propagate agent release message: Transport endpoint is not connected
Dec 17 15:22:33 ip-10-0-2-151 systemd: Failed to propagate agent release message: Transport endpoint is not connected
Dec 17 15:22:33 ip-10-0-2-151 systemd: Failed to propagate agent release message: Transport endpoint is not connected
Dec 17 15:22:33 ip-10-0-2-151 systemd: Failed to propagate agent release message: Transport endpoint is not connected
Dec 17 15:22:33 ip-10-0-2-151 systemd: Failed to propagate agent release message: Transport endpoint is not connected
Dec 17 15:22:33 ip-10-0-2-151 systemd: Failed to propagate agent release message: Transport endpoint is not connected
Dec 17 15:22:33 ip-10-0-2-151 systemd: Failed to propagate agent release message: Transport endpoint is not connected
Dec 17 15:22:33 ip-10-0-2-151 systemd: Failed to propagate agent release message: Transport endpoint is not connected
Dec 17 15:22:33 ip-10-0-2-151 systemd: Failed to propagate agent release message: Transport endpoint is not connected
Dec 17 15:22:33 ip-10-0-2-151 systemd: Failed to propagate agent release message: Transport endpoint is not connected
Dec 17 15:22:33 ip-10-0-2-151 systemd: Failed to propagate agent release message: Transport endpoint is not connected
Dec 17 15:22:33 ip-10-0-2-151 systemd: Failed to propagate agent release message: Transport endpoint is not connected
Dec 17 15:22:33 ip-10-0-2-151 systemd: Failed to propagate agent release message: Transport endpoint is not connected
Dec 17 15:22:33 ip-10-0-2-151 systemd: Failed to propagate agent release message: Transport endpoint is not connected
Dec 17 15:22:33 ip-10-0-2-151 systemd: Failed to propagate agent release message: Transport endpoint is not connected
Dec 17 15:22:33 ip-10-0-2-151 systemd: Removed slice User Slice of ec2-user.
Dec 17 15:22:33 ip-10-0-2-151 systemd: Stopping User Slice of ec2-user.
Dec 17 15:22:33 ip-10-0-2-151 systemd: Stopping Login Service...
Dec 17 15:22:33 ip-10-0-2-151 systemd: Removed slice system-serial\x2dgetty.slice.
Dec 17 15:22:33 ip-10-0-2-151 systemd: Stopping system-serial\x2dgetty.slice.
Dec 17 15:22:33 ip-10-0-2-151 systemd: Starting Show Plymouth Power Off Screen...
Dec 17 15:22:33 ip-10-0-2-151 systemd: Removed slice system-getty.slice.
Dec 17 15:22:33 ip-10-0-2-151 systemd: Stopping system-getty.slice.
Dec 17 15:22:33 ip-10-0-2-151 systemd: Stopping Permit User Sessions...
Dec 17 15:22:33 ip-10-0-2-151 systemd: Stopped target Network is Online.
Dec 17 15:22:33 ip-10-0-2-151 systemd: Stopping Network is Online.
Dec 17 15:22:33 ip-10-0-2-151 systemd: Stopped Login Service.
Dec 17 15:22:33 ip-10-0-2-151 systemd: Stopped Permit User Sessions.
Dec 17 15:22:33 ip-10-0-2-151 systemd: Stopped Postfix Mail Transport Agent.
Dec 17 15:22:33 ip-10-0-2-151 systemd: Received SIGRTMIN+20 from PID 3662 (plymouthd).
Dec 17 15:22:33 ip-10-0-2-151 systemd: Started Show Plymouth Power Off Screen.
Dec 17 15:22:34 ip-10-0-2-151 systemd: Stopped The Apache HTTP Server.
Dec 17 15:22:34 ip-10-0-2-151 systemd: Stopped target Network.
Dec 17 15:22:34 ip-10-0-2-151 systemd: Stopping Network.
Dec 17 15:22:34 ip-10-0-2-151 systemd: Stopping LSB: Bring up/down networking...
Dec 17 15:22:34 ip-10-0-2-151 systemd: Stopped target Remote File Systems.
Dec 17 15:22:34 ip-10-0-2-151 systemd: Stopping Remote File Systems.
Dec 17 15:22:34 ip-10-0-2-151 systemd: Stopped target Remote File Systems (Pre).
Dec 17 15:22:34 ip-10-0-2-151 systemd: Stopping Remote File Systems (Pre).
Dec 17 15:22:34 ip-10-0-2-151 systemd: Stopped target NFS client services.
Dec 17 15:22:34 ip-10-0-2-151 systemd: Stopping NFS client services.
Dec 17 15:22:34 ip-10-0-2-151 systemd: Stopping GSSAPI Proxy Daemon...
Dec 17 15:22:34 ip-10-0-2-151 systemd: Stopped GSSAPI Proxy Daemon.
Dec 17 15:22:34 ip-10-0-2-151 ec2net: [remove_aliases] Removing aliases of eth0
Dec 17 15:22:34 ip-10-0-2-151 network: Shutting down interface eth0:  [  OK  ]
Dec 17 15:22:34 ip-10-0-2-151 network: Shutting down loopback interface:  [  OK  ]
Dec 17 15:22:34 ip-10-0-2-151 systemd: Stopped LSB: Bring up/down networking.
Dec 17 15:22:34 ip-10-0-2-151 systemd: Stopped target Network (Pre).
Dec 17 15:22:34 ip-10-0-2-151 systemd: Stopping Network (Pre).
Dec 17 15:22:34 ip-10-0-2-151 systemd: Stopped Initial cloud-init job (pre-networking).
Dec 17 15:22:34 ip-10-0-2-151 systemd: Stopping Initial cloud-init job (pre-networking)...
Dec 17 15:22:34 ip-10-0-2-151 systemd: Stopped target Basic System.
Dec 17 15:22:34 ip-10-0-2-151 systemd: Stopping Basic System.
Dec 17 15:22:34 ip-10-0-2-151 systemd: Stopped Forward Password Requests to Plymouth Directory Watch.
Dec 17 15:22:34 ip-10-0-2-151 systemd: Stopping Forward Password Requests to Plymouth Directory Watch.
Dec 17 15:22:34 ip-10-0-2-151 systemd: Stopped target Paths.
Dec 17 15:22:34 ip-10-0-2-151 systemd: Stopping Paths.
Dec 17 15:22:34 ip-10-0-2-151 systemd: Stopped Flexible branding.
Dec 17 15:22:34 ip-10-0-2-151 systemd: Stopping Flexible branding.
Dec 17 15:22:34 ip-10-0-2-151 systemd: Stopped Forward Password Requests to Wall Directory Watch.
Dec 17 15:22:34 ip-10-0-2-151 systemd: Stopping Forward Password Requests to Wall Directory Watch.
Dec 17 15:22:34 ip-10-0-2-151 systemd: Stopped target Slices.
Dec 17 15:22:34 ip-10-0-2-151 systemd: Stopping Slices.
Dec 17 15:22:34 ip-10-0-2-151 systemd: Removed slice User and Session Slice.
Dec 17 15:22:34 ip-10-0-2-151 systemd: Stopping User and Session Slice.
Dec 17 15:22:34 ip-10-0-2-151 systemd: Stopped target Sockets.
Dec 17 15:22:34 ip-10-0-2-151 systemd: Stopping Sockets.
Dec 17 15:22:34 ip-10-0-2-151 systemd: Closed D-Bus System Message Bus Socket.
Dec 17 15:22:34 ip-10-0-2-151 systemd: Stopping D-Bus System Message Bus Socket.
Dec 17 15:22:34 ip-10-0-2-151 systemd: Closed RPCbind Server Activation Socket.
Dec 17 15:22:34 ip-10-0-2-151 systemd: Stopping RPCbind Server Activation Socket.
Dec 17 15:22:34 ip-10-0-2-151 systemd: Stopped target System Initialization.
Dec 17 15:22:34 ip-10-0-2-151 systemd: Stopping System Initialization.
Dec 17 15:22:34 ip-10-0-2-151 systemd: Stopped Apply Kernel Variables.
Dec 17 15:22:34 ip-10-0-2-151 systemd: Stopping Apply Kernel Variables...
Dec 17 15:22:34 ip-10-0-2-151 systemd: Stopping Load/Save Random Seed...
Dec 17 15:22:34 ip-10-0-2-151 systemd: Stopping Update UTMP about System Boot/Shutdown...
Dec 17 15:22:34 ip-10-0-2-151 systemd: Stopped Load Kernel Modules.
Dec 17 15:22:34 ip-10-0-2-151 systemd: Stopping Load Kernel Modules...
Dec 17 15:22:34 ip-10-0-2-151 systemd: Stopped target Local Encrypted Volumes.
Dec 17 15:22:34 ip-10-0-2-151 systemd: Stopping Local Encrypted Volumes.
Dec 17 15:22:34 ip-10-0-2-151 systemd: Stopped Setup Virtual Console.
Dec 17 15:22:34 ip-10-0-2-151 systemd: Stopping Setup Virtual Console...
Dec 17 15:22:34 ip-10-0-2-151 systemd: Stopped Load/Save Random Seed.
Dec 17 15:22:34 ip-10-0-2-151 systemd: Stopped Update UTMP about System Boot/Shutdown.
Dec 17 15:22:34 ip-10-0-2-151 systemd: Stopping Security Auditing Service...
Dec 17 15:22:34 ip-10-0-2-151 auditd[2624]: The audit daemon is exiting.
Dec 17 15:22:34 ip-10-0-2-151 systemd: Stopped Security Auditing Service.
Dec 17 15:22:34 ip-10-0-2-151 kernel: audit: type=1305 audit(1545060154.515:197): audit_pid=0 old=2624 auid=4294967295 ses=4294967295 res=1
Dec 17 15:22:34 ip-10-0-2-151 kernel: audit: type=1131 audit(1545060154.527:198): pid=1 uid=0 auid=4294967295 ses=4294967295 msg='unit=auditd comm="systemd" exe="/usr/lib/systemd/systemd" hostname=? addr=? terminal=? res=success'
Dec 17 15:22:34 ip-10-0-2-151 systemd: Stopped Create Volatile Files and Directories.
Dec 17 15:22:34 ip-10-0-2-151 systemd: Stopping Create Volatile Files and Directories...
Dec 17 15:22:34 ip-10-0-2-151 kernel: audit: type=1131 audit(1545060154.547:199): pid=1 uid=0 auid=4294967295 ses=4294967295 msg='unit=systemd-tmpfiles-setup comm="systemd" exe="/usr/lib/systemd/systemd" hostname=? addr=? terminal=? res=success'
Dec 17 15:22:34 ip-10-0-2-151 systemd: Stopped target Local File Systems.
Dec 17 15:22:34 ip-10-0-2-151 systemd: Stopping Local File Systems.
Dec 17 15:22:34 ip-10-0-2-151 systemd: Unmounting /run/user/1000...
Dec 17 15:22:34 ip-10-0-2-151 systemd: Stopped Configure read-only root support.
Dec 17 15:22:34 ip-10-0-2-151 systemd: Stopping Configure read-only root support...
Dec 17 15:22:34 ip-10-0-2-151 kernel: audit: type=1131 audit(1545060154.567:200): pid=1 uid=0 auid=4294967295 ses=4294967295 msg='unit=rhel-readonly comm="systemd" exe="/usr/lib/systemd/systemd" hostname=? addr=? terminal=? res=success'
Dec 17 15:22:34 ip-10-0-2-151 systemd: Unmounted /run/user/1000.
Dec 17 15:22:34 ip-10-0-2-151 systemd: Reached target Unmount All Filesystems.
Dec 17 15:22:34 ip-10-0-2-151 systemd: Starting Unmount All Filesystems.
Dec 17 15:22:34 ip-10-0-2-151 systemd: Stopped target Local File Systems (Pre).
Dec 17 15:22:34 ip-10-0-2-151 systemd: Stopping Local File Systems (Pre).
Dec 17 15:22:34 ip-10-0-2-151 systemd: Stopping Monitoring of LVM2 mirrors, snapshots etc. using dmeventd or progress polling...
Dec 17 15:22:34 ip-10-0-2-151 systemd: Stopped Remount Root and Kernel File Systems.
Dec 17 15:22:34 ip-10-0-2-151 systemd: Stopping Remount Root and Kernel File Systems...
Dec 17 15:22:34 ip-10-0-2-151 systemd: Stopped Create Static Device Nodes in /dev.
Dec 17 15:22:34 ip-10-0-2-151 systemd: Stopping Create Static Device Nodes in /dev...
Dec 17 15:22:34 ip-10-0-2-151 kernel: audit: type=1131 audit(1545060154.595:201): pid=1 uid=0 auid=4294967295 ses=4294967295 msg='unit=systemd-remount-fs comm="systemd" exe="/usr/lib/systemd/systemd" hostname=? addr=? terminal=? res=success'
Dec 17 15:22:34 ip-10-0-2-151 kernel: audit: type=1131 audit(1545060154.623:202): pid=1 uid=0 auid=4294967295 ses=4294967295 msg='unit=systemd-tmpfiles-setup-dev comm="systemd" exe="/usr/lib/systemd/systemd" hostname=? addr=? terminal=? res=success'
Dec 17 15:22:34 ip-10-0-2-151 systemd: Reached target Shutdown.
Dec 17 15:22:34 ip-10-0-2-151 systemd: Starting Shutdown.
Dec 17 15:22:34 ip-10-0-2-151 systemd: Reached target Final Step.
Dec 17 15:22:34 ip-10-0-2-151 systemd: Starting Final Step.
Dec 17 15:22:34 ip-10-0-2-151 systemd: Starting Power-Off...
Dec 17 15:22:34 ip-10-0-2-151 systemd: Stopped target Swap.
Dec 17 15:22:34 ip-10-0-2-151 systemd: Stopping Swap.
Dec 17 15:22:34 ip-10-0-2-151 systemd: Stopped Monitoring of LVM2 mirrors, snapshots etc. using dmeventd or progress polling.
Dec 17 15:22:34 ip-10-0-2-151 systemd: Stopping LVM2 metadata daemon...
Dec 17 15:22:34 ip-10-0-2-151 kernel: audit: type=1131 audit(1545060154.647:203): pid=1 uid=0 auid=4294967295 ses=4294967295 msg='unit=lvm2-monitor comm="systemd" exe="/usr/lib/systemd/systemd" hostname=? addr=? terminal=? res=success'
Dec 17 15:22:34 ip-10-0-2-151 systemd: Stopped LVM2 metadata daemon.
Dec 17 15:22:34 ip-10-0-2-151 systemd: Shutting down.
Dec 17 15:22:34 ip-10-0-2-151 kernel: audit: type=1131 audit(1545060154.651:204): pid=1 uid=0 auid=4294967295 ses=4294967295 msg='unit=lvm2-lvmetad comm="systemd" exe="/usr/lib/systemd/systemd" hostname=? addr=? terminal=? res=success'
Dec 17 15:22:34 ip-10-0-2-151 journal: Journal stopped
Dec 18 13:28:49 ip-10-0-2-151 journal: Runtime journal is using 6.1M (max allowed 49.2M, trying to leave 73.9M free of 486.6M available â†’ current limit 49.2M).
Dec 18 13:28:49 ip-10-0-2-151 kernel: Linux version 4.14.77-86.82.amzn2.x86_64 (mockbuild@ip-10-0-1-79) (gcc version 7.3.1 20180303 (Red Hat 7.3.1-5) (GCC)) #1 SMP Mon Dec 3 19:40:13 UTC 2018
Dec 18 13:28:49 ip-10-0-2-151 kernel: Command line: BOOT_IMAGE=/boot/vmlinuz-4.14.77-86.82.amzn2.x86_64 root=UUID=ca774df7-756d-4261-a3f1-76038323e572 ro console=tty0 console=ttyS0,115200n8 net.ifnames=0 biosdevname=0 nvme_core.io_timeout=4294967295 LANG=en_US.UTF-8
Dec 18 13:28:49 ip-10-0-2-151 kernel: x86/fpu: Supporting XSAVE feature 0x001: 'x87 floating point registers'
Dec 18 13:28:49 ip-10-0-2-151 kernel: x86/fpu: Supporting XSAVE feature 0x002: 'SSE registers'
Dec 18 13:28:49 ip-10-0-2-151 kernel: x86/fpu: Supporting XSAVE feature 0x004: 'AVX registers'
Dec 18 13:28:49 ip-10-0-2-151 kernel: x86/fpu: xstate_offset[2]:  576, xstate_sizes[2]:  256
Dec 18 13:28:49 ip-10-0-2-151 kernel: x86/fpu: Enabled xstate features 0x7, context size is 832 bytes, using 'standard' format.
Dec 18 13:28:49 ip-10-0-2-151 kernel: e820: BIOS-provided physical RAM map:
Dec 18 13:28:49 ip-10-0-2-151 kernel: BIOS-e820: [mem 0x0000000000000000-0x000000000009dfff] usable
Dec 18 13:28:49 ip-10-0-2-151 kernel: BIOS-e820: [mem 0x000000000009e000-0x000000000009ffff] reserved
Dec 18 13:28:49 ip-10-0-2-151 kernel: BIOS-e820: [mem 0x00000000000e0000-0x00000000000fffff] reserved
Dec 18 13:28:49 ip-10-0-2-151 kernel: BIOS-e820: [mem 0x0000000000100000-0x000000003fffffff] usable
Dec 18 13:28:49 ip-10-0-2-151 kernel: BIOS-e820: [mem 0x00000000fc000000-0x00000000ffffffff] reserved
Dec 18 13:28:49 ip-10-0-2-151 kernel: NX (Execute Disable) protection: active
Dec 18 13:28:49 ip-10-0-2-151 kernel: SMBIOS 2.7 present.
Dec 18 13:28:49 ip-10-0-2-151 kernel: DMI: Xen HVM domU, BIOS 4.2.amazon 08/24/2006
Dec 18 13:28:49 ip-10-0-2-151 kernel: Hypervisor detected: Xen HVM
Dec 18 13:28:49 ip-10-0-2-151 kernel: Xen version 4.2.
Dec 18 13:28:49 ip-10-0-2-151 kernel: Netfront and the Xen platform PCI driver have been compiled for this kernel: unplug emulated NICs.
Dec 18 13:28:49 ip-10-0-2-151 kernel: Blkfront and the Xen platform PCI driver have been compiled for this kernel: unplug emulated disks.#012You might have to change the root device#012from /dev/hd[a-d] to /dev/xvd[a-d]#012in your root= kernel command line option
Dec 18 13:28:49 ip-10-0-2-151 kernel: tsc: Fast TSC calibration using PIT
Dec 18 13:28:49 ip-10-0-2-151 kernel: e820: last_pfn = 0x40000 max_arch_pfn = 0x400000000
Dec 18 13:28:49 ip-10-0-2-151 kernel: x86/PAT: Configuration [0-7]: WB  WC  UC- UC  WB  WP  UC- WT  
Dec 18 13:28:49 ip-10-0-2-151 kernel: found SMP MP-table at [mem 0x000fbc50-0x000fbc5f] mapped at [ffffffffff240c50]
Dec 18 13:28:49 ip-10-0-2-151 kernel: Scanning 1 areas for low memory corruption
Dec 18 13:28:49 ip-10-0-2-151 kernel: RAMDISK: [mem 0x3446c000-0x3622dfff]
Dec 18 13:28:49 ip-10-0-2-151 kernel: ACPI: Early table checksum verification disabled
Dec 18 13:28:49 ip-10-0-2-151 kernel: ACPI: RSDP 0x00000000000EA020 000024 (v02 Xen   )
Dec 18 13:28:49 ip-10-0-2-151 kernel: ACPI: XSDT 0x00000000FC00E2A0 000054 (v01 Xen    HVM      00000000 HVML 00000000)
Dec 18 13:28:49 ip-10-0-2-151 kernel: ACPI: FACP 0x00000000FC00DF60 0000F4 (v04 Xen    HVM      00000000 HVML 00000000)
Dec 18 13:28:49 ip-10-0-2-151 kernel: ACPI: DSDT 0x00000000FC0021C0 00BD19 (v02 Xen    HVM      00000000 INTL 20090123)
Dec 18 13:28:49 ip-10-0-2-151 kernel: ACPI: FACS 0x00000000FC002180 000040
Dec 18 13:28:49 ip-10-0-2-151 kernel: ACPI: FACS 0x00000000FC002180 000040
Dec 18 13:28:49 ip-10-0-2-151 kernel: ACPI: APIC 0x00000000FC00E060 0000D8 (v02 Xen    HVM      00000000 HVML 00000000)
Dec 18 13:28:49 ip-10-0-2-151 kernel: ACPI: HPET 0x00000000FC00E1B0 000038 (v01 Xen    HVM      00000000 HVML 00000000)
Dec 18 13:28:49 ip-10-0-2-151 kernel: ACPI: WAET 0x00000000FC00E1F0 000028 (v01 Xen    HVM      00000000 HVML 00000000)
Dec 18 13:28:49 ip-10-0-2-151 kernel: ACPI: SSDT 0x00000000FC00E220 000031 (v02 Xen    HVM      00000000 INTL 20090123)
Dec 18 13:28:49 ip-10-0-2-151 kernel: ACPI: SSDT 0x00000000FC00E260 000031 (v02 Xen    HVM      00000000 INTL 20090123)
Dec 18 13:28:49 ip-10-0-2-151 kernel: No NUMA configuration found
Dec 18 13:28:49 ip-10-0-2-151 kernel: Faking a node at [mem 0x0000000000000000-0x000000003fffffff]
Dec 18 13:28:49 ip-10-0-2-151 kernel: NODE_DATA(0) allocated [mem 0x3ffde000-0x3fffffff]
Dec 18 13:28:49 ip-10-0-2-151 kernel: Zone ranges:
Dec 18 13:28:49 ip-10-0-2-151 kernel:  DMA      [mem 0x0000000000001000-0x0000000000ffffff]
Dec 18 13:28:49 ip-10-0-2-151 kernel:  DMA32    [mem 0x0000000001000000-0x000000003fffffff]
Dec 18 13:28:49 ip-10-0-2-151 kernel:  Normal   empty
Dec 18 13:28:49 ip-10-0-2-151 kernel: Movable zone start for each node
Dec 18 13:28:49 ip-10-0-2-151 kernel: Early memory node ranges
Dec 18 13:28:49 ip-10-0-2-151 kernel:  node   0: [mem 0x0000000000001000-0x000000000009dfff]
Dec 18 13:28:49 ip-10-0-2-151 kernel:  node   0: [mem 0x0000000000100000-0x000000003fffffff]
Dec 18 13:28:49 ip-10-0-2-151 kernel: Initmem setup node 0 [mem 0x0000000000001000-0x000000003fffffff]
Dec 18 13:28:49 ip-10-0-2-151 kernel: ACPI: PM-Timer IO Port: 0xb008
Dec 18 13:28:49 ip-10-0-2-151 kernel: IOAPIC[0]: apic_id 1, version 17, address 0xfec00000, GSI 0-47
Dec 18 13:28:49 ip-10-0-2-151 kernel: ACPI: INT_SRC_OVR (bus 0 bus_irq 0 global_irq 2 dfl dfl)
Dec 18 13:28:49 ip-10-0-2-151 kernel: ACPI: INT_SRC_OVR (bus 0 bus_irq 5 global_irq 5 low level)
Dec 18 13:28:49 ip-10-0-2-151 kernel: ACPI: INT_SRC_OVR (bus 0 bus_irq 10 global_irq 10 low level)
Dec 18 13:28:49 ip-10-0-2-151 kernel: ACPI: INT_SRC_OVR (bus 0 bus_irq 11 global_irq 11 low level)
Dec 18 13:28:49 ip-10-0-2-151 kernel: Using ACPI (MADT) for SMP configuration information
Dec 18 13:28:49 ip-10-0-2-151 kernel: ACPI: HPET id: 0x8086a201 base: 0xfed00000
Dec 18 13:28:49 ip-10-0-2-151 kernel: smpboot: Allowing 15 CPUs, 14 hotplug CPUs
Dec 18 13:28:49 ip-10-0-2-151 kernel: PM: Registered nosave memory: [mem 0x00000000-0x00000fff]
Dec 18 13:28:49 ip-10-0-2-151 kernel: PM: Registered nosave memory: [mem 0x0009e000-0x0009ffff]
Dec 18 13:28:49 ip-10-0-2-151 kernel: PM: Registered nosave memory: [mem 0x000a0000-0x000dffff]
Dec 18 13:28:49 ip-10-0-2-151 kernel: PM: Registered nosave memory: [mem 0x000e0000-0x000fffff]
Dec 18 13:28:49 ip-10-0-2-151 kernel: e820: [mem 0x40000000-0xfbffffff] available for PCI devices
Dec 18 13:28:49 ip-10-0-2-151 kernel: Booting paravirtualized kernel on Xen HVM
Dec 18 13:28:49 ip-10-0-2-151 kernel: clocksource: refined-jiffies: mask: 0xffffffff max_cycles: 0xffffffff, max_idle_ns: 7645519600211568 ns
Dec 18 13:28:49 ip-10-0-2-151 kernel: random: get_random_bytes called from start_kernel+0x94/0x4c8 with crng_init=0
Dec 18 13:28:49 ip-10-0-2-151 kernel: setup_percpu: NR_CPUS:8192 nr_cpumask_bits:15 nr_cpu_ids:15 nr_node_ids:1
Dec 18 13:28:49 ip-10-0-2-151 kernel: percpu: Embedded 44 pages/cpu @ffff88003e200000 s140184 r8192 d31848 u262144
Dec 18 13:28:49 ip-10-0-2-151 kernel: PV qspinlock hash table entries: 256 (order: 0, 4096 bytes)
Dec 18 13:28:49 ip-10-0-2-151 kernel: Built 1 zonelists, mobility grouping on.  Total pages: 257928
Dec 18 13:28:49 ip-10-0-2-151 kernel: Policy zone: DMA32
Dec 18 13:28:49 ip-10-0-2-151 kernel: Kernel command line: BOOT_IMAGE=/boot/vmlinuz-4.14.77-86.82.amzn2.x86_64 root=UUID=ca774df7-756d-4261-a3f1-76038323e572 ro console=tty0 console=ttyS0,115200n8 net.ifnames=0 biosdevname=0 nvme_core.io_timeout=4294967295 LANG=en_US.UTF-8
Dec 18 13:28:49 ip-10-0-2-151 kernel: PID hash table entries: 4096 (order: 3, 32768 bytes)
Dec 18 13:28:49 ip-10-0-2-151 kernel: Memory: 973564K/1048180K available (8204K kernel code, 1940K rwdata, 2808K rodata, 2052K init, 3888K bss, 74616K reserved, 0K cma-reserved)
Dec 18 13:28:49 ip-10-0-2-151 kernel: SLUB: HWalign=64, Order=0-3, MinObjects=0, CPUs=15, Nodes=1
Dec 18 13:28:49 ip-10-0-2-151 kernel: Kernel/User page tables isolation: enabled
Dec 18 13:28:49 ip-10-0-2-151 kernel: ftrace: allocating 26337 entries in 103 pages
Dec 18 13:28:49 ip-10-0-2-151 kernel: Hierarchical RCU implementation.
Dec 18 13:28:49 ip-10-0-2-151 kernel: #011RCU restricting CPUs from NR_CPUS=8192 to nr_cpu_ids=15.
Dec 18 13:28:49 ip-10-0-2-151 kernel: RCU: Adjusting geometry for rcu_fanout_leaf=16, nr_cpu_ids=15
Dec 18 13:28:49 ip-10-0-2-151 kernel: NR_IRQS: 524544, nr_irqs: 952, preallocated irqs: 16
Dec 18 13:28:49 ip-10-0-2-151 kernel: xen:events: Using 2-level ABI
Dec 18 13:28:49 ip-10-0-2-151 kernel: xen:events: Xen HVM callback vector for event delivery is enabled
Dec 18 13:28:49 ip-10-0-2-151 kernel: Console: colour VGA+ 80x25
Dec 18 13:28:49 ip-10-0-2-151 kernel: console [tty0] enabled
Dec 18 13:28:49 ip-10-0-2-151 kernel: Cannot get hvm parameter CONSOLE_EVTCHN (18): -22!
Dec 18 13:28:49 ip-10-0-2-151 kernel: console [ttyS0] enabled
Dec 18 13:28:49 ip-10-0-2-151 kernel: clocksource: hpet: mask: 0xffffffff max_cycles: 0xffffffff, max_idle_ns: 30580167144 ns
Dec 18 13:28:49 ip-10-0-2-151 kernel: tsc: Fast TSC calibration using PIT
Dec 18 13:28:49 ip-10-0-2-151 kernel: tsc: Detected 2400.100 MHz processor
Dec 18 13:28:49 ip-10-0-2-151 kernel: Calibrating delay loop (skipped), value calculated using timer frequency.. 4800.14 BogoMIPS (lpj=9600280)
Dec 18 13:28:49 ip-10-0-2-151 kernel: pid_max: default: 32768 minimum: 301
Dec 18 13:28:49 ip-10-0-2-151 kernel: ACPI: Core revision 20170728
Dec 18 13:28:49 ip-10-0-2-151 kernel: ACPI: 3 ACPI AML tables successfully acquired and loaded
Dec 18 13:28:49 ip-10-0-2-151 kernel: Security Framework initialized
Dec 18 13:28:49 ip-10-0-2-151 kernel: SELinux:  Initializing.
Dec 18 13:28:49 ip-10-0-2-151 kernel: Dentry cache hash table entries: 131072 (order: 8, 1048576 bytes)
Dec 18 13:28:49 ip-10-0-2-151 kernel: Inode-cache hash table entries: 65536 (order: 7, 524288 bytes)
Dec 18 13:28:49 ip-10-0-2-151 kernel: Mount-cache hash table entries: 2048 (order: 2, 16384 bytes)
Dec 18 13:28:49 ip-10-0-2-151 kernel: Mountpoint-cache hash table entries: 2048 (order: 2, 16384 bytes)
Dec 18 13:28:49 ip-10-0-2-151 kernel: mce: CPU supports 2 MCE banks
Dec 18 13:28:49 ip-10-0-2-151 kernel: Last level iTLB entries: 4KB 1024, 2MB 1024, 4MB 1024
Dec 18 13:28:49 ip-10-0-2-151 kernel: Last level dTLB entries: 4KB 1024, 2MB 1024, 4MB 1024, 1GB 4
Dec 18 13:28:49 ip-10-0-2-151 kernel: Spectre V2 : Mitigation: Full generic retpoline
Dec 18 13:28:49 ip-10-0-2-151 kernel: Spectre V2 : Spectre v2 / SpectreRSB mitigation: Filling RSB on context switch
Dec 18 13:28:49 ip-10-0-2-151 kernel: Speculative Store Bypass: Vulnerable
Dec 18 13:28:49 ip-10-0-2-151 kernel: smpboot: Max logical packages: 15
Dec 18 13:28:49 ip-10-0-2-151 kernel: x2apic: IRQ remapping doesn't support X2APIC mode
Dec 18 13:28:49 ip-10-0-2-151 kernel: Switched APIC routing to physical flat.
Dec 18 13:28:49 ip-10-0-2-151 kernel: ..TIMER: vector=0x30 apic1=0 pin1=2 apic2=0 pin2=0
Dec 18 13:28:49 ip-10-0-2-151 kernel: clocksource: xen: mask: 0xffffffffffffffff max_cycles: 0x1cd42e4dffb, max_idle_ns: 881590591483 ns
Dec 18 13:28:49 ip-10-0-2-151 kernel: installing Xen timer for CPU 0
Dec 18 13:28:49 ip-10-0-2-151 kernel: smpboot: CPU0: Intel(R) Xeon(R) CPU E5-2676 v3 @ 2.40GHz (family: 0x6, model: 0x3f, stepping: 0x2)
Dec 18 13:28:49 ip-10-0-2-151 kernel: cpu 0 spinlock event irq 53
Dec 18 13:28:49 ip-10-0-2-151 kernel: Performance Events: unsupported p6 CPU model 63 no PMU driver, software events only.
Dec 18 13:28:49 ip-10-0-2-151 kernel: Hierarchical SRCU implementation.
Dec 18 13:28:49 ip-10-0-2-151 kernel: NMI watchdog: Perf event create on CPU 0 failed with -2
Dec 18 13:28:49 ip-10-0-2-151 kernel: NMI watchdog: Perf NMI watchdog permanently disabled
Dec 18 13:28:49 ip-10-0-2-151 kernel: smp: Bringing up secondary CPUs ...
Dec 18 13:28:49 ip-10-0-2-151 kernel: smp: Brought up 1 node, 1 CPU
Dec 18 13:28:49 ip-10-0-2-151 kernel: smpboot: Total of 1 processors activated (4800.14 BogoMIPS)
Dec 18 13:28:49 ip-10-0-2-151 kernel: devtmpfs: initialized
Dec 18 13:28:49 ip-10-0-2-151 kernel: x86/mm: Memory block size: 128MB
Dec 18 13:28:49 ip-10-0-2-151 kernel: clocksource: jiffies: mask: 0xffffffff max_cycles: 0xffffffff, max_idle_ns: 7645041785100000 ns
Dec 18 13:28:49 ip-10-0-2-151 kernel: futex hash table entries: 4096 (order: 6, 262144 bytes)
Dec 18 13:28:49 ip-10-0-2-151 kernel: NET: Registered protocol family 16
Dec 18 13:28:49 ip-10-0-2-151 kernel: cpuidle: using governor ladder
Dec 18 13:28:49 ip-10-0-2-151 kernel: cpuidle: using governor menu
Dec 18 13:28:49 ip-10-0-2-151 kernel: ACPI: bus type PCI registered
Dec 18 13:28:49 ip-10-0-2-151 kernel: acpiphp: ACPI Hot Plug PCI Controller Driver version: 0.5
Dec 18 13:28:49 ip-10-0-2-151 kernel: PCI: Using configuration type 1 for base access
Dec 18 13:28:49 ip-10-0-2-151 kernel: HugeTLB registered 2.00 MiB page size, pre-allocated 0 pages
Dec 18 13:28:49 ip-10-0-2-151 kernel: ACPI: Added _OSI(Module Device)
Dec 18 13:28:49 ip-10-0-2-151 kernel: ACPI: Added _OSI(Processor Device)
Dec 18 13:28:49 ip-10-0-2-151 kernel: ACPI: Added _OSI(3.0 _SCP Extensions)
Dec 18 13:28:49 ip-10-0-2-151 kernel: ACPI: Added _OSI(Processor Aggregator Device)
Dec 18 13:28:49 ip-10-0-2-151 kernel: ACPI: Interpreter enabled
Dec 18 13:28:49 ip-10-0-2-151 kernel: ACPI: (supports S0 S4 S5)
Dec 18 13:28:49 ip-10-0-2-151 kernel: ACPI: Using IOAPIC for interrupt routing
Dec 18 13:28:49 ip-10-0-2-151 kernel: PCI: Using host bridge windows from ACPI; if necessary, use "pci=nocrs" and report a bug
Dec 18 13:28:49 ip-10-0-2-151 kernel: ACPI: Enabled 2 GPEs in block 00 to 0F
Dec 18 13:28:49 ip-10-0-2-151 kernel: ACPI: PCI Root Bridge [PCI0] (domain 0000 [bus 00-ff])
Dec 18 13:28:49 ip-10-0-2-151 kernel: acpi PNP0A03:00: _OSC: OS supports [ASPM ClockPM Segments MSI]
Dec 18 13:28:49 ip-10-0-2-151 kernel: acpi PNP0A03:00: _OSC failed (AE_NOT_FOUND); disabling ASPM
Dec 18 13:28:49 ip-10-0-2-151 kernel: acpi PNP0A03:00: fail to add MMCONFIG information, can't access extended PCI configuration space under this bridge.
Dec 18 13:28:49 ip-10-0-2-151 kernel: acpiphp: Slot [0] registered
Dec 18 13:28:49 ip-10-0-2-151 kernel: acpiphp: Slot [3] registered
Dec 18 13:28:49 ip-10-0-2-151 kernel: acpiphp: Slot [4] registered
Dec 18 13:28:49 ip-10-0-2-151 kernel: acpiphp: Slot [5] registered
Dec 18 13:28:49 ip-10-0-2-151 kernel: acpiphp: Slot [6] registered
Dec 18 13:28:49 ip-10-0-2-151 kernel: acpiphp: Slot [7] registered
Dec 18 13:28:49 ip-10-0-2-151 kernel: acpiphp: Slot [8] registered
Dec 18 13:28:49 ip-10-0-2-151 kernel: acpiphp: Slot [9] registered
Dec 18 13:28:49 ip-10-0-2-151 kernel: acpiphp: Slot [10] registered
Dec 18 13:28:49 ip-10-0-2-151 kernel: acpiphp: Slot [11] registered
Dec 18 13:28:49 ip-10-0-2-151 kernel: acpiphp: Slot [12] registered
Dec 18 13:28:49 ip-10-0-2-151 kernel: acpiphp: Slot [13] registered
Dec 18 13:28:49 ip-10-0-2-151 kernel: acpiphp: Slot [14] registered
Dec 18 13:28:49 ip-10-0-2-151 kernel: acpiphp: Slot [15] registered
Dec 18 13:28:49 ip-10-0-2-151 kernel: acpiphp: Slot [16] registered
Dec 18 13:28:49 ip-10-0-2-151 kernel: acpiphp: Slot [17] registered
Dec 18 13:28:49 ip-10-0-2-151 kernel: acpiphp: Slot [18] registered
Dec 18 13:28:49 ip-10-0-2-151 kernel: acpiphp: Slot [19] registered
Dec 18 13:28:49 ip-10-0-2-151 kernel: acpiphp: Slot [20] registered
Dec 18 13:28:49 ip-10-0-2-151 kernel: acpiphp: Slot [21] registered
Dec 18 13:28:49 ip-10-0-2-151 kernel: acpiphp: Slot [22] registered
Dec 18 13:28:49 ip-10-0-2-151 kernel: acpiphp: Slot [23] registered
Dec 18 13:28:49 ip-10-0-2-151 kernel: acpiphp: Slot [24] registered
Dec 18 13:28:49 ip-10-0-2-151 kernel: acpiphp: Slot [25] registered
Dec 18 13:28:49 ip-10-0-2-151 kernel: acpiphp: Slot [26] registered
Dec 18 13:28:49 ip-10-0-2-151 kernel: acpiphp: Slot [27] registered
Dec 18 13:28:49 ip-10-0-2-151 kernel: acpiphp: Slot [28] registered
Dec 18 13:28:49 ip-10-0-2-151 kernel: acpiphp: Slot [29] registered
Dec 18 13:28:49 ip-10-0-2-151 kernel: acpiphp: Slot [30] registered
Dec 18 13:28:49 ip-10-0-2-151 kernel: acpiphp: Slot [31] registered
Dec 18 13:28:49 ip-10-0-2-151 kernel: PCI host bridge to bus 0000:00
Dec 18 13:28:49 ip-10-0-2-151 kernel: pci_bus 0000:00: root bus resource [io  0x0000-0x0cf7 window]
Dec 18 13:28:49 ip-10-0-2-151 kernel: pci_bus 0000:00: root bus resource [io  0x0d00-0xffff window]
Dec 18 13:28:49 ip-10-0-2-151 kernel: pci_bus 0000:00: root bus resource [mem 0x000a0000-0x000bffff window]
Dec 18 13:28:49 ip-10-0-2-151 kernel: pci_bus 0000:00: root bus resource [mem 0xf0000000-0xfbffffff window]
Dec 18 13:28:49 ip-10-0-2-151 kernel: pci_bus 0000:00: root bus resource [bus 00-ff]
Dec 18 13:28:49 ip-10-0-2-151 kernel: pci 0000:00:01.1: legacy IDE quirk: reg 0x10: [io  0x01f0-0x01f7]
Dec 18 13:28:49 ip-10-0-2-151 kernel: pci 0000:00:01.1: legacy IDE quirk: reg 0x14: [io  0x03f6]
Dec 18 13:28:49 ip-10-0-2-151 kernel: pci 0000:00:01.1: legacy IDE quirk: reg 0x18: [io  0x0170-0x0177]
Dec 18 13:28:49 ip-10-0-2-151 kernel: pci 0000:00:01.1: legacy IDE quirk: reg 0x1c: [io  0x0376]
Dec 18 13:28:49 ip-10-0-2-151 kernel: * Found PM-Timer Bug on the chipset. Due to workarounds for a bug,#012* this clock source is slow. Consider trying other clock sources
Dec 18 13:28:49 ip-10-0-2-151 kernel: pci 0000:00:01.3: quirk: [io  0xb000-0xb03f] claimed by PIIX4 ACPI
Dec 18 13:28:49 ip-10-0-2-151 kernel: ACPI: PCI Interrupt Link [LNKA] (IRQs *5 10 11)
Dec 18 13:28:49 ip-10-0-2-151 kernel: ACPI: PCI Interrupt Link [LNKB] (IRQs 5 *10 11)
Dec 18 13:28:49 ip-10-0-2-151 kernel: ACPI: PCI Interrupt Link [LNKC] (IRQs 5 10 *11)
Dec 18 13:28:49 ip-10-0-2-151 kernel: ACPI: PCI Interrupt Link [LNKD] (IRQs *5 10 11)
Dec 18 13:28:49 ip-10-0-2-151 kernel: xen:balloon: Initialising balloon driver
Dec 18 13:28:49 ip-10-0-2-151 kernel: pci 0000:00:02.0: vgaarb: setting as boot VGA device
Dec 18 13:28:49 ip-10-0-2-151 kernel: pci 0000:00:02.0: vgaarb: VGA device added: decodes=io+mem,owns=io+mem,locks=none
Dec 18 13:28:49 ip-10-0-2-151 kernel: pci 0000:00:02.0: vgaarb: bridge control possible
Dec 18 13:28:49 ip-10-0-2-151 kernel: vgaarb: loaded
Dec 18 13:28:49 ip-10-0-2-151 kernel: EDAC MC: Ver: 3.0.0
Dec 18 13:28:49 ip-10-0-2-151 kernel: PCI: Using ACPI for IRQ routing
Dec 18 13:28:49 ip-10-0-2-151 kernel: NetLabel: Initializing
Dec 18 13:28:49 ip-10-0-2-151 kernel: NetLabel:  domain hash size = 128
Dec 18 13:28:49 ip-10-0-2-151 kernel: NetLabel:  protocols = UNLABELED CIPSOv4 CALIPSO
Dec 18 13:28:49 ip-10-0-2-151 kernel: NetLabel:  unlabeled traffic allowed by default
Dec 18 13:28:49 ip-10-0-2-151 kernel: HPET: 3 timers in total, 0 timers will be used for per-cpu timer
Dec 18 13:28:49 ip-10-0-2-151 kernel: hpet0: at MMIO 0xfed00000, IRQs 2, 8, 0
Dec 18 13:28:49 ip-10-0-2-151 kernel: hpet0: 3 comparators, 64-bit 62.500000 MHz counter
Dec 18 13:28:49 ip-10-0-2-151 kernel: clocksource: Switched to clocksource xen
Dec 18 13:28:49 ip-10-0-2-151 kernel: VFS: Disk quotas dquot_6.6.0
Dec 18 13:28:49 ip-10-0-2-151 kernel: VFS: Dquot-cache hash table entries: 512 (order 0, 4096 bytes)
Dec 18 13:28:49 ip-10-0-2-151 kernel: pnp: PnP ACPI init
Dec 18 13:28:49 ip-10-0-2-151 kernel: system 00:00: [mem 0x00000000-0x0009ffff] could not be reserved
Dec 18 13:28:49 ip-10-0-2-151 kernel: system 00:01: [io  0x08a0-0x08a3] has been reserved
Dec 18 13:28:49 ip-10-0-2-151 kernel: system 00:01: [io  0x0cc0-0x0ccf] has been reserved
Dec 18 13:28:49 ip-10-0-2-151 kernel: system 00:01: [io  0x04d0-0x04d1] has been reserved
Dec 18 13:28:49 ip-10-0-2-151 kernel: system 00:07: [io  0x10c0-0x1141] has been reserved
Dec 18 13:28:49 ip-10-0-2-151 kernel: system 00:07: [io  0xb044-0xb047] has been reserved
Dec 18 13:28:49 ip-10-0-2-151 kernel: pnp: PnP ACPI: found 8 devices
Dec 18 13:28:49 ip-10-0-2-151 kernel: clocksource: acpi_pm: mask: 0xffffff max_cycles: 0xffffff, max_idle_ns: 2085701024 ns
Dec 18 13:28:49 ip-10-0-2-151 kernel: NET: Registered protocol family 2
Dec 18 13:28:49 ip-10-0-2-151 kernel: TCP established hash table entries: 8192 (order: 4, 65536 bytes)
Dec 18 13:28:49 ip-10-0-2-151 kernel: TCP bind hash table entries: 8192 (order: 5, 131072 bytes)
Dec 18 13:28:49 ip-10-0-2-151 kernel: TCP: Hash tables configured (established 8192 bind 8192)
Dec 18 13:28:49 ip-10-0-2-151 kernel: UDP hash table entries: 512 (order: 2, 16384 bytes)
Dec 18 13:28:49 ip-10-0-2-151 kernel: UDP-Lite hash table entries: 512 (order: 2, 16384 bytes)
Dec 18 13:28:49 ip-10-0-2-151 kernel: NET: Registered protocol family 1
Dec 18 13:28:49 ip-10-0-2-151 kernel: pci 0000:00:00.0: Limiting direct PCI/PCI transfers
Dec 18 13:28:49 ip-10-0-2-151 kernel: pci 0000:00:01.0: PIIX3: Enabling Passive Release
Dec 18 13:28:49 ip-10-0-2-151 kernel: pci 0000:00:01.0: Activating ISA DMA hang workarounds
Dec 18 13:28:49 ip-10-0-2-151 kernel: pci 0000:00:02.0: Video device with shadowed ROM at [mem 0x000c0000-0x000dffff]
Dec 18 13:28:49 ip-10-0-2-151 kernel: Unpacking initramfs...
Dec 18 13:28:49 ip-10-0-2-151 kernel: random: fast init done
Dec 18 13:28:49 ip-10-0-2-151 kernel: Freeing initrd memory: 30472K
Dec 18 13:28:49 ip-10-0-2-151 kernel: Scanning for low memory corruption every 60 seconds
Dec 18 13:28:49 ip-10-0-2-151 kernel: audit: initializing netlink subsys (disabled)
Dec 18 13:28:49 ip-10-0-2-151 kernel: Initialise system trusted keyrings
Dec 18 13:28:49 ip-10-0-2-151 kernel: Key type blacklist registered
Dec 18 13:28:49 ip-10-0-2-151 kernel: audit: type=2000 audit(1545139728.921:1): state=initialized audit_enabled=0 res=1
Dec 18 13:28:49 ip-10-0-2-151 kernel: workingset: timestamp_bits=36 max_order=18 bucket_order=0
Dec 18 13:28:49 ip-10-0-2-151 kernel: zbud: loaded
Dec 18 13:28:49 ip-10-0-2-151 kernel: Key type asymmetric registered
Dec 18 13:28:49 ip-10-0-2-151 kernel: Asymmetric key parser 'x509' registered
Dec 18 13:28:49 ip-10-0-2-151 kernel: Block layer SCSI generic (bsg) driver version 0.4 loaded (major 252)
Dec 18 13:28:49 ip-10-0-2-151 kernel: io scheduler noop registered (default)
Dec 18 13:28:49 ip-10-0-2-151 kernel: io scheduler cfq registered
Dec 18 13:28:49 ip-10-0-2-151 kernel: crc32: CRC_LE_BITS = 64, CRC_BE BITS = 64
Dec 18 13:28:49 ip-10-0-2-151 kernel: crc32: self tests passed, processed 225944 bytes in 161500 nsec
Dec 18 13:28:49 ip-10-0-2-151 kernel: crc32c: CRC_LE_BITS = 64
Dec 18 13:28:49 ip-10-0-2-151 kernel: crc32c: self tests passed, processed 225944 bytes in 80813 nsec
Dec 18 13:28:49 ip-10-0-2-151 kernel: crc32_combine: 8373 self tests passed
Dec 18 13:28:49 ip-10-0-2-151 kernel: crc32c_combine: 8373 self tests passed
Dec 18 13:28:49 ip-10-0-2-151 kernel: xen:grant_table: Grant tables using version 1 layout
Dec 18 13:28:49 ip-10-0-2-151 kernel: Grant table initialized
Dec 18 13:28:49 ip-10-0-2-151 kernel: Cannot get hvm parameter CONSOLE_EVTCHN (18): -22!
Dec 18 13:28:49 ip-10-0-2-151 kernel: Serial: 8250/16550 driver, 4 ports, IRQ sharing disabled
Dec 18 13:28:49 ip-10-0-2-151 kernel: 00:06: ttyS0 at I/O 0x3f8 (irq = 4, base_baud = 115200) is a 16550A
Dec 18 13:28:49 ip-10-0-2-151 kernel: xen_netfront: Initialising Xen virtual ethernet driver
Dec 18 13:28:49 ip-10-0-2-151 kernel: i8042: PNP: PS/2 Controller [PNP0303:PS2K,PNP0f13:PS2M] at 0x60,0x64 irq 1,12
Dec 18 13:28:49 ip-10-0-2-151 kernel: serio: i8042 KBD port at 0x60,0x64 irq 1
Dec 18 13:28:49 ip-10-0-2-151 kernel: serio: i8042 AUX port at 0x60,0x64 irq 12
Dec 18 13:28:49 ip-10-0-2-151 kernel: input: AT Translated Set 2 keyboard as /devices/platform/i8042/serio0/input/input0
Dec 18 13:28:49 ip-10-0-2-151 kernel: rtc_cmos 00:02: rtc core: registered rtc_cmos as rtc0
Dec 18 13:28:49 ip-10-0-2-151 kernel: rtc_cmos 00:02: alarms up to one day, 114 bytes nvram, hpet irqs
Dec 18 13:28:49 ip-10-0-2-151 kernel: hidraw: raw HID events driver (C) Jiri Kosina
Dec 18 13:28:49 ip-10-0-2-151 kernel: NET: Registered protocol family 17
Dec 18 13:28:49 ip-10-0-2-151 kernel: sched_clock: Marking stable (1299150741, 0)->(11222153030, -9923002289)
Dec 18 13:28:49 ip-10-0-2-151 kernel: registered taskstats version 1
Dec 18 13:28:49 ip-10-0-2-151 kernel: Loading compiled-in X.509 certificates
Dec 18 13:28:49 ip-10-0-2-151 kernel: Loaded X.509 cert 'Build time autogenerated kernel key: 520231bf506c3deaa3c754172e4473d4d98762f3'
Dec 18 13:28:49 ip-10-0-2-151 kernel: zswap: loaded using pool lzo/zbud
Dec 18 13:28:49 ip-10-0-2-151 kernel: ima: No TPM chip found, activating TPM-bypass! (rc=-19)
Dec 18 13:28:49 ip-10-0-2-151 kernel: ima: Allocated hash algorithm: sha1
Dec 18 13:28:49 ip-10-0-2-151 kernel: xenbus_probe_frontend: Device with no driver: device/vbd/51712
Dec 18 13:28:49 ip-10-0-2-151 kernel: rtc_cmos 00:02: setting system clock to 2018-12-18 13:28:49 UTC (1545139729)
Dec 18 13:28:49 ip-10-0-2-151 kernel: Freeing unused kernel memory: 2052K
Dec 18 13:28:49 ip-10-0-2-151 kernel: Write protecting the kernel read-only data: 14336k
Dec 18 13:28:49 ip-10-0-2-151 kernel: Freeing unused kernel memory: 2016K
Dec 18 13:28:49 ip-10-0-2-151 kernel: Freeing unused kernel memory: 1288K
Dec 18 13:28:49 ip-10-0-2-151 systemd[1]: Inserted module 'autofs4'
Dec 18 13:28:49 ip-10-0-2-151 kernel: NET: Registered protocol family 10
Dec 18 13:28:49 ip-10-0-2-151 kernel: Segment Routing with IPv6
Dec 18 13:28:49 ip-10-0-2-151 systemd[1]: Inserted module 'ipv6'
Dec 18 13:28:49 ip-10-0-2-151 kernel: random: systemd: uninitialized urandom read (16 bytes read)
Dec 18 13:28:49 ip-10-0-2-151 kernel: random: systemd: uninitialized urandom read (16 bytes read)
Dec 18 13:28:49 ip-10-0-2-151 kernel: random: systemd: uninitialized urandom read (16 bytes read)
Dec 18 13:28:49 ip-10-0-2-151 systemd[1]: systemd 219 running in system mode. (+PAM +AUDIT +SELINUX +IMA -APPARMOR +SMACK +SYSVINIT +UTMP +LIBCRYPTSETUP +GCRYPT +GNUTLS +ACL +XZ +LZ4 -SECCOMP +BLKID +ELFUTILS +KMOD +IDN)
Dec 18 13:28:49 ip-10-0-2-151 systemd[1]: Detected virtualization xen.
Dec 18 13:28:49 ip-10-0-2-151 systemd[1]: Detected architecture x86-64.
Dec 18 13:28:49 ip-10-0-2-151 systemd[1]: Running in initial RAM disk.
Dec 18 13:28:49 ip-10-0-2-151 systemd[1]: No hostname configured.
Dec 18 13:28:49 ip-10-0-2-151 systemd[1]: Set hostname to <localhost>.
Dec 18 13:28:49 ip-10-0-2-151 systemd[1]: Initializing machine ID from random generator.
Dec 18 13:28:49 ip-10-0-2-151 systemd[1]: Created slice Root Slice.
Dec 18 13:28:49 ip-10-0-2-151 systemd[1]: Starting Root Slice.
Dec 18 13:28:49 ip-10-0-2-151 systemd[1]: Created slice System Slice.
Dec 18 13:28:49 ip-10-0-2-151 journal: Journal started
Dec 18 13:28:49 ip-10-0-2-151 systemd: Started Create list of required static device nodes for the current kernel.
Dec 18 13:28:49 ip-10-0-2-151 systemd: Started Apply Kernel Variables.
Dec 18 13:28:49 ip-10-0-2-151 systemd: Started Setup Virtual Console.
Dec 18 13:28:49 ip-10-0-2-151 systemd: Starting Create Static Device Nodes in /dev...
Dec 18 13:28:49 ip-10-0-2-151 systemd: Started Create Static Device Nodes in /dev.
Dec 18 13:28:49 ip-10-0-2-151 systemd: Started dracut cmdline hook.
Dec 18 13:28:49 ip-10-0-2-151 systemd: Starting dracut pre-udev hook...
Dec 18 13:28:49 ip-10-0-2-151 kernel: tsc: Refined TSC clocksource calibration: 2400.000 MHz
Dec 18 13:28:49 ip-10-0-2-151 kernel: clocksource: tsc: mask: 0xffffffffffffffff max_cycles: 0x22983777dd9, max_idle_ns: 440795300422 ns
Dec 18 13:28:49 ip-10-0-2-151 kernel: device-mapper: uevent: version 1.0.3
Dec 18 13:28:49 ip-10-0-2-151 kernel: device-mapper: ioctl: 4.37.0-ioctl (2017-09-20) initialised: dm-devel@redhat.com
Dec 18 13:28:49 ip-10-0-2-151 systemd: Started dracut pre-udev hook.
Dec 18 13:28:49 ip-10-0-2-151 systemd: Starting udev Kernel Device Manager...
Dec 18 13:28:49 ip-10-0-2-151 systemd-udevd: starting version 219
Dec 18 13:28:49 ip-10-0-2-151 systemd-udevd: Network interface NamePolicy= disabled on kernel command line, ignoring.
Dec 18 13:28:49 ip-10-0-2-151 systemd: Started udev Kernel Device Manager.
Dec 18 13:28:49 ip-10-0-2-151 systemd: Starting dracut pre-trigger hook...
Dec 18 13:28:50 ip-10-0-2-151 systemd: Started dracut pre-trigger hook.
Dec 18 13:28:50 ip-10-0-2-151 systemd: Starting udev Coldplug all Devices...
Dec 18 13:28:50 ip-10-0-2-151 systemd-udevd: Network interface NamePolicy= disabled on kernel command line, ignoring.
Dec 18 13:28:50 ip-10-0-2-151 systemd: Started udev Coldplug all Devices.
Dec 18 13:28:50 ip-10-0-2-151 systemd: Reached target System Initialization.
Dec 18 13:28:50 ip-10-0-2-151 systemd: Starting System Initialization.
Dec 18 13:28:50 ip-10-0-2-151 systemd: Starting dracut initqueue hook...
Dec 18 13:28:50 ip-10-0-2-151 systemd: Starting Show Plymouth Boot Screen...
Dec 18 13:28:50 ip-10-0-2-151 systemd: Received SIGRTMIN+20 from PID 1703 (plymouthd).
Dec 18 13:28:50 ip-10-0-2-151 systemd: Started Show Plymouth Boot Screen.
Dec 18 13:28:50 ip-10-0-2-151 systemd: Reached target Paths.
Dec 18 13:28:50 ip-10-0-2-151 systemd: Starting Paths.
Dec 18 13:28:50 ip-10-0-2-151 systemd: Started Forward Password Requests to Plymouth Directory Watch.
Dec 18 13:28:50 ip-10-0-2-151 systemd: Starting Forward Password Requests to Plymouth Directory Watch.
Dec 18 13:28:50 ip-10-0-2-151 systemd: Reached target Basic System.
Dec 18 13:28:50 ip-10-0-2-151 systemd: Starting Basic System.
Dec 18 13:28:50 ip-10-0-2-151 kernel: SCSI subsystem initialized
Dec 18 13:28:50 ip-10-0-2-151 kernel: Invalid max_queues (4), will use default max: 1.
Dec 18 13:28:50 ip-10-0-2-151 kernel: AVX2 version of gcm_enc/dec engaged.
Dec 18 13:28:50 ip-10-0-2-151 kernel: AES CTR mode by8 optimization enabled
Dec 18 13:28:50 ip-10-0-2-151 kernel: scsi host0: ata_piix
Dec 18 13:28:50 ip-10-0-2-151 kernel: scsi host1: ata_piix
Dec 18 13:28:50 ip-10-0-2-151 kernel: ata1: PATA max MWDMA2 cmd 0x1f0 ctl 0x3f6 bmdma 0xc100 irq 14
Dec 18 13:28:50 ip-10-0-2-151 kernel: ata2: PATA max MWDMA2 cmd 0x170 ctl 0x376 bmdma 0xc108 irq 15
Dec 18 13:28:50 ip-10-0-2-151 kernel: blkfront: xvda: barrier or flush: disabled; persistent grants: disabled; indirect descriptors: enabled;
Dec 18 13:28:50 ip-10-0-2-151 kernel: alg: No test for pcbc(aes) (pcbc-aes-aesni)
Dec 18 13:28:50 ip-10-0-2-151 kernel: xvda: xvda1
Dec 18 13:28:50 ip-10-0-2-151 systemd: Found device /dev/disk/by-uuid/ca774df7-756d-4261-a3f1-76038323e572.
Dec 18 13:28:50 ip-10-0-2-151 systemd: Starting File System Check on /dev/disk/by-uuid/ca774df7-756d-4261-a3f1-76038323e572...
Dec 18 13:28:50 ip-10-0-2-151 systemd-fsck: /usr/sbin/fsck.xfs: XFS file system.
Dec 18 13:28:50 ip-10-0-2-151 systemd: Started File System Check on /dev/disk/by-uuid/ca774df7-756d-4261-a3f1-76038323e572.
Dec 18 13:28:50 ip-10-0-2-151 systemd: Started dracut initqueue hook.
Dec 18 13:28:50 ip-10-0-2-151 systemd: Reached target Remote File Systems (Pre).
Dec 18 13:28:50 ip-10-0-2-151 systemd: Starting Remote File Systems (Pre).
Dec 18 13:28:50 ip-10-0-2-151 systemd: Reached target Remote File Systems.
Dec 18 13:28:50 ip-10-0-2-151 systemd: Starting Remote File Systems.
Dec 18 13:28:50 ip-10-0-2-151 systemd: Starting dracut pre-mount hook...
Dec 18 13:28:50 ip-10-0-2-151 systemd: Started dracut pre-mount hook.
Dec 18 13:28:50 ip-10-0-2-151 systemd: Mounting /sysroot...
Dec 18 13:28:50 ip-10-0-2-151 kernel: SGI XFS with ACLs, security attributes, no debug enabled
Dec 18 13:28:50 ip-10-0-2-151 kernel: XFS (xvda1): Mounting V5 Filesystem
Dec 18 13:28:50 ip-10-0-2-151 systemd: Mounted /sysroot.
Dec 18 13:28:50 ip-10-0-2-151 systemd: Reached target Initrd Root File System.
Dec 18 13:28:50 ip-10-0-2-151 systemd: Starting Initrd Root File System.
Dec 18 13:28:50 ip-10-0-2-151 systemd: Starting Reload Configuration from the Real Root...
Dec 18 13:28:50 ip-10-0-2-151 kernel: XFS (xvda1): Ending clean mount
Dec 18 13:28:50 ip-10-0-2-151 systemd: Reloading.
Dec 18 13:28:50 ip-10-0-2-151 systemd: Started Reload Configuration from the Real Root.
Dec 18 13:28:50 ip-10-0-2-151 systemd: Reached target Initrd File Systems.
Dec 18 13:28:50 ip-10-0-2-151 systemd: Starting Initrd File Systems.
Dec 18 13:28:50 ip-10-0-2-151 systemd: Reached target Initrd Default Target.
Dec 18 13:28:50 ip-10-0-2-151 systemd: Starting Initrd Default Target.
Dec 18 13:28:50 ip-10-0-2-151 systemd: Starting dracut pre-pivot and cleanup hook...
Dec 18 13:28:50 ip-10-0-2-151 systemd: Started dracut pre-pivot and cleanup hook.
Dec 18 13:28:50 ip-10-0-2-151 systemd: Starting Cleaning Up and Shutting Down Daemons...
Dec 18 13:28:50 ip-10-0-2-151 systemd: Stopped Cleaning Up and Shutting Down Daemons.
Dec 18 13:28:50 ip-10-0-2-151 systemd: Stopped target Timers.
Dec 18 13:28:50 ip-10-0-2-151 systemd: Stopping Timers.
Dec 18 13:28:50 ip-10-0-2-151 systemd: Starting Plymouth switch root service...
Dec 18 13:28:50 ip-10-0-2-151 systemd: Stopped dracut pre-pivot and cleanup hook.
Dec 18 13:28:50 ip-10-0-2-151 systemd: Stopping dracut pre-pivot and cleanup hook...
Dec 18 13:28:50 ip-10-0-2-151 systemd: Stopped dracut pre-mount hook.
Dec 18 13:28:50 ip-10-0-2-151 systemd: Stopping dracut pre-mount hook...
Dec 18 13:28:50 ip-10-0-2-151 systemd: Stopped target Initrd Default Target.
Dec 18 13:28:50 ip-10-0-2-151 systemd: Stopping Initrd Default Target.
Dec 18 13:28:50 ip-10-0-2-151 systemd: Stopped target Basic System.
Dec 18 13:28:50 ip-10-0-2-151 systemd: Stopping Basic System.
Dec 18 13:28:50 ip-10-0-2-151 systemd: Stopped target System Initialization.
Dec 18 13:28:50 ip-10-0-2-151 systemd: Stopping System Initialization.
Dec 18 13:28:50 ip-10-0-2-151 systemd: Stopped target Local File Systems.
Dec 18 13:28:50 ip-10-0-2-151 systemd: Stopping Local File Systems.
Dec 18 13:28:50 ip-10-0-2-151 systemd: Stopped target Swap.
Dec 18 13:28:50 ip-10-0-2-151 systemd: Stopping Swap.
Dec 18 13:28:50 ip-10-0-2-151 systemd: Stopped target Local Encrypted Volumes.
Dec 18 13:28:50 ip-10-0-2-151 systemd: Stopping Local Encrypted Volumes.
Dec 18 13:28:50 ip-10-0-2-151 systemd: Stopped target Slices.
Dec 18 13:28:50 ip-10-0-2-151 systemd: Stopping Slices.
Dec 18 13:28:50 ip-10-0-2-151 systemd: Stopped target Paths.
Dec 18 13:28:50 ip-10-0-2-151 systemd: Stopping Paths.
Dec 18 13:28:50 ip-10-0-2-151 systemd: Stopped target Sockets.
Dec 18 13:28:50 ip-10-0-2-151 systemd: Stopping Sockets.
Dec 18 13:28:50 ip-10-0-2-151 systemd: Stopped target Remote File Systems.
Dec 18 13:28:50 ip-10-0-2-151 systemd: Stopping Remote File Systems.
Dec 18 13:28:50 ip-10-0-2-151 systemd: Stopped target Remote File Systems (Pre).
Dec 18 13:28:50 ip-10-0-2-151 systemd: Stopping Remote File Systems (Pre).
Dec 18 13:28:50 ip-10-0-2-151 systemd: Stopped dracut initqueue hook.
Dec 18 13:28:50 ip-10-0-2-151 systemd: Stopping dracut initqueue hook...
Dec 18 13:28:50 ip-10-0-2-151 systemd: Stopped udev Coldplug all Devices.
Dec 18 13:28:50 ip-10-0-2-151 systemd: Stopping udev Coldplug all Devices...
Dec 18 13:28:50 ip-10-0-2-151 systemd: Stopped dracut pre-trigger hook.
Dec 18 13:28:50 ip-10-0-2-151 systemd: Stopping dracut pre-trigger hook...
Dec 18 13:28:50 ip-10-0-2-151 systemd: Stopping udev Kernel Device Manager...
Dec 18 13:28:50 ip-10-0-2-151 systemd: Stopped Apply Kernel Variables.
Dec 18 13:28:50 ip-10-0-2-151 systemd: Stopping Apply Kernel Variables...
Dec 18 13:28:50 ip-10-0-2-151 systemd: Stopped udev Kernel Device Manager.
Dec 18 13:28:50 ip-10-0-2-151 systemd: Stopped Create Static Device Nodes in /dev.
Dec 18 13:28:50 ip-10-0-2-151 systemd: Stopping Create Static Device Nodes in /dev...
Dec 18 13:28:50 ip-10-0-2-151 systemd: Stopped Create list of required static device nodes for the current kernel.
Dec 18 13:28:50 ip-10-0-2-151 systemd: Stopping Create list of required static device nodes for the current kernel...
Dec 18 13:28:50 ip-10-0-2-151 systemd: Stopped dracut pre-udev hook.
Dec 18 13:28:50 ip-10-0-2-151 systemd: Stopping dracut pre-udev hook...
Dec 18 13:28:50 ip-10-0-2-151 systemd: Stopped dracut cmdline hook.
Dec 18 13:28:50 ip-10-0-2-151 systemd: Stopping dracut cmdline hook...
Dec 18 13:28:50 ip-10-0-2-151 systemd: Closed udev Kernel Socket.
Dec 18 13:28:50 ip-10-0-2-151 systemd: Stopping udev Kernel Socket.
Dec 18 13:28:50 ip-10-0-2-151 systemd: Closed udev Control Socket.
Dec 18 13:28:50 ip-10-0-2-151 systemd: Stopping udev Control Socket.
Dec 18 13:28:50 ip-10-0-2-151 systemd: Starting Cleanup udevd DB...
Dec 18 13:28:50 ip-10-0-2-151 systemd: Started Cleanup udevd DB.
Dec 18 13:28:50 ip-10-0-2-151 systemd: Reached target Switch Root.
Dec 18 13:28:50 ip-10-0-2-151 systemd: Starting Switch Root.
Dec 18 13:28:51 ip-10-0-2-151 systemd: Started Plymouth switch root service.
Dec 18 13:28:51 ip-10-0-2-151 systemd: Starting Switch Root...
Dec 18 13:28:51 ip-10-0-2-151 systemd: Switching root.
Dec 18 13:28:51 ip-10-0-2-151 journal: Journal stopped
Dec 18 13:28:51 ip-10-0-2-151 journal: Runtime journal is using 6.1M (max allowed 49.2M, trying to leave 73.9M free of 480.5M available â†’ current limit 49.2M).
Dec 18 13:28:51 ip-10-0-2-151 systemd-journald[919]: Received SIGTERM from PID 1 (systemd).
Dec 18 13:28:51 ip-10-0-2-151 kernel: systemd: 25 output lines suppressed due to ratelimiting
Dec 18 13:28:51 ip-10-0-2-151 kernel: SELinux:  Disabled at runtime.
Dec 18 13:28:51 ip-10-0-2-151 kernel: audit: type=1404 audit(1545139731.184:2): selinux=0 auid=4294967295 ses=4294967295
Dec 18 13:28:51 ip-10-0-2-151 kernel: ip_tables: (C) 2000-2006 Netfilter Core Team
Dec 18 13:28:51 ip-10-0-2-151 systemd[1]: Inserted module 'ip_tables'
Dec 18 13:28:51 ip-10-0-2-151 journal: Journal started
Dec 18 13:28:51 ip-10-0-2-151 systemd: systemd 219 running in system mode. (+PAM +AUDIT +SELINUX +IMA -APPARMOR +SMACK +SYSVINIT +UTMP +LIBCRYPTSETUP +GCRYPT +GNUTLS +ACL +XZ +LZ4 -SECCOMP +BLKID +ELFUTILS +KMOD +IDN)
Dec 18 13:28:51 ip-10-0-2-151 systemd: Detected virtualization xen.
Dec 18 13:28:51 ip-10-0-2-151 systemd: Detected architecture x86-64.
Dec 18 13:28:51 ip-10-0-2-151 systemd: Set hostname to <ip-10-0-2-151.us-west-2.compute.internal>.
Dec 18 13:28:51 ip-10-0-2-151 systemd: [/usr/lib/systemd/system/irqbalance.service:12] Unknown lvalue 'ReadOnlyPaths' in section 'Service'
Dec 18 13:28:51 ip-10-0-2-151 systemd: [/usr/lib/systemd/system/irqbalance.service:13] Unknown lvalue 'ReadWritePaths' in section 'Service'
Dec 18 13:28:51 ip-10-0-2-151 systemd: [/usr/lib/systemd/system/irqbalance.service:15] Unknown lvalue 'TemporaryFileSystem' in section 'Service'
Dec 18 13:28:51 ip-10-0-2-151 systemd: Cannot add dependency job for unit httpd-init.service, ignoring: Unit not found.
Dec 18 13:28:51 ip-10-0-2-151 systemd: Cannot add dependency job for unit display-manager.service, ignoring: Unit not found.
Dec 18 13:28:51 ip-10-0-2-151 systemd-modules-load: Inserted module 'ena'
Dec 18 13:28:51 ip-10-0-2-151 kernel: ena: Elastic Network Adapter (ENA) v2.0.2g
Dec 18 13:28:51 ip-10-0-2-151 systemd: Started Create list of required static device nodes for the current kernel.
Dec 18 13:28:51 ip-10-0-2-151 systemd: Started Remount Root and Kernel File Systems.
Dec 18 13:28:51 ip-10-0-2-151 systemd: Started Load Kernel Modules.
Dec 18 13:28:51 ip-10-0-2-151 systemd: Starting Apply Kernel Variables...
Dec 18 13:28:51 ip-10-0-2-151 systemd: Starting Load/Save Random Seed...
Dec 18 13:28:51 ip-10-0-2-151 systemd: Starting udev Coldplug all Devices...
Dec 18 13:28:51 ip-10-0-2-151 systemd: Starting Configure read-only root support...
Dec 18 13:28:51 ip-10-0-2-151 systemd: Starting Create Static Device Nodes in /dev...
Dec 18 13:28:51 ip-10-0-2-151 systemd: Starting Flush Journal to Persistent Storage...
Dec 18 13:28:51 ip-10-0-2-151 systemd: Started Apply Kernel Variables.
Dec 18 13:28:51 ip-10-0-2-151 systemd: Started Load/Save Random Seed.
Dec 18 13:28:51 ip-10-0-2-151 systemd: Started LVM2 metadata daemon.
Dec 18 13:28:51 ip-10-0-2-151 systemd: Starting LVM2 metadata daemon...
Dec 18 13:28:51 ip-10-0-2-151 journal: Permanent journal is using 56.0M (max allowed 818.0M, trying to leave 1.1G free of 5.8G available â†’ current limit 818.0M).
Dec 18 13:28:51 ip-10-0-2-151 journal: Time spent on flushing to /var is 241.236ms for 541 entries.
Dec 18 13:28:51 ip-10-0-2-151 kernel: input: Power Button as /devices/LNXSYSTM:00/LNXPWRBN:00/input/input3
Dec 18 13:28:51 ip-10-0-2-151 kernel: ACPI: Power Button [PWRF]
Dec 18 13:28:51 ip-10-0-2-151 kernel: input: Sleep Button as /devices/LNXSYSTM:00/LNXSLPBN:00/input/input4
Dec 18 13:28:51 ip-10-0-2-151 kernel: ACPI: Sleep Button [SLPF]
Dec 18 13:28:51 ip-10-0-2-151 kernel: input: ImExPS/2 Generic Explorer Mouse as /devices/platform/i8042/serio1/input/input5
Dec 18 13:28:51 ip-10-0-2-151 kernel: mousedev: PS/2 mouse device common for all mice
Dec 18 13:28:51 ip-10-0-2-151 systemd: Started Create Static Device Nodes in /dev.
Dec 18 13:28:51 ip-10-0-2-151 systemd: Starting udev Kernel Device Manager...
Dec 18 13:28:51 ip-10-0-2-151 systemd: Started Configure read-only root support.
Dec 18 13:28:51 ip-10-0-2-151 systemd-udevd: starting version 219
Dec 18 13:28:51 ip-10-0-2-151 systemd-udevd: Network interface NamePolicy= disabled on kernel command line, ignoring.
Dec 18 13:28:51 ip-10-0-2-151 systemd: Started udev Coldplug all Devices.
Dec 18 13:28:51 ip-10-0-2-151 systemd: Starting udev Wait for Complete Device Initialization...
Dec 18 13:28:51 ip-10-0-2-151 systemd: Started udev Kernel Device Manager.
Dec 18 13:28:51 ip-10-0-2-151 systemd: Found device /dev/ttyS0.
Dec 18 13:28:51 ip-10-0-2-151 kernel: EDAC sbridge:  Ver: 1.1.2 
Dec 18 13:28:51 ip-10-0-2-151 systemd: Started Flush Journal to Persistent Storage.
Dec 18 13:28:51 ip-10-0-2-151 systemd: Created slice system-ec2net\x2difup.slice.
Dec 18 13:28:51 ip-10-0-2-151 systemd: Starting system-ec2net\x2difup.slice.
Dec 18 13:28:51 ip-10-0-2-151 systemd: Started udev Wait for Complete Device Initialization.
Dec 18 13:28:51 ip-10-0-2-151 systemd: Starting Activation of DM RAID sets...
Dec 18 13:28:51 ip-10-0-2-151 systemd: Started Activation of DM RAID sets.
Dec 18 13:28:51 ip-10-0-2-151 systemd: Reached target Local Encrypted Volumes.
Dec 18 13:28:51 ip-10-0-2-151 systemd: Starting Local Encrypted Volumes.
Dec 18 13:28:51 ip-10-0-2-151 systemd: Started Monitoring of LVM2 mirrors, snapshots etc. using dmeventd or progress polling.
Dec 18 13:28:51 ip-10-0-2-151 systemd: Reached target Local File Systems (Pre).
Dec 18 13:28:51 ip-10-0-2-151 systemd: Starting Local File Systems (Pre).
Dec 18 13:28:51 ip-10-0-2-151 systemd: Reached target Local File Systems.
Dec 18 13:28:51 ip-10-0-2-151 systemd: Starting Local File Systems.
Dec 18 13:28:51 ip-10-0-2-151 systemd: Starting Preprocess NFS configuration...
Dec 18 13:28:51 ip-10-0-2-151 systemd: Starting Tell Plymouth To Write Out Runtime Data...
Dec 18 13:28:51 ip-10-0-2-151 systemd: Starting Create Volatile Files and Directories...
Dec 18 13:28:52 ip-10-0-2-151 systemd: Started Preprocess NFS configuration.
Dec 18 13:28:52 ip-10-0-2-151 systemd: Started Create Volatile Files and Directories.
Dec 18 13:28:52 ip-10-0-2-151 systemd: Starting Security Auditing Service...
Dec 18 13:28:52 ip-10-0-2-151 systemd: Mounting RPC Pipe File System...
Dec 18 13:28:52 ip-10-0-2-151 systemd: Started Tell Plymouth To Write Out Runtime Data.
Dec 18 13:28:52 ip-10-0-2-151 kernel: RPC: Registered named UNIX socket transport module.
Dec 18 13:28:52 ip-10-0-2-151 kernel: RPC: Registered udp transport module.
Dec 18 13:28:52 ip-10-0-2-151 kernel: RPC: Registered tcp transport module.
Dec 18 13:28:52 ip-10-0-2-151 kernel: RPC: Registered tcp NFSv4.1 backchannel transport module.
Dec 18 13:28:52 ip-10-0-2-151 systemd: Mounted RPC Pipe File System.
Dec 18 13:28:52 ip-10-0-2-151 systemd: Reached target rpc_pipefs.target.
Dec 18 13:28:52 ip-10-0-2-151 systemd: Starting rpc_pipefs.target.
Dec 18 13:28:52 ip-10-0-2-151 auditd[2626]: Started dispatcher: /sbin/audispd pid: 2628
Dec 18 13:28:52 ip-10-0-2-151 auditd[2626]: Init complete, auditd 2.8.1 listening for events (startup state enable)
Dec 18 13:28:52 ip-10-0-2-151 audispd: No plugins found, exiting
Dec 18 13:28:52 ip-10-0-2-151 augenrules: /sbin/augenrules: No change
Dec 18 13:28:52 ip-10-0-2-151 augenrules: No rules
Dec 18 13:28:52 ip-10-0-2-151 augenrules: enabled 1
Dec 18 13:28:52 ip-10-0-2-151 augenrules: failure 1
Dec 18 13:28:52 ip-10-0-2-151 augenrules: pid 2626
Dec 18 13:28:52 ip-10-0-2-151 augenrules: rate_limit 0
Dec 18 13:28:52 ip-10-0-2-151 augenrules: backlog_limit 8192
Dec 18 13:28:52 ip-10-0-2-151 augenrules: lost 0
Dec 18 13:28:52 ip-10-0-2-151 augenrules: backlog 1
Dec 18 13:28:52 ip-10-0-2-151 augenrules: backlog_wait_time 15000
Dec 18 13:28:52 ip-10-0-2-151 augenrules: enabled 1
Dec 18 13:28:52 ip-10-0-2-151 augenrules: failure 1
Dec 18 13:28:52 ip-10-0-2-151 augenrules: pid 2626
Dec 18 13:28:52 ip-10-0-2-151 augenrules: rate_limit 0
Dec 18 13:28:52 ip-10-0-2-151 augenrules: backlog_limit 8192
Dec 18 13:28:52 ip-10-0-2-151 augenrules: lost 0
Dec 18 13:28:52 ip-10-0-2-151 augenrules: backlog 1
Dec 18 13:28:52 ip-10-0-2-151 augenrules: backlog_wait_time 15000
Dec 18 13:28:52 ip-10-0-2-151 systemd: Started Security Auditing Service.
Dec 18 13:28:52 ip-10-0-2-151 systemd: Starting Update UTMP about System Boot/Shutdown...
Dec 18 13:28:52 ip-10-0-2-151 systemd: Started Update UTMP about System Boot/Shutdown.
Dec 18 13:28:52 ip-10-0-2-151 systemd: Reached target System Initialization.
Dec 18 13:28:52 ip-10-0-2-151 systemd: Starting System Initialization.
Dec 18 13:28:52 ip-10-0-2-151 systemd: Started Daily Cleanup of Temporary Directories.
Dec 18 13:28:52 ip-10-0-2-151 systemd: Starting Daily Cleanup of Temporary Directories.
Dec 18 13:28:52 ip-10-0-2-151 systemd: Reached target Timers.
Dec 18 13:28:52 ip-10-0-2-151 systemd: Starting Timers.
Dec 18 13:28:52 ip-10-0-2-151 systemd: Listening on RPCbind Server Activation Socket.
Dec 18 13:28:52 ip-10-0-2-151 systemd: Starting RPCbind Server Activation Socket.
Dec 18 13:28:52 ip-10-0-2-151 systemd: Listening on D-Bus System Message Bus Socket.
Dec 18 13:28:52 ip-10-0-2-151 systemd: Starting D-Bus System Message Bus Socket.
Dec 18 13:28:52 ip-10-0-2-151 systemd: Reached target Sockets.
Dec 18 13:28:52 ip-10-0-2-151 systemd: Starting Sockets.
Dec 18 13:28:52 ip-10-0-2-151 systemd: Started Flexible branding.
Dec 18 13:28:52 ip-10-0-2-151 systemd: Starting Flexible branding.
Dec 18 13:28:52 ip-10-0-2-151 systemd: Reached target Paths.
Dec 18 13:28:52 ip-10-0-2-151 systemd: Starting Paths.
Dec 18 13:28:52 ip-10-0-2-151 systemd: Reached target Basic System.
Dec 18 13:28:52 ip-10-0-2-151 systemd: Starting Basic System.
Dec 18 13:28:52 ip-10-0-2-151 systemd: Started D-Bus System Message Bus.
Dec 18 13:28:52 ip-10-0-2-151 systemd: Starting D-Bus System Message Bus...
Dec 18 13:28:52 ip-10-0-2-151 systemd: Starting NTP client/server...
Dec 18 13:28:52 ip-10-0-2-151 systemd: Starting Dump dmesg to /var/log/dmesg...
Dec 18 13:28:52 ip-10-0-2-151 systemd: Started Hardware RNG Entropy Gatherer Daemon.
Dec 18 13:28:52 ip-10-0-2-151 systemd: Starting Hardware RNG Entropy Gatherer Daemon...
Dec 18 13:28:52 ip-10-0-2-151 systemd: Starting Resets System Activity Logs...
Dec 18 13:28:52 ip-10-0-2-151 systemd: Starting Initial cloud-init job (pre-networking)...
Dec 18 13:28:52 ip-10-0-2-151 systemd: Started irqbalance daemon.
Dec 18 13:28:52 ip-10-0-2-151 systemd: Starting irqbalance daemon...
Dec 18 13:28:52 ip-10-0-2-151 systemd: Starting GSSAPI Proxy Daemon...
Dec 18 13:28:52 ip-10-0-2-151 systemd: Started libstoragemgmt plug-in server daemon.
Dec 18 13:28:52 ip-10-0-2-151 systemd: Starting libstoragemgmt plug-in server daemon...
Dec 18 13:28:52 ip-10-0-2-151 systemd: Starting Login Service...
Dec 18 13:28:52 ip-10-0-2-151 rngd: Failed to init entropy source 0: Hardware RNG Device
Dec 18 13:28:52 ip-10-0-2-151 rngd: Failed to init entropy source 1: TPM RNG Device
Dec 18 13:28:52 ip-10-0-2-151 /usr/sbin/irqbalance: Balancing is ineffective on systems with a single cpu.  Shutting down
Dec 18 13:28:52 ip-10-0-2-151 systemd-logind: Watching system buttons on /dev/input/event1 (Power Button)
Dec 18 13:28:52 ip-10-0-2-151 systemd: Started Login Service.
Dec 18 13:28:52 ip-10-0-2-151 systemd-logind: Watching system buttons on /dev/input/event2 (Sleep Button)
Dec 18 13:28:52 ip-10-0-2-151 systemd-logind: New seat seat0.
Dec 18 13:28:52 ip-10-0-2-151 systemd: Started Resets System Activity Logs.
Dec 18 13:28:52 ip-10-0-2-151 systemd: Started Dump dmesg to /var/log/dmesg.
Dec 18 13:28:52 ip-10-0-2-151 chronyd[2677]: chronyd version 3.2 starting (+CMDMON +NTP +REFCLOCK +RTC +PRIVDROP +SCFILTER +SECHASH +SIGND +ASYNCDNS +IPV6 +DEBUG)
Dec 18 13:28:52 ip-10-0-2-151 chronyd[2677]: Frequency 14.010 +/- 0.041 ppm read from /var/lib/chrony/drift
Dec 18 13:28:52 ip-10-0-2-151 kernel: random: crng init done
Dec 18 13:28:52 ip-10-0-2-151 kernel: random: 7 urandom warning(s) missed due to ratelimiting
Dec 18 13:28:52 ip-10-0-2-151 systemd: Started GSSAPI Proxy Daemon.
Dec 18 13:28:52 ip-10-0-2-151 systemd: Reached target NFS client services.
Dec 18 13:28:52 ip-10-0-2-151 systemd: Starting NFS client services.
Dec 18 13:28:52 ip-10-0-2-151 systemd: Reached target Remote File Systems (Pre).
Dec 18 13:28:52 ip-10-0-2-151 systemd: Starting Remote File Systems (Pre).
Dec 18 13:28:52 ip-10-0-2-151 systemd: Reached target Remote File Systems.
Dec 18 13:28:52 ip-10-0-2-151 systemd: Starting Remote File Systems.
Dec 18 13:28:52 ip-10-0-2-151 systemd: Started NTP client/server.
Dec 18 13:28:53 ip-10-0-2-151 cloud-init: Cloud-init v. 18.2-72.amzn2.0.6 running 'init-local' at Tue, 18 Dec 2018 13:28:53 +0000. Up 4.99 seconds.
Dec 18 13:28:53 ip-10-0-2-151 systemd: Started Initial cloud-init job (pre-networking).
Dec 18 13:28:53 ip-10-0-2-151 systemd: Reached target Network (Pre).
Dec 18 13:28:53 ip-10-0-2-151 systemd: Starting Network (Pre).
Dec 18 13:28:53 ip-10-0-2-151 systemd: Starting LSB: Bring up/down networking...
Dec 18 13:28:53 ip-10-0-2-151 network: Bringing up loopback interface:  [  OK  ]
Dec 18 13:28:53 ip-10-0-2-151 network: Bringing up interface eth0:
Dec 18 13:28:53 ip-10-0-2-151 dhclient[2815]: DHCPDISCOVER on eth0 to 255.255.255.255 port 67 interval 3 (xid=0x7bed5e6b)
Dec 18 13:28:53 ip-10-0-2-151 dhclient[2815]: DHCPREQUEST on eth0 to 255.255.255.255 port 67 (xid=0x7bed5e6b)
Dec 18 13:28:53 ip-10-0-2-151 dhclient[2815]: DHCPOFFER from 10.0.2.1
Dec 18 13:28:53 ip-10-0-2-151 dhclient[2815]: DHCPACK from 10.0.2.1 (xid=0x7bed5e6b)
Dec 18 13:28:53 ip-10-0-2-151 NET[2861]: /usr/sbin/dhclient-script : updated /etc/resolv.conf
Dec 18 13:28:53 ip-10-0-2-151 dhclient[2815]: bound to 10.0.2.151 -- renewal in 1746 seconds.
Dec 18 13:28:53 ip-10-0-2-151 ec2net: [get_meta] Trying to get http://169.254.169.254/latest/meta-data/network/interfaces/macs/0a:52:b2:38:a2:aa/local-ipv4s
Dec 18 13:28:53 ip-10-0-2-151 network: Determining IP information for eth0... done.
Dec 18 13:28:53 ip-10-0-2-151 ec2net: [rewrite_aliases] Rewriting aliases of eth0
Dec 18 13:28:54 ip-10-0-2-151 network: Determining IPv6 information for eth0... done.
Dec 18 13:28:54 ip-10-0-2-151 network: [  OK  ]
Dec 18 13:28:54 ip-10-0-2-151 systemd: Started LSB: Bring up/down networking.
Dec 18 13:28:54 ip-10-0-2-151 systemd: Starting Initial cloud-init job (metadata service crawler)...
Dec 18 13:28:54 ip-10-0-2-151 systemd: Reached target Network.
Dec 18 13:28:54 ip-10-0-2-151 systemd: Starting Network.
Dec 18 13:28:54 ip-10-0-2-151 systemd: Starting The Apache HTTP Server...
Dec 18 13:28:54 ip-10-0-2-151 systemd: Starting Postfix Mail Transport Agent...
Dec 18 13:28:54 ip-10-0-2-151 dhclient[2980]: XMT: Solicit on eth0, interval 1030ms.
Dec 18 13:28:55 ip-10-0-2-151 systemd: Started The Apache HTTP Server.
Dec 18 13:28:55 ip-10-0-2-151 cloud-init: Cloud-init v. 18.2-72.amzn2.0.6 running 'init' at Tue, 18 Dec 2018 13:28:55 +0000. Up 7.50 seconds.
Dec 18 13:28:55 ip-10-0-2-151 cloud-init: ci-info: ++++++++++++++++++++++++++++++++++++++Net device info+++++++++++++++++++++++++++++++++++++++
Dec 18 13:28:55 ip-10-0-2-151 cloud-init: ci-info: +--------+------+-----------------------------+---------------+--------+-------------------+
Dec 18 13:28:55 ip-10-0-2-151 cloud-init: ci-info: | Device |  Up  |           Address           |      Mask     | Scope  |     Hw-Address    |
Dec 18 13:28:55 ip-10-0-2-151 cloud-init: ci-info: +--------+------+-----------------------------+---------------+--------+-------------------+
Dec 18 13:28:55 ip-10-0-2-151 cloud-init: ci-info: |  eth0  | True |          10.0.2.151         | 255.255.255.0 | global | 0a:52:b2:38:a2:aa |
Dec 18 13:28:55 ip-10-0-2-151 cloud-init: ci-info: |  eth0  | True | fe80::852:b2ff:fe38:a2aa/64 |       .       |  link  | 0a:52:b2:38:a2:aa |
Dec 18 13:28:55 ip-10-0-2-151 cloud-init: ci-info: |   lo   | True |          127.0.0.1          |   255.0.0.0   |  host  |         .         |
Dec 18 13:28:55 ip-10-0-2-151 cloud-init: ci-info: |   lo   | True |           ::1/128           |       .       |  host  |         .         |
Dec 18 13:28:55 ip-10-0-2-151 cloud-init: ci-info: +--------+------+-----------------------------+---------------+--------+-------------------+
Dec 18 13:28:55 ip-10-0-2-151 cloud-init: ci-info: ++++++++++++++++++++++++++++++Route IPv4 info+++++++++++++++++++++++++++++++
Dec 18 13:28:55 ip-10-0-2-151 cloud-init: ci-info: +-------+-----------------+----------+-----------------+-----------+-------+
Dec 18 13:28:55 ip-10-0-2-151 cloud-init: ci-info: | Route |   Destination   | Gateway  |     Genmask     | Interface | Flags |
Dec 18 13:28:55 ip-10-0-2-151 cloud-init: ci-info: +-------+-----------------+----------+-----------------+-----------+-------+
Dec 18 13:28:55 ip-10-0-2-151 cloud-init: ci-info: |   0   |     0.0.0.0     | 10.0.2.1 |     0.0.0.0     |    eth0   |   UG  |
Dec 18 13:28:55 ip-10-0-2-151 cloud-init: ci-info: |   1   |     10.0.2.0    | 0.0.0.0  |  255.255.255.0  |    eth0   |   U   |
Dec 18 13:28:55 ip-10-0-2-151 cloud-init: ci-info: |   2   | 169.254.169.254 | 0.0.0.0  | 255.255.255.255 |    eth0   |   UH  |
Dec 18 13:28:55 ip-10-0-2-151 cloud-init: ci-info: +-------+-----------------+----------+-----------------+-----------+-------+
Dec 18 13:28:55 ip-10-0-2-151 cloud-init: ci-info: +++++++++++++++++++Route IPv6 info+++++++++++++++++++
Dec 18 13:28:55 ip-10-0-2-151 cloud-init: ci-info: +-------+-------------+---------+-----------+-------+
Dec 18 13:28:55 ip-10-0-2-151 cloud-init: ci-info: | Route | Destination | Gateway | Interface | Flags |
Dec 18 13:28:55 ip-10-0-2-151 cloud-init: ci-info: +-------+-------------+---------+-----------+-------+
Dec 18 13:28:55 ip-10-0-2-151 cloud-init: ci-info: |   9   |  fe80::/64  |    ::   |    eth0   |   U   |
Dec 18 13:28:55 ip-10-0-2-151 cloud-init: ci-info: |   11  |    local    |    ::   |    eth0   |   U   |
Dec 18 13:28:55 ip-10-0-2-151 cloud-init: ci-info: |   12  |   ff00::/8  |    ::   |    eth0   |   U   |
Dec 18 13:28:55 ip-10-0-2-151 cloud-init: ci-info: +-------+-------------+---------+-----------+-------+
Dec 18 13:28:55 ip-10-0-2-151 systemd: Started Postfix Mail Transport Agent.
Dec 18 13:28:55 ip-10-0-2-151 dhclient[2980]: XMT: Solicit on eth0, interval 2100ms.
Dec 18 13:28:56 ip-10-0-2-151 systemd: Started Initial cloud-init job (metadata service crawler).
Dec 18 13:28:56 ip-10-0-2-151 systemd: Reached target Network is Online.
Dec 18 13:28:56 ip-10-0-2-151 systemd: Starting Network is Online.
Dec 18 13:28:56 ip-10-0-2-151 systemd: Starting System Logging Service...
Dec 18 13:28:56 ip-10-0-2-151 systemd: Starting Notify NFS peers of a restart...
Dec 18 13:28:56 ip-10-0-2-151 systemd: Starting Dynamically Generate Message Of The Day...
Dec 18 13:28:56 ip-10-0-2-151 systemd: Started amazon-ssm-agent.
Dec 18 13:28:56 ip-10-0-2-151 systemd: Starting amazon-ssm-agent...
Dec 18 13:28:56 ip-10-0-2-151 systemd: Reached target Cloud-config availability.
Dec 18 13:28:56 ip-10-0-2-151 systemd: Starting Cloud-config availability.
Dec 18 13:28:56 ip-10-0-2-151 systemd: Starting Apply the settings specified in cloud-config...
Dec 18 13:28:56 ip-10-0-2-151 systemd: Starting OpenSSH server daemon...
Dec 18 13:28:56 ip-10-0-2-151 systemd: Starting Permit User Sessions...
Dec 18 13:28:56 ip-10-0-2-151 sm-notify[3200]: Version 1.3.0 starting
Dec 18 13:28:56 ip-10-0-2-151 systemd: Started Permit User Sessions.
Dec 18 13:28:56 ip-10-0-2-151 systemd: Started Notify NFS peers of a restart.
Dec 18 13:28:56 ip-10-0-2-151 rsyslogd: [origin software="rsyslogd" swVersion="8.24.0" x-pid="3199" x-info="http://www.rsyslog.com"] start
Dec 18 13:28:56 ip-10-0-2-151 systemd: Started Job spooling tools.
Dec 18 13:28:56 ip-10-0-2-151 systemd: Starting Job spooling tools...
Dec 18 13:28:56 ip-10-0-2-151 systemd: Starting Terminate Plymouth Boot Screen...
Dec 18 13:28:56 ip-10-0-2-151 systemd: Started Command Scheduler.
Dec 18 13:28:56 ip-10-0-2-151 systemd: Starting Command Scheduler...
Dec 18 13:28:56 ip-10-0-2-151 systemd: Starting Wait for Plymouth Boot Screen to Quit...
Dec 18 13:28:56 ip-10-0-2-151 systemd: Started System Logging Service.
Dec 18 13:28:56 ip-10-0-2-151 systemd: Started OpenSSH server daemon.
Dec 18 13:28:56 ip-10-0-2-151 amazon-ssm-agent: 2018/12/18 13:28:56 Failed to load instance info from vault. RegistrationKey does not exist.
Dec 18 13:28:56 ip-10-0-2-151 amazon-ssm-agent: Error occurred fetching the seelog config file path:  open /etc/amazon/ssm/seelog.xml: no such file or directory
Dec 18 13:28:56 ip-10-0-2-151 amazon-ssm-agent: Initializing new seelog logger
Dec 18 13:28:56 ip-10-0-2-151 amazon-ssm-agent: New Seelog Logger Creation Complete
Dec 18 13:28:56 ip-10-0-2-151 amazon-ssm-agent: 2018-12-18 13:28:56 INFO Entering SSM Agent hibernate - NoCredentialProviders: no valid providers in chain. Deprecated.
Dec 18 13:28:56 ip-10-0-2-151 amazon-ssm-agent: For verbose messaging see aws.Config.CredentialsChainVerboseErrors
Dec 18 13:28:56 ip-10-0-2-151 amazon-ssm-agent: 2018-12-18 13:28:56 INFO Agent is in hibernate mode. Reducing logging. Logging will be reduced to one log per backoff period
Dec 18 13:28:56 ip-10-0-2-151 systemd: Received SIGRTMIN+21 from PID 1703 (plymouthd).
Dec 18 13:28:56 ip-10-0-2-151 systemd: Started Terminate Plymouth Boot Screen.
Dec 18 13:28:56 ip-10-0-2-151 systemd: Started Wait for Plymouth Boot Screen to Quit.
Dec 18 13:28:56 ip-10-0-2-151 systemd: Started Getty on tty1.
Dec 18 13:28:56 ip-10-0-2-151 systemd: Starting Getty on tty1...
Dec 18 13:28:56 ip-10-0-2-151 systemd: Started Serial Getty on ttyS0.
Dec 18 13:28:56 ip-10-0-2-151 systemd: Starting Serial Getty on ttyS0...
Dec 18 13:28:56 ip-10-0-2-151 systemd: Reached target Login Prompts.
Dec 18 13:28:56 ip-10-0-2-151 systemd: Starting Login Prompts.
Dec 18 13:28:57 ip-10-0-2-151 cloud-init: Cloud-init v. 18.2-72.amzn2.0.6 running 'modules:config' at Tue, 18 Dec 2018 13:28:56 +0000. Up 8.87 seconds.
Dec 18 13:28:57 ip-10-0-2-151 systemd: Started Apply the settings specified in cloud-config.
Dec 18 13:28:57 ip-10-0-2-151 systemd: Starting Execute cloud user/final scripts...
Dec 18 13:28:57 ip-10-0-2-151 cloud-init: Cloud-init v. 18.2-72.amzn2.0.6 running 'modules:final' at Tue, 18 Dec 2018 13:28:57 +0000. Up 9.46 seconds.
Dec 18 13:28:57 ip-10-0-2-151 cloud-init: Cloud-init v. 18.2-72.amzn2.0.6 finished at Tue, 18 Dec 2018 13:28:57 +0000. Datasource DataSourceEc2.  Up 9.57 seconds
Dec 18 13:28:57 ip-10-0-2-151 systemd: Started Execute cloud user/final scripts.
Dec 18 13:28:58 ip-10-0-2-151 dhclient[2980]: XMT: Solicit on eth0, interval 4020ms.
Dec 18 13:28:58 ip-10-0-2-151 chronyd[2677]: Selected source 169.254.169.123
Dec 18 13:29:01 ip-10-0-2-151 systemd: Started Dynamically Generate Message Of The Day.
Dec 18 13:29:01 ip-10-0-2-151 systemd: Reached target Multi-User System.
Dec 18 13:29:01 ip-10-0-2-151 systemd: Starting Multi-User System.
Dec 18 13:29:01 ip-10-0-2-151 systemd: Reached target Graphical Interface.
Dec 18 13:29:01 ip-10-0-2-151 systemd: Starting Graphical Interface.
Dec 18 13:29:01 ip-10-0-2-151 systemd: Starting Update UTMP about System Runlevel Changes...
Dec 18 13:29:01 ip-10-0-2-151 systemd: Reached target Cloud-init target.
Dec 18 13:29:01 ip-10-0-2-151 systemd: Starting Cloud-init target.
Dec 18 13:29:01 ip-10-0-2-151 systemd: Started Update UTMP about System Runlevel Changes.
Dec 18 13:29:01 ip-10-0-2-151 systemd: Startup finished in 1.497s (kernel) + 1.631s (initrd) + 10.315s (userspace) = 13.445s.
Dec 18 13:29:02 ip-10-0-2-151 dhclient[2980]: XMT: Solicit on eth0, interval 7890ms.
Dec 18 13:29:09 ip-10-0-2-151 dhclient[2980]: XMT: Solicit on eth0, interval 15980ms.
Dec 18 13:29:25 ip-10-0-2-151 dhclient[2980]: XMT: Solicit on eth0, interval 30570ms.
Dec 18 13:29:56 ip-10-0-2-151 dhclient[2980]: XMT: Solicit on eth0, interval 60120ms.
Dec 18 13:30:01 ip-10-0-2-151 systemd: Created slice User Slice of root.
Dec 18 13:30:01 ip-10-0-2-151 systemd: Starting User Slice of root.
Dec 18 13:30:01 ip-10-0-2-151 systemd: Started Session 1 of user root.
Dec 18 13:30:01 ip-10-0-2-151 systemd: Starting Session 1 of user root.
Dec 18 13:30:01 ip-10-0-2-151 systemd: Removed slice User Slice of root.
Dec 18 13:30:01 ip-10-0-2-151 systemd: Stopping User Slice of root.
Dec 18 13:30:56 ip-10-0-2-151 dhclient[2980]: XMT: Solicit on eth0, interval 119540ms.
Dec 18 13:32:56 ip-10-0-2-151 dhclient[2980]: XMT: Solicit on eth0, interval 130290ms.
Dec 18 13:33:56 ip-10-0-2-151 amazon-ssm-agent: 2018-12-18 13:33:56 INFO Backing off health check to every 600 seconds for 1800 seconds.
Dec 18 13:33:56 ip-10-0-2-151 amazon-ssm-agent: 2018-12-18 13:33:56 ERROR Health ping failed with error - NoCredentialProviders: no valid providers in chain. Deprecated.
Dec 18 13:33:56 ip-10-0-2-151 amazon-ssm-agent: For verbose messaging see aws.Config.CredentialsChainVerboseErrors
Dec 18 13:35:06 ip-10-0-2-151 dhclient[2980]: XMT: Solicit on eth0, interval 128570ms.
Dec 18 13:37:08 ip-10-0-2-151 systemd: Created slice User Slice of ec2-user.
Dec 18 13:37:08 ip-10-0-2-151 systemd: Starting User Slice of ec2-user.
Dec 18 13:37:08 ip-10-0-2-151 systemd: Started Session 2 of user ec2-user.
Dec 18 13:37:08 ip-10-0-2-151 systemd-logind: New session 2 of user ec2-user.
Dec 18 13:37:08 ip-10-0-2-151 systemd: Starting Session 2 of user ec2-user.
Dec 18 13:37:11 ip-10-0-2-151 su: (to root) ec2-user on pts/0
Dec 18 13:37:15 ip-10-0-2-151 dhclient[2980]: XMT: Solicit on eth0, interval 113450ms.
Dec 18 13:37:19 ip-10-0-2-151 su: (to ansadm) ec2-user on pts/0
Dec 18 13:38:54 ip-10-0-2-151 yum[3367]: Installed: perl-Git-2.14.5-1.amzn2.noarch
Dec 18 13:38:54 ip-10-0-2-151 yum[3367]: Installed: git-2.14.5-1.amzn2.x86_64
Dec 18 13:38:54 ip-10-0-2-151 systemd: Stopping Dynamically Generate Message Of The Day...
Dec 18 13:38:54 ip-10-0-2-151 systemd: Starting Dynamically Generate Message Of The Day...
Dec 18 13:38:57 ip-10-0-2-151 systemd: Started Dynamically Generate Message Of The Day.
Dec 18 13:39:08 ip-10-0-2-151 dhclient[2980]: XMT: Solicit on eth0, interval 111070ms.
Dec 18 13:40:01 ip-10-0-2-151 systemd: Created slice User Slice of root.
Dec 18 13:40:01 ip-10-0-2-151 systemd: Starting User Slice of root.
Dec 18 13:40:01 ip-10-0-2-151 systemd: Started Session 3 of user root.
Dec 18 13:40:01 ip-10-0-2-151 systemd: Starting Session 3 of user root.
Dec 18 13:40:01 ip-10-0-2-151 systemd: Removed slice User Slice of root.
Dec 18 13:40:01 ip-10-0-2-151 systemd: Stopping User Slice of root.
Dec 18 13:40:59 ip-10-0-2-151 dhclient[2980]: XMT: Solicit on eth0, interval 111980ms.
Dec 18 13:42:52 ip-10-0-2-151 dhclient[2980]: XMT: Solicit on eth0, interval 129310ms.
Dec 18 13:43:52 ip-10-0-2-151 systemd: Starting Cleanup of Temporary Directories...
Dec 18 13:43:52 ip-10-0-2-151 systemd: Started Cleanup of Temporary Directories.
Dec 18 13:45:01 ip-10-0-2-151 dhclient[2980]: XMT: Solicit on eth0, interval 121290ms.
Dec 18 13:47:02 ip-10-0-2-151 dhclient[2980]: XMT: Solicit on eth0, interval 110440ms.
Dec 18 13:47:06 ip-10-0-2-151 su: (to jenkins) ec2-user on pts/0
Dec 18 13:47:35 ip-10-0-2-151 su: (to jenkins) ec2-user on pts/0
Dec 18 13:48:41 ip-10-0-2-151 su: (to jenkins) ec2-user on pts/0
Dec 18 13:48:53 ip-10-0-2-151 dhclient[2980]: XMT: Solicit on eth0, interval 117230ms.
Dec 18 13:50:01 ip-10-0-2-151 systemd: Created slice User Slice of root.
Dec 18 13:50:01 ip-10-0-2-151 systemd: Starting User Slice of root.
Dec 18 13:50:01 ip-10-0-2-151 systemd: Started Session 4 of user root.
Dec 18 13:50:01 ip-10-0-2-151 systemd: Starting Session 4 of user root.
Dec 18 13:50:01 ip-10-0-2-151 systemd: Removed slice User Slice of root.
Dec 18 13:50:01 ip-10-0-2-151 systemd: Stopping User Slice of root.
Dec 18 13:50:50 ip-10-0-2-151 dhclient[2980]: XMT: Solicit on eth0, interval 121100ms.
Dec 18 13:52:51 ip-10-0-2-151 dhclient[2980]: XMT: Solicit on eth0, interval 123250ms.
Dec 18 13:54:55 ip-10-0-2-151 dhclient[2980]: XMT: Solicit on eth0, interval 123720ms.
Dec 18 13:56:58 ip-10-0-2-151 dhclient[2980]: XMT: Solicit on eth0, interval 115990ms.
Dec 18 13:57:40 ip-10-0-2-151 systemd: Started Session 5 of user ec2-user.
Dec 18 13:57:40 ip-10-0-2-151 systemd-logind: New session 5 of user ec2-user.
Dec 18 13:57:40 ip-10-0-2-151 systemd: Starting Session 5 of user ec2-user.
Dec 18 13:57:42 ip-10-0-2-151 su: (to root) ec2-user on pts/1
Dec 18 13:57:45 ip-10-0-2-151 su: (to jenkins) ec2-user on pts/1
Dec 18 13:57:59 ip-10-0-2-151 dhclient[2874]: DHCPREQUEST on eth0 to 10.0.2.1 port 67 (xid=0x7bed5e6b)
Dec 18 13:57:59 ip-10-0-2-151 dhclient[2874]: DHCPACK from 10.0.2.1 (xid=0x7bed5e6b)
Dec 18 13:57:59 ip-10-0-2-151 dhclient[2874]: bound to 10.0.2.151 -- renewal in 1699 seconds.
Dec 18 13:57:59 ip-10-0-2-151 ec2net: [get_meta] Trying to get http://169.254.169.254/latest/meta-data/network/interfaces/macs/0a:52:b2:38:a2:aa/local-ipv4s
Dec 18 13:57:59 ip-10-0-2-151 ec2net: [rewrite_aliases] Rewriting aliases of eth0
Dec 18 13:58:54 ip-10-0-2-151 dhclient[2980]: XMT: Solicit on eth0, interval 110270ms.
Dec 18 14:00:01 ip-10-0-2-151 systemd: Created slice User Slice of root.
Dec 18 14:00:01 ip-10-0-2-151 systemd: Starting User Slice of root.
Dec 18 14:00:01 ip-10-0-2-151 systemd: Started Session 6 of user root.
Dec 18 14:00:01 ip-10-0-2-151 systemd: Starting Session 6 of user root.
Dec 18 14:00:01 ip-10-0-2-151 systemd: Removed slice User Slice of root.
Dec 18 14:00:01 ip-10-0-2-151 systemd: Stopping User Slice of root.
Dec 18 14:00:45 ip-10-0-2-151 dhclient[2980]: XMT: Solicit on eth0, interval 123210ms.
Dec 18 14:01:01 ip-10-0-2-151 systemd: Created slice User Slice of root.
Dec 18 14:01:01 ip-10-0-2-151 systemd: Starting User Slice of root.
Dec 18 14:01:01 ip-10-0-2-151 systemd: Started Session 7 of user root.
Dec 18 14:01:01 ip-10-0-2-151 systemd: Starting Session 7 of user root.
Dec 18 14:02:36 ip-10-0-2-151 systemd: Created slice User Slice of jenkins.
Dec 18 14:02:36 ip-10-0-2-151 systemd: Starting User Slice of jenkins.
Dec 18 14:02:36 ip-10-0-2-151 systemd-logind: New session 8 of user jenkins.
Dec 18 14:02:36 ip-10-0-2-151 systemd: Started Session 8 of user jenkins.
Dec 18 14:02:36 ip-10-0-2-151 systemd: Starting Session 8 of user jenkins.
Dec 18 14:02:38 ip-10-0-2-151 su: (to root) jenkins on pts/2
Dec 18 14:02:48 ip-10-0-2-151 dhclient[2980]: XMT: Solicit on eth0, interval 127550ms.
Dec 18 14:02:48 ip-10-0-2-151 systemd-logind: Removed session 8.
Dec 18 14:02:48 ip-10-0-2-151 systemd: Removed slice User Slice of jenkins.
Dec 18 14:02:48 ip-10-0-2-151 systemd: Stopping User Slice of jenkins.
Dec 18 14:02:48 ip-10-0-2-151 rsyslogd: imjournal: journal reloaded... [v8.24.0 try http://www.rsyslog.com/e/0 ]
Dec 18 14:03:56 ip-10-0-2-151 amazon-ssm-agent: 2018-12-18 14:03:56 INFO Backing off health check to every 1200 seconds for 3600 seconds.
Dec 18 14:03:56 ip-10-0-2-151 amazon-ssm-agent: 2018-12-18 14:03:56 ERROR Health ping failed with error - NoCredentialProviders: no valid providers in chain. Deprecated.
Dec 18 14:03:56 ip-10-0-2-151 amazon-ssm-agent: For verbose messaging see aws.Config.CredentialsChainVerboseErrors
Dec 18 14:04:56 ip-10-0-2-151 dhclient[2980]: XMT: Solicit on eth0, interval 115170ms.
Dec 18 14:06:31 ip-10-0-2-151 systemd: Received SIGINT.
Dec 18 14:06:31 ip-10-0-2-151 systemd: Stopped target Graphical Interface.
Dec 18 14:06:31 ip-10-0-2-151 systemd: Stopping Graphical Interface.
Dec 18 14:06:31 ip-10-0-2-151 systemd: Stopped target Timers.
Dec 18 14:06:31 ip-10-0-2-151 systemd: Stopping Timers.
Dec 18 14:06:31 ip-10-0-2-151 systemd: Removed slice system-selinux\x2dpolicy\x2dmigrate\x2dlocal\x2dchanges.slice.
Dec 18 14:06:31 ip-10-0-2-151 systemd: Stopping system-selinux\x2dpolicy\x2dmigrate\x2dlocal\x2dchanges.slice.
Dec 18 14:06:31 ip-10-0-2-151 systemd: Stopping Session 5 of user ec2-user.
Dec 18 14:06:31 ip-10-0-2-151 systemd: Stopping Session 7 of user root.
Dec 18 14:06:31 ip-10-0-2-151 systemd: Stopped Dump dmesg to /var/log/dmesg.
Dec 18 14:06:31 ip-10-0-2-151 systemd: Stopping Dump dmesg to /var/log/dmesg...
Dec 18 14:06:31 ip-10-0-2-151 systemd: Stopped target rpc_pipefs.target.
Dec 18 14:06:31 ip-10-0-2-151 systemd: Stopping rpc_pipefs.target.
Dec 18 14:06:31 ip-10-0-2-151 systemd: Stopping Session 2 of user ec2-user.
Dec 18 14:06:31 ip-10-0-2-151 systemd: Removed slice system-ec2net\x2difup.slice.
Dec 18 14:06:31 ip-10-0-2-151 systemd: Stopping system-ec2net\x2difup.slice.
Dec 18 14:06:31 ip-10-0-2-151 systemd: Stopped target Cloud-init target.
Dec 18 14:06:31 ip-10-0-2-151 systemd: Stopping Cloud-init target.
Dec 18 14:06:31 ip-10-0-2-151 systemd: Stopped target Multi-User System.
Dec 18 14:06:31 ip-10-0-2-151 systemd: Stopping Multi-User System.
Dec 18 14:06:31 ip-10-0-2-151 systemd: Stopping System Logging Service...
Dec 18 14:06:31 ip-10-0-2-151 systemd: Stopping libstoragemgmt plug-in server daemon...
Dec 18 14:06:31 ip-10-0-2-151 systemd: Stopping Hardware RNG Entropy Gatherer Daemon...
Dec 18 14:06:31 ip-10-0-2-151 systemd: Stopping OpenSSH server daemon...
Dec 18 14:06:31 ip-10-0-2-151 systemd: Stopping The Apache HTTP Server...
Dec 18 14:06:31 ip-10-0-2-151 systemd: Stopped Resets System Activity Logs.
Dec 18 14:06:31 ip-10-0-2-151 rsyslogd: [origin software="rsyslogd" swVersion="8.24.0" x-pid="3199" x-info="http://www.rsyslog.com"] exiting on signal 15.
Dec 18 14:06:31 ip-10-0-2-151 systemd: Stopping Resets System Activity Logs...
Dec 18 14:06:31 ip-10-0-2-151 amazon-ssm-agent: 2018-12-18 14:06:31 INFO Got signal:terminated value:0xbb2dc0
Dec 18 14:06:31 ip-10-0-2-151 amazon-ssm-agent: 2018-12-18 14:06:31 INFO Stopping agent
Dec 18 14:06:31 ip-10-0-2-151 chronyd[2677]: chronyd exiting
Dec 18 14:06:31 ip-10-0-2-151 systemd: Stopping amazon-ssm-agent...
Dec 18 14:06:31 ip-10-0-2-151 systemd-logind: Failed to abandon session scope: Connection reset by peer
Dec 18 14:06:31 ip-10-0-2-151 systemd: Stopping D-Bus System Message Bus...
Dec 18 14:06:31 ip-10-0-2-151 systemd: Stopping Postfix Mail Transport Agent...
Dec 18 14:06:31 ip-10-0-2-151 systemd: Stopping Job spooling tools...
Dec 18 14:06:31 ip-10-0-2-151 systemd: Stopping NTP client/server...
Dec 18 14:06:31 ip-10-0-2-151 systemd: Stopped Dynamically Generate Message Of The Day.
Dec 18 14:06:31 ip-10-0-2-151 systemd: Stopping Dynamically Generate Message Of The Day...
Dec 18 14:06:31 ip-10-0-2-151 systemd: Stopping Command Scheduler...
Dec 18 14:06:31 ip-10-0-2-151 systemd: Stopped Execute cloud user/final scripts.
Dec 18 14:06:31 ip-10-0-2-151 systemd: Stopping Execute cloud user/final scripts...
Dec 18 14:06:31 ip-10-0-2-151 systemd: Stopped Apply the settings specified in cloud-config.
Dec 18 14:06:31 ip-10-0-2-151 systemd: Stopping Apply the settings specified in cloud-config...
Dec 18 14:06:31 ip-10-0-2-151 systemd: Stopped target Cloud-config availability.
Dec 18 14:06:31 ip-10-0-2-151 systemd: Stopping Cloud-config availability.
Dec 18 14:06:31 ip-10-0-2-151 systemd: Stopped target Login Prompts.
Dec 18 14:06:31 ip-10-0-2-151 systemd: Stopping Login Prompts.
Dec 18 14:06:31 ip-10-0-2-151 systemd: Stopping Serial Getty on ttyS0...
Dec 18 14:06:31 ip-10-0-2-151 systemd: Stopping Getty on tty1...
Dec 18 14:06:31 ip-10-0-2-151 systemd: Unmounting RPC Pipe File System...
Dec 18 14:06:31 ip-10-0-2-151 systemd: Stopped Daily Cleanup of Temporary Directories.
Dec 18 14:06:31 ip-10-0-2-151 systemd: Stopping Daily Cleanup of Temporary Directories.
Dec 18 14:06:31 ip-10-0-2-151 systemd: Stopped D-Bus System Message Bus.
Dec 18 14:06:31 ip-10-0-2-151 systemd: Stopped Hardware RNG Entropy Gatherer Daemon.
Dec 18 14:06:31 ip-10-0-2-151 systemd: Stopped libstoragemgmt plug-in server daemon.
Dec 18 14:06:31 ip-10-0-2-151 systemd: Stopped NTP client/server.
Dec 18 14:06:31 ip-10-0-2-151 systemd: Stopped System Logging Service.
Dec 18 14:06:31 ip-10-0-2-151 systemd: Stopped amazon-ssm-agent.
Dec 18 14:06:31 ip-10-0-2-151 systemd: Stopped OpenSSH server daemon.
Dec 18 14:06:31 ip-10-0-2-151 systemd: Stopped Job spooling tools.
Dec 18 14:06:31 ip-10-0-2-151 systemd: Stopped Session 7 of user root.
Dec 18 14:06:31 ip-10-0-2-151 systemd: Stopped Session 5 of user ec2-user.
Dec 18 14:06:31 ip-10-0-2-151 systemd: Failed to propagate agent release message: Transport endpoint is not connected
Dec 18 14:06:31 ip-10-0-2-151 systemd: Failed to propagate agent release message: Transport endpoint is not connected
Dec 18 14:06:31 ip-10-0-2-151 systemd: Failed to propagate agent release message: Transport endpoint is not connected
Dec 18 14:06:31 ip-10-0-2-151 systemd: Failed to propagate agent release message: Transport endpoint is not connected
Dec 18 14:06:31 ip-10-0-2-151 systemd: Failed to propagate agent release message: Transport endpoint is not connected
Dec 18 14:06:31 ip-10-0-2-151 systemd: Failed to propagate agent release message: Transport endpoint is not connected
Dec 18 14:06:31 ip-10-0-2-151 systemd: Failed to propagate agent release message: Transport endpoint is not connected
Dec 18 14:06:31 ip-10-0-2-151 systemd: Failed to propagate agent release message: Transport endpoint is not connected
Dec 18 14:06:31 ip-10-0-2-151 systemd: Stopped Command Scheduler.
Dec 18 14:06:31 ip-10-0-2-151 systemd: Failed to propagate agent release message: Transport endpoint is not connected
Dec 18 14:06:31 ip-10-0-2-151 systemd: Failed to propagate agent release message: Transport endpoint is not connected
Dec 18 14:06:31 ip-10-0-2-151 systemd: Failed to propagate agent release message: Transport endpoint is not connected
Dec 18 14:06:31 ip-10-0-2-151 systemd: Failed to propagate agent release message: Transport endpoint is not connected
Dec 18 14:06:31 ip-10-0-2-151 systemd: Removed slice User Slice of root.
Dec 18 14:06:31 ip-10-0-2-151 systemd: Stopping User Slice of root.
Dec 18 14:06:31 ip-10-0-2-151 systemd: Stopped target Network is Online.
Dec 18 14:06:31 ip-10-0-2-151 systemd: Stopping Network is Online.
Dec 18 14:06:31 ip-10-0-2-151 systemd: Stopped Getty on tty1.
Dec 18 14:06:31 ip-10-0-2-151 systemd: Stopped Serial Getty on ttyS0.
Dec 18 14:06:31 ip-10-0-2-151 systemd: Removed slice system-serial\x2dgetty.slice.
Dec 18 14:06:31 ip-10-0-2-151 systemd: Stopping system-serial\x2dgetty.slice.
Dec 18 14:06:31 ip-10-0-2-151 systemd: Starting Show Plymouth Reboot Screen...
Dec 18 14:06:31 ip-10-0-2-151 systemd: Removed slice system-getty.slice.
Dec 18 14:06:31 ip-10-0-2-151 systemd: Stopping system-getty.slice.
Dec 18 14:06:31 ip-10-0-2-151 systemd: Unmounted RPC Pipe File System.
Dec 18 14:06:31 ip-10-0-2-151 systemd: Stopped Postfix Mail Transport Agent.
Dec 18 14:06:31 ip-10-0-2-151 systemd: Received SIGRTMIN+20 from PID 3837 (plymouthd).
Dec 18 14:06:31 ip-10-0-2-151 systemd: Started Show Plymouth Reboot Screen.
Dec 18 14:06:32 ip-10-0-2-151 systemd: Stopped The Apache HTTP Server.
Dec 18 14:06:32 ip-10-0-2-151 systemd: Stopped target Network.
Dec 18 14:06:32 ip-10-0-2-151 systemd: Stopping Network.
Dec 18 14:06:32 ip-10-0-2-151 systemd: Stopping LSB: Bring up/down networking...
